Component: Arm Compiler for Embedded 6.21 Tool: armlink [5ec1fa00]

==============================================================================

Section Cross References

    startup_stm32h723xx.o(STACK) refers (Special) to heapauxi.o(.text) for __use_two_region_memory
    startup_stm32h723xx.o(HEAP) refers (Special) to heapauxi.o(.text) for __use_two_region_memory
    startup_stm32h723xx.o(RESET) refers (Special) to heapauxi.o(.text) for __use_two_region_memory
    startup_stm32h723xx.o(RESET) refers to startup_stm32h723xx.o(STACK) for __initial_sp
    startup_stm32h723xx.o(RESET) refers to startup_stm32h723xx.o(.text) for Reset_Handler
    startup_stm32h723xx.o(RESET) refers to stm32h7xx_it.o(.text.NMI_Handler) for NMI_Handler
    startup_stm32h723xx.o(RESET) refers to stm32h7xx_it.o(.text.HardFault_Handler) for HardFault_Handler
    startup_stm32h723xx.o(RESET) refers to stm32h7xx_it.o(.text.MemManage_Handler) for MemManage_Handler
    startup_stm32h723xx.o(RESET) refers to stm32h7xx_it.o(.text.BusFault_Handler) for BusFault_Handler
    startup_stm32h723xx.o(RESET) refers to stm32h7xx_it.o(.text.UsageFault_Handler) for UsageFault_Handler
    startup_stm32h723xx.o(RESET) refers to port.o(.text.SVC_Handler) for SVC_Handler
    startup_stm32h723xx.o(RESET) refers to stm32h7xx_it.o(.text.DebugMon_Handler) for DebugMon_Handler
    startup_stm32h723xx.o(RESET) refers to port.o(.text.PendSV_Handler) for PendSV_Handler
    startup_stm32h723xx.o(RESET) refers to cmsis_os2.o(.text.SysTick_Handler) for SysTick_Handler
    startup_stm32h723xx.o(RESET) refers to stm32h7xx_it.o(.text.DMA1_Stream0_IRQHandler) for DMA1_Stream0_IRQHandler
    startup_stm32h723xx.o(RESET) refers to stm32h7xx_it.o(.text.DMA1_Stream1_IRQHandler) for DMA1_Stream1_IRQHandler
    startup_stm32h723xx.o(RESET) refers to stm32h7xx_it.o(.text.DMA1_Stream3_IRQHandler) for DMA1_Stream3_IRQHandler
    startup_stm32h723xx.o(RESET) refers to stm32h7xx_it.o(.text.DMA1_Stream4_IRQHandler) for DMA1_Stream4_IRQHandler
    startup_stm32h723xx.o(RESET) refers to stm32h7xx_it.o(.text.DMA1_Stream5_IRQHandler) for DMA1_Stream5_IRQHandler
    startup_stm32h723xx.o(RESET) refers to stm32h7xx_it.o(.text.DMA1_Stream6_IRQHandler) for DMA1_Stream6_IRQHandler
    startup_stm32h723xx.o(RESET) refers to stm32h7xx_it.o(.text.FDCAN1_IT0_IRQHandler) for FDCAN1_IT0_IRQHandler
    startup_stm32h723xx.o(RESET) refers to stm32h7xx_it.o(.text.FDCAN2_IT0_IRQHandler) for FDCAN2_IT0_IRQHandler
    startup_stm32h723xx.o(RESET) refers to stm32h7xx_it.o(.text.USART2_IRQHandler) for USART2_IRQHandler
    startup_stm32h723xx.o(RESET) refers to stm32h7xx_it.o(.text.USART3_IRQHandler) for USART3_IRQHandler
    startup_stm32h723xx.o(RESET) refers to stm32h7xx_it.o(.text.TIM8_UP_TIM13_IRQHandler) for TIM8_UP_TIM13_IRQHandler
    startup_stm32h723xx.o(RESET) refers to stm32h7xx_it.o(.text.DMA1_Stream7_IRQHandler) for DMA1_Stream7_IRQHandler
    startup_stm32h723xx.o(RESET) refers to stm32h7xx_it.o(.text.UART4_IRQHandler) for UART4_IRQHandler
    startup_stm32h723xx.o(RESET) refers to stm32h7xx_it.o(.text.UART5_IRQHandler) for UART5_IRQHandler
    startup_stm32h723xx.o(RESET) refers to stm32h7xx_it.o(.text.DMA2_Stream0_IRQHandler) for DMA2_Stream0_IRQHandler
    startup_stm32h723xx.o(RESET) refers to stm32h7xx_it.o(.text.DMA2_Stream1_IRQHandler) for DMA2_Stream1_IRQHandler
    startup_stm32h723xx.o(RESET) refers to stm32h7xx_it.o(.text.USART6_IRQHandler) for USART6_IRQHandler
    startup_stm32h723xx.o(RESET) refers to stm32h7xx_it.o(.text.OTG_HS_IRQHandler) for OTG_HS_IRQHandler
    startup_stm32h723xx.o(RESET) refers to stm32h7xx_it.o(.text.UART8_IRQHandler) for UART8_IRQHandler
    startup_stm32h723xx.o(RESET) refers to stm32h7xx_it.o(.text.UART9_IRQHandler) for UART9_IRQHandler
    startup_stm32h723xx.o(RESET) refers to stm32h7xx_it.o(.text.USART10_IRQHandler) for USART10_IRQHandler
    startup_stm32h723xx.o(RESET) refers to stm32h7xx_it.o(.text.FDCAN3_IT0_IRQHandler) for FDCAN3_IT0_IRQHandler
    startup_stm32h723xx.o(.text) refers (Special) to heapauxi.o(.text) for __use_two_region_memory
    startup_stm32h723xx.o(.text) refers to system_stm32h7xx.o(.text.ExitRun0Mode) for ExitRun0Mode
    startup_stm32h723xx.o(.text) refers to system_stm32h7xx.o(.text.SystemInit) for SystemInit
    startup_stm32h723xx.o(.text) refers to __main.o(!!!main) for __main
    startup_stm32h723xx.o(.text) refers to startup_stm32h723xx.o(HEAP) for Heap_Mem
    startup_stm32h723xx.o(.text) refers to startup_stm32h723xx.o(STACK) for Stack_Mem
    main.o(.text.main) refers to stm32h7xx_hal.o(.text.HAL_Init) for HAL_Init
    main.o(.text.main) refers to main.o(.text.SystemClock_Config) for SystemClock_Config
    main.o(.text.main) refers to gpio.o(.text.MX_GPIO_Init) for MX_GPIO_Init
    main.o(.text.main) refers to dma.o(.text.MX_DMA_Init) for MX_DMA_Init
    main.o(.text.main) refers to fdcan.o(.text.MX_FDCAN1_Init) for MX_FDCAN1_Init
[...]
    0x080007d4   0x080007d4   0x0000000e   Code   RO         3755    .text               c_w.l(defsig_abrt_outer.o)
    0x080007e2   0x080007e2   0x00000002   Code   RO         3780    .text               c_w.l(use_no_semi.o)
    0x080007e4   0x080007e4   0x00000000   Code   RO         3782    .text               c_w.l(indicate_semi.o)
    0x080007e4   0x080007e4   0x0000000a   Code   RO         3789    .text               c_w.l(defsig_exit.o)
    0x080007ee   0x080007ee   0x00000002   PAD
    0x080007f0   0x080007f0   0x00000030   Code   RO         3791    .text               c_w.l(defsig_abrt_inner.o)
    0x08000820   0x08000820   0x00000032   Code   RO         3810    .text               c_w.l(defsig_general.o)
    0x08000852   0x08000852   0x0000000e   Code   RO         3828    .text               c_w.l(sys_wrch.o)
    0x08000860   0x08000860   0x00000002   Code   RO          136    .text.BusFault_Handler  stm32h7xx_it.o
    0x08000862   0x08000862   0x00000006   PAD
    0x08000868   0x08000868   0x00000004   Code   RO          260    .text.CDC_Control_HS  usbd_cdc_if.o
    0x0800086c   0x0800086c   0x00000004   PAD
    0x08000870   0x08000870   0x00000004   Code   RO          258    .text.CDC_DeInit_HS  usbd_cdc_if.o
    0x08000874   0x08000874   0x00000004   PAD
    0x08000878   0x08000878   0x0000002c   Code   RO          256    .text.CDC_Init_HS   usbd_cdc_if.o
    0x080008a4   0x080008a4   0x00000004   PAD
    0x080008a8   0x080008a8   0x00000024   Code   RO          262    .text.CDC_Receive_HS  usbd_cdc_if.o
    0x080008cc   0x080008cc   0x00000004   PAD
    0x080008d0   0x080008d0   0x00000004   Code   RO          264    .text.CDC_TransmitCplt_HS  usbd_cdc_if.o
    0x080008d4   0x080008d4   0x00000004   PAD
    0x080008d8   0x080008d8   0x00000036   Code   RO          266    .text.CDC_Transmit_HS  usbd_cdc_if.o
    0x0800090e   0x0800090e   0x00000002   PAD
    0x08000910   0x08000910   0x000000de   Code   RO         2930    .text.CRC16_Table   crc_util.o
    0x080009ee   0x080009ee   0x00000002   PAD
    0x080009f0   0x080009f0   0x0000000c   Code   RO          142    .text.DMA1_Stream0_IRQHandler  stm32h7xx_it.o
    0x080009fc   0x080009fc   0x00000004   PAD
    0x08000a00   0x08000a00   0x0000000c   Code   RO          144    .text.DMA1_Stream1_IRQHandler  stm32h7xx_it.o
    0x08000a0c   0x08000a0c   0x00000004   PAD
    0x08000a10   0x08000a10   0x0000000c   Code   RO          146    .text.DMA1_Stream3_IRQHandler  stm32h7xx_it.o
    0x08000a1c   0x08000a1c   0x00000004   PAD
    0x08000a20   0x08000a20   0x0000000c   Code   RO          148    .text.DMA1_Stream4_IRQHandler  stm32h7xx_it.o
    0x08000a2c   0x08000a2c   0x00000004   PAD
    0x08000a30   0x08000a30   0x0000000c   Code   RO          150    .text.DMA1_Stream5_IRQHandler  stm32h7xx_it.o
    0x08000a3c   0x08000a3c   0x00000004   PAD
    0x08000a40   0x08000a40   0x0000000c   Code   RO          152    .text.DMA1_Stream6_IRQHandler  stm32h7xx_it.o
    0x08000a4c   0x08000a4c   0x00000004   PAD
    0x08000a50   0x08000a50   0x0000000c   Code   RO          164    .text.DMA1_Stream7_IRQHandler  stm32h7xx_it.o
    0x08000a5c   0x08000a5c   0x00000004   PAD
    0x08000a60   0x08000a60   0x0000000c   Code   RO          170    .text.DMA2_Stream0_IRQHandler  stm32h7xx_it.o
    0x08000a6c   0x08000a6c   0x00000004   PAD
    0x08000a70   0x08000a70   0x0000000c   Code   RO          172    .text.DMA2_Stream1_IRQHandler  stm32h7xx_it.o
    0x08000a7c   0x08000a7c   0x00000004   PAD
    0x08000a80   0x08000a80   0x00000128   Code   RO         1105    .text.DMA_CalcBaseAndBitshift  stm32h7xx_hal_dma.o
    0x08000ba8   0x08000ba8   0x00000308   Code   RO         1111    .text.DMA_SetConfig  stm32h7xx_hal_dma.o
    0x08000eb0   0x08000eb0   0x00000002   Code   RO          140    .text.DebugMon_Handler  stm32h7xx_it.o
    0x08000eb2   0x08000eb2   0x00000006   PAD
    0x08000eb8   0x08000eb8   0x0000000a   Code   RO           15    .text.Error_Handler  main.o
    0x08000ec2   0x08000ec2   0x00000006   PAD
    0x08000ec8   0x08000ec8   0x0000002c   Code   RO         2103    .text.ExitRun0Mode  system_stm32h7xx.o
    0x08000ef4   0x08000ef4   0x00000004   PAD
    0x08000ef8   0x08000ef8   0x0000000c   Code   RO          154    .text.FDCAN1_IT0_IRQHandler  stm32h7xx_it.o
    0x08000f04   0x08000f04   0x00000004   PAD
    0x08000f08   0x08000f08   0x0000000c   Code   RO          156    .text.FDCAN2_IT0_IRQHandler  stm32h7xx_it.o
    0x08000f14   0x08000f14   0x00000004   PAD
    0x08000f18   0x08000f18   0x0000000c   Code   RO          184    .text.FDCAN3_IT0_IRQHandler  stm32h7xx_it.o
    0x08000f24   0x08000f24   0x00000004   PAD
    0x08000f28   0x08000f28   0x0000052e   Code   RO         1115    .text.HAL_DMA_Abort  stm32h7xx_hal_dma.o
    0x08001456   0x08001456   0x00000002   PAD
    0x08001458   0x08001458   0x000002b8   Code   RO         1117    .text.HAL_DMA_Abort_IT  stm32h7xx_hal_dma.o
    0x08001710   0x08001710   0x00000818   Code   RO         1121    .text.HAL_DMA_IRQHandler  stm32h7xx_hal_dma.o
    0x08001f28   0x08001f28   0x00000658   Code   RO         1103    .text.HAL_DMA_Init  stm32h7xx_hal_dma.o
    0x08002580   0x08002580   0x000003a6   Code   RO         1113    .text.HAL_DMA_Start_IT  stm32h7xx_hal_dma.o
    0x08002926   0x08002926   0x00000002   PAD
    0x08002928   0x08002928   0x00000028   Code   RO         1409    .text.HAL_Delay     stm32h7xx_hal.o
    0x08002950   0x08002950   0x0000008c   Code   RO         1855    .text.HAL_FDCAN_ActivateNotification  stm32h7xx_hal_fdcan.o
    0x080029dc   0x080029dc   0x00000004   PAD
    0x080029e0   0x080029e0   0x000000ea   Code   RO         1777    .text.HAL_FDCAN_AddMessageToTxFifoQ  stm32h7xx_hal_fdcan.o
    0x08002aca   0x08002aca   0x00000006   PAD
    0x08002ad0   0x08002ad0   0x00000002   Code   RO         1869    .text.HAL_FDCAN_ClockCalibrationCallback  stm32h7xx_hal_fdcan.o
    0x08002ad2   0x08002ad2   0x00000006   PAD
    0x08002ad8   0x08002ad8   0x0000008c   Code   RO         1729    .text.HAL_FDCAN_ConfigFilter  stm32h7xx_hal_fdcan.o
    0x08002b64   0x08002b64   0x00000004   PAD
    0x08002b68   0x08002b68   0x00000002   Code   RO         1897    .text.HAL_FDCAN_ErrorCallback  stm32h7xx_hal_fdcan.o
    0x08002b6a   0x08002b6a   0x00000006   PAD
    0x08002b70   0x08002b70   0x00000002   Code   RO         1887    .text.HAL_FDCAN_ErrorStatusCallback  stm32h7xx_hal_fdcan.o
    0x08002b72   0x08002b72   0x00000006   PAD
    0x08002b78   0x08002b78   0x000001e6   Code   RO         1787    .text.HAL_FDCAN_GetRxMessage  stm32h7xx_hal_fdcan.o
    0x08002d5e   0x08002d5e   0x00000002   PAD
    0x08002d60   0x08002d60   0x00000002   Code   RO         1865    .text.HAL_FDCAN_HighPriorityMessageCallback  stm32h7xx_hal_fdcan.o
    0x08002d62   0x08002d62   0x00000006   PAD
    0x08002d68   0x08002d68   0x00000322   Code   RO         1863    .text.HAL_FDCAN_IRQHandler  stm32h7xx_hal_fdcan.o
    0x0800308a   0x0800308a   0x00000006   PAD
    0x08003090   0x08003090   0x00000400   Code   RO         1707    .text.HAL_FDCAN_Init  stm32h7xx_hal_fdcan.o
    0x08003490   0x08003490   0x000001ec   Code   RO           65    .text.HAL_FDCAN_MspInit  fdcan.o
    0x0800367c   0x0800367c   0x00000004   PAD
    0x08003680   0x08003680   0x00000002   Code   RO         1881    .text.HAL_FDCAN_RxBufferNewMessageCallback  stm32h7xx_hal_fdcan.o
    0x08003682   0x08003682   0x00000006   PAD
    0x08003688   0x08003688   0x0000009c   Code   RO         2972    .text.HAL_FDCAN_RxFifo0Callback  fdcan_device.o
    0x08003724   0x08003724   0x00000004   PAD
    0x08003728   0x08003728   0x00000002   Code   RO         1875    .text.HAL_FDCAN_RxFifo1Callback  stm32h7xx_hal_fdcan.o
    0x0800372a   0x0800372a   0x00000006   PAD
    0x08003730   0x08003730   0x00000034   Code   RO         1775    .text.HAL_FDCAN_Start  stm32h7xx_hal_fdcan.o
    0x08003764   0x08003764   0x00000004   PAD
    0x08003768   0x08003768   0x00000002   Code   RO         1895    .text.HAL_FDCAN_TT_GlobalTimeCallback  stm32h7xx_hal_fdcan.o
    0x0800376a   0x0800376a   0x00000006   PAD
    0x08003770   0x08003770   0x00000002   Code   RO         1889    .text.HAL_FDCAN_TT_ScheduleSyncCallback  stm32h7xx_hal_fdcan.o
    0x08003772   0x08003772   0x00000006   PAD
    0x08003778   0x08003778   0x00000002   Code   RO         1893    .text.HAL_FDCAN_TT_StopWatchCallback  stm32h7xx_hal_fdcan.o
    0x0800377a   0x0800377a   0x00000006   PAD
    0x08003780   0x08003780   0x00000002   Code   RO         1891    .text.HAL_FDCAN_TT_TimeMarkCallback  stm32h7xx_hal_fdcan.o
    0x08003782   0x08003782   0x00000006   PAD
    0x08003788   0x08003788   0x00000002   Code   RO         1885    .text.HAL_FDCAN_TimeoutOccurredCallback  stm32h7xx_hal_fdcan.o
    0x0800378a   0x0800378a   0x00000006   PAD
    0x08003790   0x08003790   0x00000002   Code   RO         1883    .text.HAL_FDCAN_TimestampWraparoundCallback  stm32h7xx_hal_fdcan.o
    0x08003792   0x08003792   0x00000006   PAD
    0x08003798   0x08003798   0x00000002   Code   RO         1867    .text.HAL_FDCAN_TxBufferAbortCallback  stm32h7xx_hal_fdcan.o
    0x0800379a   0x0800379a   0x00000006   PAD
    0x080037a0   0x080037a0   0x00000002   Code   RO         1879    .text.HAL_FDCAN_TxBufferCompleteCallback  stm32h7xx_hal_fdcan.o
    0x080037a2   0x080037a2   0x00000006   PAD
    0x080037a8   0x080037a8   0x00000002   Code   RO         1871    .text.HAL_FDCAN_TxEventFifoCallback  stm32h7xx_hal_fdcan.o
    0x080037aa   0x080037aa   0x00000006   PAD
    0x080037b0   0x080037b0   0x00000002   Code   RO         1877    .text.HAL_FDCAN_TxFifoEmptyCallback  stm32h7xx_hal_fdcan.o
    0x080037b2   0x080037b2   0x00000006   PAD
    0x080037b8   0x080037b8   0x000001a2   Code   RO         1049    .text.HAL_GPIO_Init  stm32h7xx_hal_gpio.o
    0x0800395a   0x0800395a   0x00000006   PAD
    0x08003960   0x08003960   0x0000000a   Code   RO         1055    .text.HAL_GPIO_WritePin  stm32h7xx_hal_gpio.o
    0x0800396a   0x0800396a   0x00000006   PAD
    0x08003970   0x08003970   0x0000000c   Code   RO         1401    .text.HAL_GetTick   stm32h7xx_hal.o
    0x0800397c   0x0800397c   0x00000004   PAD
    0x08003980   0x08003980   0x0000001a   Code   RO         1399    .text.HAL_IncTick   stm32h7xx_hal.o
    0x0800399a   0x0800399a   0x00000006   PAD
    0x080039a0   0x080039a0   0x00000064   Code   RO         1389    .text.HAL_Init      stm32h7xx_hal.o
    0x08003a04   0x08003a04   0x00000004   PAD
    0x08003a08   0x08003a08   0x000000a0   Code   RO          202    .text.HAL_InitTick  stm32h7xx_hal_timebase_tim.o
    0x08003aa8   0x08003aa8   0x0000002a   Code   RO          193    .text.HAL_MspInit   stm32h7xx_hal_msp.o
    0x08003ad2   0x08003ad2   0x00000006   PAD
    0x08003ad8   0x08003ad8   0x00000022   Code   RO         1341    .text.HAL_NVIC_EnableIRQ  stm32h7xx_hal_cortex.o
    0x08003afa   0x08003afa   0x00000006   PAD
    0x08003b00   0x08003b00   0x0000005a   Code   RO         1339    .text.HAL_NVIC_SetPriority  stm32h7xx_hal_cortex.o
    0x08003b5a   0x08003b5a   0x00000006   PAD
    0x08003b60   0x08003b60   0x00000020   Code   RO         1337    .text.HAL_NVIC_SetPriorityGrouping  stm32h7xx_hal_cortex.o
    0x08003b80   0x08003b80   0x00000026   Code   RO          762    .text.HAL_PCDEx_ActivateLPM  stm32h7xx_hal_pcd_ex.o
    0x08003ba6   0x08003ba6   0x00000002   PAD
    0x08003ba8   0x08003ba8   0x00000002   Code   RO          774    .text.HAL_PCDEx_LPM_Callback  stm32h7xx_hal_pcd_ex.o
    0x08003baa   0x08003baa   0x00000006   PAD
    0x08003bb0   0x08003bb0   0x00000008   Code   RO          760    .text.HAL_PCDEx_SetRxFiFo  stm32h7xx_hal_pcd_ex.o
    0x08003bb8   0x08003bb8   0x000000da   Code   RO          758    .text.HAL_PCDEx_SetTxFiFo  stm32h7xx_hal_pcd_ex.o
    0x08003c92   0x08003c92   0x00000006   PAD
    0x08003c98   0x08003c98   0x00000008   Code   RO          301    .text.HAL_PCD_ConnectCallback  usbd_conf.o
    0x08003ca0   0x08003ca0   0x00000012   Code   RO          287    .text.HAL_PCD_DataInStageCallback  usbd_conf.o
    0x08003cb2   0x08003cb2   0x00000006   PAD
    0x08003cb8   0x08003cb8   0x00000014   Code   RO          285    .text.HAL_PCD_DataOutStageCallback  usbd_conf.o
    0x08003ccc   0x08003ccc   0x00000004   PAD
    0x08003cd0   0x08003cd0   0x00000008   Code   RO          303    .text.HAL_PCD_DisconnectCallback  usbd_conf.o
    0x08003cd8   0x08003cd8   0x00000056   Code   RO          728    .text.HAL_PCD_EP_Close  stm32h7xx_hal_pcd.o
    0x08003d2e   0x08003d2e   0x00000002   PAD
    0x08003d30   0x08003d30   0x00000068   Code   RO          738    .text.HAL_PCD_EP_ClrStall  stm32h7xx_hal_pcd.o
    0x08003d98   0x08003d98   0x00000012   Code   RO          732    .text.HAL_PCD_EP_GetRxCount  stm32h7xx_hal_pcd.o
    0x08003daa   0x08003daa   0x00000006   PAD
    0x08003db0   0x08003db0   0x0000006c   Code   RO          726    .text.HAL_PCD_EP_Open  stm32h7xx_hal_pcd.o
    0x08003e1c   0x08003e1c   0x00000004   PAD
    0x08003e20   0x08003e20   0x0000003a   Code   RO          730    .text.HAL_PCD_EP_Receive  stm32h7xx_hal_pcd.o
    0x08003e5a   0x08003e5a   0x00000006   PAD
    0x08003e60   0x08003e60   0x0000007c   Code   RO          736    .text.HAL_PCD_EP_SetStall  stm32h7xx_hal_pcd.o
    0x08003edc   0x08003edc   0x00000004   PAD
    0x08003ee0   0x08003ee0   0x0000003e   Code   RO          734    .text.HAL_PCD_EP_Transmit  stm32h7xx_hal_pcd.o
    0x08003f1e   0x08003f1e   0x00000002   PAD
    0x08003f20   0x08003f20   0x000009b8   Code   RO          694    .text.HAL_PCD_IRQHandler  stm32h7xx_hal_pcd.o
    0x080048d8   0x080048d8   0x00000008   Code   RO          299    .text.HAL_PCD_ISOINIncompleteCallback  usbd_conf.o
    0x080048e0   0x080048e0   0x00000008   Code   RO          297    .text.HAL_PCD_ISOOUTIncompleteCallback  usbd_conf.o
    0x080048e8   0x080048e8   0x00000282   Code   RO          682    .text.HAL_PCD_Init  stm32h7xx_hal_pcd.o
    0x08004b6a   0x08004b6a   0x00000006   PAD
    0x08004b70   0x08004b70   0x00000072   Code   RO          279    .text.HAL_PCD_MspInit  usbd_conf.o
    0x08004be2   0x08004be2   0x00000006   PAD
    0x08004be8   0x08004be8   0x0000002a   Code   RO          291    .text.HAL_PCD_ResetCallback  usbd_conf.o
    0x08004c12   0x08004c12   0x00000006   PAD
    0x08004c18   0x08004c18   0x00000008   Code   RO          295    .text.HAL_PCD_ResumeCallback  usbd_conf.o
    0x08004c20   0x08004c20   0x00000008   Code   RO          289    .text.HAL_PCD_SOFCallback  usbd_conf.o
    0x08004c28   0x08004c28   0x00000026   Code   RO          724    .text.HAL_PCD_SetAddress  stm32h7xx_hal_pcd.o
    0x08004c4e   0x08004c4e   0x00000002   PAD
    0x08004c50   0x08004c50   0x0000000e   Code   RO          283    .text.HAL_PCD_SetupStageCallback  usbd_conf.o
    0x08004c5e   0x08004c5e   0x00000002   PAD
    0x08004c60   0x08004c60   0x0000003e   Code   RO          690    .text.HAL_PCD_Start  stm32h7xx_hal_pcd.o
    0x08004c9e   0x08004c9e   0x00000002   PAD
    0x08004ca0   0x08004ca0   0x00000034   Code   RO          293    .text.HAL_PCD_SuspendCallback  usbd_conf.o
    0x08004cd4   0x08004cd4   0x00000004   PAD
    0x08004cd8   0x08004cd8   0x0000004c   Code   RO         1253    .text.HAL_PWREx_ConfigSupply  stm32h7xx_hal_pwr_ex.o
    0x08004d24   0x08004d24   0x00000004   PAD
    0x08004d28   0x08004d28   0x00000012   Code   RO         1303    .text.HAL_PWREx_EnableUSBVoltageDetector  stm32h7xx_hal_pwr_ex.o
    0x08004d3a   0x08004d3a   0x00000006   PAD
    0x08004d40   0x08004d40   0x00000026   Code   RO          940    .text.HAL_RCCEx_GetD3PCLK1Freq  stm32h7xx_hal_rcc_ex.o
    0x08004d66   0x08004d66   0x00000002   PAD
    0x08004d68   0x08004d68   0x00000188   Code   RO          936    .text.HAL_RCCEx_GetPLL2ClockFreq  stm32h7xx_hal_rcc_ex.o
    0x08004ef0   0x08004ef0   0x00000188   Code   RO          938    .text.HAL_RCCEx_GetPLL3ClockFreq  stm32h7xx_hal_rcc_ex.o
    0x08005078   0x08005078   0x00000aa8   Code   RO          924    .text.HAL_RCCEx_PeriphCLKConfig  stm32h7xx_hal_rcc_ex.o
    0x08005b20   0x08005b20   0x00000268   Code   RO          892    .text.HAL_RCC_ClockConfig  stm32h7xx_hal_rcc.o
    0x08005d88   0x08005d88   0x00000058   Code   RO          910    .text.HAL_RCC_GetClockConfig  stm32h7xx_hal_rcc.o
    0x08005de0   0x08005de0   0x0000004c   Code   RO          902    .text.HAL_RCC_GetHCLKFreq  stm32h7xx_hal_rcc.o
    0x08005e2c   0x08005e2c   0x00000004   PAD
    0x08005e30   0x08005e30   0x00000060   Code   RO          904    .text.HAL_RCC_GetPCLK1Freq  stm32h7xx_hal_rcc.o
    0x08005e90   0x08005e90   0x00000060   Code   RO          906    .text.HAL_RCC_GetPCLK2Freq  stm32h7xx_hal_rcc.o
    0x08005ef0   0x08005ef0   0x00000174   Code   RO          894    .text.HAL_RCC_GetSysClockFreq  stm32h7xx_hal_rcc.o
    0x08006064   0x08006064   0x00000004   PAD
    0x08006068   0x08006068   0x0000052c   Code   RO          890    .text.HAL_RCC_OscConfig  stm32h7xx_hal_rcc.o
    0x08006594   0x08006594   0x00000004   PAD
    0x08006598   0x08006598   0x00000002   Code   RO          668    .text.HAL_TIMEx_Break2Callback  stm32h7xx_hal_tim_ex.o
    0x0800659a   0x0800659a   0x00000006   PAD
    0x080065a0   0x080065a0   0x00000002   Code   RO          666    .text.HAL_TIMEx_BreakCallback  stm32h7xx_hal_tim_ex.o
    0x080065a2   0x080065a2   0x00000006   PAD
    0x080065a8   0x080065a8   0x00000002   Code   RO          662    .text.HAL_TIMEx_CommutCallback  stm32h7xx_hal_tim_ex.o
    0x080065aa   0x080065aa   0x00000006   PAD
    0x080065b0   0x080065b0   0x00000060   Code   RO          351    .text.HAL_TIM_Base_Init  stm32h7xx_hal_tim.o
    0x08006610   0x08006610   0x00000002   Code   RO          353    .text.HAL_TIM_Base_MspInit  stm32h7xx_hal_tim.o
    0x08006612   0x08006612   0x00000006   PAD
    0x08006618   0x08006618   0x000000dc   Code   RO          365    .text.HAL_TIM_Base_Start_IT  stm32h7xx_hal_tim.o
    0x080066f4   0x080066f4   0x00000004   PAD
    0x080066f8   0x080066f8   0x00000002   Code   RO          487    .text.HAL_TIM_IC_CaptureCallback  stm32h7xx_hal_tim.o
    0x080066fa   0x080066fa   0x00000006   PAD
    0x08006700   0x08006700   0x0000016c   Code   RO          485    .text.HAL_TIM_IRQHandler  stm32h7xx_hal_tim.o
    0x0800686c   0x0800686c   0x00000004   PAD
    0x08006870   0x08006870   0x00000002   Code   RO          489    .text.HAL_TIM_OC_DelayElapsedCallback  stm32h7xx_hal_tim.o
    0x08006872   0x08006872   0x00000006   PAD
    0x08006878   0x08006878   0x00000002   Code   RO          491    .text.HAL_TIM_PWM_PulseFinishedCallback  stm32h7xx_hal_tim.o
    0x0800687a   0x0800687a   0x00000006   PAD
    0x08006880   0x08006880   0x00000014   Code   RO           17    .text.HAL_TIM_PeriodElapsedCallback  main.o
    0x08006894   0x08006894   0x00000004   PAD
    0x08006898   0x08006898   0x00000002   Code   RO          495    .text.HAL_TIM_TriggerCallback  stm32h7xx_hal_tim.o
    0x0800689a   0x0800689a   0x00000006   PAD
    0x080068a0   0x080068a0   0x00000036   Code   RO         2076    .text.HAL_UARTEx_DisableFifoMode  stm32h7xx_hal_uart_ex.o
    0x080068d6   0x080068d6   0x00000002   PAD
    0x080068d8   0x080068d8   0x00000002   Code   RO         2003    .text.HAL_UARTEx_RxEventCallback  stm32h7xx_hal_uart.o
    0x080068da   0x080068da   0x00000006   PAD
    0x080068e0   0x080068e0   0x00000002   Code   RO         2062    .text.HAL_UARTEx_RxFifoFullCallback  stm32h7xx_hal_uart_ex.o
    0x080068e2   0x080068e2   0x00000006   PAD
    0x080068e8   0x080068e8   0x00000090   Code   RO         2080    .text.HAL_UARTEx_SetRxFifoThreshold  stm32h7xx_hal_uart_ex.o
    0x08006978   0x08006978   0x00000090   Code   RO         2078    .text.HAL_UARTEx_SetTxFifoThreshold  stm32h7xx_hal_uart_ex.o
    0x08006a08   0x08006a08   0x00000002   Code   RO         2064    .text.HAL_UARTEx_TxFifoEmptyCallback  stm32h7xx_hal_uart_ex.o
    0x08006a0a   0x08006a0a   0x00000006   PAD
    0x08006a10   0x08006a10   0x00000002   Code   RO         2060    .text.HAL_UARTEx_WakeupCallback  stm32h7xx_hal_uart_ex.o
    0x08006a12   0x08006a12   0x00000006   PAD
    0x08006a18   0x08006a18   0x00000002   Code   RO         2001    .text.HAL_UART_ErrorCallback  stm32h7xx_hal_uart.o
    0x08006a1a   0x08006a1a   0x00000006   PAD
    0x08006a20   0x08006a20   0x00000772   Code   RO         1997    .text.HAL_UART_IRQHandler  stm32h7xx_hal_uart.o
    0x08007192   0x08007192   0x00000006   PAD
    0x08007198   0x08007198   0x00000064   Code   RO         1913    .text.HAL_UART_Init  stm32h7xx_hal_uart.o
    0x080071fc   0x080071fc   0x00000004   PAD
    0x08007200   0x08007200   0x00000772   Code   RO          100    .text.HAL_UART_MspInit  usart.o
    0x08007972   0x08007972   0x00000006   PAD
    0x08007978   0x08007978   0x000000ac   Code   RO         1949    .text.HAL_UART_Receive_IT  stm32h7xx_hal_uart.o
    0x08007a24   0x08007a24   0x00000004   PAD
    0x08007a28   0x08007a28   0x00000098   Code   RO         2916    .text.HAL_UART_RxCpltCallback  serial_device.o
    0x08007ac0   0x08007ac0   0x000000d2   Code   RO         1953    .text.HAL_UART_Transmit_DMA  stm32h7xx_hal_uart.o
    0x08007b92   0x08007b92   0x00000006   PAD
    0x08007b98   0x08007b98   0x00000002   Code   RO         2005    .text.HAL_UART_TxCpltCallback  stm32h7xx_hal_uart.o
    0x08007b9a   0x08007b9a   0x00000006   PAD
    0x08007ba0   0x08007ba0   0x00000002   Code   RO         2007    .text.HAL_UART_TxHalfCpltCallback  stm32h7xx_hal_uart.o
    0x08007ba2   0x08007ba2   0x00000006   PAD
    0x08007ba8   0x08007ba8   0x00000002   Code   RO          132    .text.HardFault_Handler  stm32h7xx_it.o
    0x08007baa   0x08007baa   0x00000006   PAD
    0x08007bb0   0x08007bb0   0x000000c6   Code   RO           50    .text.MX_DMA_Init   dma.o
    0x08007c76   0x08007c76   0x00000002   PAD
    0x08007c78   0x08007c78   0x0000006c   Code   RO           59    .text.MX_FDCAN1_Init  fdcan.o
    0x08007ce4   0x08007ce4   0x00000004   PAD
    0x08007ce8   0x08007ce8   0x00000070   Code   RO           61    .text.MX_FDCAN2_Init  fdcan.o
    0x08007d58   0x08007d58   0x00000070   Code   RO           63    .text.MX_FDCAN3_Init  fdcan.o
    0x08007dc8   0x08007dc8   0x0000009e   Code   RO           28    .text.MX_GPIO_Init  gpio.o
    0x08007e66   0x08007e66   0x00000002   PAD
    0x08007e68   0x08007e68   0x0000007c   Code   RO           82    .text.MX_UART4_Init  usart.o
    0x08007ee4   0x08007ee4   0x00000004   PAD
    0x08007ee8   0x08007ee8   0x0000007c   Code   RO           84    .text.MX_UART5_Init  usart.o
    0x08007f64   0x08007f64   0x00000004   PAD
    0x08007f68   0x08007f68   0x0000007c   Code   RO           86    .text.MX_UART8_Init  usart.o
    0x08007fe4   0x08007fe4   0x00000004   PAD
    0x08007fe8   0x08007fe8   0x0000007c   Code   RO           88    .text.MX_UART9_Init  usart.o
    0x08008064   0x08008064   0x00000004   PAD
    0x08008068   0x08008068   0x0000007c   Code   RO           98    .text.MX_USART10_UART_Init  usart.o
    0x080080e4   0x080080e4   0x00000004   PAD
    0x080080e8   0x080080e8   0x0000007c   Code   RO           90    .text.MX_USART1_UART_Init  usart.o
    0x08008164   0x08008164   0x00000004   PAD
    0x08008168   0x08008168   0x0000007c   Code   RO           92    .text.MX_USART2_UART_Init  usart.o
    0x080081e4   0x080081e4   0x00000004   PAD
    0x080081e8   0x080081e8   0x0000007c   Code   RO           94    .text.MX_USART3_UART_Init  usart.o
    0x08008264   0x08008264   0x00000004   PAD
    0x08008268   0x08008268   0x0000007c   Code   RO           96    .text.MX_USART6_UART_Init  usart.o
    0x080082e4   0x080082e4   0x00000004   PAD
    0x080082e8   0x080082e8   0x0000006c   Code   RO          217    .text.MX_USB_DEVICE_Init  usb_device.o
    0x08008354   0x08008354   0x00000004   PAD
    0x08008358   0x08008358   0x00000002   Code   RO          134    .text.MemManage_Handler  stm32h7xx_it.o
    0x0800835a   0x0800835a   0x00000006   PAD
    0x08008360   0x08008360   0x00000002   Code   RO          130    .text.NMI_Handler   stm32h7xx_it.o
    0x08008362   0x08008362   0x00000006   PAD
    0x08008368   0x08008368   0x0000000c   Code   RO          176    .text.OTG_HS_IRQHandler  stm32h7xx_it.o
    0x08008374   0x08008374   0x0000000c   PAD
    0x08008380   0x08008380   0x00000064   Code   RO         2667    .text.PendSV_Handler  port.o
    0x080083e4   0x080083e4   0x00000004   PAD
    0x080083e8   0x080083e8   0x0000002a   Code   RO         2918    .text.ProcessReceivedData  serial_device.o
    0x08008412   0x08008412   0x00000006   PAD
    0x08008418   0x08008418   0x00000122   Code   RO          926    .text.RCCEx_PLL2_Config  stm32h7xx_hal_rcc_ex.o
    0x0800853a   0x0800853a   0x00000006   PAD
    0x08008540   0x08008540   0x00000122   Code   RO          928    .text.RCCEx_PLL3_Config  stm32h7xx_hal_rcc_ex.o
    0x08008662   0x08008662   0x0000000e   PAD
    0x08008670   0x08008670   0x00000024   Code   RO         2651    .text.SVC_Handler   port.o
    0x08008694   0x08008694   0x00000004   PAD
    0x08008698   0x08008698   0x0000001e   Code   RO         2462    .text.SysTick_Handler  cmsis_os2.o
    0x080086b6   0x080086b6   0x00000002   PAD
    0x080086b8   0x080086b8   0x000000d4   Code   RO           13    .text.SystemClock_Config  main.o
    0x0800878c   0x0800878c   0x00000004   PAD
    0x08008790   0x08008790   0x000000d2   Code   RO         2099    .text.SystemInit    system_stm32h7xx.o
    0x08008862   0x08008862   0x00000006   PAD
    0x08008868   0x08008868   0x0000000c   Code   RO          162    .text.TIM8_UP_TIM13_IRQHandler  stm32h7xx_it.o
    0x08008874   0x08008874   0x00000004   PAD
    0x08008878   0x08008878   0x00000178   Code   RO          355    .text.TIM_Base_SetConfig  stm32h7xx_hal_tim.o
    0x080089f0   0x080089f0   0x0000000c   Code   RO          166    .text.UART4_IRQHandler  stm32h7xx_it.o
    0x080089fc   0x080089fc   0x00000004   PAD
    0x08008a00   0x08008a00   0x0000000c   Code   RO          168    .text.UART5_IRQHandler  stm32h7xx_it.o
    0x08008a0c   0x08008a0c   0x00000004   PAD
    0x08008a10   0x08008a10   0x0000000c   Code   RO          178    .text.UART8_IRQHandler  stm32h7xx_it.o
    0x08008a1c   0x08008a1c   0x00000004   PAD
    0x08008a20   0x08008a20   0x0000000c   Code   RO          180    .text.UART9_IRQHandler  stm32h7xx_it.o
    0x08008a2c   0x08008a2c   0x00000004   PAD
    0x08008a30   0x08008a30   0x000000e0   Code   RO         1917    .text.UART_AdvFeatureConfig  stm32h7xx_hal_uart.o
    0x08008b10   0x08008b10   0x00000176   Code   RO         1921    .text.UART_CheckIdleState  stm32h7xx_hal_uart.o
    0x08008c86   0x08008c86   0x00000002   PAD
    0x08008c88   0x08008c88   0x0000000c   Code   RO         1999    .text.UART_DMAAbortOnError  stm32h7xx_hal_uart.o
    0x08008c94   0x08008c94   0x00000004   PAD
    0x08008c98   0x08008c98   0x000001f4   Code   RO         1959    .text.UART_DMAError  stm32h7xx_hal_uart.o
    0x08008e8c   0x08008e8c   0x00000004   PAD
    0x08008e90   0x08008e90   0x000000ba   Code   RO         1955    .text.UART_DMATransmitCplt  stm32h7xx_hal_uart.o
    0x08008f4a   0x08008f4a   0x00000006   PAD
    0x08008f50   0x08008f50   0x00000006   Code   RO         1957    .text.UART_DMATxHalfCplt  stm32h7xx_hal_uart.o
    0x08008f56   0x08008f56   0x00000002   PAD
    0x08008f58   0x08008f58   0x000001c4   Code   RO         2039    .text.UART_RxISR_16BIT  stm32h7xx_hal_uart.o
    0x0800911c   0x0800911c   0x00000004   PAD
    0x08009120   0x08009120   0x0000033a   Code   RO         2035    .text.UART_RxISR_16BIT_FIFOEN  stm32h7xx_hal_uart.o
    0x0800945a   0x0800945a   0x00000006   PAD
    0x08009460   0x08009460   0x000001c8   Code   RO         2041    .text.UART_RxISR_8BIT  stm32h7xx_hal_uart.o
    0x08009628   0x08009628   0x0000033e   Code   RO         2037    .text.UART_RxISR_8BIT_FIFOEN  stm32h7xx_hal_uart.o
    0x08009966   0x08009966   0x00000002   PAD
    0x08009968   0x08009968   0x0000049c   Code   RO         1919    .text.UART_SetConfig  stm32h7xx_hal_uart.o
    0x08009e04   0x08009e04   0x00000004   PAD
    0x08009e08   0x08009e08   0x00000274   Code   RO         1951    .text.UART_Start_Receive_IT  stm32h7xx_hal_uart.o
    0x0800a07c   0x0800a07c   0x00000004   PAD
    0x0800a080   0x0800a080   0x00000358   Code   RO         1935    .text.UART_WaitOnFlagUntilTimeout  stm32h7xx_hal_uart.o
    0x0800a3d8   0x0800a3d8   0x0000000c   Code   RO          182    .text.USART10_IRQHandler  stm32h7xx_it.o
    0x0800a3e4   0x0800a3e4   0x00000004   PAD
    0x0800a3e8   0x0800a3e8   0x0000000c   Code   RO          158    .text.USART2_IRQHandler  stm32h7xx_it.o
    0x0800a3f4   0x0800a3f4   0x00000004   PAD
    0x0800a3f8   0x0800a3f8   0x0000000c   Code   RO          160    .text.USART3_IRQHandler  stm32h7xx_it.o
    0x0800a404   0x0800a404   0x00000004   PAD
    0x0800a408   0x0800a408   0x0000000c   Code   RO          174    .text.USART6_IRQHandler  stm32h7xx_it.o
    0x0800a414   0x0800a414   0x00000004   PAD
    0x0800a418   0x0800a418   0x00000072   Code   RO         2790    .text.USBD_CDC_DataIn  usbd_cdc.o
    0x0800a48a   0x0800a48a   0x00000006   PAD
    0x0800a490   0x0800a490   0x0000003c   Code   RO         2792    .text.USBD_CDC_DataOut  usbd_cdc.o
    0x0800a4cc   0x0800a4cc   0x00000004   PAD
    0x0800a4d0   0x0800a4d0   0x0000005a   Code   RO         2784    .text.USBD_CDC_DeInit  usbd_cdc.o
    0x0800a52a   0x0800a52a   0x00000006   PAD
    0x0800a530   0x0800a530   0x00000038   Code   RO         2788    .text.USBD_CDC_EP0_RxReady  usbd_cdc.o
    0x0800a568   0x0800a568   0x00000010   Code   RO         2800    .text.USBD_CDC_GetDeviceQualifierDescriptor  usbd_cdc.o
    0x0800a578   0x0800a578   0x00000052   Code   RO         2796    .text.USBD_CDC_GetFSCfgDesc  usbd_cdc.o
    0x0800a5ca   0x0800a5ca   0x00000006   PAD
    0x0800a5d0   0x0800a5d0   0x00000056   Code   RO         2794    .text.USBD_CDC_GetHSCfgDesc  usbd_cdc.o
    0x0800a626   0x0800a626   0x00000002   PAD
    0x0800a628   0x0800a628   0x00000052   Code   RO         2798    .text.USBD_CDC_GetOtherSpeedCfgDesc  usbd_cdc.o
    0x0800a67a   0x0800a67a   0x00000006   PAD
    0x0800a680   0x0800a680   0x000000ce   Code   RO         2782    .text.USBD_CDC_Init  usbd_cdc.o
    0x0800a74e   0x0800a74e   0x00000002   PAD
    0x0800a750   0x0800a750   0x00000030   Code   RO         2810    .text.USBD_CDC_ReceivePacket  usbd_cdc.o
    0x0800a780   0x0800a780   0x00000018   Code   RO         2802    .text.USBD_CDC_RegisterInterface  usbd_cdc.o
    0x0800a798   0x0800a798   0x0000001c   Code   RO         2806    .text.USBD_CDC_SetRxBuffer  usbd_cdc.o
    0x0800a7b4   0x0800a7b4   0x00000004   PAD
    0x0800a7b8   0x0800a7b8   0x00000020   Code   RO         2804    .text.USBD_CDC_SetTxBuffer  usbd_cdc.o
    0x0800a7d8   0x0800a7d8   0x000000f0   Code   RO         2786    .text.USBD_CDC_Setup  usbd_cdc.o
    0x0800a8c8   0x0800a8c8   0x00000044   Code   RO         2808    .text.USBD_CDC_TransmitPacket  usbd_cdc.o
    0x0800a90c   0x0800a90c   0x00000004   PAD
    0x0800a910   0x0800a910   0x00000012   Code   RO         2697    .text.USBD_ClrClassConfig  usbd_core.o
    0x0800a922   0x0800a922   0x00000006   PAD
    0x0800a928   0x0800a928   0x00000004   Code   RO         2705    .text.USBD_CoreFindEP  usbd_core.o
    0x0800a92c   0x0800a92c   0x00000004   PAD
    0x0800a930   0x0800a930   0x00000004   Code   RO         2703    .text.USBD_CoreFindIF  usbd_core.o
    0x0800a934   0x0800a934   0x00000004   PAD
    0x0800a938   0x0800a938   0x00000010   Code   RO         2766    .text.USBD_CtlContinueRx  usbd_ioreq.o
    0x0800a948   0x0800a948   0x00000010   Code   RO         2762    .text.USBD_CtlContinueSendData  usbd_ioreq.o
    0x0800a958   0x0800a958   0x00000016   Code   RO         2741    .text.USBD_CtlError  usbd_ctlreq.o
    0x0800a96e   0x0800a96e   0x00000002   PAD
    0x0800a970   0x0800a970   0x0000001e   Code   RO         2764    .text.USBD_CtlPrepareRx  usbd_ioreq.o
    0x0800a98e   0x0800a98e   0x00000002   PAD
    0x0800a990   0x0800a990   0x00000016   Code   RO         2770    .text.USBD_CtlReceiveStatus  usbd_ioreq.o
    0x0800a9a6   0x0800a9a6   0x00000002   PAD
    0x0800a9a8   0x0800a9a8   0x0000001a   Code   RO         2760    .text.USBD_CtlSendData  usbd_ioreq.o
    0x0800a9c2   0x0800a9c2   0x00000006   PAD
    0x0800a9c8   0x0800a9c8   0x00000016   Code   RO         2768    .text.USBD_CtlSendStatus  usbd_ioreq.o
    0x0800a9de   0x0800a9de   0x00000002   PAD
    0x0800a9e0   0x0800a9e0   0x00000084   Code   RO         2727    .text.USBD_GetEpDesc  usbd_core.o
    0x0800aa64   0x0800aa64   0x00000004   PAD
    0x0800aa68   0x0800aa68   0x000000d8   Code   RO         2749    .text.USBD_GetString  usbd_ctlreq.o
    0x0800ab40   0x0800ab40   0x00000024   Code   RO          236    .text.USBD_HS_ConfigStrDescriptor  usbd_desc.o
    0x0800ab64   0x0800ab64   0x00000004   PAD
    0x0800ab68   0x0800ab68   0x0000000e   Code   RO          226    .text.USBD_HS_DeviceDescriptor  usbd_desc.o
    0x0800ab76   0x0800ab76   0x00000002   PAD
    0x0800ab78   0x0800ab78   0x00000028   Code   RO          238    .text.USBD_HS_InterfaceStrDescriptor  usbd_desc.o
    0x0800aba0   0x0800aba0   0x0000000e   Code   RO          228    .text.USBD_HS_LangIDStrDescriptor  usbd_desc.o
    0x0800abae   0x0800abae   0x00000002   PAD
    0x0800abb0   0x0800abb0   0x0000002c   Code   RO          230    .text.USBD_HS_ManufacturerStrDescriptor  usbd_desc.o
    0x0800abdc   0x0800abdc   0x00000004   PAD
    0x0800abe0   0x0800abe0   0x00000030   Code   RO          232    .text.USBD_HS_ProductStrDescriptor  usbd_desc.o
    0x0800ac10   0x0800ac10   0x0000016e   Code   RO          234    .text.USBD_HS_SerialStrDescriptor  usbd_desc.o
    0x0800ad7e   0x0800ad7e   0x00000002   PAD
    0x0800ad80   0x0800ad80   0x00000028   Code   RO         2683    .text.USBD_Init     usbd_core.o
    0x0800ada8   0x0800ada8   0x00000022   Code   RO          323    .text.USBD_LL_ClearStallEP  usbd_conf.o
    0x0800adca   0x0800adca   0x00000006   PAD
    0x0800add0   0x0800add0   0x00000022   Code   RO          317    .text.USBD_LL_CloseEP  usbd_conf.o
    0x0800adf2   0x0800adf2   0x00000006   PAD
    0x0800adf8   0x0800adf8   0x000000ba   Code   RO         2707    .text.USBD_LL_DataInStage  usbd_core.o
    0x0800aeb2   0x0800aeb2   0x00000006   PAD
    0x0800aeb8   0x0800aeb8   0x00000078   Code   RO         2701    .text.USBD_LL_DataOutStage  usbd_core.o
    0x0800af30   0x0800af30   0x00000004   Code   RO         2723    .text.USBD_LL_DevConnected  usbd_core.o
    0x0800af34   0x0800af34   0x00000004   PAD
    0x0800af38   0x0800af38   0x00000020   Code   RO         2725    .text.USBD_LL_DevDisconnected  usbd_core.o
    0x0800af58   0x0800af58   0x00000008   Code   RO          333    .text.USBD_LL_GetRxDataSize  usbd_conf.o
    0x0800af60   0x0800af60   0x00000072   Code   RO          305    .text.USBD_LL_Init  usbd_conf.o
    0x0800afd2   0x0800afd2   0x00000006   PAD
    0x0800afd8   0x0800afd8   0x00000022   Code   RO          325    .text.USBD_LL_IsStallEP  usbd_conf.o
    0x0800affa   0x0800affa   0x00000006   PAD
    0x0800b000   0x0800b000   0x0000002c   Code   RO         2719    .text.USBD_LL_IsoINIncomplete  usbd_core.o
    0x0800b02c   0x0800b02c   0x00000004   PAD
    0x0800b030   0x0800b030   0x0000002c   Code   RO         2721    .text.USBD_LL_IsoOUTIncomplete  usbd_core.o
    0x0800b05c   0x0800b05c   0x00000004   PAD
    0x0800b060   0x0800b060   0x00000028   Code   RO          315    .text.USBD_LL_OpenEP  usbd_conf.o
    0x0800b088   0x0800b088   0x00000022   Code   RO          331    .text.USBD_LL_PrepareReceive  usbd_conf.o
    0x0800b0aa   0x0800b0aa   0x00000006   PAD
    0x0800b0b0   0x0800b0b0   0x00000060   Code   RO         2709    .text.USBD_LL_Reset  usbd_core.o
    0x0800b110   0x0800b110   0x00000014   Code   RO         2715    .text.USBD_LL_Resume  usbd_core.o
    0x0800b124   0x0800b124   0x00000004   PAD
    0x0800b128   0x0800b128   0x0000001e   Code   RO         2717    .text.USBD_LL_SOF   usbd_core.o
    0x0800b146   0x0800b146   0x00000002   PAD
    0x0800b148   0x0800b148   0x00000008   Code   RO         2711    .text.USBD_LL_SetSpeed  usbd_core.o
    0x0800b150   0x0800b150   0x00000022   Code   RO          327    .text.USBD_LL_SetUSBAddress  usbd_conf.o
    0x0800b172   0x0800b172   0x00000006   PAD
    0x0800b178   0x0800b178   0x00000062   Code   RO         2699    .text.USBD_LL_SetupStage  usbd_core.o
    0x0800b1da   0x0800b1da   0x00000006   PAD
    0x0800b1e0   0x0800b1e0   0x00000022   Code   RO          321    .text.USBD_LL_StallEP  usbd_conf.o
    0x0800b202   0x0800b202   0x00000006   PAD
    0x0800b208   0x0800b208   0x00000022   Code   RO          311    .text.USBD_LL_Start  usbd_conf.o
    0x0800b22a   0x0800b22a   0x00000006   PAD
    0x0800b230   0x0800b230   0x0000001c   Code   RO         2713    .text.USBD_LL_Suspend  usbd_core.o
    0x0800b24c   0x0800b24c   0x00000004   PAD
    0x0800b250   0x0800b250   0x00000022   Code   RO          329    .text.USBD_LL_Transmit  usbd_conf.o
    0x0800b272   0x0800b272   0x00000006   PAD
    0x0800b278   0x0800b278   0x00000016   Code   RO         2747    .text.USBD_ParseSetupRequest  usbd_ctlreq.o
    0x0800b28e   0x0800b28e   0x00000002   PAD
    0x0800b290   0x0800b290   0x00000046   Code   RO         2687    .text.USBD_RegisterClass  usbd_core.o
    0x0800b2d6   0x0800b2d6   0x00000002   PAD
    0x0800b2d8   0x0800b2d8   0x00000010   Code   RO         2695    .text.USBD_SetClassConfig  usbd_core.o
    0x0800b2e8   0x0800b2e8   0x00000004   Code   RO         2689    .text.USBD_Start    usbd_core.o
    0x0800b2ec   0x0800b2ec   0x00000004   PAD
    0x0800b2f0   0x0800b2f0   0x00000362   Code   RO         2739    .text.USBD_StdDevReq  usbd_ctlreq.o
    0x0800b652   0x0800b652   0x00000006   PAD
    0x0800b658   0x0800b658   0x00000166   Code   RO         2745    .text.USBD_StdEPReq  usbd_ctlreq.o
    0x0800b7be   0x0800b7be   0x00000002   PAD
    0x0800b7c0   0x0800b7c0   0x0000007c   Code   RO         2743    .text.USBD_StdItfReq  usbd_ctlreq.o
    0x0800b83c   0x0800b83c   0x00000004   PAD
    0x0800b840   0x0800b840   0x00000002   Code   RO          337    .text.USBD_static_free  usbd_conf.o
    0x0800b842   0x0800b842   0x00000006   PAD
    0x0800b848   0x0800b848   0x0000000a   Code   RO          335    .text.USBD_static_malloc  usbd_conf.o
    0x0800b852   0x0800b852   0x00000006   PAD
    0x0800b858   0x0800b858   0x0000008a   Code   RO          806    .text.USB_ActivateEndpoint  stm32h7xx_ll_usb.o
    0x0800b8e2   0x0800b8e2   0x00000006   PAD
    0x0800b8e8   0x0800b8e8   0x00000020   Code   RO          848    .text.USB_ActivateSetup  stm32h7xx_ll_usb.o
    0x0800b908   0x0800b908   0x0000022e   Code   RO          784    .text.USB_CoreInit  stm32h7xx_ll_usb.o
    0x0800bb36   0x0800bb36   0x00000002   PAD
    0x0800bb38   0x0800bb38   0x00000086   Code   RO          810    .text.USB_DeactivateEndpoint  stm32h7xx_ll_usb.o
    0x0800bbbe   0x0800bbbe   0x00000002   PAD
    0x0800bbc0   0x0800bbc0   0x0000001e   Code   RO          830    .text.USB_DevConnect  stm32h7xx_ll_usb.o
    0x0800bbde   0x0800bbde   0x00000002   PAD
    0x0800bbe0   0x0800bbe0   0x0000001e   Code   RO          832    .text.USB_DevDisconnect  stm32h7xx_ll_usb.o
    0x0800bbfe   0x0800bbfe   0x00000002   PAD
    0x0800bc00   0x0800bc00   0x0000049e   Code   RO          796    .text.USB_DevInit   stm32h7xx_ll_usb.o
    0x0800c09e   0x0800c09e   0x00000002   PAD
    0x0800c0a0   0x0800c0a0   0x0000000e   Code   RO          790    .text.USB_DisableGlobalInt  stm32h7xx_ll_usb.o
    0x0800c0ae   0x0800c0ae   0x00000002   PAD
    0x0800c0b0   0x0800c0b0   0x0000005a   Code   RO          850    .text.USB_EP0_OutStart  stm32h7xx_ll_usb.o
    0x0800c10a   0x0800c10a   0x00000006   PAD
    0x0800c110   0x0800c110   0x00000052   Code   RO          824    .text.USB_EPClearStall  stm32h7xx_ll_usb.o
    0x0800c162   0x0800c162   0x00000006   PAD
    0x0800c168   0x0800c168   0x00000040   Code   RO          822    .text.USB_EPSetStall  stm32h7xx_ll_usb.o
    0x0800c1a8   0x0800c1a8   0x0000022c   Code   RO          814    .text.USB_EPStartXfer  stm32h7xx_ll_usb.o
    0x0800c3d4   0x0800c3d4   0x00000004   PAD
    0x0800c3d8   0x0800c3d8   0x0000010e   Code   RO          818    .text.USB_EPStopXfer  stm32h7xx_ll_usb.o
    0x0800c4e6   0x0800c4e6   0x00000002   PAD
    0x0800c4e8   0x0800c4e8   0x0000000e   Code   RO          788    .text.USB_EnableGlobalInt  stm32h7xx_ll_usb.o
    0x0800c4f6   0x0800c4f6   0x00000002   PAD
    0x0800c4f8   0x0800c4f8   0x000000be   Code   RO          800    .text.USB_FlushTxFifo  stm32h7xx_ll_usb.o
    0x0800c5b6   0x0800c5b6   0x00000002   PAD
    0x0800c5b8   0x0800c5b8   0x0000001a   Code   RO          804    .text.USB_GetDevSpeed  stm32h7xx_ll_usb.o
    0x0800c5d2   0x0800c5d2   0x00000006   PAD
    0x0800c5d8   0x0800c5d8   0x00000008   Code   RO          794    .text.USB_GetMode   stm32h7xx_ll_usb.o
    0x0800c5e0   0x0800c5e0   0x0000000e   Code   RO          840    .text.USB_ReadDevAllInEpInterrupt  stm32h7xx_ll_usb.o
    0x0800c5ee   0x0800c5ee   0x00000002   PAD
    0x0800c5f0   0x0800c5f0   0x0000000e   Code   RO          838    .text.USB_ReadDevAllOutEpInterrupt  stm32h7xx_ll_usb.o
    0x0800c5fe   0x0800c5fe   0x00000002   PAD
    0x0800c600   0x0800c600   0x00000024   Code   RO          844    .text.USB_ReadDevInEPInterrupt  stm32h7xx_ll_usb.o
    0x0800c624   0x0800c624   0x00000004   PAD
    0x0800c628   0x0800c628   0x00000010   Code   RO          842    .text.USB_ReadDevOutEPInterrupt  stm32h7xx_ll_usb.o
    0x0800c638   0x0800c638   0x00000008   Code   RO          834    .text.USB_ReadInterrupts  stm32h7xx_ll_usb.o
    0x0800c640   0x0800c640   0x000000b0   Code   RO          820    .text.USB_ReadPacket  stm32h7xx_ll_usb.o
    0x0800c6f0   0x0800c6f0   0x00000368   Code   RO          792    .text.USB_SetCurrentMode  stm32h7xx_ll_usb.o
    0x0800ca58   0x0800ca58   0x00000022   Code   RO          828    .text.USB_SetDevAddress  stm32h7xx_ll_usb.o
    0x0800ca7a   0x0800ca7a   0x00000006   PAD
    0x0800ca80   0x0800ca80   0x00000118   Code   RO          786    .text.USB_SetTurnaroundTime  stm32h7xx_ll_usb.o
    0x0800cb98   0x0800cb98   0x00000078   Code   RO          816    .text.USB_WritePacket  stm32h7xx_ll_usb.o
    0x0800cc10   0x0800cc10   0x00000002   Code   RO          138    .text.UsageFault_Handler  stm32h7xx_it.o
    0x0800cc12   0x0800cc12   0x00000006   PAD
    0x0800cc18   0x0800cc18   0x000000d0   Code   RO         2827    .text._GLOBAL__sub_I_test_demo.cpp  test_demo.o
    0x0800cce8   0x0800cce8   0x000000bc   Code   RO         2874    .text._ZN11RC9Protocol12process_dataEv  rc9protocol.o
    0x0800cda4   0x0800cda4   0x00000004   PAD
    0x0800cda8   0x0800cda8   0x0000025c   Code   RO         2872    .text._ZN11RC9Protocol17handleReceiveDataEh  rc9protocol.o
    0x0800d004   0x0800d004   0x00000004   PAD
    0x0800d008   0x0800d008   0x00000014   Code   RO         2870    .text._ZN11RC9Protocol9initQueueEv  rc9protocol.o
    0x0800d01c   0x0800d01c   0x00000004   PAD
    0x0800d020   0x0800d020   0x00000080   Code   RO         2868    .text._ZN11RC9ProtocolC2E9uart_typeP20__UART_HandleTypeDefb  rc9protocol.o
    0x0800d0a0   0x0800d0a0   0x00000008   Code   RO         2901    .text._ZN11RC9ProtocolD0Ev  rc9protocol.o
    0x0800d0a8   0x0800d0a8   0x00000002   Code   RO         2899    .text._ZN11RC9ProtocolD2Ev  rc9protocol.o
    0x0800d0aa   0x0800d0aa   0x00000006   PAD
    0x0800d0b0   0x0800d0b0   0x00000044   Code   RO         2855    .text._ZN11TaskManager12TaskFunctionEPv  taskmanager.o
    0x0800d0f4   0x0800d0f4   0x00000004   PAD
    0x0800d0f8   0x0800d0f8   0x0000006a   Code   RO         2853    .text._ZN11TaskManager12registerTaskEiP14ITaskProcessor  taskmanager.o
    0x0800d162   0x0800d162   0x00000006   PAD
    0x0800d168   0x0800d168   0x000000f4   Code   RO         2851    .text._ZN11TaskManagerC2Ev  taskmanager.o
    0x0800d25c   0x0800d25c   0x00000004   PAD
    0x0800d260   0x0800d260   0x00000002   Code   RO         3098    .text._ZN11power_motor10set_rpm_ffEff  m3508.o
    0x0800d262   0x0800d262   0x00000006   PAD
    0x0800d268   0x0800d268   0x00000002   Code   RO         3090    .text._ZN11power_motor11set_currentEf  m3508.o
    0x0800d26a   0x0800d26a   0x00000006   PAD
    0x0800d270   0x0800d270   0x00000002   Code   RO         3106    .text._ZN11power_motor12relocate_disEf  m3508.o
    0x0800d272   0x0800d272   0x00000006   PAD
    0x0800d278   0x0800d278   0x00000002   Code   RO         3118    .text._ZN11power_motor12relocate_posEf  m3508.o
    0x0800d27a   0x0800d27a   0x00000006   PAD
    0x0800d280   0x0800d280   0x00000002   Code   RO         3088    .text._ZN11power_motor14set_ff_currentEf  m3508.o
    0x0800d282   0x0800d282   0x00000006   PAD
    0x0800d288   0x0800d288   0x00000000   Code   RO         3110    .text._ZN11power_motor17set_dis_speedplanEfffff  m3508.o
    0x0800d288   0x0800d288   0x00000000   Code   RO         3112    .text._ZN11power_motor17set_pos_speedplanEfffff  m3508.o
    0x0800d288   0x0800d288   0x00000002   Code   RO         3114    .text._ZN11power_motor21dis_speedplan_restartEv  m3508.o
    0x0800d28a   0x0800d28a   0x00000006   PAD
    0x0800d290   0x0800d290   0x00000002   Code   RO         3116    .text._ZN11power_motor21pos_speedplan_restartEv  m3508.o
    0x0800d292   0x0800d292   0x00000006   PAD
    0x0800d298   0x0800d298   0x00000000   Code   RO         3096    .text._ZN11power_motor5get_FEv  m3508.o
    0x0800d298   0x0800d298   0x00000002   Code   RO         3120    .text._ZN11power_motor5set_FEf  m3508.o
    0x0800d29a   0x0800d29a   0x00000006   PAD
    0x0800d2a0   0x0800d2a0   0x00000000   Code   RO         3108    .text._ZN11power_motor7get_disEv  m3508.o
    0x0800d2a0   0x0800d2a0   0x00000000   Code   RO         3100    .text._ZN11power_motor7get_posEv  m3508.o
    0x0800d2a0   0x0800d2a0   0x00000002   Code   RO         3104    .text._ZN11power_motor7set_disEf  m3508.o
    0x0800d2a2   0x0800d2a2   0x00000006   PAD
    0x0800d2a8   0x0800d2a8   0x00000002   Code   RO         3102    .text._ZN11power_motor7set_posEf  m3508.o
    0x0800d2aa   0x0800d2aa   0x00000006   PAD
    0x0800d2b0   0x0800d2b0   0x00000000   Code   RO         3094    .text._ZN11power_motor8get_odomEv  m3508.o
    0x0800d2b0   0x0800d2b0   0x00000002   Code   RO         3086    .text._ZN11power_motor8send_rpmEf  m3508.o
    0x0800d2b2   0x0800d2b2   0x00000006   PAD
    0x0800d2b8   0x0800d2b8   0x00000002   Code   RO         3092    .text._ZN11power_motor9set_angleEf  m3508.o
    0x0800d2ba   0x0800d2ba   0x00000006   PAD
    0x0800d2c0   0x0800d2c0   0x00000012   Code   RO         2914    .text._ZN12SerialDevice18startUartReceiveITEv  serial_device.o
    0x0800d2d2   0x0800d2d2   0x00000006   PAD
    0x0800d2d8   0x0800d2d8   0x00000038   Code   RO         2908    .text._ZN12SerialDeviceC2EP20__UART_HandleTypeDef9uart_type  serial_device.o
    0x0800d310   0x0800d310   0x000000a8   Code   RO         2884    .text._ZN13RC9subscriber13sendFloatDataEhPKfh  rc9protocol.o
    0x0800d3b8   0x0800d3b8   0x00000002   Code   RO         2848    .text._ZN13RC9subscriber20DataReceivedCallbackEPKhPKfht  test_demo.o
    0x0800d3ba   0x0800d3ba   0x00000006   PAD
    0x0800d3c0   0x0800d3c0   0x0000001c   Code   RO         2888    .text._ZN13RC9subscriber7addportEP11RC9Protocol  rc9protocol.o
    0x0800d3dc   0x0800d3dc   0x00000004   PAD
    0x0800d3e0   0x0800d3e0   0x00000002   Code   RO         2844    .text._ZN14ITaskProcessorD2Ev  test_demo.o
    0x0800d3e2   0x0800d3e2   0x00000006   PAD
    0x0800d3e8   0x0800d3e8   0x00000022   Code   RO         3255    .text._ZN16SimpleMeanFilter13setWindowSizeEj  filters.o
    0x0800d40a   0x0800d40a   0x00000006   PAD
    0x0800d410   0x0800d410   0x000000e0   Code   RO         3257    .text._ZN16SimpleMeanFilter6updateEf  filters.o
    0x0800d4f0   0x0800d4f0   0x0000000e   Code   RO         3253    .text._ZN16SimpleMeanFilterC2Ev  filters.o
    0x0800d4fe   0x0800d4fe   0x00000002   PAD
    0x0800d500   0x0800d500   0x000002ae   Code   RO         3135    .text._ZN16dji_motor_handle12process_dataEv  motor.o
    0x0800d7ae   0x0800d7ae   0x00000002   PAD
    0x0800d7b0   0x0800d7b0   0x00000006   Code   RO         3147    .text._ZN16dji_motor_handleD0Ev  motor.o
    0x0800d7b6   0x0800d7b6   0x00000002   PAD
    0x0800d7b8   0x0800d7b8   0x00000036   Code   RO         3241    .text._ZN19SimpleLowPassFilter6updateEf  filters.o
    0x0800d7ee   0x0800d7ee   0x00000002   PAD
    0x0800d7f0   0x0800d7f0   0x0000000e   Code   RO         3239    .text._ZN19SimpleLowPassFilterC2Ef  filters.o
    0x0800d7fe   0x0800d7fe   0x00000002   PAD
    0x0800d800   0x0800d800   0x000000ec   Code   RO         3213    .text._ZN20TrapezoidalPlanner1D10start_planEfffffff  trapezoidalplanner.o
    0x0800d8ec   0x0800d8ec   0x00000004   PAD
    0x0800d8f0   0x0800d8f0   0x000000e4   Code   RO         3217    .text._ZN20TrapezoidalPlanner1D4planEf  trapezoidalplanner.o
    0x0800d9d4   0x0800d9d4   0x00000004   PAD
    0x0800d9d8   0x0800d9d8   0x00000010   Code   RO         3219    .text._ZN20TrapezoidalPlanner1D5resetEv  trapezoidalplanner.o
    0x0800d9e8   0x0800d9e8   0x00000020   Code   RO         3211    .text._ZN20TrapezoidalPlanner1DC2Ev  trapezoidalplanner.o
    0x0800da08   0x0800da08   0x00000000   Code   RO         3414    .text._ZN3imu12get_distanceEv  position.o
    0x0800da08   0x0800da08   0x00000000   Code   RO         3406    .text._ZN3imu15get_world_acc_xEv  position.o
    0x0800da08   0x0800da08   0x00000000   Code   RO         3408    .text._ZN3imu15get_world_acc_yEv  position.o
    0x0800da08   0x0800da08   0x00000000   Code   RO         3402    .text._ZN3imu15get_world_vel_xEv  position.o
    0x0800da08   0x0800da08   0x00000000   Code   RO         3404    .text._ZN3imu15get_world_vel_yEv  position.o
    0x0800da08   0x0800da08   0x00000000   Code   RO         3410    .text._ZN3imu9get_acc_xEv  position.o
    0x0800da08   0x0800da08   0x00000000   Code   RO         3412    .text._ZN3imu9get_acc_yEv  position.o
    0x0800da08   0x0800da08   0x000000f0   Code   RO         3157    .text._ZN3pid11PID_ComputeEf  pid.o
    0x0800daf8   0x0800daf8   0x000000d4   Code   RO         3159    .text._ZN3pid16PID_ComputeErrorEf  pid.o
    0x0800dbcc   0x0800dbcc   0x00000004   PAD
    0x0800dbd0   0x0800dbd0   0x0000003a   Code   RO         3151    .text._ZN3pidC2Efffffff  pid.o
    0x0800dc0a   0x0800dc0a   0x00000006   PAD
    0x0800dc10   0x0800dc10   0x00000020   Code   RO         2825    .text._ZN4demo12process_dataEv  test_demo.o
    0x0800dc30   0x0800dc30   0x00000006   Code   RO         2846    .text._ZN4demoD0Ev  test_demo.o
    0x0800dc36   0x0800dc36   0x00000002   PAD
    0x0800dc38   0x0800dc38   0x00000044   Code   RO         3339    .text._ZN4vesc10can_updateEPh  vesc.o
    0x0800dc7c   0x0800dc7c   0x00000004   PAD
    0x0800dc80   0x0800dc80   0x0000000c   Code   RO         3335    .text._ZN4vesc11set_currentEf  vesc.o
    0x0800dc8c   0x0800dc8c   0x00000004   PAD
    0x0800dc90   0x0800dc90   0x000000aa   Code   RO         3341    .text._ZN4vesc12process_dataEv  vesc.o
    0x0800dd3a   0x0800dd3a   0x00000006   PAD
    0x0800dd40   0x0800dd40   0x00000006   Code   RO         3355    .text._ZN4vesc14set_ff_currentEf  vesc.o
    0x0800dd46   0x0800dd46   0x00000002   PAD
    0x0800dd48   0x0800dd48   0x00000092   Code   RO         3347    .text._ZN4vesc17rpm_increpid_modeEv  vesc.o
    0x0800ddda   0x0800ddda   0x00000006   PAD
    0x0800dde0   0x0800dde0   0x00000006   Code   RO         3323    .text._ZN4vesc7get_rpmEv  vesc.o
    0x0800dde6   0x0800dde6   0x00000002   PAD
    0x0800dde8   0x0800dde8   0x0000002c   Code   RO         3327    .text._ZN4vesc7set_rpmEf  vesc.o
    0x0800de14   0x0800de14   0x00000004   PAD
    0x0800de18   0x0800de18   0x00000024   Code   RO         3331    .text._ZN4vesc8send_rpmEf  vesc.o
    0x0800de3c   0x0800de3c   0x00000004   PAD
    0x0800de40   0x0800de40   0x000000c8   Code   RO         3351    .text._ZN4vescC2EjP19FDCAN_HandleTypeDefhfffff  vesc.o
    0x0800df08   0x0800df08   0x00000008   Code   RO         3369    .text._ZN4vescD0Ev  vesc.o
    0x0800df10   0x0800df10   0x00000002   Code   RO         3367    .text._ZN4vescD2Ev  vesc.o
    0x0800df12   0x0800df12   0x00000006   PAD
    0x0800df18   0x0800df18   0x0000013c   Code   RO         3008    .text._ZN6m3508p10can_updateEPh  m3508.o
    0x0800e054   0x0800e054   0x00000004   PAD
    0x0800e058   0x0800e058   0x00000006   Code   RO         3070    .text._ZN6m3508p12relocate_disEf  m3508.o
    0x0800e05e   0x0800e05e   0x00000002   PAD
    0x0800e060   0x0800e060   0x00000006   Code   RO         3022    .text._ZN6m3508p12relocate_posEf  m3508.o
    0x0800e066   0x0800e066   0x00000002   PAD
    0x0800e068   0x0800e068   0x000000b0   Code   RO         2990    .text._ZN6m3508p13motor_processEv  m3508.o
    0x0800e118   0x0800e118   0x00000080   Code   RO         2998    .text._ZN6m3508p15angle_speedplanEv  m3508.o
    0x0800e198   0x0800e198   0x00000084   Code   RO         3026    .text._ZN6m3508p17set_dis_speedplanEfffff  m3508.o
    0x0800e21c   0x0800e21c   0x00000004   PAD
    0x0800e220   0x0800e220   0x00000080   Code   RO         3032    .text._ZN6m3508p17set_pos_speedplanEfffff  m3508.o
    0x0800e2a0   0x0800e2a0   0x000000e8   Code   RO         3002    .text._ZN6m3508p18distance_speedplanEv  m3508.o
    0x0800e388   0x0800e388   0x00000008   Code   RO         3036    .text._ZN6m3508p21dis_speedplan_restartEv  m3508.o
    0x0800e390   0x0800e390   0x00000008   Code   RO         3040    .text._ZN6m3508p21pos_speedplan_restartEv  m3508.o
    0x0800e398   0x0800e398   0x0000000c   Code   RO         3056    .text._ZN6m3508p5set_FEf  m3508.o
    0x0800e3a4   0x0800e3a4   0x00000004   PAD
    0x0800e3a8   0x0800e3a8   0x00000006   Code   RO         3074    .text._ZN6m3508p7get_disEv  m3508.o
    0x0800e3ae   0x0800e3ae   0x00000002   PAD
    0x0800e3b0   0x0800e3b0   0x00000006   Code   RO         3014    .text._ZN6m3508p7get_posEv  m3508.o
    0x0800e3b6   0x0800e3b6   0x00000002   PAD
    0x0800e3b8   0x0800e3b8   0x00000016   Code   RO         3044    .text._ZN6m3508p7get_rpmEv  m3508.o
    0x0800e3ce   0x0800e3ce   0x00000002   PAD
    0x0800e3d0   0x0800e3d0   0x0000000c   Code   RO         3052    .text._ZN6m3508p7set_disEf  m3508.o
    0x0800e3dc   0x0800e3dc   0x00000004   PAD
    0x0800e3e0   0x0800e3e0   0x0000000c   Code   RO         3018    .text._ZN6m3508p7set_posEf  m3508.o
    0x0800e3ec   0x0800e3ec   0x00000004   PAD
    0x0800e3f0   0x0800e3f0   0x0000000c   Code   RO         3048    .text._ZN6m3508p7set_rpmEf  m3508.o
    0x0800e3fc   0x0800e3fc   0x00000004   PAD
    0x0800e400   0x0800e400   0x0000014c   Code   RO         2996    .text._ZN6m3508p9angle_pidEv  m3508.o
    0x0800e54c   0x0800e54c   0x00000004   PAD
    0x0800e550   0x0800e550   0x00000154   Code   RO         2988    .text._ZN6m3508pC2EjP19FDCAN_HandleTypeDefbffs  m3508.o
    0x0800e6a4   0x0800e6a4   0x00000004   PAD
    0x0800e6a8   0x0800e6a8   0x000000e8   Code   RO         3185    .text._ZN8IncrePID16increPID_ComputeEf  superpid.o
    0x0800e790   0x0800e790   0x00000006   Code   RO         3191    .text._ZN8IncrePID17increPID_setargetEf  superpid.o
    0x0800e796   0x0800e796   0x00000002   PAD
    0x0800e798   0x0800e798   0x00000050   Code   RO         3179    .text._ZN8IncrePIDC2Effffff  superpid.o
    0x0800e7e8   0x0800e7e8   0x00000006   Code   RO         3269    .text._ZN8Vector2DC2Eff  vector2d.o
    0x0800e7ee   0x0800e7ee   0x00000002   PAD
    0x0800e7f0   0x0800e7f0   0x00000008   Code   RO         3267    .text._ZN8Vector2DC2Ev  vector2d.o
    0x0800e7f8   0x0800e7f8   0x00000006   Code   RO         3382    .text._ZN8position11get_headingEv  position.o
    0x0800e7fe   0x0800e7fe   0x00000002   PAD
    0x0800e800   0x0800e800   0x00000014   Code   RO         3384    .text._ZN8position11get_yaw_radEv  position.o
    0x0800e814   0x0800e814   0x00000004   PAD
    0x0800e818   0x0800e818   0x0000008e   Code   RO         3390    .text._ZN8position12imu_relocateEfff  position.o
    0x0800e8a6   0x0800e8a6   0x00000002   PAD
    0x0800e8a8   0x0800e8a8   0x0000000a   Code   RO         3380    .text._ZN8position13get_world_posEv  position.o
    0x0800e8b2   0x0800e8b2   0x00000006   PAD
    0x0800e8b8   0x0800e8b8   0x00000006   Code   RO         3386    .text._ZN8position15get_world_pos_xEv  position.o
    0x0800e8be   0x0800e8be   0x00000002   PAD
    0x0800e8c0   0x0800e8c0   0x00000006   Code   RO         3388    .text._ZN8position15get_world_pos_yEv  position.o
    0x0800e8c6   0x0800e8c6   0x00000002   PAD
    0x0800e8c8   0x0800e8c8   0x000000a4   Code   RO         3376    .text._ZN8position20DataReceivedCallbackEPKhPKfht  position.o
    0x0800e96c   0x0800e96c   0x00000004   PAD
    0x0800e970   0x0800e970   0x0000001c   Code   RO         3392    .text._ZN8position7imu_rstEv  position.o
    0x0800e98c   0x0800e98c   0x00000004   PAD
    0x0800e990   0x0800e990   0x000000f0   Code   RO         2964    .text._ZN9CanDevice12registerSelfEv  fdcan_device.o
    0x0800ea80   0x0800ea80   0x00000148   Code   RO         2968    .text._ZN9CanDevice20InitAllFiltersNoMaskEv  fdcan_device.o
    0x0800ebc8   0x0800ebc8   0x0000002e   Code   RO         2958    .text._ZN9CanDevice8CAN_SendEjhPhP19FDCAN_HandleTypeDef  fdcan_device.o
    0x0800ebf6   0x0800ebf6   0x00000002   PAD
    0x0800ebf8   0x0800ebf8   0x0000001e   Code   RO         2966    .text._ZN9CanDeviceC2EP19FDCAN_HandleTypeDef12CanFrameTypej  fdcan_device.o
    0x0800ec16   0x0800ec16   0x00000002   PAD
    0x0800ec18   0x0800ec18   0x00000024   Code   RO         3129    .text._ZN9dji_motor16vangle_to_rangleEj  motor.o
    0x0800ec3c   0x0800ec3c   0x00000004   PAD
    0x0800ec40   0x0800ec40   0x00000022   Code   RO         3127    .text._ZN9dji_motor20rcurrent_to_vcurrentEf  motor.o
    0x0800ec62   0x0800ec62   0x00000006   PAD
    0x0800ec68   0x0800ec68   0x00000022   Code   RO         3125    .text._ZN9dji_motor20vcurrent_to_rcurrentEs  motor.o
    0x0800ec8a   0x0800ec8a   0x00000006   PAD
    0x0800ec90   0x0800ec90   0x00000148   Code   RO         3131    .text._ZN9dji_motorC2Efst12DjiMotorTypejP19FDCAN_HandleTypeDef  motor.o
    0x0800edd8   0x0800edd8   0x00000006   Code   RO         2876    .text._ZThn12_N11RC9Protocol12process_dataEv  rc9protocol.o
    0x0800edde   0x0800edde   0x00000002   PAD
    0x0800ede0   0x0800ede0   0x0000000a   Code   RO         2905    .text._ZThn12_N11RC9ProtocolD0Ev  rc9protocol.o
    0x0800edea   0x0800edea   0x00000006   PAD
    0x0800edf0   0x0800edf0   0x00000002   Code   RO         2903    .text._ZThn12_N11RC9ProtocolD1Ev  rc9protocol.o
    0x0800edf2   0x0800edf2   0x00000006   PAD
    0x0800edf8   0x0800edf8   0x00000006   Code   RO         3349    .text._ZThn16_N4vesc12process_dataEv  vesc.o
    0x0800edfe   0x0800edfe   0x00000002   PAD
    0x0800ee00   0x0800ee00   0x0000000a   Code   RO         3373    .text._ZThn16_N4vescD0Ev  vesc.o
    0x0800ee0a   0x0800ee0a   0x00000006   PAD
    0x0800ee10   0x0800ee10   0x00000002   Code   RO         3371    .text._ZThn16_N4vescD1Ev  vesc.o
    0x0800ee12   0x0800ee12   0x00000006   PAD
    0x0800ee18   0x0800ee18   0x00000006   Code   RO         3072    .text._ZThn16_N6m3508p12relocate_disEf  m3508.o
    0x0800ee1e   0x0800ee1e   0x00000002   PAD
    0x0800ee20   0x0800ee20   0x00000006   Code   RO         3024    .text._ZThn16_N6m3508p12relocate_posEf  m3508.o
    0x0800ee26   0x0800ee26   0x00000002   PAD
    0x0800ee28   0x0800ee28   0x00000084   Code   RO         3030    .text._ZThn16_N6m3508p17set_dis_speedplanEfffff  m3508.o
    0x0800eeac   0x0800eeac   0x00000004   PAD
    0x0800eeb0   0x0800eeb0   0x00000080   Code   RO         3034    .text._ZThn16_N6m3508p17set_pos_speedplanEfffff  m3508.o
    0x0800ef30   0x0800ef30   0x00000008   Code   RO         3038    .text._ZThn16_N6m3508p21dis_speedplan_restartEv  m3508.o
    0x0800ef38   0x0800ef38   0x00000008   Code   RO         3042    .text._ZThn16_N6m3508p21pos_speedplan_restartEv  m3508.o
    0x0800ef40   0x0800ef40   0x0000000c   Code   RO         3058    .text._ZThn16_N6m3508p5set_FEf  m3508.o
    0x0800ef4c   0x0800ef4c   0x00000004   PAD
    0x0800ef50   0x0800ef50   0x00000006   Code   RO         3076    .text._ZThn16_N6m3508p7get_disEv  m3508.o
    0x0800ef56   0x0800ef56   0x00000002   PAD
    0x0800ef58   0x0800ef58   0x00000006   Code   RO         3016    .text._ZThn16_N6m3508p7get_posEv  m3508.o
    0x0800ef5e   0x0800ef5e   0x00000002   PAD
    0x0800ef60   0x0800ef60   0x00000016   Code   RO         3046    .text._ZThn16_N6m3508p7get_rpmEv  m3508.o
    0x0800ef76   0x0800ef76   0x00000002   PAD
    0x0800ef78   0x0800ef78   0x0000000c   Code   RO         3054    .text._ZThn16_N6m3508p7set_disEf  m3508.o
    0x0800ef84   0x0800ef84   0x00000004   PAD
    0x0800ef88   0x0800ef88   0x0000000c   Code   RO         3020    .text._ZThn16_N6m3508p7set_posEf  m3508.o
    0x0800ef94   0x0800ef94   0x00000004   PAD
    0x0800ef98   0x0800ef98   0x0000000c   Code   RO         3050    .text._ZThn16_N6m3508p7set_rpmEf  m3508.o
    0x0800efa4   0x0800efa4   0x00000004   PAD
    0x0800efa8   0x0800efa8   0x00000006   Code   RO         3006    .text._ZThn24_N6m3508p13motor_processEv  m3508.o
    0x0800efae   0x0800efae   0x00000002   PAD
    0x0800efb0   0x0800efb0   0x0000000a   Code   RO         3337    .text._ZThn36_N4vesc11set_currentEf  vesc.o
    0x0800efba   0x0800efba   0x00000006   PAD
    0x0800efc0   0x0800efc0   0x00000006   Code   RO         3357    .text._ZThn36_N4vesc14set_ff_currentEf  vesc.o
    0x0800efc6   0x0800efc6   0x00000002   PAD
    0x0800efc8   0x0800efc8   0x00000006   Code   RO         3325    .text._ZThn36_N4vesc7get_rpmEv  vesc.o
    0x0800efce   0x0800efce   0x00000002   PAD
    0x0800efd0   0x0800efd0   0x0000002a   Code   RO         3329    .text._ZThn36_N4vesc7set_rpmEf  vesc.o
    0x0800effa   0x0800effa   0x00000006   PAD
    0x0800f000   0x0800f000   0x00000022   Code   RO         3333    .text._ZThn36_N4vesc8send_rpmEf  vesc.o
    0x0800f022   0x0800f022   0x00000006   PAD
    0x0800f028   0x0800f028   0x000000a4   Code   RO         3378    .text._ZThn4_N8position20DataReceivedCallbackEPKhPKfht  position.o
    0x0800f0cc   0x0800f0cc   0x00000004   Code   RO         3451    .text._ZdlPv        libcpp_w.l(new.cpp.o)
    0x0800f0d0   0x0800f0d0   0x00000004   Code   RO         3455    .text._ZdlPvj       libcpp_w.l(new.cpp.o)
    0x0800f0d4   0x0800f0d4   0x00000028   Code   RO         3485    .text.__cxa_pure_virtual  libcppabi_w.l(cxa_virtual.cpp.o)
    0x0800f0fc   0x0800f0fc   0x00000004   Code   RO         3628    .text.abort_message  libcppabi_w.l(abort_message.cpp.o)
    0x0800f100   0x0800f100   0x00000042   Code   RO         2949    .text.binarySearch  sort_search.o
    0x0800f142   0x0800f142   0x00000006   PAD
    0x0800f148   0x0800f148   0x0000004e   Code   RO           11    .text.main          main.o
    0x0800f196   0x0800f196   0x00000002   PAD
    0x0800f198   0x0800f198   0x00000020   Code   RO         2522    .text.osDelay       cmsis_os2.o
    0x0800f1b8   0x0800f1b8   0x0000002a   Code   RO         2464    .text.osKernelInitialize  cmsis_os2.o
    0x0800f1e2   0x0800f1e2   0x00000006   PAD
    0x0800f1e8   0x0800f1e8   0x0000003e   Code   RO         2470    .text.osKernelStart  cmsis_os2.o
    0x0800f226   0x0800f226   0x00000002   PAD
    0x0800f228   0x0800f228   0x00000090   Code   RO         2576    .text.osMessageQueueGet  cmsis_os2.o
    0x0800f2b8   0x0800f2b8   0x0000008a   Code   RO         2572    .text.osMessageQueueNew  cmsis_os2.o
    0x0800f342   0x0800f342   0x00000006   PAD
    0x0800f348   0x0800f348   0x000000a8   Code   RO         2574    .text.osMessageQueuePut  cmsis_os2.o
    0x0800f3f0   0x0800f3f0   0x00000098   Code   RO         2486    .text.osThreadNew   cmsis_os2.o
    0x0800f488   0x0800f488   0x0000028a   Code   RO         2297    .text.prvAddNewTaskToReadyList  tasks.o
    0x0800f712   0x0800f712   0x00000006   PAD
    0x0800f718   0x0800f718   0x00000086   Code   RO         2329    .text.prvIdleTask   tasks.o
    0x0800f79e   0x0800f79e   0x00000002   PAD
    0x0800f7a0   0x0800f7a0   0x00000126   Code   RO         2295    .text.prvInitialiseNewTask  tasks.o
    0x0800f8c6   0x0800f8c6   0x00000002   PAD
    0x0800f8c8   0x0800f8c8   0x00000028   Code   RO         2659    .text.prvPortStartFirstTask  port.o
    0x0800f8f0   0x0800f8f0   0x00000040   Code   RO         2649    .text.prvTaskExitError  port.o
    0x0800f930   0x0800f930   0x0000038a   Code   RO         2414    .text.prvTimerTask  timers.o
    0x0800fcba   0x0800fcba   0x00000006   PAD
    0x0800fcc0   0x0800fcc0   0x0000007a   Code   RO         2196    .text.prvUnlockQueue  queue.o
    0x0800fd3a   0x0800fd3a   0x00000006   PAD
    0x0800fd40   0x0800fd40   0x000001f4   Code   RO         2625    .text.pvPortMalloc  heap_4.o
    0x0800ff34   0x0800ff34   0x00000004   PAD
    0x0800ff38   0x0800ff38   0x0000002c   Code   RO         2647    .text.pxPortInitialiseStack  port.o
    0x0800ff64   0x0800ff64   0x00000004   PAD
    0x0800ff68   0x0800ff68   0x00000072   Code   RO         2823    .text.test_demo     test_demo.o
    0x0800ffda   0x0800ffda   0x00000006   PAD
    0x0800ffe0   0x0800ffe0   0x0000002a   Code   RO         2160    .text.uxListRemove  list.o
    0x0801000a   0x0801000a   0x00000006   PAD
    0x08010010   0x08010010   0x0000001a   Code   RO         2608    .text.vApplicationGetIdleTaskMemory  cmsis_os2.o
    0x0801002a   0x0801002a   0x00000006   PAD
    0x08010030   0x08010030   0x0000001c   Code   RO         2610    .text.vApplicationGetTimerTaskMemory  cmsis_os2.o
    0x0801004c   0x0801004c   0x00000004   PAD
    0x08010050   0x08010050   0x00000016   Code   RO         2152    .text.vListInitialise  list.o
    0x08010066   0x08010066   0x00000002   PAD
    0x08010068   0x08010068   0x00000006   Code   RO         2154    .text.vListInitialiseItem  list.o
    0x0801006e   0x0801006e   0x00000002   PAD
    0x08010070   0x08010070   0x00000062   Code   RO         2158    .text.vListInsert   list.o
    0x080100d2   0x080100d2   0x00000006   PAD
    0x080100d8   0x080100d8   0x0000001c   Code   RO         2156    .text.vListInsertEnd  list.o
    0x080100f4   0x080100f4   0x00000004   PAD
    0x080100f8   0x080100f8   0x00000014   Code   RO         2657    .text.vPortEnableVFP  port.o
    0x0801010c   0x0801010c   0x00000004   PAD
    0x08010110   0x08010110   0x0000004a   Code   RO         2663    .text.vPortEnterCritical  port.o
    0x0801015a   0x0801015a   0x00000006   PAD
    0x08010160   0x08010160   0x0000002e   Code   RO         2665    .text.vPortExitCritical  port.o
    0x0801018e   0x0801018e   0x00000002   PAD
    0x08010190   0x08010190   0x000000d4   Code   RO         2627    .text.vPortFree     heap_4.o
    0x08010264   0x08010264   0x00000004   PAD
    0x08010268   0x08010268   0x00000034   Code   RO         2655    .text.vPortSetupTimerInterrupt  port.o
    0x0801029c   0x0801029c   0x00000004   PAD
    0x080102a0   0x080102a0   0x0000005e   Code   RO         2671    .text.vPortValidateInterruptPriority  port.o
    0x080102fe   0x080102fe   0x00000002   PAD
    0x08010300   0x08010300   0x000000b0   Code   RO         2230    .text.vQueueAddToRegistry  queue.o
    0x080103b0   0x080103b0   0x00000064   Code   RO         2234    .text.vQueueWaitForMessageRestricted  queue.o
    0x08010414   0x08010414   0x00000004   PAD
    0x08010418   0x08010418   0x00000080   Code   RO         2309    .text.vTaskDelay    tasks.o
    0x08010498   0x08010498   0x00000012   Code   RO         2359    .text.vTaskInternalSetTimeOutState  tasks.o
    0x080104aa   0x080104aa   0x00000006   PAD
    0x080104b0   0x080104b0   0x0000000e   Code   RO         2363    .text.vTaskMissedYield  tasks.o
    0x080104be   0x080104be   0x00000002   PAD
    0x080104c0   0x080104c0   0x00000074   Code   RO         2347    .text.vTaskPlaceOnEventList  tasks.o
    0x08010534   0x08010534   0x00000004   PAD
    0x08010538   0x08010538   0x0000007a   Code   RO         2351    .text.vTaskPlaceOnEventListRestricted  tasks.o
    0x080105b2   0x080105b2   0x00000006   PAD
    0x080105b8   0x080105b8   0x000000f0   Code   RO         2327    .text.vTaskStartScheduler  tasks.o
    0x080106a8   0x080106a8   0x00000010   Code   RO         2305    .text.vTaskSuspendAll  tasks.o
    0x080106b8   0x080106b8   0x000000bc   Code   RO         2321    .text.vTaskSwitchContext  tasks.o
    0x08010774   0x08010774   0x00000004   PAD
    0x08010778   0x08010778   0x0000018a   Code   RO         2653    .text.xPortStartScheduler  port.o
    0x08010902   0x08010902   0x00000006   PAD
    0x08010908   0x08010908   0x0000002e   Code   RO         2669    .text.xPortSysTickHandler  port.o
    0x08010936   0x08010936   0x00000002   PAD
    0x08010938   0x08010938   0x00000086   Code   RO         2174    .text.xQueueGenericCreate  queue.o
    0x080109be   0x080109be   0x00000002   PAD
    0x080109c0   0x080109c0   0x000000de   Code   RO         2172    .text.xQueueGenericCreateStatic  queue.o
    0x08010a9e   0x08010a9e   0x00000002   PAD
    0x08010aa0   0x08010aa0   0x000002bc   Code   RO         2186    .text.xQueueGenericSend  queue.o
    0x08010d5c   0x08010d5c   0x00000004   PAD
    0x08010d60   0x08010d60   0x0000014a   Code   RO         2198    .text.xQueueGenericSendFromISR  queue.o
    0x08010eaa   0x08010eaa   0x00000006   PAD
    0x08010eb0   0x08010eb0   0x0000023e   Code   RO         2202    .text.xQueueReceive  queue.o
    0x080110ee   0x080110ee   0x00000002   PAD
    0x080110f0   0x080110f0   0x000000d6   Code   RO         2206    .text.xQueueReceiveFromISR  queue.o
    0x080111c6   0x080111c6   0x00000002   PAD
    0x080111c8   0x080111c8   0x00000096   Code   RO         2361    .text.xTaskCheckForTimeOut  tasks.o
    0x0801125e   0x0801125e   0x00000002   PAD
    0x08011260   0x08011260   0x00000060   Code   RO         2299    .text.xTaskCreate   tasks.o
    0x080112c0   0x080112c0   0x0000007a   Code   RO         2293    .text.xTaskCreateStatic  tasks.o
    0x0801133a   0x0801133a   0x00000006   PAD
    0x08011340   0x08011340   0x0000001c   Code   RO         2375    .text.xTaskGetSchedulerState  tasks.o
    0x0801135c   0x0801135c   0x00000004   PAD
    0x08011360   0x08011360   0x0000000c   Code   RO         2335    .text.xTaskGetTickCount  tasks.o
    0x0801136c   0x0801136c   0x00000004   PAD
    0x08011370   0x08011370   0x00000104   Code   RO         2333    .text.xTaskIncrementTick  tasks.o
    0x08011474   0x08011474   0x00000004   PAD
    0x08011478   0x08011478   0x0000008a   Code   RO         2379    .text.xTaskPriorityDisinherit  tasks.o
    0x08011502   0x08011502   0x00000006   PAD
    0x08011508   0x08011508   0x00000074   Code   RO         2353    .text.xTaskRemoveFromEventList  tasks.o
    0x0801157c   0x0801157c   0x00000004   PAD
    0x08011580   0x08011580   0x000000ee   Code   RO         2307    .text.xTaskResumeAll  tasks.o
    0x0801166e   0x0801166e   0x00000002   PAD
    0x08011670   0x08011670   0x000000b4   Code   RO         2412    .text.xTimerCreateTimerTask  timers.o
    0x08011724   0x08011724   0x00000026   Code   RO         3647    i.__ARM_fpclassifyf  m_wv.l(fpclassifyf.o)
    0x0801174a   0x0801174a   0x00000002   PAD
    0x0801174c   0x0801174c   0x00000150   Code   RO         3490    i.__hardfp_cosf     m_wv.l(cosf.o)
    0x0801189c   0x0801189c   0x00000190   Code   RO         3496    i.__hardfp_sinf     m_wv.l(sinf.o)
    0x08011a2c   0x08011a2c   0x00000006   Code   RO         3650    i.__mathlib_flt_infnan  m_wv.l(funder.o)
    0x08011a32   0x08011a32   0x00000002   PAD
    0x08011a34   0x08011a34   0x00000010   Code   RO         3652    i.__mathlib_flt_invalid  m_wv.l(funder.o)
    0x08011a44   0x08011a44   0x00000010   Code   RO         3655    i.__mathlib_flt_underflow  m_wv.l(funder.o)
    0x08011a54   0x08011a54   0x00000154   Code   RO         3663    i.__mathlib_rredf2  m_wv.l(rredf.o)
    0x08011ba8   0x08011ba8   0x0000001a   Code   RO         3719    x$fpl$fpinit        fz_wv.l(fpinit.o)
    0x08011bc2   0x08011bc2   0x00000000   Code   RO         3626    x$fpl$usenofp       fz_wv.l(usenofp.o)
    0x08011bc2   0x08011bc2   0x00000002   PAD
    0x08011bc4   0x08011bc4   0x00000020   Data   RO         3664    .constdata          m_wv.l(rredf.o)
    0x08011be4   0x08011be4   0x0000004c   Data   RO         1903    .rodata..L__const.HAL_FDCAN_Init.CvtEltSize  stm32h7xx_hal_fdcan.o
    0x08011c30   0x08011c30   0x00000006   Data   RO         2048    .rodata..Lswitch.table.UART_SetConfig.7  stm32h7xx_hal_uart.o
    0x08011c36   0x08011c36   0x00000006   Data   RO         2049    .rodata..Lswitch.table.UART_SetConfig.9  stm32h7xx_hal_uart.o
    0x08011c3c   0x08011c3c   0x00000200   Data   RO         2938    .rodata.CRC16Table  crc_util.o
    0x08011e3c   0x08011e3c   0x00000010   Data   RO         2105    .rodata.D1CorePrescTable  system_stm32h7xx.o
    0x08011e4c   0x08011e4c   0x00000018   Data   RO         2047    .rodata.UARTPrescTable  stm32h7xx_hal_uart.o
    0x08011e64   0x08011e64   0x0000002c   Data   RO         2890    .rodata._ZTV11RC9Protocol  rc9protocol.o
    0x08011e90   0x08011e90   0x00000058   Data   RO         3122    .rodata._ZTV11power_motor  m3508.o
    0x08011ee8   0x08011ee8   0x0000000c   Data   RO         2928    .rodata._ZTV12SerialDevice  serial_device.o
    0x08011ef4   0x08011ef4   0x00000014   Data   RO         3137    .rodata._ZTV16dji_motor_handle  motor.o
    0x08011f08   0x08011f08   0x00000020   Data   RO         2830    .rodata._ZTV4demo   test_demo.o
    0x08011f28   0x08011f28   0x000000a4   Data   RO         3359    .rodata._ZTV4vesc   vesc.o
    0x08011fcc   0x08011fcc   0x000000b4   Data   RO         3078    .rodata._ZTV6m3508p  m3508.o
    0x08012080   0x08012080   0x00000050   Data   RO         3394    .rodata._ZTV8position  position.o
    0x080120d0   0x080120d0   0x0000000c   Data   RO         2986    .rodata._ZTV9CanDevice  fdcan_device.o
    0x080120dc   0x080120dc   0x0000000c   Data   RO         3149    .rodata._ZTV9dji_motor  motor.o
    0x080120e8   0x080120e8   0x00000010   Data   RO         1904    .rodata.cst16       stm32h7xx_hal_fdcan.o
    0x080120f8   0x080120f8   0x00000010   Data   RO         2090    .rodata.cst8        stm32h7xx_hal_uart_ex.o
    0x08012108   0x08012108   0x00000005   Data   RO         2452    .rodata.str1.1      timers.o
    0x0801210d   0x0801210d   0x00000003   PAD
    0x08012110   0x08012110   0x00000020   Data   RO         3849    Region$$Table       anon$$obj.o
    0x08012130   0x08012130   0x00000004   Data   RO         2834    .init_array         test_demo.o
    0x08012134   0x08012130   0x00000000   Data   RO         3437    .init_array         c_w.l(init_aeabi.o)


    Execution Region RW_IRAM1 (Exec base: 0x20000000, Load base: 0x08012138, Size: 0x000088b8, Max: 0x00020000, ABSOLUTE, COMPRESSED[0x000000d8])

    Exec Addr    Load Addr    Size         Type   Attr      Idx    E Section Name        Object

    0x20000000   COMPRESSED   0x00000008   Data   RW         1498    .data..L_MergedGlobals  stm32h7xx_hal.o
    0x20000008   COMPRESSED   0x00000008   Data   RW         2106    .data..L_MergedGlobals  system_stm32h7xx.o
    0x20000010   COMPRESSED   0x00000040   Data   RW         2835    .data..L_MergedGlobals  test_demo.o
    0x20000050   COMPRESSED   0x00000020   Data   RW          242    .data.HS_Desc       usbd_desc.o
    0x20000070   COMPRESSED   0x00000038   Data   RW         2812    .data.USBD_CDC      usbd_cdc.o
    0x200000a8   COMPRESSED   0x00000043   Data   RW         2814    .data.USBD_CDC_CfgDesc  usbd_cdc.o
    0x200000eb   COMPRESSED   0x00000001   PAD
    0x200000ec   COMPRESSED   0x0000000a   Data   RW         2813    .data.USBD_CDC_DeviceQualifierDesc  usbd_cdc.o
    0x200000f6   COMPRESSED   0x00000002   PAD
    0x200000f8   COMPRESSED   0x00000012   Data   RW          243    .data.USBD_HS_DeviceDesc  usbd_desc.o
    0x2000010a   COMPRESSED   0x00000002   PAD
    0x2000010c   COMPRESSED   0x00000014   Data   RW          268    .data.USBD_Interface_fops_HS  usbd_cdc_if.o
    0x20000120   COMPRESSED   0x00000004   Data   RW          245    .data.USBD_LangIDDesc  usbd_desc.o
    0x20000124   COMPRESSED   0x0000001a   Data   RW          246    .data.USBD_StringSerial  usbd_desc.o
    0x2000013e   COMPRESSED   0x00000002   PAD
    0x20000140   COMPRESSED   0x00000438   Data   RW         2859    .data._ZN11TaskManager5tasksE  taskmanager.o
    0x20000578   COMPRESSED   0x00000004   Data   RW         2673    .data.uxCriticalNesting  port.o
    0x2000057c   COMPRESSED   0x00000004   PAD
    0x20000580        -       0x00000060   Zero   RW         3741    .bss                c_w.l(libspace.o)
    0x200005e0        -       0x00000078   Zero   RW         2402    .bss..L_MergedGlobals  tasks.o
    0x20000658        -       0x0000003c   Zero   RW         2453    .bss..L_MergedGlobals  timers.o
    0x20000694        -       0x00000020   Zero   RW         2638    .bss..L_MergedGlobals  heap_4.o
    0x200006b4        -       0x00000008   Zero   RW         2674    .bss..L_MergedGlobals  port.o
    0x200006bc        -       0x00000030   Zero   RW         2920    .bss..L_MergedGlobals  serial_device.o
    0x200006ec        -       0x00000006   Zero   RW         2978    .bss..L_MergedGlobals  fdcan_device.o
    0x200006f2   COMPRESSED   0x00000002   PAD
    0x200006f4        -       0x00000068   Zero   RW         3138    .bss..L_MergedGlobals  motor.o
    0x2000075c        -       0x00000060   Zero   RW         3139    .bss..L_MergedGlobals.1  motor.o
    0x200007bc        -       0x00000028   Zero   RW         2403    .bss..L_MergedGlobals.2  tasks.o
    0x200007e4        -       0x0000002c   Zero   RW         2836    .bss..L_MergedGlobals.8  test_demo.o
    0x20000810        -       0x00000004   Zero   RW           72    .bss.HAL_RCC_FDCAN_CLK_ENABLED  fdcan.o
    0x20000814        -       0x00000004   Zero   RW         2612    .bss.KernelState    cmsis_os2.o
    0x20000818        -       0x00000001   Zero   RW         2751    .bss.USBD_SetConfig.cfgidx  usbd_ctlreq.o
    0x20000819   COMPRESSED   0x00000003   PAD
    0x2000081c        -       0x00000200   Zero   RW          247    .bss.USBD_StrDesc   usbd_desc.o
    0x20000a1c        -       0x00000220   Zero   RW          342    .bss.USBD_static_malloc.mem  usbd_conf.o
    0x20000c3c        -       0x00000800   Zero   RW          269    .bss.UserRxBufferHS  usbd_cdc_if.o
    0x2000143c        -       0x00000800   Zero   RW          270    .bss.UserTxBufferHS  usbd_cdc_if.o
    0x20001c3c        -       0x00000180   Zero   RW         2977    .bss._ZN9CanDevice8ext_ids_E  fdcan_device.o
    0x20001dbc        -       0x00000180   Zero   RW         2975    .bss._ZN9CanDevice8std_ids_E  fdcan_device.o
    0x20001f3c        -       0x00000180   Zero   RW         2976    .bss._ZN9CanDevice9ext_devs_E  fdcan_device.o
    0x200020bc        -       0x00000180   Zero   RW         2974    .bss._ZN9CanDevice9std_devs_E  fdcan_device.o
    0x2000223c        -       0x000002dc   Zero   RW          219    .bss.hUsbDeviceHS   usb_device.o
    0x20002518        -       0x00000078   Zero   RW          113    .bss.hdma_uart4_tx  usart.o
    0x20002590        -       0x00000078   Zero   RW          114    .bss.hdma_uart5_tx  usart.o
    0x20002608        -       0x00000078   Zero   RW          115    .bss.hdma_uart8_tx  usart.o
    0x20002680        -       0x00000078   Zero   RW          116    .bss.hdma_uart9_tx  usart.o
    0x200026f8        -       0x00000078   Zero   RW          121    .bss.hdma_usart10_tx  usart.o
    0x20002770        -       0x00000078   Zero   RW          117    .bss.hdma_usart1_tx  usart.o
    0x200027e8        -       0x00000078   Zero   RW          118    .bss.hdma_usart2_tx  usart.o
    0x20002860        -       0x00000078   Zero   RW          119    .bss.hdma_usart3_tx  usart.o
    0x200028d8        -       0x00000078   Zero   RW          120    .bss.hdma_usart6_tx  usart.o
    0x20002950        -       0x000000a0   Zero   RW           69    .bss.hfdcan1        fdcan.o
    0x200029f0        -       0x000000a0   Zero   RW           70    .bss.hfdcan2        fdcan.o
    0x20002a90        -       0x000000a0   Zero   RW           71    .bss.hfdcan3        fdcan.o
    0x20002b30        -       0x000004e4   Zero   RW          341    .bss.hpcd_USB_OTG_HS  usbd_conf.o
    0x20003014        -       0x0000004c   Zero   RW          208    .bss.htim8          stm32h7xx_hal_timebase_tim.o
    0x20003060        -       0x00000094   Zero   RW          108    .bss.huart1         usart.o
    0x200030f4        -       0x00000094   Zero   RW          112    .bss.huart10        usart.o
    0x20003188        -       0x00000094   Zero   RW          109    .bss.huart2         usart.o
    0x2000321c        -       0x00000094   Zero   RW          110    .bss.huart3         usart.o
    0x200032b0        -       0x00000094   Zero   RW          104    .bss.huart4         usart.o
    0x20003344        -       0x00000094   Zero   RW          105    .bss.huart5         usart.o
    0x200033d8        -       0x00000094   Zero   RW          111    .bss.huart6         usart.o
    0x2000346c        -       0x00000094   Zero   RW          106    .bss.huart8         usart.o
    0x20003500        -       0x00000094   Zero   RW          107    .bss.huart9         usart.o
    0x20003594        -       0x00000218   Zero   RW         2832    .bss.m3508_test     test_demo.o
    0x200037ac        -       0x000000a0   Zero   RW         2451    .bss.prvCheckForValidListAndQueue.ucStaticTimerQueueStorage  timers.o
    0x2000384c        -       0x00000050   Zero   RW         2450    .bss.prvCheckForValidListAndQueue.xStaticTimerQueue  timers.o
    0x2000389c        -       0x00000460   Zero   RW         2401    .bss.pxReadyTasksLists  tasks.o
    0x20003cfc        -       0x0000015c   Zero   RW         2833    .bss.u8_test        test_demo.o
    0x20003e58        -       0x00003c00   Zero   RW         2637    .bss.ucHeap         heap_4.o
    0x20007a58        -       0x00000160   Zero   RW         2829    .bss.usb_port       test_demo.o
    0x20007bb8        -       0x00000004   Zero   RW         1497    .bss.uwTick         stm32h7xx_hal.o
    0x20007bbc        -       0x00000200   Zero   RW         2614    .bss.vApplicationGetIdleTaskMemory.Idle_Stack  cmsis_os2.o
    0x20007dbc        -       0x0000005c   Zero   RW         2613    .bss.vApplicationGetIdleTaskMemory.Idle_TCB  cmsis_os2.o
    0x20007e18        -       0x00000400   Zero   RW         2616    .bss.vApplicationGetTimerTaskMemory.Timer_Stack  cmsis_os2.o
    0x20008218        -       0x0000005c   Zero   RW         2615    .bss.vApplicationGetTimerTaskMemory.Timer_TCB  cmsis_os2.o
    0x20008274        -       0x00000040   Zero   RW         2236    .bss.xQueueRegistry  queue.o
    0x200082b4   COMPRESSED   0x00000004   PAD
    0x200082b8        -       0x00000200   Zero   RW            2    HEAP                startup_stm32h723xx.o
    0x200084b8        -       0x00000400   Zero   RW            1    STACK               startup_stm32h723xx.o



  Load Region LR_SRAM1 (Base: 0x24000000, Size: 0x00000048, Max: 0x00080000, ABSOLUTE)

    Execution Region ER_DMA_BUFFER (Exec base: 0x24000000, Load base: 0x24000000, Size: 0x00000048, Max: 0x00010000, ABSOLUTE)

    Exec Addr    Load Addr    Size         Type   Attr      Idx    E Section Name        Object

    0x24000000   0x24000000   0x00000048   Data   RW         2891    dma_buffer_section  rc9protocol.o


==============================================================================

Image component sizes


      Code (inc. data)   RO Data    RW Data    ZI Data      Debug   Object Name

       822          0          0          0       1724      44869   cmsis_os2.o
       222          0        512          0          0       3358   crc_util.o
       198          0          0          0          0       5435   dma.o
       824          0          0          0        484      12077   fdcan.o
       800          0         12          0       1542      19898   fdcan_device.o
       340          8          0          0          0       4755   filters.o
       158          0          0          0          0       2369   gpio.o
       712          0          0          0      15392       5717   heap_4.o
       196          0          0          0          0       2311   list.o
      2294         64        268          0          0      36654   m3508.o
       320          0          0          0          0       6767   main.o
      1124          4         32          0        200      19962   motor.o
       510          8          0          0          0       3329   pid.o
      1010         16          0          4          8       4307   port.o
       546         12         80          0          0      22180   position.o
      2572          0          0          0         64      28935   queue.o
      1164         10         44         72          0      27491   rc9protocol.o
       268          0         12          0         48      20302   serial_device.o
        66          0          0          0          0       1046   sort_search.o
        72         30        716          0       1536        840   startup_stm32h723xx.o
       178          0          0          8          4      15920   stm32h7xx_hal.o
       156          0          0          0          0      12398   stm32h7xx_hal_cortex.o
      7724         12          0          0          0      17920   stm32h7xx_hal_dma.o
      2910          0         92          0          0      61466   stm32h7xx_hal_fdcan.o
       428          0          0          0          0       6996   stm32h7xx_hal_gpio.o
        42          0          0          0          0       5425   stm32h7xx_hal_msp.o
      3790          0          0          0          0      17433   stm32h7xx_hal_pcd.o
       266          0          0          0          0       6362   stm32h7xx_hal_pcd_ex.o
        94          0          0          0          0       9623   stm32h7xx_hal_pwr_ex.o
      2668         16          0          0          0      11445   stm32h7xx_hal_rcc.o
      4130        138          0          0          0      19998   stm32h7xx_hal_rcc_ex.o
      1066          0          0          0          0      65797   stm32h7xx_hal_tim.o
         6          0          0          0          0      26262   stm32h7xx_hal_tim_ex.o
       160          0          0          0         76       9628   stm32h7xx_hal_timebase_tim.o
      8926        332         36          0          0      43574   stm32h7xx_hal_uart.o
       348          0         16          0          0      11545   stm32h7xx_hal_uart_ex.o
       276          0          0          0          0      13588   stm32h7xx_it.o
      4988          0          0          0          0      40124   stm32h7xx_ll_usb.o
       318          4          0          0          0      23240   superpid.o
       254          0         16          8          0       5666   system_stm32h7xx.o
       418          0          0       1080          0       5909   taskmanager.o
      3080          8          0          0       1280      42990   tasks.o
       364         20         36         64       1280      20328   test_demo.o
      1086         20          5          0        300      16463   timers.o
       512          8          0          0          0      23328   trapezoidalplanner.o
      3022          0          0          0       2412      15764   usart.o
       108          0          0          0        732       3266   usb_device.o
      1232         12          0        133          0      11752   usbd_cdc.o
       146          0          0         20       4096       4961   usbd_cdc_if.o
       754          0          0          0       1796      22272   usbd_conf.o
       998          0          0          0          0      11194   usbd_core.o
      1608         36          0          0          1      10093   usbd_ctlreq.o
       562         72          0         80        512       4360   usbd_desc.o
       132          0          0          0          0       4733   usbd_ioreq.o
        14          0          0          0          0      22948   vector2d.o
       814          8        164          0          0      27997   vesc.o

    ----------------------------------------------------------------------
     69336        906       2076       1476      33500     945370   Object Totals
         0          0         32          0          0          0   (incl. Generated)
      1540         68          3          7         13          0   (incl. Padding)

    ----------------------------------------------------------------------

      Code (inc. data)   RO Data    RW Data    ZI Data      Debug   Library Member Name

        90          0          0          0          0          0   __dczerorl2.o
         8          0          0          0          0         68   __main.o
         0          0          0          0          0          0   __rtentry.o
        12          0          0          0          0          0   __rtentry2.o
         6          0          0          0          0          0   __rtentry4.o
        94          8          0          0          0          0   __scatter.o
        28          0          0          0          0          0   __scatter_zi.o
        22          0          0          0          0        100   _rserrno.o
        22          0          0          0          0         80   abort.o
        16          0          0          0          0         68   aeabi_memset4.o
        48         34          0          0          0         76   defsig_abrt_inner.o
        14          0          0          0          0         80   defsig_abrt_outer.o
        10          0          0          0          0         68   defsig_exit.o
        50          0          0          0          0         88   defsig_general.o
        18          0          0          0          0         80   exit.o
        78          0          0          0          0         80   h1_free.o
         6          0          0          0          0        152   heapauxi.o
         0          0          0          0          0          0   indicate_semi.o
        44          8          0          0          0         80   init_aeabi.o
         2          0          0          0          0          0   libinit.o
        10          0          0          0          0          0   libinit2.o
         2          0          0          0          0          0   libshutdown.o
         2          0          0          0          0          0   libshutdown2.o
         8          4          0          0         96         68   libspace.o
       240          0          0          0          0        100   lludivv7m.o
         8          4          0          0          0         68   rt_errno_addr_intlibspace.o
         8          4          0          0          0         68   rt_heap_descriptor_intlibspace.o
        68          0          0          0          0         68   rt_memclr.o
        78          0          0          0          0         80   rt_memclr_w.o
       138          0          0          0          0         68   rt_memcpy_v6.o
       100          0          0          0          0         80   rt_memcpy_w.o
         2          0          0          0          0          0   rtexit.o
        10          0          0          0          0          0   rtexit2.o
        12          4          0          0          0         68   sys_exit.o
        74          0          0          0          0         80   sys_stackheap_outer.o
        14          0          0          0          0         76   sys_wrch.o
         2          0          0          0          0         68   use_no_semi.o
        26          0          0          0          0        116   fpinit.o
         0          0          0          0          0          0   usenofp.o
         8          0          0          0          0        364   new.cpp.o
         4          0          0          0          0         36   abort_message.cpp.o
        40         32          0          0          0         52   cxa_virtual.cpp.o
       336         56          0          0          0        136   cosf.o
        38          0          0          0          0        116   fpclassifyf.o
        38         12          0          0          0        348   funder.o
       340         24         32          0          0        160   rredf.o
       400         56          0          0          0        212   sinf.o

    ----------------------------------------------------------------------
      2592        246         32          0         96       3452   Library Totals
        18          0          0          0          0          0   (incl. Padding)

    ----------------------------------------------------------------------

      Code (inc. data)   RO Data    RW Data    ZI Data      Debug   Library Name

      1344         66          0          0         96       1912   c_w.l
        26          0          0          0          0        116   fz_wv.l
         8          0          0          0          0        364   libcpp_w.l
        44         32          0          0          0         88   libcppabi_w.l
      1152        148         32          0          0        972   m_wv.l

    ----------------------------------------------------------------------
      2592        246         32          0         96       3452   Library Totals

    ----------------------------------------------------------------------

==============================================================================


      Code (inc. data)   RO Data    RW Data    ZI Data      Debug   

     71928       1152       2108       1476      33596     946110   Grand Totals
     71928       1152       2108        288      33596     946110   ELF Image Totals (compressed)
     71928       1152       2108        288          0          0   ROM Totals

==============================================================================

    Total RO  Size (Code + RO Data)                74036 (  72.30kB)
    Total RW  Size (RW Data + ZI Data)             35072 (  34.25kB)
    Total ROM Size (Code + RO Data + RW Data)      74324 (  72.58kB)

==============================================================================

