<html>
<body>
<pre>
<h1>µVision Build Log</h1>
<h2>Tool Versions:</h2>
IDE-Version: ¦ÌVision V5.40.0.0
Copyright (C) 2024 ARM Ltd and ARM Germany GmbH. All rights reserved.
License Information: lee hm
null
User-based license: Keil MDK Community (non-commercial free of charge)
Valid until: Jun 1 2033. Cached until: Mar 27 2025
 
Tool Versions:
Toolchain:       Keil MDK Community (non-commercial free of charge  Version: 5.40.0.3
Toolchain Path:  D:\Keil5\ARM\ARMCLANG\Bin
C Compiler:      ArmClang.exe V6.22
Assembler:       Armasm.exe V6.22
Linker/Locator:  ArmLink.exe V6.22
Library Manager: ArmAr.exe V6.22
Hex Converter:   FromElf.exe V6.22
CPU DLL:         SARMCM3.DLL V5.40.0.3
Dialog DLL:      DCM.DLL V1.17.5.0
Target DLL:      CMSIS_AGDI.dll V1.33.18.0
Dialog DLL:      TCM.DLL V1.56.4.0
 
<h2>Project:</h2>
C:\Users\32806\Desktop\RC9CPP-shootercar\MDK-ARM\m3508_test.uvprojx
Project File Date:  03/22/2025

<h2>Output:</h2>
*** Using Compiler 'V6.22', folder: 'D:\Keil5\ARM\ARMCLANG\Bin'
Rebuild target 'm3508_test'
assembling startup_stm32f407xx.s...
compiling usart.c...
compiling stm32f4xx_hal_timebase_tim.c...
compiling freertos.c...
compiling dma.c...
compiling stm32f4xx_hal_msp.c...
compiling gpio.c...
compiling stm32f4xx_it.c...
compiling can.c...
compiling stm32f4xx_hal_rcc_ex.c...
compiling stm32f4xx_hal_rcc.c...
compiling main.c...
compiling tim.c...
compiling stm32f4xx_hal_can.c...
compiling stm32f4xx_hal_flash.c...
compiling stm32f4xx_hal_tim_ex.c...
compiling stm32f4xx_hal_flash_ex.c...
compiling stm32f4xx_hal_tim.c...
compiling stm32f4xx_hal_flash_ramfunc.c...
compiling stm32f4xx_hal_gpio.c...
compiling stm32f4xx_hal_pwr_ex.c...
compiling stm32f4xx_hal_pwr.c...
compiling stm32f4xx_hal_dma_ex.c...
compiling stm32f4xx_hal.c...
compiling stm32f4xx_hal_cortex.c...
compiling stm32f4xx_hal_dma.c...
compiling stm32f4xx_hal_exti.c...
compiling croutine.c...
compiling list.c...
compiling system_stm32f4xx.c...
compiling event_groups.c...
compiling stream_buffer.c...
compiling queue.c...
compiling heap_4.c...
compiling timers.c...
compiling PID.cpp...
compiling port.c...
compiling stm32f4xx_hal_uart.c...
compiling Serial_device.cpp...
compiling tasks.c...
compiling TaskManager.cpp...
compiling RC9Protocol.cpp...
compiling can_device.cpp...
compiling cmsis_os2.c...
compiling xbox.cpp...
compiling crc_util.c...
compiling motor.cpp...
compiling Acton.cpp...
compiling EncodingStateMachine.cpp...
compiling Vector2D.cpp...
compiling m6020.cpp...
compiling M3508.cpp...
compiling LADRC.cpp...
compiling SuperPID.cpp...
compiling TrapezoidalPlanner.cpp...
compiling netswitch.cpp...
compiling rcncore.cpp...
compiling tb6612.cpp...
compiling imu.cpp...
compiling pure_pursuit.cpp...
compiling servo.cpp...
compiling vesc.cpp...
compiling odometry.cpp...
compiling fdi.cpp...
compiling filters.cpp...
compiling HWT101CT.cpp...
compiling position.cpp...
compiling debug_xbox.cpp...
compiling encoder.cpp...
compiling robot_chassis.cpp...
compiling rc_test_xbox.cpp...
compiling laser_processor.cpp...
compiling ball_shooter.cpp...
compiling chassis_test.cpp...
linking...
Program Size: Code=43074 RO-data=3702 RW-data=40 ZI-data=28352  
FromELF: creating hex file...
"m3508_test\m3508_test.axf" - 0 Error(s), 0 Warning(s).

<h2>Software Packages used:</h2>

Package Vendor: ARM
                https://www.keil.com/pack/ARM.CMSIS.6.1.0.pack
                ARM::CMSIS@6.1.0
                CMSIS (Common Microcontroller Software Interface Standard)
   * Component: CORE Version: 6.1.0

Package Vendor: Keil
                https://www.keil.com/pack/Keil.STM32F4xx_DFP.2.17.1.pack
                Keil::STM32F4xx_DFP@2.17.1
                STMicroelectronics STM32F4 Series Device Support, Drivers and Examples

<h2>Collection of Component include folders:</h2>
  ./RTE/_m3508_test
  D:/Keil5/ARM/PACK/ARM/CMSIS/6.1.0/CMSIS/Core/Include
  D:/Keil5/ARM/PACK/Keil/STM32F4xx_DFP/2.17.1/Drivers/CMSIS/Device/ST/STM32F4xx/Include

<h2>Collection of Component Files used:</h2>

   * Component: ARM::CMSIS:CORE@6.1.0
      Include file:  CMSIS/Core/Include/tz_context.h
Build Time Elapsed:  00:00:05
</pre>
</body>
</html>
