<!doctype html public "-//w3c//dtd html 4.0 transitional//en">
<html><head>
<title>Static Call Graph - [m3508_test\m3508_test.axf]</title></head>
<body><HR>
<H1>Static Call Graph for image m3508_test\m3508_test.axf</H1><HR>
<BR><P>#&#060CALLGRAPH&#062# ARM Linker, 6210000: Last Updated: Mon Mar 24 21:49:59 2025
<BR><P>
<H3>Maximum Stack Usage =        288 bytes + Unknown(Functions without stacksize, Cycles, Untraceable Function Pointers)</H3><H3>
Call chain for Maximum Stack Depth:</H3>
__rt_entry_main &rArr; main &rArr; yunball_test_setup &rArr; TaskManager::registerTask(int, ITaskProcessor*) &rArr; osThreadNew &rArr; xTaskCreate &rArr; vPortFree &rArr; xTaskResumeAll &rArr; xTaskIncrementTick
<P>
<H3>
Functions with no stack information
</H3><UL>
 <LI><a href="#[10f]">__user_initial_stackheap</a>
</UL>
</UL>
<P>
<H3>
Mutually Recursive functions
</H3> <LI><a href="#[1c]">ADC_IRQHandler</a>&nbsp;&nbsp;&nbsp;&rArr;&nbsp;&nbsp;&nbsp;<a href="#[1c]">ADC_IRQHandler</a><BR>
 <LI><a href="#[4]">BusFault_Handler</a>&nbsp;&nbsp;&nbsp;&rArr;&nbsp;&nbsp;&nbsp;<a href="#[4]">BusFault_Handler</a><BR>
 <LI><a href="#[2]">HardFault_Handler</a>&nbsp;&nbsp;&nbsp;&rArr;&nbsp;&nbsp;&nbsp;<a href="#[2]">HardFault_Handler</a><BR>
 <LI><a href="#[3]">MemManage_Handler</a>&nbsp;&nbsp;&nbsp;&rArr;&nbsp;&nbsp;&nbsp;<a href="#[3]">MemManage_Handler</a><BR>
 <LI><a href="#[1]">NMI_Handler</a>&nbsp;&nbsp;&nbsp;&rArr;&nbsp;&nbsp;&nbsp;<a href="#[1]">NMI_Handler</a><BR>
 <LI><a href="#[5]">UsageFault_Handler</a>&nbsp;&nbsp;&nbsp;&rArr;&nbsp;&nbsp;&nbsp;<a href="#[5]">UsageFault_Handler</a><BR>
</UL>
<P>
<H3>
Function Pointers
</H3><UL>
 <LI><a href="#[1c]">ADC_IRQHandler</a> from startup_stm32f407xx.o(.text) referenced from startup_stm32f407xx.o(RESET)
 <LI><a href="#[4]">BusFault_Handler</a> from stm32f4xx_it.o(.text.BusFault_Handler) referenced from startup_stm32f407xx.o(RESET)
 <LI><a href="#[1e]">CAN1_RX0_IRQHandler</a> from stm32f4xx_it.o(.text.CAN1_RX0_IRQHandler) referenced from startup_stm32f407xx.o(RESET)
 <LI><a href="#[1f]">CAN1_RX1_IRQHandler</a> from startup_stm32f407xx.o(.text) referenced from startup_stm32f407xx.o(RESET)
 <LI><a href="#[20]">CAN1_SCE_IRQHandler</a> from startup_stm32f407xx.o(.text) referenced from startup_stm32f407xx.o(RESET)
 <LI><a href="#[1d]">CAN1_TX_IRQHandler</a> from startup_stm32f407xx.o(.text) referenced from startup_stm32f407xx.o(RESET)
 <LI><a href="#[4a]">CAN2_RX0_IRQHandler</a> from stm32f4xx_it.o(.text.CAN2_RX0_IRQHandler) referenced from startup_stm32f407xx.o(RESET)
 <LI><a href="#[4b]">CAN2_RX1_IRQHandler</a> from startup_stm32f407xx.o(.text) referenced from startup_stm32f407xx.o(RESET)
 <LI><a href="#[4c]">CAN2_SCE_IRQHandler</a> from startup_stm32f407xx.o(.text) referenced from startup_stm32f407xx.o(RESET)
 <LI><a href="#[49]">CAN2_TX_IRQHandler</a> from startup_stm32f407xx.o(.text) referenced from startup_stm32f407xx.o(RESET)
 <LI><a href="#[58]">DCMI_IRQHandler</a> from startup_stm32f407xx.o(.text) referenced from startup_stm32f407xx.o(RESET)
 <LI><a href="#[15]">DMA1_Stream0_IRQHandler</a> from startup_stm32f407xx.o(.text) referenced from startup_stm32f407xx.o(RESET)
 <LI><a href="#[16]">DMA1_Stream1_IRQHandler</a> from startup_stm32f407xx.o(.text) referenced from startup_stm32f407xx.o(RESET)
 <LI><a href="#[17]">DMA1_Stream2_IRQHandler</a> from startup_stm32f407xx.o(.text) referenced from startup_stm32f407xx.o(RESET)
 <LI><a href="#[18]">DMA1_Stream3_IRQHandler</a> from stm32f4xx_it.o(.text.DMA1_Stream3_IRQHandler) referenced from startup_stm32f407xx.o(RESET)
 <LI><a href="#[19]">DMA1_Stream4_IRQHandler</a> from stm32f4xx_it.o(.text.DMA1_Stream4_IRQHandler) referenced from startup_stm32f407xx.o(RESET)
 <LI><a href="#[1a]">DMA1_Stream5_IRQHandler</a> from startup_stm32f407xx.o(.text) referenced from startup_stm32f407xx.o(RESET)
 <LI><a href="#[1b]">DMA1_Stream6_IRQHandler</a> from stm32f4xx_it.o(.text.DMA1_Stream6_IRQHandler) referenced from startup_stm32f407xx.o(RESET)
 <LI><a href="#[39]">DMA1_Stream7_IRQHandler</a> from stm32f4xx_it.o(.text.DMA1_Stream7_IRQHandler) referenced from startup_stm32f407xx.o(RESET)
 <LI><a href="#[42]">DMA2_Stream0_IRQHandler</a> from startup_stm32f407xx.o(.text) referenced from startup_stm32f407xx.o(RESET)
 <LI><a href="#[43]">DMA2_Stream1_IRQHandler</a> from startup_stm32f407xx.o(.text) referenced from startup_stm32f407xx.o(RESET)
 <LI><a href="#[44]">DMA2_Stream2_IRQHandler</a> from startup_stm32f407xx.o(.text) referenced from startup_stm32f407xx.o(RESET)
 <LI><a href="#[45]">DMA2_Stream3_IRQHandler</a> from startup_stm32f407xx.o(.text) referenced from startup_stm32f407xx.o(RESET)
 <LI><a href="#[46]">DMA2_Stream4_IRQHandler</a> from startup_stm32f407xx.o(.text) referenced from startup_stm32f407xx.o(RESET)
 <LI><a href="#[4e]">DMA2_Stream5_IRQHandler</a> from startup_stm32f407xx.o(.text) referenced from startup_stm32f407xx.o(RESET)
 <LI><a href="#[4f]">DMA2_Stream6_IRQHandler</a> from stm32f4xx_it.o(.text.DMA2_Stream6_IRQHandler) referenced from startup_stm32f407xx.o(RESET)
 <LI><a href="#[50]">DMA2_Stream7_IRQHandler</a> from stm32f4xx_it.o(.text.DMA2_Stream7_IRQHandler) referenced from startup_stm32f407xx.o(RESET)
 <LI><a href="#[7]">DebugMon_Handler</a> from stm32f4xx_it.o(.text.DebugMon_Handler) referenced from startup_stm32f407xx.o(RESET)
 <LI><a href="#[47]">ETH_IRQHandler</a> from startup_stm32f407xx.o(.text) referenced from startup_stm32f407xx.o(RESET)
 <LI><a href="#[48]">ETH_WKUP_IRQHandler</a> from startup_stm32f407xx.o(.text) referenced from startup_stm32f407xx.o(RESET)
 <LI><a href="#[10]">EXTI0_IRQHandler</a> from startup_stm32f407xx.o(.text) referenced from startup_stm32f407xx.o(RESET)
 <LI><a href="#[32]">EXTI15_10_IRQHandler</a> from startup_stm32f407xx.o(.text) referenced from startup_stm32f407xx.o(RESET)
 <LI><a href="#[11]">EXTI1_IRQHandler</a> from startup_stm32f407xx.o(.text) referenced from startup_stm32f407xx.o(RESET)
 <LI><a href="#[12]">EXTI2_IRQHandler</a> from startup_stm32f407xx.o(.text) referenced from startup_stm32f407xx.o(RESET)
 <LI><a href="#[13]">EXTI3_IRQHandler</a> from startup_stm32f407xx.o(.text) referenced from startup_stm32f407xx.o(RESET)
 <LI><a href="#[14]">EXTI4_IRQHandler</a> from startup_stm32f407xx.o(.text) referenced from startup_stm32f407xx.o(RESET)
 <LI><a href="#[21]">EXTI9_5_IRQHandler</a> from startup_stm32f407xx.o(.text) referenced from startup_stm32f407xx.o(RESET)
 <LI><a href="#[e]">FLASH_IRQHandler</a> from startup_stm32f407xx.o(.text) referenced from startup_stm32f407xx.o(RESET)
 <LI><a href="#[3a]">FMC_IRQHandler</a> from startup_stm32f407xx.o(.text) referenced from startup_stm32f407xx.o(RESET)
 <LI><a href="#[5a]">FPU_IRQHandler</a> from startup_stm32f407xx.o(.text) referenced from startup_stm32f407xx.o(RESET)
 <LI><a href="#[59]">HASH_RNG_IRQHandler</a> from startup_stm32f407xx.o(.text) referenced from startup_stm32f407xx.o(RESET)
 <LI><a href="#[2]">HardFault_Handler</a> from stm32f4xx_it.o(.text.HardFault_Handler) referenced from startup_stm32f407xx.o(RESET)
 <LI><a href="#[2a]">I2C1_ER_IRQHandler</a> from startup_stm32f407xx.o(.text) referenced from startup_stm32f407xx.o(RESET)
 <LI><a href="#[29]">I2C1_EV_IRQHandler</a> from startup_stm32f407xx.o(.text) referenced from startup_stm32f407xx.o(RESET)
 <LI><a href="#[2c]">I2C2_ER_IRQHandler</a> from startup_stm32f407xx.o(.text) referenced from startup_stm32f407xx.o(RESET)
 <LI><a href="#[2b]">I2C2_EV_IRQHandler</a> from startup_stm32f407xx.o(.text) referenced from startup_stm32f407xx.o(RESET)
 <LI><a href="#[53]">I2C3_ER_IRQHandler</a> from startup_stm32f407xx.o(.text) referenced from startup_stm32f407xx.o(RESET)
 <LI><a href="#[52]">I2C3_EV_IRQHandler</a> from startup_stm32f407xx.o(.text) referenced from startup_stm32f407xx.o(RESET)
 <LI><a href="#[3]">MemManage_Handler</a> from stm32f4xx_it.o(.text.MemManage_Handler) referenced from startup_stm32f407xx.o(RESET)
 <LI><a href="#[1]">NMI_Handler</a> from stm32f4xx_it.o(.text.NMI_Handler) referenced from startup_stm32f407xx.o(RESET)
 <LI><a href="#[4d]">OTG_FS_IRQHandler</a> from startup_stm32f407xx.o(.text) referenced from startup_stm32f407xx.o(RESET)
 <LI><a href="#[34]">OTG_FS_WKUP_IRQHandler</a> from startup_stm32f407xx.o(.text) referenced from startup_stm32f407xx.o(RESET)
 <LI><a href="#[55]">OTG_HS_EP1_IN_IRQHandler</a> from startup_stm32f407xx.o(.text) referenced from startup_stm32f407xx.o(RESET)
 <LI><a href="#[54]">OTG_HS_EP1_OUT_IRQHandler</a> from startup_stm32f407xx.o(.text) referenced from startup_stm32f407xx.o(RESET)
 <LI><a href="#[57]">OTG_HS_IRQHandler</a> from startup_stm32f407xx.o(.text) referenced from startup_stm32f407xx.o(RESET)
 <LI><a href="#[56]">OTG_HS_WKUP_IRQHandler</a> from startup_stm32f407xx.o(.text) referenced from startup_stm32f407xx.o(RESET)
 <LI><a href="#[b]">PVD_IRQHandler</a> from startup_stm32f407xx.o(.text) referenced from startup_stm32f407xx.o(RESET)
 <LI><a href="#[8]">PendSV_Handler</a> from port.o(.text.PendSV_Handler) referenced from startup_stm32f407xx.o(RESET)
 <LI><a href="#[f]">RCC_IRQHandler</a> from startup_stm32f407xx.o(.text) referenced from startup_stm32f407xx.o(RESET)
 <LI><a href="#[33]">RTC_Alarm_IRQHandler</a> from startup_stm32f407xx.o(.text) referenced from startup_stm32f407xx.o(RESET)
 <LI><a href="#[d]">RTC_WKUP_IRQHandler</a> from startup_stm32f407xx.o(.text) referenced from startup_stm32f407xx.o(RESET)
 <LI><a href="#[0]">Reset_Handler</a> from startup_stm32f407xx.o(.text) referenced from startup_stm32f407xx.o(RESET)
 <LI><a href="#[3b]">SDIO_IRQHandler</a> from startup_stm32f407xx.o(.text) referenced from startup_stm32f407xx.o(RESET)
 <LI><a href="#[2d]">SPI1_IRQHandler</a> from startup_stm32f407xx.o(.text) referenced from startup_stm32f407xx.o(RESET)
 <LI><a href="#[2e]">SPI2_IRQHandler</a> from startup_stm32f407xx.o(.text) referenced from startup_stm32f407xx.o(RESET)
 <LI><a href="#[3d]">SPI3_IRQHandler</a> from startup_stm32f407xx.o(.text) referenced from startup_stm32f407xx.o(RESET)
 <LI><a href="#[6]">SVC_Handler</a> from port.o(.text.SVC_Handler) referenced from startup_stm32f407xx.o(RESET)
 <LI><a href="#[9]">SysTick_Handler</a> from cmsis_os2.o(.text.SysTick_Handler) referenced from startup_stm32f407xx.o(RESET)
 <LI><a href="#[5b]">SystemInit</a> from system_stm32f4xx.o(.text.SystemInit) referenced from startup_stm32f407xx.o(.text)
 <LI><a href="#[c]">TAMP_STAMP_IRQHandler</a> from startup_stm32f407xx.o(.text) referenced from startup_stm32f407xx.o(RESET)
 <LI><a href="#[22]">TIM1_BRK_TIM9_IRQHandler</a> from startup_stm32f407xx.o(.text) referenced from startup_stm32f407xx.o(RESET)
 <LI><a href="#[25]">TIM1_CC_IRQHandler</a> from startup_stm32f407xx.o(.text) referenced from startup_stm32f407xx.o(RESET)
 <LI><a href="#[24]">TIM1_TRG_COM_TIM11_IRQHandler</a> from startup_stm32f407xx.o(.text) referenced from startup_stm32f407xx.o(RESET)
 <LI><a href="#[23]">TIM1_UP_TIM10_IRQHandler</a> from startup_stm32f407xx.o(.text) referenced from startup_stm32f407xx.o(RESET)
 <LI><a href="#[26]">TIM2_IRQHandler</a> from startup_stm32f407xx.o(.text) referenced from startup_stm32f407xx.o(RESET)
 <LI><a href="#[27]">TIM3_IRQHandler</a> from startup_stm32f407xx.o(.text) referenced from startup_stm32f407xx.o(RESET)
 <LI><a href="#[28]">TIM4_IRQHandler</a> from startup_stm32f407xx.o(.text) referenced from startup_stm32f407xx.o(RESET)
 <LI><a href="#[3c]">TIM5_IRQHandler</a> from stm32f4xx_it.o(.text.TIM5_IRQHandler) referenced from startup_stm32f407xx.o(RESET)
 <LI><a href="#[40]">TIM6_DAC_IRQHandler</a> from startup_stm32f407xx.o(.text) referenced from startup_stm32f407xx.o(RESET)
 <LI><a href="#[41]">TIM7_IRQHandler</a> from startup_stm32f407xx.o(.text) referenced from startup_stm32f407xx.o(RESET)
 <LI><a href="#[35]">TIM8_BRK_TIM12_IRQHandler</a> from startup_stm32f407xx.o(.text) referenced from startup_stm32f407xx.o(RESET)
 <LI><a href="#[38]">TIM8_CC_IRQHandler</a> from startup_stm32f407xx.o(.text) referenced from startup_stm32f407xx.o(RESET)
 <LI><a href="#[37]">TIM8_TRG_COM_TIM14_IRQHandler</a> from stm32f4xx_it.o(.text.TIM8_TRG_COM_TIM14_IRQHandler) referenced from startup_stm32f407xx.o(RESET)
 <LI><a href="#[36]">TIM8_UP_TIM13_IRQHandler</a> from startup_stm32f407xx.o(.text) referenced from startup_stm32f407xx.o(RESET)
 <LI><a href="#[3e]">UART4_IRQHandler</a> from stm32f4xx_it.o(.text.UART4_IRQHandler) referenced from startup_stm32f407xx.o(RESET)
 <LI><a href="#[3f]">UART5_IRQHandler</a> from stm32f4xx_it.o(.text.UART5_IRQHandler) referenced from startup_stm32f407xx.o(RESET)
 <LI><a href="#[5d]">UART_DMAAbortOnError</a> from stm32f4xx_hal_uart.o(.text.UART_DMAAbortOnError) referenced 2 times from stm32f4xx_hal_uart.o(.text.HAL_UART_IRQHandler)
 <LI><a href="#[60]">UART_DMAError</a> from stm32f4xx_hal_uart.o(.text.UART_DMAError) referenced 2 times from stm32f4xx_hal_uart.o(.text.HAL_UART_Transmit_DMA)
 <LI><a href="#[5e]">UART_DMATransmitCplt</a> from stm32f4xx_hal_uart.o(.text.UART_DMATransmitCplt) referenced 2 times from stm32f4xx_hal_uart.o(.text.HAL_UART_Transmit_DMA)
 <LI><a href="#[5f]">UART_DMATxHalfCplt</a> from stm32f4xx_hal_uart.o(.text.UART_DMATxHalfCplt) referenced 2 times from stm32f4xx_hal_uart.o(.text.HAL_UART_Transmit_DMA)
 <LI><a href="#[2f]">USART1_IRQHandler</a> from stm32f4xx_it.o(.text.USART1_IRQHandler) referenced from startup_stm32f407xx.o(RESET)
 <LI><a href="#[30]">USART2_IRQHandler</a> from stm32f4xx_it.o(.text.USART2_IRQHandler) referenced from startup_stm32f407xx.o(RESET)
 <LI><a href="#[31]">USART3_IRQHandler</a> from stm32f4xx_it.o(.text.USART3_IRQHandler) referenced from startup_stm32f407xx.o(RESET)
 <LI><a href="#[51]">USART6_IRQHandler</a> from stm32f4xx_it.o(.text.USART6_IRQHandler) referenced from startup_stm32f407xx.o(RESET)
 <LI><a href="#[5]">UsageFault_Handler</a> from stm32f4xx_it.o(.text.UsageFault_Handler) referenced from startup_stm32f407xx.o(RESET)
 <LI><a href="#[a]">WWDG_IRQHandler</a> from startup_stm32f407xx.o(.text) referenced from startup_stm32f407xx.o(RESET)
 <LI><a href="#[ed]">_GLOBAL__sub_I_TaskManager.cpp</a> from taskmanager.o(.text._GLOBAL__sub_I_TaskManager.cpp) referenced from taskmanager.o(.init_array)
 <LI><a href="#[ee]">_GLOBAL__sub_I_YunBall_teat.cpp</a> from yunball_teat.o(.text._GLOBAL__sub_I_YunBall_teat.cpp) referenced from yunball_teat.o(.init_array)
 <LI><a href="#[65]">CanManager::process_data()</a> from can_device.o(.text._ZN10CanManager12process_dataEv) referenced from can_device.o(.rodata._ZTV10CanManager)
 <LI><a href="#[67]">CanManager::~CanManager__deallocating()</a> from can_device.o(.text._ZN10CanManagerD0Ev) referenced from can_device.o(.rodata._ZTV10CanManager)
 <LI><a href="#[68]">BallShooter::process_data()</a> from ball_shooter.o(.text._ZN11BallShooter12process_dataEv) referenced from ball_shooter.o(.rodata._ZTV11BallShooter)
 <LI><a href="#[69]">BallShooter::~BallShooter__deallocating()</a> from ball_shooter.o(.text._ZN11BallShooterD0Ev) referenced from ball_shooter.o(.rodata._ZTV11BallShooter)
 <LI><a href="#[6c]">RC9Protocol::process_data()</a> from rc9protocol.o(.text._ZN11RC9Protocol12process_dataEv) referenced from rc9protocol.o(.rodata._ZTV11RC9Protocol)
 <LI><a href="#[6b]">RC9Protocol::handleReceiveData(unsigned char)</a> from rc9protocol.o(.text._ZN11RC9Protocol17handleReceiveDataEh) referenced from rc9protocol.o(.rodata._ZTV11RC9Protocol)
 <LI><a href="#[6e]">RC9Protocol::~RC9Protocol__deallocating()</a> from rc9protocol.o(.text._ZN11RC9ProtocolD0Ev) referenced from rc9protocol.o(.rodata._ZTV11RC9Protocol)
 <LI><a href="#[6d]">RC9Protocol::~RC9Protocol__sub_object()</a> from rc9protocol.o(.text._ZN11RC9ProtocolD2Ev) referenced from rc9protocol.o(.rodata._ZTV11RC9Protocol)
 <LI><a href="#[72]">RoboChassis::process_data()</a> from robot_chassis.o(.text._ZN11RoboChassis12process_dataEv) referenced from robot_chassis.o(.rodata._ZTV11RoboChassis)
 <LI><a href="#[73]">RoboChassis::~RoboChassis__deallocating()</a> from robot_chassis.o(.text._ZN11RoboChassisD0Ev) referenced from robot_chassis.o(.rodata._ZTV11RoboChassis)
 <LI><a href="#[61]">TaskManager::TaskFunction(void*)</a> from taskmanager.o(.text._ZN11TaskManager12TaskFunctionEPv) referenced 2 times from taskmanager.o(.text._ZN11TaskManager12registerTaskEiP14ITaskProcessor)
 <LI><a href="#[84]">power_motor::set_rpm_ff(float, float)</a> from m3508.o(.text._ZN11power_motor10set_rpm_ffEff) referenced from m3508.o(.rodata._ZTV11power_motor)
 <LI><a href="#[84]">power_motor::set_rpm_ff(float, float)</a> from m3508.o(.text._ZN11power_motor10set_rpm_ffEff) referenced from vesc.o(.rodata._ZTV4vesc)
 <LI><a href="#[84]">power_motor::set_rpm_ff(float, float)</a> from m3508.o(.text._ZN11power_motor10set_rpm_ffEff) referenced from m3508.o(.rodata._ZTV6m3508p)
 <LI><a href="#[79]">power_motor::set_current(float)</a> from m3508.o(.text._ZN11power_motor11set_currentEf) referenced from m3508.o(.rodata._ZTV11power_motor)
 <LI><a href="#[79]">power_motor::set_current(float)</a> from m3508.o(.text._ZN11power_motor11set_currentEf) referenced from m3508.o(.rodata._ZTV6m3508p)
 <LI><a href="#[7b]">power_motor::relocate_dis(float)</a> from m3508.o(.text._ZN11power_motor12relocate_disEf) referenced from m3508.o(.rodata._ZTV11power_motor)
 <LI><a href="#[7b]">power_motor::relocate_dis(float)</a> from m3508.o(.text._ZN11power_motor12relocate_disEf) referenced from vesc.o(.rodata._ZTV4vesc)
 <LI><a href="#[80]">power_motor::relocate_pos(float)</a> from m3508.o(.text._ZN11power_motor12relocate_posEf) referenced from m3508.o(.rodata._ZTV11power_motor)
 <LI><a href="#[80]">power_motor::relocate_pos(float)</a> from m3508.o(.text._ZN11power_motor12relocate_posEf) referenced from vesc.o(.rodata._ZTV4vesc)
 <LI><a href="#[76]">power_motor::set_ff_current(float)</a> from m3508.o(.text._ZN11power_motor14set_ff_currentEf) referenced from m3508.o(.rodata._ZTV11power_motor)
 <LI><a href="#[76]">power_motor::set_ff_current(float)</a> from m3508.o(.text._ZN11power_motor14set_ff_currentEf) referenced from m3508.o(.rodata._ZTV6m3508p)
 <LI><a href="#[7d]">power_motor::set_dis_speedplan(float, float, float, float, float)</a> from m3508.o(.text._ZN11power_motor17set_dis_speedplanEfffff) referenced from m3508.o(.rodata._ZTV11power_motor)
 <LI><a href="#[7d]">power_motor::set_dis_speedplan(float, float, float, float, float)</a> from m3508.o(.text._ZN11power_motor17set_dis_speedplanEfffff) referenced from vesc.o(.rodata._ZTV4vesc)
 <LI><a href="#[7e]">power_motor::dis_speedplan_restart()</a> from m3508.o(.text._ZN11power_motor21dis_speedplan_restartEv) referenced from m3508.o(.rodata._ZTV11power_motor)
 <LI><a href="#[7e]">power_motor::dis_speedplan_restart()</a> from m3508.o(.text._ZN11power_motor21dis_speedplan_restartEv) referenced from vesc.o(.rodata._ZTV4vesc)
 <LI><a href="#[83]">power_motor::get_F()</a> from m3508.o(.text._ZN11power_motor5get_FEv) referenced from m3508.o(.rodata._ZTV11power_motor)
 <LI><a href="#[83]">power_motor::get_F()</a> from m3508.o(.text._ZN11power_motor5get_FEv) referenced from vesc.o(.rodata._ZTV4vesc)
 <LI><a href="#[83]">power_motor::get_F()</a> from m3508.o(.text._ZN11power_motor5get_FEv) referenced from m3508.o(.rodata._ZTV6m3508p)
 <LI><a href="#[82]">power_motor::set_F(float)</a> from m3508.o(.text._ZN11power_motor5set_FEf) referenced from m3508.o(.rodata._ZTV11power_motor)
 <LI><a href="#[82]">power_motor::set_F(float)</a> from m3508.o(.text._ZN11power_motor5set_FEf) referenced from vesc.o(.rodata._ZTV4vesc)
 <LI><a href="#[7c]">power_motor::get_dis()</a> from m3508.o(.text._ZN11power_motor7get_disEv) referenced from m3508.o(.rodata._ZTV11power_motor)
 <LI><a href="#[7c]">power_motor::get_dis()</a> from m3508.o(.text._ZN11power_motor7get_disEv) referenced from vesc.o(.rodata._ZTV4vesc)
 <LI><a href="#[77]">power_motor::get_pos()</a> from m3508.o(.text._ZN11power_motor7get_posEv) referenced from m3508.o(.rodata._ZTV11power_motor)
 <LI><a href="#[77]">power_motor::get_pos()</a> from m3508.o(.text._ZN11power_motor7get_posEv) referenced from vesc.o(.rodata._ZTV4vesc)
 <LI><a href="#[7a]">power_motor::set_dis(float)</a> from m3508.o(.text._ZN11power_motor7set_disEf) referenced from m3508.o(.rodata._ZTV11power_motor)
 <LI><a href="#[7a]">power_motor::set_dis(float)</a> from m3508.o(.text._ZN11power_motor7set_disEf) referenced from vesc.o(.rodata._ZTV4vesc)
 <LI><a href="#[78]">power_motor::set_pos(float)</a> from m3508.o(.text._ZN11power_motor7set_posEf) referenced from m3508.o(.rodata._ZTV11power_motor)
 <LI><a href="#[78]">power_motor::set_pos(float)</a> from m3508.o(.text._ZN11power_motor7set_posEf) referenced from vesc.o(.rodata._ZTV4vesc)
 <LI><a href="#[81]">power_motor::get_odom()</a> from m3508.o(.text._ZN11power_motor8get_odomEv) referenced from m3508.o(.rodata._ZTV11power_motor)
 <LI><a href="#[81]">power_motor::get_odom()</a> from m3508.o(.text._ZN11power_motor8get_odomEv) referenced from vesc.o(.rodata._ZTV4vesc)
 <LI><a href="#[81]">power_motor::get_odom()</a> from m3508.o(.text._ZN11power_motor8get_odomEv) referenced from m3508.o(.rodata._ZTV6m3508p)
 <LI><a href="#[75]">power_motor::send_rpm(float)</a> from m3508.o(.text._ZN11power_motor8send_rpmEf) referenced from m3508.o(.rodata._ZTV11power_motor)
 <LI><a href="#[75]">power_motor::send_rpm(float)</a> from m3508.o(.text._ZN11power_motor8send_rpmEf) referenced from m3508.o(.rodata._ZTV6m3508p)
 <LI><a href="#[7f]">power_motor::set_angle(float)</a> from m3508.o(.text._ZN11power_motor9set_angleEf) referenced from m3508.o(.rodata._ZTV11power_motor)
 <LI><a href="#[7f]">power_motor::set_angle(float)</a> from m3508.o(.text._ZN11power_motor9set_angleEf) referenced from vesc.o(.rodata._ZTV4vesc)
 <LI><a href="#[7f]">power_motor::set_angle(float)</a> from m3508.o(.text._ZN11power_motor9set_angleEf) referenced from m3508.o(.rodata._ZTV6m3508p)
 <LI><a href="#[85]">auto_yunball::process_data()</a> from auto_yunball.o(.text._ZN12auto_yunball12process_dataEv) referenced from auto_yunball.o(.rodata._ZTV12auto_yunball)
 <LI><a href="#[86]">auto_yunball::~auto_yunball__deallocating()</a> from auto_yunball.o(.text._ZN12auto_yunballD0Ev) referenced from auto_yunball.o(.rodata._ZTV12auto_yunball)
 <LI><a href="#[6a]">RC9subscriber::DataReceivedCallback(unsigned char const*, float const*, unsigned char, unsigned short)</a> from m3508.o(.text._ZN13RC9subscriber20DataReceivedCallbackEPKhPKfht) referenced from ball_shooter.o(.rodata._ZTV11BallShooter)
 <LI><a href="#[6a]">RC9subscriber::DataReceivedCallback(unsigned char const*, float const*, unsigned char, unsigned short)</a> from m3508.o(.text._ZN13RC9subscriber20DataReceivedCallbackEPKhPKfht) referenced from vesc.o(.rodata._ZTV4vesc)
 <LI><a href="#[6a]">RC9subscriber::DataReceivedCallback(unsigned char const*, float const*, unsigned char, unsigned short)</a> from m3508.o(.text._ZN13RC9subscriber20DataReceivedCallbackEPKhPKfht) referenced from m3508.o(.rodata._ZTV6m3508p)
 <LI><a href="#[66]">ITaskProcessor::~ITaskProcessor__sub_object()</a> from can_device.o(.text._ZN14ITaskProcessorD2Ev) referenced from can_device.o(.rodata._ZTV10CanManager)
 <LI><a href="#[66]">ITaskProcessor::~ITaskProcessor__sub_object()</a> from can_device.o(.text._ZN14ITaskProcessorD2Ev) referenced from ball_shooter.o(.rodata._ZTV11BallShooter)
 <LI><a href="#[66]">ITaskProcessor::~ITaskProcessor__sub_object()</a> from can_device.o(.text._ZN14ITaskProcessorD2Ev) referenced from robot_chassis.o(.rodata._ZTV11RoboChassis)
 <LI><a href="#[66]">ITaskProcessor::~ITaskProcessor__sub_object()</a> from can_device.o(.text._ZN14ITaskProcessorD2Ev) referenced from auto_yunball.o(.rodata._ZTV12auto_yunball)
 <LI><a href="#[88]">LaserProcessor::get_distance()</a> from laser_processor.o(.text._ZN14LaserProcessor12get_distanceEv) referenced from laser_processor.o(.rodata._ZTV14LaserProcessor)
 <LI><a href="#[87]">LaserProcessor::handleReceiveData(unsigned char)</a> from laser_processor.o(.text._ZN14LaserProcessor17handleReceiveDataEh) referenced from laser_processor.o(.rodata._ZTV14LaserProcessor)
 <LI><a href="#[a4]">xbox_debug_base::process_data()</a> from debug_xbox.o(.text._ZN15xbox_debug_base12process_dataEv) referenced from debug_xbox.o(.rodata._ZTV15xbox_debug_base)
 <LI><a href="#[a4]">xbox_debug_base::process_data()</a> from debug_xbox.o(.text._ZN15xbox_debug_base12process_dataEv) referenced from auto_yunball.o(.rodata._ZTV17auto_yunball_xbox)
 <LI><a href="#[a0]">xbox_debug_base::lb_on()</a> from debug_xbox.o(.text._ZN15xbox_debug_base5lb_onEv) referenced from debug_xbox.o(.rodata._ZTV15xbox_debug_base)
 <LI><a href="#[a0]">xbox_debug_base::lb_on()</a> from debug_xbox.o(.text._ZN15xbox_debug_base5lb_onEv) referenced from auto_yunball.o(.rodata._ZTV17auto_yunball_xbox)
 <LI><a href="#[a1]">xbox_debug_base::rb_on()</a> from debug_xbox.o(.text._ZN15xbox_debug_base5rb_onEv) referenced from debug_xbox.o(.rodata._ZTV15xbox_debug_base)
 <LI><a href="#[a1]">xbox_debug_base::rb_on()</a> from debug_xbox.o(.text._ZN15xbox_debug_base5rb_onEv) referenced from auto_yunball.o(.rodata._ZTV17auto_yunball_xbox)
 <LI><a href="#[a2]">xbox_debug_base::lb_off()</a> from debug_xbox.o(.text._ZN15xbox_debug_base6lb_offEv) referenced from debug_xbox.o(.rodata._ZTV15xbox_debug_base)
 <LI><a href="#[a2]">xbox_debug_base::lb_off()</a> from debug_xbox.o(.text._ZN15xbox_debug_base6lb_offEv) referenced from auto_yunball.o(.rodata._ZTV17auto_yunball_xbox)
 <LI><a href="#[9b]">xbox_debug_base::mode_0()</a> from debug_xbox.o(.text._ZN15xbox_debug_base6mode_0Ev) referenced from debug_xbox.o(.rodata._ZTV15xbox_debug_base)
 <LI><a href="#[9b]">xbox_debug_base::mode_0()</a> from debug_xbox.o(.text._ZN15xbox_debug_base6mode_0Ev) referenced from auto_yunball.o(.rodata._ZTV17auto_yunball_xbox)
 <LI><a href="#[9c]">xbox_debug_base::mode_1()</a> from debug_xbox.o(.text._ZN15xbox_debug_base6mode_1Ev) referenced from debug_xbox.o(.rodata._ZTV15xbox_debug_base)
 <LI><a href="#[9c]">xbox_debug_base::mode_1()</a> from debug_xbox.o(.text._ZN15xbox_debug_base6mode_1Ev) referenced from auto_yunball.o(.rodata._ZTV17auto_yunball_xbox)
 <LI><a href="#[9d]">xbox_debug_base::mode_2()</a> from debug_xbox.o(.text._ZN15xbox_debug_base6mode_2Ev) referenced from debug_xbox.o(.rodata._ZTV15xbox_debug_base)
 <LI><a href="#[9e]">xbox_debug_base::mode_3()</a> from debug_xbox.o(.text._ZN15xbox_debug_base6mode_3Ev) referenced from debug_xbox.o(.rodata._ZTV15xbox_debug_base)
 <LI><a href="#[9f]">xbox_debug_base::mode_4()</a> from debug_xbox.o(.text._ZN15xbox_debug_base6mode_4Ev) referenced from debug_xbox.o(.rodata._ZTV15xbox_debug_base)
 <LI><a href="#[9f]">xbox_debug_base::mode_4()</a> from debug_xbox.o(.text._ZN15xbox_debug_base6mode_4Ev) referenced from auto_yunball.o(.rodata._ZTV17auto_yunball_xbox)
 <LI><a href="#[a3]">xbox_debug_base::rb_off()</a> from debug_xbox.o(.text._ZN15xbox_debug_base6rb_offEv) referenced from debug_xbox.o(.rodata._ZTV15xbox_debug_base)
 <LI><a href="#[a3]">xbox_debug_base::rb_off()</a> from debug_xbox.o(.text._ZN15xbox_debug_base6rb_offEv) referenced from auto_yunball.o(.rodata._ZTV17auto_yunball_xbox)
 <LI><a href="#[9a]">xbox_debug_base::not_start()</a> from debug_xbox.o(.text._ZN15xbox_debug_base9not_startEv) referenced from debug_xbox.o(.rodata._ZTV15xbox_debug_base)
 <LI><a href="#[a6]">xbox_debug_base::~xbox_debug_base__deallocating()</a> from debug_xbox.o(.text._ZN15xbox_debug_baseD0Ev) referenced from debug_xbox.o(.rodata._ZTV15xbox_debug_base)
 <LI><a href="#[a5]">xbox_debug_base::~xbox_debug_base__sub_object()</a> from debug_xbox.o(.text._ZN15xbox_debug_baseD2Ev) referenced from debug_xbox.o(.rodata._ZTV15xbox_debug_base)
 <LI><a href="#[a5]">xbox_debug_base::~xbox_debug_base__sub_object()</a> from debug_xbox.o(.text._ZN15xbox_debug_baseD2Ev) referenced from auto_yunball.o(.rodata._ZTV17auto_yunball_xbox)
 <LI><a href="#[ab]">auto_yunball_xbox::mode_2()</a> from auto_yunball.o(.text._ZN17auto_yunball_xbox6mode_2Ev) referenced from auto_yunball.o(.rodata._ZTV17auto_yunball_xbox)
 <LI><a href="#[ac]">auto_yunball_xbox::mode_3()</a> from auto_yunball.o(.text._ZN17auto_yunball_xbox6mode_3Ev) referenced from auto_yunball.o(.rodata._ZTV17auto_yunball_xbox)
 <LI><a href="#[aa]">auto_yunball_xbox::not_start()</a> from auto_yunball.o(.text._ZN17auto_yunball_xbox9not_startEv) referenced from auto_yunball.o(.rodata._ZTV17auto_yunball_xbox)
 <LI><a href="#[ad]">auto_yunball_xbox::~auto_yunball_xbox__deallocating()</a> from auto_yunball.o(.text._ZN17auto_yunball_xboxD0Ev) referenced from auto_yunball.o(.rodata._ZTV17auto_yunball_xbox)
 <LI><a href="#[b0]">ball_shooter_xbox::process_data()</a> from ball_shooter.o(.text._ZN17ball_shooter_xbox12process_dataEv) referenced from ball_shooter.o(.rodata._ZTV17ball_shooter_xbox)
 <LI><a href="#[b2]">ball_shooter_xbox::~ball_shooter_xbox__deallocating()</a> from ball_shooter.o(.text._ZN17ball_shooter_xboxD0Ev) referenced from ball_shooter.o(.rodata._ZTV17ball_shooter_xbox)
 <LI><a href="#[b1]">ball_shooter_xbox::~ball_shooter_xbox__sub_object()</a> from ball_shooter.o(.text._ZN17ball_shooter_xboxD2Ev) referenced from ball_shooter.o(.rodata._ZTV17ball_shooter_xbox)
 <LI><a href="#[b6]">moters_debug_xbox::process_data()</a> from debug_xbox.o(.text._ZN17moters_debug_xbox12process_dataEv) referenced from debug_xbox.o(.rodata._ZTV17moters_debug_xbox)
 <LI><a href="#[b8]">moters_debug_xbox::~moters_debug_xbox__deallocating()</a> from debug_xbox.o(.text._ZN17moters_debug_xboxD0Ev) referenced from debug_xbox.o(.rodata._ZTV17moters_debug_xbox)
 <LI><a href="#[b7]">moters_debug_xbox::~moters_debug_xbox__sub_object()</a> from debug_xbox.o(.text._ZN17moters_debug_xboxD2Ev) referenced from debug_xbox.o(.rodata._ZTV17moters_debug_xbox)
 <LI><a href="#[bc]">chassis_debug_xbox::process_data()</a> from debug_xbox.o(.text._ZN18chassis_debug_xbox12process_dataEv) referenced from debug_xbox.o(.rodata._ZTV18chassis_debug_xbox)
 <LI><a href="#[be]">chassis_debug_xbox::~chassis_debug_xbox__deallocating()</a> from debug_xbox.o(.text._ZN18chassis_debug_xboxD0Ev) referenced from debug_xbox.o(.rodata._ZTV18chassis_debug_xbox)
 <LI><a href="#[bd]">chassis_debug_xbox::~chassis_debug_xbox__sub_object()</a> from debug_xbox.o(.text._ZN18chassis_debug_xboxD2Ev) referenced from debug_xbox.o(.rodata._ZTV18chassis_debug_xbox)
 <LI><a href="#[90]">imu::get_heading()</a> from laser_processor.o(.text._ZN3imu11get_headingEv) referenced from laser_processor.o(.rodata._ZTV14LaserProcessor)
 <LI><a href="#[91]">imu::get_yaw_rad()</a> from acton.o(.text._ZN3imu11get_yaw_radEv) referenced from laser_processor.o(.rodata._ZTV14LaserProcessor)
 <LI><a href="#[96]">imu::imu_relocate(float, float)</a> from acton.o(.text._ZN3imu12imu_relocateEff) referenced from laser_processor.o(.rodata._ZTV14LaserProcessor)
 <LI><a href="#[8a]">imu::get_world_pos()</a> from acton.o(.text._ZN3imu13get_world_posEv) referenced from laser_processor.o(.rodata._ZTV14LaserProcessor)
 <LI><a href="#[8e]">imu::get_world_acc_x()</a> from acton.o(.text._ZN3imu15get_world_acc_xEv) referenced from laser_processor.o(.rodata._ZTV14LaserProcessor)
 <LI><a href="#[8f]">imu::get_world_acc_y()</a> from acton.o(.text._ZN3imu15get_world_acc_yEv) referenced from laser_processor.o(.rodata._ZTV14LaserProcessor)
 <LI><a href="#[89]">imu::get_world_pos_x()</a> from acton.o(.text._ZN3imu15get_world_pos_xEv) referenced from laser_processor.o(.rodata._ZTV14LaserProcessor)
 <LI><a href="#[8b]">imu::get_world_pos_y()</a> from acton.o(.text._ZN3imu15get_world_pos_yEv) referenced from laser_processor.o(.rodata._ZTV14LaserProcessor)
 <LI><a href="#[8c]">imu::get_world_vel_x()</a> from acton.o(.text._ZN3imu15get_world_vel_xEv) referenced from laser_processor.o(.rodata._ZTV14LaserProcessor)
 <LI><a href="#[8d]">imu::get_world_vel_y()</a> from acton.o(.text._ZN3imu15get_world_vel_yEv) referenced from laser_processor.o(.rodata._ZTV14LaserProcessor)
 <LI><a href="#[95]">imu::imu_rst()</a> from acton.o(.text._ZN3imu7imu_rstEv) referenced from laser_processor.o(.rodata._ZTV14LaserProcessor)
 <LI><a href="#[92]">imu::get_acc_x()</a> from acton.o(.text._ZN3imu9get_acc_xEv) referenced from laser_processor.o(.rodata._ZTV14LaserProcessor)
 <LI><a href="#[93]">imu::get_acc_y()</a> from acton.o(.text._ZN3imu9get_acc_yEv) referenced from laser_processor.o(.rodata._ZTV14LaserProcessor)
 <LI><a href="#[c3]">vesc::can_update(unsigned char*)</a> from vesc.o(.text._ZN4vesc10can_updateEPh) referenced from vesc.o(.rodata._ZTV4vesc)
 <LI><a href="#[c7]">vesc::set_current(float)</a> from vesc.o(.text._ZN4vesc11set_currentEf) referenced from vesc.o(.rodata._ZTV4vesc)
 <LI><a href="#[ca]">vesc::process_data()</a> from vesc.o(.text._ZN4vesc12process_dataEv) referenced from vesc.o(.rodata._ZTV4vesc)
 <LI><a href="#[c9]">vesc::set_ff_current(float)</a> from vesc.o(.text._ZN4vesc14set_ff_currentEf) referenced from vesc.o(.rodata._ZTV4vesc)
 <LI><a href="#[c5]">vesc::get_rpm()</a> from vesc.o(.text._ZN4vesc7get_rpmEv) referenced from vesc.o(.rodata._ZTV4vesc)
 <LI><a href="#[c6]">vesc::set_rpm(float)</a> from vesc.o(.text._ZN4vesc7set_rpmEf) referenced from vesc.o(.rodata._ZTV4vesc)
 <LI><a href="#[c8]">vesc::send_rpm(float)</a> from vesc.o(.text._ZN4vesc8send_rpmEf) referenced from vesc.o(.rodata._ZTV4vesc)
 <LI><a href="#[cc]">vesc::~vesc__deallocating()</a> from vesc.o(.text._ZN4vescD0Ev) referenced from vesc.o(.rodata._ZTV4vesc)
 <LI><a href="#[cb]">vesc::~vesc__sub_object()</a> from vesc.o(.text._ZN4vescD2Ev) referenced from vesc.o(.rodata._ZTV4vesc)
 <LI><a href="#[98]">xbox::btnRB_callback()</a> from xbox.o(.text._ZN4xbox14btnRB_callbackEv) referenced from debug_xbox.o(.rodata._ZTV15xbox_debug_base)
 <LI><a href="#[98]">xbox::btnRB_callback()</a> from xbox.o(.text._ZN4xbox14btnRB_callbackEv) referenced from auto_yunball.o(.rodata._ZTV17auto_yunball_xbox)
 <LI><a href="#[98]">xbox::btnRB_callback()</a> from xbox.o(.text._ZN4xbox14btnRB_callbackEv) referenced from ball_shooter.o(.rodata._ZTV17ball_shooter_xbox)
 <LI><a href="#[98]">xbox::btnRB_callback()</a> from xbox.o(.text._ZN4xbox14btnRB_callbackEv) referenced from debug_xbox.o(.rodata._ZTV17moters_debug_xbox)
 <LI><a href="#[98]">xbox::btnRB_callback()</a> from xbox.o(.text._ZN4xbox14btnRB_callbackEv) referenced from debug_xbox.o(.rodata._ZTV18chassis_debug_xbox)
 <LI><a href="#[99]">xbox::btnXBOX_callback()</a> from xbox.o(.text._ZN4xbox16btnXBOX_callbackEv) referenced from debug_xbox.o(.rodata._ZTV15xbox_debug_base)
 <LI><a href="#[99]">xbox::btnXBOX_callback()</a> from xbox.o(.text._ZN4xbox16btnXBOX_callbackEv) referenced from auto_yunball.o(.rodata._ZTV17auto_yunball_xbox)
 <LI><a href="#[99]">xbox::btnXBOX_callback()</a> from xbox.o(.text._ZN4xbox16btnXBOX_callbackEv) referenced from ball_shooter.o(.rodata._ZTV17ball_shooter_xbox)
 <LI><a href="#[99]">xbox::btnXBOX_callback()</a> from xbox.o(.text._ZN4xbox16btnXBOX_callbackEv) referenced from debug_xbox.o(.rodata._ZTV17moters_debug_xbox)
 <LI><a href="#[99]">xbox::btnXBOX_callback()</a> from xbox.o(.text._ZN4xbox16btnXBOX_callbackEv) referenced from debug_xbox.o(.rodata._ZTV18chassis_debug_xbox)
 <LI><a href="#[97]">xbox::DataReceivedCallback(unsigned char const*, float const*, unsigned char, unsigned short)</a> from xbox.o(.text._ZN4xbox20DataReceivedCallbackEPKhPKfht) referenced from debug_xbox.o(.rodata._ZTV15xbox_debug_base)
 <LI><a href="#[97]">xbox::DataReceivedCallback(unsigned char const*, float const*, unsigned char, unsigned short)</a> from xbox.o(.text._ZN4xbox20DataReceivedCallbackEPKhPKfht) referenced from auto_yunball.o(.rodata._ZTV17auto_yunball_xbox)
 <LI><a href="#[97]">xbox::DataReceivedCallback(unsigned char const*, float const*, unsigned char, unsigned short)</a> from xbox.o(.text._ZN4xbox20DataReceivedCallbackEPKhPKfht) referenced from ball_shooter.o(.rodata._ZTV17ball_shooter_xbox)
 <LI><a href="#[97]">xbox::DataReceivedCallback(unsigned char const*, float const*, unsigned char, unsigned short)</a> from xbox.o(.text._ZN4xbox20DataReceivedCallbackEPKhPKfht) referenced from debug_xbox.o(.rodata._ZTV17moters_debug_xbox)
 <LI><a href="#[97]">xbox::DataReceivedCallback(unsigned char const*, float const*, unsigned char, unsigned short)</a> from xbox.o(.text._ZN4xbox20DataReceivedCallbackEPKhPKfht) referenced from debug_xbox.o(.rodata._ZTV18chassis_debug_xbox)
 <LI><a href="#[d6]">m3508p::can_update(unsigned char*)</a> from m3508.o(.text._ZN6m3508p10can_updateEPh) referenced from m3508.o(.rodata._ZTV6m3508p)
 <LI><a href="#[d7]">m3508p::relocate_dis(float)</a> from m3508.o(.text._ZN6m3508p12relocate_disEf) referenced from m3508.o(.rodata._ZTV6m3508p)
 <LI><a href="#[dd]">m3508p::relocate_pos(float)</a> from m3508.o(.text._ZN6m3508p12relocate_posEf) referenced from m3508.o(.rodata._ZTV6m3508p)
 <LI><a href="#[d5]">m3508p::motor_process()</a> from m3508.o(.text._ZN6m3508p13motor_processEv) referenced from m3508.o(.rodata._ZTV6m3508p)
 <LI><a href="#[e0]">m3508p::set_dis_speedplan(float, float, float, float, float)</a> from m3508.o(.text._ZN6m3508p17set_dis_speedplanEfffff) referenced from m3508.o(.rodata._ZTV6m3508p)
 <LI><a href="#[e1]">m3508p::dis_speedplan_restart()</a> from m3508.o(.text._ZN6m3508p21dis_speedplan_restartEv) referenced from m3508.o(.rodata._ZTV6m3508p)
 <LI><a href="#[df]">m3508p::set_F(float)</a> from m3508.o(.text._ZN6m3508p5set_FEf) referenced from m3508.o(.rodata._ZTV6m3508p)
 <LI><a href="#[d8]">m3508p::get_dis()</a> from m3508.o(.text._ZN6m3508p7get_disEv) referenced from m3508.o(.rodata._ZTV6m3508p)
 <LI><a href="#[dc]">m3508p::get_pos()</a> from m3508.o(.text._ZN6m3508p7get_posEv) referenced from m3508.o(.rodata._ZTV6m3508p)
 <LI><a href="#[d9]">m3508p::get_rpm()</a> from m3508.o(.text._ZN6m3508p7get_rpmEv) referenced from m3508.o(.rodata._ZTV6m3508p)
 <LI><a href="#[de]">m3508p::set_dis(float)</a> from m3508.o(.text._ZN6m3508p7set_disEf) referenced from m3508.o(.rodata._ZTV6m3508p)
 <LI><a href="#[db]">m3508p::set_pos(float)</a> from m3508.o(.text._ZN6m3508p7set_posEf) referenced from m3508.o(.rodata._ZTV6m3508p)
 <LI><a href="#[da]">m3508p::set_rpm(float)</a> from m3508.o(.text._ZN6m3508p7set_rpmEf) referenced from m3508.o(.rodata._ZTV6m3508p)
 <LI><a href="#[c4]">CanDevice::EXT_update(unsigned int, unsigned char*)</a> from can_device.o(.text._ZN9CanDevice10EXT_updateEjPh) referenced from vesc.o(.rodata._ZTV4vesc)
 <LI><a href="#[c4]">CanDevice::EXT_update(unsigned int, unsigned char*)</a> from can_device.o(.text._ZN9CanDevice10EXT_updateEjPh) referenced from m3508.o(.rodata._ZTV6m3508p)
 <LI><a href="#[c4]">CanDevice::EXT_update(unsigned int, unsigned char*)</a> from can_device.o(.text._ZN9CanDevice10EXT_updateEjPh) referenced from can_device.o(.rodata._ZTV9CanDevice)
 <LI><a href="#[c2]">CanDevice::motor_process()</a> from can_device.o(.text._ZN9CanDevice13motor_processEv) referenced from vesc.o(.rodata._ZTV4vesc)
 <LI><a href="#[c2]">CanDevice::motor_process()</a> from can_device.o(.text._ZN9CanDevice13motor_processEv) referenced from can_device.o(.rodata._ZTV9CanDevice)
 <LI><a href="#[6f]">non-virtual thunk to RC9Protocol::process_data()</a> from rc9protocol.o(.text._ZThn12_N11RC9Protocol12process_dataEv) referenced from rc9protocol.o(.rodata._ZTV11RC9Protocol)
 <LI><a href="#[71]">non-virtual thunk to RC9Protocol::~RC9Protocol__deallocating()</a> from rc9protocol.o(.text._ZThn12_N11RC9ProtocolD0Ev) referenced from rc9protocol.o(.rodata._ZTV11RC9Protocol)
 <LI><a href="#[70]">non-virtual thunk to RC9Protocol::~RC9Protocol()</a> from rc9protocol.o(.text._ZThn12_N11RC9ProtocolD1Ev) referenced from rc9protocol.o(.rodata._ZTV11RC9Protocol)
 <LI><a href="#[94]">non-virtual thunk to LaserProcessor::get_distance()</a> from laser_processor.o(.text._ZThn12_N14LaserProcessor12get_distanceEv) referenced from laser_processor.o(.rodata._ZTV14LaserProcessor)
 <LI><a href="#[cd]">non-virtual thunk to vesc::process_data()</a> from vesc.o(.text._ZThn12_N4vesc12process_dataEv) referenced from vesc.o(.rodata._ZTV4vesc)
 <LI><a href="#[cf]">non-virtual thunk to vesc::~vesc__deallocating()</a> from vesc.o(.text._ZThn12_N4vescD0Ev) referenced from vesc.o(.rodata._ZTV4vesc)
 <LI><a href="#[ce]">non-virtual thunk to vesc::~vesc()</a> from vesc.o(.text._ZThn12_N4vescD1Ev) referenced from vesc.o(.rodata._ZTV4vesc)
 <LI><a href="#[e7]">non-virtual thunk to m3508p::relocate_dis(float)</a> from m3508.o(.text._ZThn12_N6m3508p12relocate_disEf) referenced from m3508.o(.rodata._ZTV6m3508p)
 <LI><a href="#[eb]">non-virtual thunk to m3508p::relocate_pos(float)</a> from m3508.o(.text._ZThn12_N6m3508p12relocate_posEf) referenced from m3508.o(.rodata._ZTV6m3508p)
 <LI><a href="#[e9]">non-virtual thunk to m3508p::set_dis_speedplan(float, float, float, float, float)</a> from m3508.o(.text._ZThn12_N6m3508p17set_dis_speedplanEfffff) referenced from m3508.o(.rodata._ZTV6m3508p)
 <LI><a href="#[ea]">non-virtual thunk to m3508p::dis_speedplan_restart()</a> from m3508.o(.text._ZThn12_N6m3508p21dis_speedplan_restartEv) referenced from m3508.o(.rodata._ZTV6m3508p)
 <LI><a href="#[ec]">non-virtual thunk to m3508p::set_F(float)</a> from m3508.o(.text._ZThn12_N6m3508p5set_FEf) referenced from m3508.o(.rodata._ZTV6m3508p)
 <LI><a href="#[e8]">non-virtual thunk to m3508p::get_dis()</a> from m3508.o(.text._ZThn12_N6m3508p7get_disEv) referenced from m3508.o(.rodata._ZTV6m3508p)
 <LI><a href="#[e4]">non-virtual thunk to m3508p::get_pos()</a> from m3508.o(.text._ZThn12_N6m3508p7get_posEv) referenced from m3508.o(.rodata._ZTV6m3508p)
 <LI><a href="#[e2]">non-virtual thunk to m3508p::get_rpm()</a> from m3508.o(.text._ZThn12_N6m3508p7get_rpmEv) referenced from m3508.o(.rodata._ZTV6m3508p)
 <LI><a href="#[e6]">non-virtual thunk to m3508p::set_dis(float)</a> from m3508.o(.text._ZThn12_N6m3508p7set_disEf) referenced from m3508.o(.rodata._ZTV6m3508p)
 <LI><a href="#[e5]">non-virtual thunk to m3508p::set_pos(float)</a> from m3508.o(.text._ZThn12_N6m3508p7set_posEf) referenced from m3508.o(.rodata._ZTV6m3508p)
 <LI><a href="#[e3]">non-virtual thunk to m3508p::set_rpm(float)</a> from m3508.o(.text._ZThn12_N6m3508p7set_rpmEf) referenced from m3508.o(.rodata._ZTV6m3508p)
 <LI><a href="#[d4]">non-virtual thunk to vesc::set_current(float)</a> from vesc.o(.text._ZThn32_N4vesc11set_currentEf) referenced from vesc.o(.rodata._ZTV4vesc)
 <LI><a href="#[d3]">non-virtual thunk to vesc::set_ff_current(float)</a> from vesc.o(.text._ZThn32_N4vesc14set_ff_currentEf) referenced from vesc.o(.rodata._ZTV4vesc)
 <LI><a href="#[d0]">non-virtual thunk to vesc::get_rpm()</a> from vesc.o(.text._ZThn32_N4vesc7get_rpmEv) referenced from vesc.o(.rodata._ZTV4vesc)
 <LI><a href="#[d1]">non-virtual thunk to vesc::set_rpm(float)</a> from vesc.o(.text._ZThn32_N4vesc7set_rpmEf) referenced from vesc.o(.rodata._ZTV4vesc)
 <LI><a href="#[d2]">non-virtual thunk to vesc::send_rpm(float)</a> from vesc.o(.text._ZThn32_N4vesc8send_rpmEf) referenced from vesc.o(.rodata._ZTV4vesc)
 <LI><a href="#[a7]">non-virtual thunk to xbox_debug_base::process_data()</a> from debug_xbox.o(.text._ZThn540_N15xbox_debug_base12process_dataEv) referenced from debug_xbox.o(.rodata._ZTV15xbox_debug_base)
 <LI><a href="#[a7]">non-virtual thunk to xbox_debug_base::process_data()</a> from debug_xbox.o(.text._ZThn540_N15xbox_debug_base12process_dataEv) referenced from auto_yunball.o(.rodata._ZTV17auto_yunball_xbox)
 <LI><a href="#[a9]">non-virtual thunk to xbox_debug_base::~xbox_debug_base__deallocating()</a> from debug_xbox.o(.text._ZThn540_N15xbox_debug_baseD0Ev) referenced from debug_xbox.o(.rodata._ZTV15xbox_debug_base)
 <LI><a href="#[a8]">non-virtual thunk to xbox_debug_base::~xbox_debug_base()</a> from debug_xbox.o(.text._ZThn540_N15xbox_debug_baseD1Ev) referenced from debug_xbox.o(.rodata._ZTV15xbox_debug_base)
 <LI><a href="#[af]">non-virtual thunk to auto_yunball_xbox::~auto_yunball_xbox__deallocating()</a> from auto_yunball.o(.text._ZThn540_N17auto_yunball_xboxD0Ev) referenced from auto_yunball.o(.rodata._ZTV17auto_yunball_xbox)
 <LI><a href="#[ae]">non-virtual thunk to auto_yunball_xbox::~auto_yunball_xbox()</a> from auto_yunball.o(.text._ZThn540_N17auto_yunball_xboxD1Ev) referenced from auto_yunball.o(.rodata._ZTV17auto_yunball_xbox)
 <LI><a href="#[b3]">non-virtual thunk to ball_shooter_xbox::process_data()</a> from ball_shooter.o(.text._ZThn540_N17ball_shooter_xbox12process_dataEv) referenced from ball_shooter.o(.rodata._ZTV17ball_shooter_xbox)
 <LI><a href="#[b5]">non-virtual thunk to ball_shooter_xbox::~ball_shooter_xbox__deallocating()</a> from ball_shooter.o(.text._ZThn540_N17ball_shooter_xboxD0Ev) referenced from ball_shooter.o(.rodata._ZTV17ball_shooter_xbox)
 <LI><a href="#[b4]">non-virtual thunk to ball_shooter_xbox::~ball_shooter_xbox()</a> from ball_shooter.o(.text._ZThn540_N17ball_shooter_xboxD1Ev) referenced from ball_shooter.o(.rodata._ZTV17ball_shooter_xbox)
 <LI><a href="#[b9]">non-virtual thunk to moters_debug_xbox::process_data()</a> from debug_xbox.o(.text._ZThn540_N17moters_debug_xbox12process_dataEv) referenced from debug_xbox.o(.rodata._ZTV17moters_debug_xbox)
 <LI><a href="#[bb]">non-virtual thunk to moters_debug_xbox::~moters_debug_xbox__deallocating()</a> from debug_xbox.o(.text._ZThn540_N17moters_debug_xboxD0Ev) referenced from debug_xbox.o(.rodata._ZTV17moters_debug_xbox)
 <LI><a href="#[ba]">non-virtual thunk to moters_debug_xbox::~moters_debug_xbox()</a> from debug_xbox.o(.text._ZThn540_N17moters_debug_xboxD1Ev) referenced from debug_xbox.o(.rodata._ZTV17moters_debug_xbox)
 <LI><a href="#[bf]">non-virtual thunk to chassis_debug_xbox::process_data()</a> from debug_xbox.o(.text._ZThn540_N18chassis_debug_xbox12process_dataEv) referenced from debug_xbox.o(.rodata._ZTV18chassis_debug_xbox)
 <LI><a href="#[c1]">non-virtual thunk to chassis_debug_xbox::~chassis_debug_xbox__deallocating()</a> from debug_xbox.o(.text._ZThn540_N18chassis_debug_xboxD0Ev) referenced from debug_xbox.o(.rodata._ZTV18chassis_debug_xbox)
 <LI><a href="#[c0]">non-virtual thunk to chassis_debug_xbox::~chassis_debug_xbox()</a> from debug_xbox.o(.text._ZThn540_N18chassis_debug_xboxD1Ev) referenced from debug_xbox.o(.rodata._ZTV18chassis_debug_xbox)
 <LI><a href="#[74]">__cxa_pure_virtual</a> from cxa_virtual.cpp.o(.text.__cxa_pure_virtual) referenced 2 times from m3508.o(.rodata._ZTV11power_motor)
 <LI><a href="#[74]">__cxa_pure_virtual</a> from cxa_virtual.cpp.o(.text.__cxa_pure_virtual) referenced from serial_device.o(.rodata._ZTV12SerialDevice)
 <LI><a href="#[74]">__cxa_pure_virtual</a> from cxa_virtual.cpp.o(.text.__cxa_pure_virtual) referenced from can_device.o(.rodata._ZTV9CanDevice)
 <LI><a href="#[5c]">__main</a> from __main.o(!!!main) referenced from startup_stm32f407xx.o(.text)
 <LI><a href="#[63]">prvIdleTask</a> from tasks.o(.text.prvIdleTask) referenced 2 times from tasks.o(.text.vTaskStartScheduler)
 <LI><a href="#[62]">prvTaskExitError</a> from port.o(.text.prvTaskExitError) referenced 2 times from port.o(.text.pxPortInitialiseStack)
 <LI><a href="#[64]">prvTimerTask</a> from timers.o(.text.prvTimerTask) referenced 2 times from timers.o(.text.xTimerCreateTimerTask)
</UL>
<P>
<H3>
Global Symbols
</H3>
<P><STRONG><a name="[5c]"></a>__main</STRONG> (Thumb, 8 bytes, Stack size 0 bytes, __main.o(!!!main))
<BR><BR>[Calls]<UL><LI><a href="#[f1]">&gt;&gt;</a>&nbsp;&nbsp;&nbsp;__rt_entry
<LI><a href="#[f0]">&gt;&gt;</a>&nbsp;&nbsp;&nbsp;__scatterload
</UL>
<BR>[Address Reference Count : 1]<UL><LI> startup_stm32f407xx.o(.text)
</UL>
<P><STRONG><a name="[f0]"></a>__scatterload</STRONG> (Thumb, 0 bytes, Stack size unknown bytes, __scatter.o(!!!scatter))
<BR><BR>[Called By]<UL><LI><a href="#[5c]">&gt;&gt;</a>&nbsp;&nbsp;&nbsp;__main
</UL>

<P><STRONG><a name="[f2]"></a>__scatterload_rt2</STRONG> (Thumb, 84 bytes, Stack size unknown bytes, __scatter.o(!!!scatter), UNUSED)
<BR><BR>[Calls]<UL><LI><a href="#[f1]">&gt;&gt;</a>&nbsp;&nbsp;&nbsp;__rt_entry
</UL>

<P><STRONG><a name="[203]"></a>__scatterload_rt2_thumb_only</STRONG> (Thumb, 0 bytes, Stack size unknown bytes, __scatter.o(!!!scatter), UNUSED)

<P><STRONG><a name="[204]"></a>__scatterload_loop</STRONG> (Thumb, 0 bytes, Stack size unknown bytes, __scatter.o(!!!scatter), UNUSED)

<P><STRONG><a name="[f3]"></a>__scatterload_copy</STRONG> (Thumb, 26 bytes, Stack size unknown bytes, __scatter_copy.o(!!handler_copy), UNUSED)
<BR><BR>[Calls]<UL><LI><a href="#[f3]">&gt;&gt;</a>&nbsp;&nbsp;&nbsp;__scatterload_copy
</UL>
<BR>[Called By]<UL><LI><a href="#[f3]">&gt;&gt;</a>&nbsp;&nbsp;&nbsp;__scatterload_copy
</UL>

<P><STRONG><a name="[205]"></a>__scatterload_null</STRONG> (Thumb, 2 bytes, Stack size unknown bytes, __scatter.o(!!handler_null), UNUSED)

<P><STRONG><a name="[206]"></a>__scatterload_zeroinit</STRONG> (Thumb, 28 bytes, Stack size unknown bytes, __scatter_zi.o(!!handler_zi), UNUSED)

<P><STRONG><a name="[fa]"></a>__rt_lib_init</STRONG> (Thumb, 0 bytes, Stack size unknown bytes, libinit.o(.ARM.Collect$$libinit$$00000000))
<BR><BR>[Called By]<UL><LI><a href="#[f9]">&gt;&gt;</a>&nbsp;&nbsp;&nbsp;__rt_entry_li
</UL>

<P><STRONG><a name="[f4]"></a>__rt_lib_init_fp_1</STRONG> (Thumb, 0 bytes, Stack size unknown bytes, libinit2.o(.ARM.Collect$$libinit$$00000001))
<BR><BR>[Calls]<UL><LI><a href="#[f5]">&gt;&gt;</a>&nbsp;&nbsp;&nbsp;_fp_init
</UL>

<P><STRONG><a name="[207]"></a>__rt_lib_init_alloca_1</STRONG> (Thumb, 0 bytes, Stack size unknown bytes, libinit2.o(.ARM.Collect$$libinit$$00000030))

<P><STRONG><a name="[208]"></a>__rt_lib_init_argv_1</STRONG> (Thumb, 0 bytes, Stack size unknown bytes, libinit2.o(.ARM.Collect$$libinit$$0000002E))

<P><STRONG><a name="[209]"></a>__rt_lib_init_atexit_1</STRONG> (Thumb, 0 bytes, Stack size unknown bytes, libinit2.o(.ARM.Collect$$libinit$$0000001D))

<P><STRONG><a name="[20a]"></a>__rt_lib_init_clock_1</STRONG> (Thumb, 0 bytes, Stack size unknown bytes, libinit2.o(.ARM.Collect$$libinit$$00000023))

<P><STRONG><a name="[f6]"></a>__rt_lib_init_cpp_2</STRONG> (Thumb, 0 bytes, Stack size unknown bytes, libinit2.o(.ARM.Collect$$libinit$$00000033))
<BR><BR>[Stack]<UL><LI>Max Depth = 24 + Unknown Stack Size
<LI>Call Chain = __rt_lib_init_cpp_2 &rArr; __cpp_initialize__aeabi_
</UL>
<BR>[Calls]<UL><LI><a href="#[ef]">&gt;&gt;</a>&nbsp;&nbsp;&nbsp;__cpp_initialize__aeabi_
</UL>

<P><STRONG><a name="[20b]"></a>__rt_lib_init_exceptions_1</STRONG> (Thumb, 0 bytes, Stack size unknown bytes, libinit2.o(.ARM.Collect$$libinit$$00000032))

<P><STRONG><a name="[20c]"></a>__rt_lib_init_fp_trap_1</STRONG> (Thumb, 0 bytes, Stack size unknown bytes, libinit2.o(.ARM.Collect$$libinit$$00000021))

<P><STRONG><a name="[20d]"></a>__rt_lib_init_getenv_1</STRONG> (Thumb, 0 bytes, Stack size unknown bytes, libinit2.o(.ARM.Collect$$libinit$$00000025))

<P><STRONG><a name="[20e]"></a>__rt_lib_init_heap_1</STRONG> (Thumb, 0 bytes, Stack size unknown bytes, libinit2.o(.ARM.Collect$$libinit$$0000000C))

<P><STRONG><a name="[20f]"></a>__rt_lib_init_lc_collate_1</STRONG> (Thumb, 0 bytes, Stack size unknown bytes, libinit2.o(.ARM.Collect$$libinit$$00000013))

<P><STRONG><a name="[210]"></a>__rt_lib_init_lc_ctype_1</STRONG> (Thumb, 0 bytes, Stack size unknown bytes, libinit2.o(.ARM.Collect$$libinit$$00000015))

<P><STRONG><a name="[211]"></a>__rt_lib_init_lc_monetary_1</STRONG> (Thumb, 0 bytes, Stack size unknown bytes, libinit2.o(.ARM.Collect$$libinit$$00000017))

<P><STRONG><a name="[212]"></a>__rt_lib_init_lc_numeric_1</STRONG> (Thumb, 0 bytes, Stack size unknown bytes, libinit2.o(.ARM.Collect$$libinit$$00000019))

<P><STRONG><a name="[213]"></a>__rt_lib_init_lc_time_1</STRONG> (Thumb, 0 bytes, Stack size unknown bytes, libinit2.o(.ARM.Collect$$libinit$$0000001B))

<P><STRONG><a name="[214]"></a>__rt_lib_init_preinit_1</STRONG> (Thumb, 0 bytes, Stack size unknown bytes, libinit2.o(.ARM.Collect$$libinit$$00000006))

<P><STRONG><a name="[215]"></a>__rt_lib_init_rand_1</STRONG> (Thumb, 0 bytes, Stack size unknown bytes, libinit2.o(.ARM.Collect$$libinit$$00000010))

<P><STRONG><a name="[216]"></a>__rt_lib_init_relocate_pie_1</STRONG> (Thumb, 0 bytes, Stack size unknown bytes, libinit2.o(.ARM.Collect$$libinit$$00000004))

<P><STRONG><a name="[217]"></a>__rt_lib_init_signal_1</STRONG> (Thumb, 0 bytes, Stack size unknown bytes, libinit2.o(.ARM.Collect$$libinit$$0000001F))

<P><STRONG><a name="[218]"></a>__rt_lib_init_stdio_1</STRONG> (Thumb, 0 bytes, Stack size unknown bytes, libinit2.o(.ARM.Collect$$libinit$$00000027))

<P><STRONG><a name="[219]"></a>__rt_lib_init_user_alloc_1</STRONG> (Thumb, 0 bytes, Stack size unknown bytes, libinit2.o(.ARM.Collect$$libinit$$0000000E))

<P><STRONG><a name="[21a]"></a>__rt_lib_init_cpp_1</STRONG> (Thumb, 0 bytes, Stack size unknown bytes, libinit2.o(.ARM.Collect$$libinit$$00000034))

<P><STRONG><a name="[21b]"></a>__rt_lib_init_return</STRONG> (Thumb, 0 bytes, Stack size unknown bytes, libinit2.o(.ARM.Collect$$libinit$$00000035))

<P><STRONG><a name="[ff]"></a>__rt_lib_shutdown</STRONG> (Thumb, 0 bytes, Stack size unknown bytes, libshutdown.o(.ARM.Collect$$libshutdown$$00000000))
<BR><BR>[Called By]<UL><LI><a href="#[fe]">&gt;&gt;</a>&nbsp;&nbsp;&nbsp;__rt_exit_ls
<LI><a href="#[10c]">&gt;&gt;</a>&nbsp;&nbsp;&nbsp;abort
</UL>

<P><STRONG><a name="[21c]"></a>__rt_lib_shutdown_cpp_1</STRONG> (Thumb, 0 bytes, Stack size unknown bytes, libshutdown2.o(.ARM.Collect$$libshutdown$$00000002))

<P><STRONG><a name="[21d]"></a>__rt_lib_shutdown_fp_trap_1</STRONG> (Thumb, 0 bytes, Stack size unknown bytes, libshutdown2.o(.ARM.Collect$$libshutdown$$00000007))

<P><STRONG><a name="[21e]"></a>__rt_lib_shutdown_heap_1</STRONG> (Thumb, 0 bytes, Stack size unknown bytes, libshutdown2.o(.ARM.Collect$$libshutdown$$0000000F))

<P><STRONG><a name="[21f]"></a>__rt_lib_shutdown_return</STRONG> (Thumb, 0 bytes, Stack size unknown bytes, libshutdown2.o(.ARM.Collect$$libshutdown$$00000010))

<P><STRONG><a name="[220]"></a>__rt_lib_shutdown_signal_1</STRONG> (Thumb, 0 bytes, Stack size unknown bytes, libshutdown2.o(.ARM.Collect$$libshutdown$$0000000A))

<P><STRONG><a name="[221]"></a>__rt_lib_shutdown_stdio_1</STRONG> (Thumb, 0 bytes, Stack size unknown bytes, libshutdown2.o(.ARM.Collect$$libshutdown$$00000004))

<P><STRONG><a name="[222]"></a>__rt_lib_shutdown_user_alloc_1</STRONG> (Thumb, 0 bytes, Stack size unknown bytes, libshutdown2.o(.ARM.Collect$$libshutdown$$0000000C))

<P><STRONG><a name="[f1]"></a>__rt_entry</STRONG> (Thumb, 0 bytes, Stack size unknown bytes, __rtentry.o(.ARM.Collect$$rtentry$$00000000))
<BR><BR>[Called By]<UL><LI><a href="#[5c]">&gt;&gt;</a>&nbsp;&nbsp;&nbsp;__main
<LI><a href="#[f2]">&gt;&gt;</a>&nbsp;&nbsp;&nbsp;__scatterload_rt2
</UL>

<P><STRONG><a name="[223]"></a>__rt_entry_presh_1</STRONG> (Thumb, 0 bytes, Stack size unknown bytes, __rtentry2.o(.ARM.Collect$$rtentry$$00000002))

<P><STRONG><a name="[f7]"></a>__rt_entry_sh</STRONG> (Thumb, 0 bytes, Stack size unknown bytes, __rtentry4.o(.ARM.Collect$$rtentry$$00000004))
<BR><BR>[Stack]<UL><LI>Max Depth = 8 + Unknown Stack Size
<LI>Call Chain = __rt_entry_sh &rArr; __user_setup_stackheap
</UL>
<BR>[Calls]<UL><LI><a href="#[f8]">&gt;&gt;</a>&nbsp;&nbsp;&nbsp;__user_setup_stackheap
</UL>

<P><STRONG><a name="[f9]"></a>__rt_entry_li</STRONG> (Thumb, 0 bytes, Stack size unknown bytes, __rtentry2.o(.ARM.Collect$$rtentry$$0000000A))
<BR><BR>[Calls]<UL><LI><a href="#[fa]">&gt;&gt;</a>&nbsp;&nbsp;&nbsp;__rt_lib_init
</UL>

<P><STRONG><a name="[224]"></a>__rt_entry_postsh_1</STRONG> (Thumb, 0 bytes, Stack size unknown bytes, __rtentry2.o(.ARM.Collect$$rtentry$$00000009))

<P><STRONG><a name="[fb]"></a>__rt_entry_main</STRONG> (Thumb, 0 bytes, Stack size unknown bytes, __rtentry2.o(.ARM.Collect$$rtentry$$0000000D))
<BR><BR>[Stack]<UL><LI>Max Depth = 288 + Unknown Stack Size
<LI>Call Chain = __rt_entry_main &rArr; main &rArr; yunball_test_setup &rArr; TaskManager::registerTask(int, ITaskProcessor*) &rArr; osThreadNew &rArr; xTaskCreate &rArr; vPortFree &rArr; xTaskResumeAll &rArr; xTaskIncrementTick
</UL>
<BR>[Calls]<UL><LI><a href="#[fc]">&gt;&gt;</a>&nbsp;&nbsp;&nbsp;main
<LI><a href="#[fd]">&gt;&gt;</a>&nbsp;&nbsp;&nbsp;exit
</UL>

<P><STRONG><a name="[225]"></a>__rt_entry_postli_1</STRONG> (Thumb, 0 bytes, Stack size unknown bytes, __rtentry2.o(.ARM.Collect$$rtentry$$0000000C))

<P><STRONG><a name="[110]"></a>__rt_exit</STRONG> (Thumb, 0 bytes, Stack size unknown bytes, rtexit.o(.ARM.Collect$$rtexit$$00000000))
<BR><BR>[Called By]<UL><LI><a href="#[fd]">&gt;&gt;</a>&nbsp;&nbsp;&nbsp;exit
</UL>

<P><STRONG><a name="[fe]"></a>__rt_exit_ls</STRONG> (Thumb, 0 bytes, Stack size unknown bytes, rtexit2.o(.ARM.Collect$$rtexit$$00000003))
<BR><BR>[Calls]<UL><LI><a href="#[ff]">&gt;&gt;</a>&nbsp;&nbsp;&nbsp;__rt_lib_shutdown
</UL>

<P><STRONG><a name="[226]"></a>__rt_exit_prels_1</STRONG> (Thumb, 0 bytes, Stack size unknown bytes, rtexit2.o(.ARM.Collect$$rtexit$$00000002))

<P><STRONG><a name="[100]"></a>__rt_exit_exit</STRONG> (Thumb, 0 bytes, Stack size unknown bytes, rtexit2.o(.ARM.Collect$$rtexit$$00000004))
<BR><BR>[Calls]<UL><LI><a href="#[101]">&gt;&gt;</a>&nbsp;&nbsp;&nbsp;_sys_exit
</UL>

<P><STRONG><a name="[0]"></a>Reset_Handler</STRONG> (Thumb, 8 bytes, Stack size 0 bytes, startup_stm32f407xx.o(.text))
<BR>[Address Reference Count : 1]<UL><LI> startup_stm32f407xx.o(RESET)
</UL>
<P><STRONG><a name="[1c]"></a>ADC_IRQHandler</STRONG> (Thumb, 0 bytes, Stack size 0 bytes, startup_stm32f407xx.o(.text))
<BR><BR>[Calls]<UL><LI><a href="#[1c]">&gt;&gt;</a>&nbsp;&nbsp;&nbsp;ADC_IRQHandler
</UL>
<BR>[Called By]<UL><LI><a href="#[1c]">&gt;&gt;</a>&nbsp;&nbsp;&nbsp;ADC_IRQHandler
</UL>
<BR>[Address Reference Count : 1]<UL><LI> startup_stm32f407xx.o(RESET)
</UL>
<P><STRONG><a name="[1f]"></a>CAN1_RX1_IRQHandler</STRONG> (Thumb, 0 bytes, Stack size 0 bytes, startup_stm32f407xx.o(.text))
<BR>[Address Reference Count : 1]<UL><LI> startup_stm32f407xx.o(RESET)
</UL>
<P><STRONG><a name="[20]"></a>CAN1_SCE_IRQHandler</STRONG> (Thumb, 0 bytes, Stack size 0 bytes, startup_stm32f407xx.o(.text))
<BR>[Address Reference Count : 1]<UL><LI> startup_stm32f407xx.o(RESET)
</UL>
<P><STRONG><a name="[1d]"></a>CAN1_TX_IRQHandler</STRONG> (Thumb, 0 bytes, Stack size 0 bytes, startup_stm32f407xx.o(.text))
<BR>[Address Reference Count : 1]<UL><LI> startup_stm32f407xx.o(RESET)
</UL>
<P><STRONG><a name="[4b]"></a>CAN2_RX1_IRQHandler</STRONG> (Thumb, 0 bytes, Stack size 0 bytes, startup_stm32f407xx.o(.text))
<BR>[Address Reference Count : 1]<UL><LI> startup_stm32f407xx.o(RESET)
</UL>
<P><STRONG><a name="[4c]"></a>CAN2_SCE_IRQHandler</STRONG> (Thumb, 0 bytes, Stack size 0 bytes, startup_stm32f407xx.o(.text))
<BR>[Address Reference Count : 1]<UL><LI> startup_stm32f407xx.o(RESET)
</UL>
<P><STRONG><a name="[49]"></a>CAN2_TX_IRQHandler</STRONG> (Thumb, 0 bytes, Stack size 0 bytes, startup_stm32f407xx.o(.text))
<BR>[Address Reference Count : 1]<UL><LI> startup_stm32f407xx.o(RESET)
</UL>
<P><STRONG><a name="[58]"></a>DCMI_IRQHandler</STRONG> (Thumb, 0 bytes, Stack size 0 bytes, startup_stm32f407xx.o(.text))
<BR>[Address Reference Count : 1]<UL><LI> startup_stm32f407xx.o(RESET)
</UL>
<P><STRONG><a name="[15]"></a>DMA1_Stream0_IRQHandler</STRONG> (Thumb, 0 bytes, Stack size 0 bytes, startup_stm32f407xx.o(.text))
<BR>[Address Reference Count : 1]<UL><LI> startup_stm32f407xx.o(RESET)
</UL>
<P><STRONG><a name="[16]"></a>DMA1_Stream1_IRQHandler</STRONG> (Thumb, 0 bytes, Stack size 0 bytes, startup_stm32f407xx.o(.text))
<BR>[Address Reference Count : 1]<UL><LI> startup_stm32f407xx.o(RESET)
</UL>
<P><STRONG><a name="[17]"></a>DMA1_Stream2_IRQHandler</STRONG> (Thumb, 0 bytes, Stack size 0 bytes, startup_stm32f407xx.o(.text))
<BR>[Address Reference Count : 1]<UL><LI> startup_stm32f407xx.o(RESET)
</UL>
<P><STRONG><a name="[1a]"></a>DMA1_Stream5_IRQHandler</STRONG> (Thumb, 0 bytes, Stack size 0 bytes, startup_stm32f407xx.o(.text))
<BR>[Address Reference Count : 1]<UL><LI> startup_stm32f407xx.o(RESET)
</UL>
<P><STRONG><a name="[42]"></a>DMA2_Stream0_IRQHandler</STRONG> (Thumb, 0 bytes, Stack size 0 bytes, startup_stm32f407xx.o(.text))
<BR>[Address Reference Count : 1]<UL><LI> startup_stm32f407xx.o(RESET)
</UL>
<P><STRONG><a name="[43]"></a>DMA2_Stream1_IRQHandler</STRONG> (Thumb, 0 bytes, Stack size 0 bytes, startup_stm32f407xx.o(.text))
<BR>[Address Reference Count : 1]<UL><LI> startup_stm32f407xx.o(RESET)
</UL>
<P><STRONG><a name="[44]"></a>DMA2_Stream2_IRQHandler</STRONG> (Thumb, 0 bytes, Stack size 0 bytes, startup_stm32f407xx.o(.text))
<BR>[Address Reference Count : 1]<UL><LI> startup_stm32f407xx.o(RESET)
</UL>
<P><STRONG><a name="[45]"></a>DMA2_Stream3_IRQHandler</STRONG> (Thumb, 0 bytes, Stack size 0 bytes, startup_stm32f407xx.o(.text))
<BR>[Address Reference Count : 1]<UL><LI> startup_stm32f407xx.o(RESET)
</UL>
<P><STRONG><a name="[46]"></a>DMA2_Stream4_IRQHandler</STRONG> (Thumb, 0 bytes, Stack size 0 bytes, startup_stm32f407xx.o(.text))
<BR>[Address Reference Count : 1]<UL><LI> startup_stm32f407xx.o(RESET)
</UL>
<P><STRONG><a name="[4e]"></a>DMA2_Stream5_IRQHandler</STRONG> (Thumb, 0 bytes, Stack size 0 bytes, startup_stm32f407xx.o(.text))
<BR>[Address Reference Count : 1]<UL><LI> startup_stm32f407xx.o(RESET)
</UL>
<P><STRONG><a name="[47]"></a>ETH_IRQHandler</STRONG> (Thumb, 0 bytes, Stack size 0 bytes, startup_stm32f407xx.o(.text))
<BR>[Address Reference Count : 1]<UL><LI> startup_stm32f407xx.o(RESET)
</UL>
<P><STRONG><a name="[48]"></a>ETH_WKUP_IRQHandler</STRONG> (Thumb, 0 bytes, Stack size 0 bytes, startup_stm32f407xx.o(.text))
<BR>[Address Reference Count : 1]<UL><LI> startup_stm32f407xx.o(RESET)
</UL>
<P><STRONG><a name="[10]"></a>EXTI0_IRQHandler</STRONG> (Thumb, 0 bytes, Stack size 0 bytes, startup_stm32f407xx.o(.text))
<BR>[Address Reference Count : 1]<UL><LI> startup_stm32f407xx.o(RESET)
</UL>
<P><STRONG><a name="[32]"></a>EXTI15_10_IRQHandler</STRONG> (Thumb, 0 bytes, Stack size 0 bytes, startup_stm32f407xx.o(.text))
<BR>[Address Reference Count : 1]<UL><LI> startup_stm32f407xx.o(RESET)
</UL>
<P><STRONG><a name="[11]"></a>EXTI1_IRQHandler</STRONG> (Thumb, 0 bytes, Stack size 0 bytes, startup_stm32f407xx.o(.text))
<BR>[Address Reference Count : 1]<UL><LI> startup_stm32f407xx.o(RESET)
</UL>
<P><STRONG><a name="[12]"></a>EXTI2_IRQHandler</STRONG> (Thumb, 0 bytes, Stack size 0 bytes, startup_stm32f407xx.o(.text))
<BR>[Address Reference Count : 1]<UL><LI> startup_stm32f407xx.o(RESET)
</UL>
<P><STRONG><a name="[13]"></a>EXTI3_IRQHandler</STRONG> (Thumb, 0 bytes, Stack size 0 bytes, startup_stm32f407xx.o(.text))
<BR>[Address Reference Count : 1]<UL><LI> startup_stm32f407xx.o(RESET)
</UL>
<P><STRONG><a name="[14]"></a>EXTI4_IRQHandler</STRONG> (Thumb, 0 bytes, Stack size 0 bytes, startup_stm32f407xx.o(.text))
<BR>[Address Reference Count : 1]<UL><LI> startup_stm32f407xx.o(RESET)
</UL>
<P><STRONG><a name="[21]"></a>EXTI9_5_IRQHandler</STRONG> (Thumb, 0 bytes, Stack size 0 bytes, startup_stm32f407xx.o(.text))
<BR>[Address Reference Count : 1]<UL><LI> startup_stm32f407xx.o(RESET)
</UL>
<P><STRONG><a name="[e]"></a>FLASH_IRQHandler</STRONG> (Thumb, 0 bytes, Stack size 0 bytes, startup_stm32f407xx.o(.text))
<BR>[Address Reference Count : 1]<UL><LI> startup_stm32f407xx.o(RESET)
</UL>
<P><STRONG><a name="[3a]"></a>FMC_IRQHandler</STRONG> (Thumb, 0 bytes, Stack size 0 bytes, startup_stm32f407xx.o(.text))
<BR>[Address Reference Count : 1]<UL><LI> startup_stm32f407xx.o(RESET)
</UL>
<P><STRONG><a name="[5a]"></a>FPU_IRQHandler</STRONG> (Thumb, 0 bytes, Stack size 0 bytes, startup_stm32f407xx.o(.text))
<BR>[Address Reference Count : 1]<UL><LI> startup_stm32f407xx.o(RESET)
</UL>
<P><STRONG><a name="[59]"></a>HASH_RNG_IRQHandler</STRONG> (Thumb, 0 bytes, Stack size 0 bytes, startup_stm32f407xx.o(.text))
<BR>[Address Reference Count : 1]<UL><LI> startup_stm32f407xx.o(RESET)
</UL>
<P><STRONG><a name="[2a]"></a>I2C1_ER_IRQHandler</STRONG> (Thumb, 0 bytes, Stack size 0 bytes, startup_stm32f407xx.o(.text))
<BR>[Address Reference Count : 1]<UL><LI> startup_stm32f407xx.o(RESET)
</UL>
<P><STRONG><a name="[29]"></a>I2C1_EV_IRQHandler</STRONG> (Thumb, 0 bytes, Stack size 0 bytes, startup_stm32f407xx.o(.text))
<BR>[Address Reference Count : 1]<UL><LI> startup_stm32f407xx.o(RESET)
</UL>
<P><STRONG><a name="[2c]"></a>I2C2_ER_IRQHandler</STRONG> (Thumb, 0 bytes, Stack size 0 bytes, startup_stm32f407xx.o(.text))
<BR>[Address Reference Count : 1]<UL><LI> startup_stm32f407xx.o(RESET)
</UL>
<P><STRONG><a name="[2b]"></a>I2C2_EV_IRQHandler</STRONG> (Thumb, 0 bytes, Stack size 0 bytes, startup_stm32f407xx.o(.text))
<BR>[Address Reference Count : 1]<UL><LI> startup_stm32f407xx.o(RESET)
</UL>
<P><STRONG><a name="[53]"></a>I2C3_ER_IRQHandler</STRONG> (Thumb, 0 bytes, Stack size 0 bytes, startup_stm32f407xx.o(.text))
<BR>[Address Reference Count : 1]<UL><LI> startup_stm32f407xx.o(RESET)
</UL>
<P><STRONG><a name="[52]"></a>I2C3_EV_IRQHandler</STRONG> (Thumb, 0 bytes, Stack size 0 bytes, startup_stm32f407xx.o(.text))
<BR>[Address Reference Count : 1]<UL><LI> startup_stm32f407xx.o(RESET)
</UL>
<P><STRONG><a name="[4d]"></a>OTG_FS_IRQHandler</STRONG> (Thumb, 0 bytes, Stack size 0 bytes, startup_stm32f407xx.o(.text))
<BR>[Address Reference Count : 1]<UL><LI> startup_stm32f407xx.o(RESET)
</UL>
<P><STRONG><a name="[34]"></a>OTG_FS_WKUP_IRQHandler</STRONG> (Thumb, 0 bytes, Stack size 0 bytes, startup_stm32f407xx.o(.text))
<BR>[Address Reference Count : 1]<UL><LI> startup_stm32f407xx.o(RESET)
</UL>
<P><STRONG><a name="[55]"></a>OTG_HS_EP1_IN_IRQHandler</STRONG> (Thumb, 0 bytes, Stack size 0 bytes, startup_stm32f407xx.o(.text))
<BR>[Address Reference Count : 1]<UL><LI> startup_stm32f407xx.o(RESET)
</UL>
<P><STRONG><a name="[54]"></a>OTG_HS_EP1_OUT_IRQHandler</STRONG> (Thumb, 0 bytes, Stack size 0 bytes, startup_stm32f407xx.o(.text))
<BR>[Address Reference Count : 1]<UL><LI> startup_stm32f407xx.o(RESET)
</UL>
<P><STRONG><a name="[57]"></a>OTG_HS_IRQHandler</STRONG> (Thumb, 0 bytes, Stack size 0 bytes, startup_stm32f407xx.o(.text))
<BR>[Address Reference Count : 1]<UL><LI> startup_stm32f407xx.o(RESET)
</UL>
<P><STRONG><a name="[56]"></a>OTG_HS_WKUP_IRQHandler</STRONG> (Thumb, 0 bytes, Stack size 0 bytes, startup_stm32f407xx.o(.text))
<BR>[Address Reference Count : 1]<UL><LI> startup_stm32f407xx.o(RESET)
</UL>
<P><STRONG><a name="[b]"></a>PVD_IRQHandler</STRONG> (Thumb, 0 bytes, Stack size 0 bytes, startup_stm32f407xx.o(.text))
<BR>[Address Reference Count : 1]<UL><LI> startup_stm32f407xx.o(RESET)
</UL>
<P><STRONG><a name="[f]"></a>RCC_IRQHandler</STRONG> (Thumb, 0 bytes, Stack size 0 bytes, startup_stm32f407xx.o(.text))
<BR>[Address Reference Count : 1]<UL><LI> startup_stm32f407xx.o(RESET)
</UL>
<P><STRONG><a name="[33]"></a>RTC_Alarm_IRQHandler</STRONG> (Thumb, 0 bytes, Stack size 0 bytes, startup_stm32f407xx.o(.text))
<BR>[Address Reference Count : 1]<UL><LI> startup_stm32f407xx.o(RESET)
</UL>
<P><STRONG><a name="[d]"></a>RTC_WKUP_IRQHandler</STRONG> (Thumb, 0 bytes, Stack size 0 bytes, startup_stm32f407xx.o(.text))
<BR>[Address Reference Count : 1]<UL><LI> startup_stm32f407xx.o(RESET)
</UL>
<P><STRONG><a name="[3b]"></a>SDIO_IRQHandler</STRONG> (Thumb, 0 bytes, Stack size 0 bytes, startup_stm32f407xx.o(.text))
<BR>[Address Reference Count : 1]<UL><LI> startup_stm32f407xx.o(RESET)
</UL>
<P><STRONG><a name="[2d]"></a>SPI1_IRQHandler</STRONG> (Thumb, 0 bytes, Stack size 0 bytes, startup_stm32f407xx.o(.text))
<BR>[Address Reference Count : 1]<UL><LI> startup_stm32f407xx.o(RESET)
</UL>
<P><STRONG><a name="[2e]"></a>SPI2_IRQHandler</STRONG> (Thumb, 0 bytes, Stack size 0 bytes, startup_stm32f407xx.o(.text))
<BR>[Address Reference Count : 1]<UL><LI> startup_stm32f407xx.o(RESET)
</UL>
<P><STRONG><a name="[3d]"></a>SPI3_IRQHandler</STRONG> (Thumb, 0 bytes, Stack size 0 bytes, startup_stm32f407xx.o(.text))
<BR>[Address Reference Count : 1]<UL><LI> startup_stm32f407xx.o(RESET)
</UL>
<P><STRONG><a name="[c]"></a>TAMP_STAMP_IRQHandler</STRONG> (Thumb, 0 bytes, Stack size 0 bytes, startup_stm32f407xx.o(.text))
<BR>[Address Reference Count : 1]<UL><LI> startup_stm32f407xx.o(RESET)
</UL>
<P><STRONG><a name="[22]"></a>TIM1_BRK_TIM9_IRQHandler</STRONG> (Thumb, 0 bytes, Stack size 0 bytes, startup_stm32f407xx.o(.text))
<BR>[Address Reference Count : 1]<UL><LI> startup_stm32f407xx.o(RESET)
</UL>
<P><STRONG><a name="[25]"></a>TIM1_CC_IRQHandler</STRONG> (Thumb, 0 bytes, Stack size 0 bytes, startup_stm32f407xx.o(.text))
<BR>[Address Reference Count : 1]<UL><LI> startup_stm32f407xx.o(RESET)
</UL>
<P><STRONG><a name="[24]"></a>TIM1_TRG_COM_TIM11_IRQHandler</STRONG> (Thumb, 0 bytes, Stack size 0 bytes, startup_stm32f407xx.o(.text))
<BR>[Address Reference Count : 1]<UL><LI> startup_stm32f407xx.o(RESET)
</UL>
<P><STRONG><a name="[23]"></a>TIM1_UP_TIM10_IRQHandler</STRONG> (Thumb, 0 bytes, Stack size 0 bytes, startup_stm32f407xx.o(.text))
<BR>[Address Reference Count : 1]<UL><LI> startup_stm32f407xx.o(RESET)
</UL>
<P><STRONG><a name="[26]"></a>TIM2_IRQHandler</STRONG> (Thumb, 0 bytes, Stack size 0 bytes, startup_stm32f407xx.o(.text))
<BR>[Address Reference Count : 1]<UL><LI> startup_stm32f407xx.o(RESET)
</UL>
<P><STRONG><a name="[27]"></a>TIM3_IRQHandler</STRONG> (Thumb, 0 bytes, Stack size 0 bytes, startup_stm32f407xx.o(.text))
<BR>[Address Reference Count : 1]<UL><LI> startup_stm32f407xx.o(RESET)
</UL>
<P><STRONG><a name="[28]"></a>TIM4_IRQHandler</STRONG> (Thumb, 0 bytes, Stack size 0 bytes, startup_stm32f407xx.o(.text))
<BR>[Address Reference Count : 1]<UL><LI> startup_stm32f407xx.o(RESET)
</UL>
<P><STRONG><a name="[40]"></a>TIM6_DAC_IRQHandler</STRONG> (Thumb, 0 bytes, Stack size 0 bytes, startup_stm32f407xx.o(.text))
<BR>[Address Reference Count : 1]<UL><LI> startup_stm32f407xx.o(RESET)
</UL>
<P><STRONG><a name="[41]"></a>TIM7_IRQHandler</STRONG> (Thumb, 0 bytes, Stack size 0 bytes, startup_stm32f407xx.o(.text))
<BR>[Address Reference Count : 1]<UL><LI> startup_stm32f407xx.o(RESET)
</UL>
<P><STRONG><a name="[35]"></a>TIM8_BRK_TIM12_IRQHandler</STRONG> (Thumb, 0 bytes, Stack size 0 bytes, startup_stm32f407xx.o(.text))
<BR>[Address Reference Count : 1]<UL><LI> startup_stm32f407xx.o(RESET)
</UL>
<P><STRONG><a name="[38]"></a>TIM8_CC_IRQHandler</STRONG> (Thumb, 0 bytes, Stack size 0 bytes, startup_stm32f407xx.o(.text))
<BR>[Address Reference Count : 1]<UL><LI> startup_stm32f407xx.o(RESET)
</UL>
<P><STRONG><a name="[36]"></a>TIM8_UP_TIM13_IRQHandler</STRONG> (Thumb, 0 bytes, Stack size 0 bytes, startup_stm32f407xx.o(.text))
<BR>[Address Reference Count : 1]<UL><LI> startup_stm32f407xx.o(RESET)
</UL>
<P><STRONG><a name="[a]"></a>WWDG_IRQHandler</STRONG> (Thumb, 0 bytes, Stack size 0 bytes, startup_stm32f407xx.o(.text))
<BR>[Address Reference Count : 1]<UL><LI> startup_stm32f407xx.o(RESET)
</UL>
<P><STRONG><a name="[10f]"></a>__user_initial_stackheap</STRONG> (Thumb, 0 bytes, Stack size unknown bytes, startup_stm32f407xx.o(.text))
<BR><BR>[Called By]<UL><LI><a href="#[f8]">&gt;&gt;</a>&nbsp;&nbsp;&nbsp;__user_setup_stackheap
</UL>

<P><STRONG><a name="[139]"></a>__aeabi_uldivmod</STRONG> (Thumb, 0 bytes, Stack size 48 bytes, lludivv7m.o(.text))
<BR><BR>[Stack]<UL><LI>Max Depth = 48<LI>Call Chain = __aeabi_uldivmod
</UL>
<BR>[Called By]<UL><LI><a href="#[138]">&gt;&gt;</a>&nbsp;&nbsp;&nbsp;HAL_RCC_GetSysClockFreq
<LI><a href="#[152]">&gt;&gt;</a>&nbsp;&nbsp;&nbsp;UART_SetConfig
</UL>

<P><STRONG><a name="[227]"></a>_ll_udiv</STRONG> (Thumb, 240 bytes, Stack size 48 bytes, lludivv7m.o(.text), UNUSED)

<P><STRONG><a name="[1a4]"></a>memcmp</STRONG> (Thumb, 88 bytes, Stack size 8 bytes, memcmp.o(.text))
<BR><BR>[Stack]<UL><LI>Max Depth = 8<LI>Call Chain = memcmp
</UL>
<BR>[Called By]<UL><LI><a href="#[1a2]">&gt;&gt;</a>&nbsp;&nbsp;&nbsp;LaserProcessor::ProcessByte(unsigned char)
</UL>

<P><STRONG><a name="[1a7]"></a>__aeabi_memcpy</STRONG> (Thumb, 0 bytes, Stack size 0 bytes, rt_memcpy_v6.o(.text))
<BR><BR>[Called By]<UL><LI><a href="#[1cf]">&gt;&gt;</a>&nbsp;&nbsp;&nbsp;xQueueReceiveFromISR
<LI><a href="#[1d0]">&gt;&gt;</a>&nbsp;&nbsp;&nbsp;xQueueReceive
<LI><a href="#[1d4]">&gt;&gt;</a>&nbsp;&nbsp;&nbsp;xQueueGenericSendFromISR
<LI><a href="#[1d5]">&gt;&gt;</a>&nbsp;&nbsp;&nbsp;xQueueGenericSend
<LI><a href="#[1a3]">&gt;&gt;</a>&nbsp;&nbsp;&nbsp;LaserProcessor::ParseAsciiDistance(unsigned char const*, unsigned short)
</UL>

<P><STRONG><a name="[102]"></a>__rt_memcpy</STRONG> (Thumb, 138 bytes, Stack size 0 bytes, rt_memcpy_v6.o(.text), UNUSED)
<BR><BR>[Calls]<UL><LI><a href="#[103]">&gt;&gt;</a>&nbsp;&nbsp;&nbsp;__aeabi_memcpy4
</UL>

<P><STRONG><a name="[228]"></a>_memcpy_lastbytes</STRONG> (Thumb, 0 bytes, Stack size unknown bytes, rt_memcpy_v6.o(.text), UNUSED)

<P><STRONG><a name="[103]"></a>__aeabi_memcpy4</STRONG> (Thumb, 0 bytes, Stack size 8 bytes, rt_memcpy_w.o(.text))
<BR><BR>[Stack]<UL><LI>Max Depth = 8<LI>Call Chain = __aeabi_memcpy4
</UL>
<BR>[Called By]<UL><LI><a href="#[6c]">&gt;&gt;</a>&nbsp;&nbsp;&nbsp;RC9Protocol::process_data()
<LI><a href="#[102]">&gt;&gt;</a>&nbsp;&nbsp;&nbsp;__rt_memcpy
</UL>

<P><STRONG><a name="[229]"></a>__aeabi_memcpy8</STRONG> (Thumb, 0 bytes, Stack size 8 bytes, rt_memcpy_w.o(.text), UNUSED)

<P><STRONG><a name="[22a]"></a>__rt_memcpy_w</STRONG> (Thumb, 100 bytes, Stack size 8 bytes, rt_memcpy_w.o(.text), UNUSED)

<P><STRONG><a name="[22b]"></a>_memcpy_lastbytes_aligned</STRONG> (Thumb, 0 bytes, Stack size unknown bytes, rt_memcpy_w.o(.text), UNUSED)

<P><STRONG><a name="[104]"></a>__aeabi_memset4</STRONG> (Thumb, 16 bytes, Stack size 0 bytes, aeabi_memset4.o(.text))
<BR><BR>[Stack]<UL><LI>Max Depth = 4<LI>Call Chain = __aeabi_memset4 &rArr; _memset_w
</UL>
<BR>[Calls]<UL><LI><a href="#[105]">&gt;&gt;</a>&nbsp;&nbsp;&nbsp;_memset_w
</UL>
<BR>[Called By]<UL><LI><a href="#[1df]">&gt;&gt;</a>&nbsp;&nbsp;&nbsp;prvInitialiseNewTask
</UL>

<P><STRONG><a name="[22c]"></a>__aeabi_memset8</STRONG> (Thumb, 0 bytes, Stack size 0 bytes, aeabi_memset4.o(.text), UNUSED)

<P><STRONG><a name="[1a6]"></a>__aeabi_memclr</STRONG> (Thumb, 0 bytes, Stack size unknown bytes, rt_memclr.o(.text))
<BR><BR>[Called By]<UL><LI><a href="#[178]">&gt;&gt;</a>&nbsp;&nbsp;&nbsp;m3508p::m3508p(unsigned char, CAN_HandleTypeDef*, bool, float)
<LI><a href="#[1a3]">&gt;&gt;</a>&nbsp;&nbsp;&nbsp;LaserProcessor::ParseAsciiDistance(unsigned char const*, unsigned short)
</UL>

<P><STRONG><a name="[22d]"></a>__rt_memclr</STRONG> (Thumb, 0 bytes, Stack size unknown bytes, rt_memclr.o(.text), UNUSED)

<P><STRONG><a name="[106]"></a>_memset</STRONG> (Thumb, 64 bytes, Stack size 0 bytes, rt_memclr.o(.text), UNUSED)
<BR><BR>[Calls]<UL><LI><a href="#[105]">&gt;&gt;</a>&nbsp;&nbsp;&nbsp;_memset_w
</UL>

<P><STRONG><a name="[173]"></a>__aeabi_memclr4</STRONG> (Thumb, 0 bytes, Stack size unknown bytes, rt_memclr_w.o(.text))
<BR><BR>[Called By]<UL><LI><a href="#[17c]">&gt;&gt;</a>&nbsp;&nbsp;&nbsp;vesc::vesc(unsigned char, CAN_HandleTypeDef*, unsigned char, float, float, float, float, float)
<LI><a href="#[1aa]">&gt;&gt;</a>&nbsp;&nbsp;&nbsp;SimpleMeanFilter::SimpleMeanFilter()
<LI><a href="#[17b]">&gt;&gt;</a>&nbsp;&nbsp;&nbsp;IncrePID::IncrePID(float, float, float, float, float, float)
<LI><a href="#[19a]">&gt;&gt;</a>&nbsp;&nbsp;&nbsp;TaskManager::registerTask(int, ITaskProcessor*)
<LI><a href="#[ed]">&gt;&gt;</a>&nbsp;&nbsp;&nbsp;_GLOBAL__sub_I_TaskManager.cpp
<LI><a href="#[176]">&gt;&gt;</a>&nbsp;&nbsp;&nbsp;RC9Protocol::RC9Protocol(uart_type, __UART_HandleTypeDef*, bool)
<LI><a href="#[6c]">&gt;&gt;</a>&nbsp;&nbsp;&nbsp;RC9Protocol::process_data()
<LI><a href="#[17e]">&gt;&gt;</a>&nbsp;&nbsp;&nbsp;RoboChassis::RoboChassis(RoboChassisType)
</UL>

<P><STRONG><a name="[22e]"></a>__aeabi_memclr8</STRONG> (Thumb, 0 bytes, Stack size unknown bytes, rt_memclr_w.o(.text), UNUSED)

<P><STRONG><a name="[22f]"></a>__rt_memclr_w</STRONG> (Thumb, 0 bytes, Stack size unknown bytes, rt_memclr_w.o(.text), UNUSED)

<P><STRONG><a name="[105]"></a>_memset_w</STRONG> (Thumb, 74 bytes, Stack size 4 bytes, rt_memclr_w.o(.text))
<BR><BR>[Stack]<UL><LI>Max Depth = 4<LI>Call Chain = _memset_w
</UL>
<BR>[Called By]<UL><LI><a href="#[106]">&gt;&gt;</a>&nbsp;&nbsp;&nbsp;_memset
<LI><a href="#[104]">&gt;&gt;</a>&nbsp;&nbsp;&nbsp;__aeabi_memset4
</UL>

<P><STRONG><a name="[230]"></a>__use_two_region_memory</STRONG> (Thumb, 2 bytes, Stack size 0 bytes, heapauxi.o(.text), UNUSED)

<P><STRONG><a name="[231]"></a>__rt_heap_escrow</STRONG> (Thumb, 2 bytes, Stack size 0 bytes, heapauxi.o(.text), UNUSED)

<P><STRONG><a name="[232]"></a>__rt_heap_expand</STRONG> (Thumb, 2 bytes, Stack size 0 bytes, heapauxi.o(.text), UNUSED)

<P><STRONG><a name="[ef]"></a>__cpp_initialize__aeabi_</STRONG> (Thumb, 36 bytes, Stack size 24 bytes, init_aeabi.o(.text))
<BR><BR>[Stack]<UL><LI>Max Depth = 24<LI>Call Chain = __cpp_initialize__aeabi_
</UL>
<BR>[Called By]<UL><LI><a href="#[f6]">&gt;&gt;</a>&nbsp;&nbsp;&nbsp;__rt_lib_init_cpp_2
</UL>

<P><STRONG><a name="[107]"></a>free</STRONG> (Thumb, 78 bytes, Stack size 16 bytes, h1_free.o(.text))
<BR><BR>[Stack]<UL><LI>Max Depth = 16<LI>Call Chain = free
</UL>
<BR>[Calls]<UL><LI><a href="#[108]">&gt;&gt;</a>&nbsp;&nbsp;&nbsp;__rt_heap_descriptor
</UL>
<BR>[Called By]<UL><LI><a href="#[1c8]">&gt;&gt;</a>&nbsp;&nbsp;&nbsp;operator delete(void*)
</UL>

<P><STRONG><a name="[109]"></a>__read_errno</STRONG> (Thumb, 10 bytes, Stack size 8 bytes, _rserrno.o(.text), UNUSED)
<BR><BR>[Calls]<UL><LI><a href="#[10a]">&gt;&gt;</a>&nbsp;&nbsp;&nbsp;__aeabi_errno_addr
</UL>

<P><STRONG><a name="[10b]"></a>__set_errno</STRONG> (Thumb, 12 bytes, Stack size 8 bytes, _rserrno.o(.text))
<BR><BR>[Stack]<UL><LI>Max Depth = 8<LI>Call Chain = __set_errno
</UL>
<BR>[Calls]<UL><LI><a href="#[10a]">&gt;&gt;</a>&nbsp;&nbsp;&nbsp;__aeabi_errno_addr
</UL>
<BR>[Called By]<UL><LI><a href="#[196]">&gt;&gt;</a>&nbsp;&nbsp;&nbsp;__hardfp_atan2f
</UL>

<P><STRONG><a name="[108]"></a>__rt_heap_descriptor</STRONG> (Thumb, 8 bytes, Stack size 0 bytes, rt_heap_descriptor_intlibspace.o(.text))
<BR><BR>[Called By]<UL><LI><a href="#[107]">&gt;&gt;</a>&nbsp;&nbsp;&nbsp;free
</UL>

<P><STRONG><a name="[10a]"></a>__aeabi_errno_addr</STRONG> (Thumb, 8 bytes, Stack size 0 bytes, rt_errno_addr_intlibspace.o(.text))
<BR><BR>[Called By]<UL><LI><a href="#[10b]">&gt;&gt;</a>&nbsp;&nbsp;&nbsp;__set_errno
<LI><a href="#[109]">&gt;&gt;</a>&nbsp;&nbsp;&nbsp;__read_errno
</UL>

<P><STRONG><a name="[233]"></a>__errno$intlibspace</STRONG> (Thumb, 0 bytes, Stack size 0 bytes, rt_errno_addr_intlibspace.o(.text), UNUSED)

<P><STRONG><a name="[234]"></a>__rt_errno_addr$intlibspace</STRONG> (Thumb, 0 bytes, Stack size 0 bytes, rt_errno_addr_intlibspace.o(.text), UNUSED)

<P><STRONG><a name="[10c]"></a>abort</STRONG> (Thumb, 22 bytes, Stack size 8 bytes, abort.o(.text))
<BR><BR>[Stack]<UL><LI>Max Depth = 48 + Unknown Stack Size
<LI>Call Chain = abort &rArr; __rt_SIGABRT &rArr; __rt_SIGABRT_inner &rArr; __default_signal_display &rArr; _ttywrch
</UL>
<BR>[Calls]<UL><LI><a href="#[ff]">&gt;&gt;</a>&nbsp;&nbsp;&nbsp;__rt_lib_shutdown
<LI><a href="#[10d]">&gt;&gt;</a>&nbsp;&nbsp;&nbsp;__rt_SIGABRT
<LI><a href="#[101]">&gt;&gt;</a>&nbsp;&nbsp;&nbsp;_sys_exit
</UL>
<BR>[Called By]<UL><LI><a href="#[1c9]">&gt;&gt;</a>&nbsp;&nbsp;&nbsp;abort_message
</UL>

<P><STRONG><a name="[101]"></a>_sys_exit</STRONG> (Thumb, 8 bytes, Stack size 0 bytes, sys_exit.o(.text))
<BR><BR>[Called By]<UL><LI><a href="#[100]">&gt;&gt;</a>&nbsp;&nbsp;&nbsp;__rt_exit_exit
<LI><a href="#[112]">&gt;&gt;</a>&nbsp;&nbsp;&nbsp;__sig_exit
<LI><a href="#[10c]">&gt;&gt;</a>&nbsp;&nbsp;&nbsp;abort
</UL>

<P><STRONG><a name="[235]"></a>__user_libspace</STRONG> (Thumb, 8 bytes, Stack size 0 bytes, libspace.o(.text), UNUSED)

<P><STRONG><a name="[10e]"></a>__user_perproc_libspace</STRONG> (Thumb, 0 bytes, Stack size 0 bytes, libspace.o(.text))
<BR><BR>[Called By]<UL><LI><a href="#[f8]">&gt;&gt;</a>&nbsp;&nbsp;&nbsp;__user_setup_stackheap
</UL>

<P><STRONG><a name="[236]"></a>__user_perthread_libspace</STRONG> (Thumb, 0 bytes, Stack size 0 bytes, libspace.o(.text), UNUSED)

<P><STRONG><a name="[f8]"></a>__user_setup_stackheap</STRONG> (Thumb, 74 bytes, Stack size 8 bytes, sys_stackheap_outer.o(.text))
<BR><BR>[Stack]<UL><LI>Max Depth = 8 + Unknown Stack Size
<LI>Call Chain = __user_setup_stackheap
</UL>
<BR>[Calls]<UL><LI><a href="#[10f]">&gt;&gt;</a>&nbsp;&nbsp;&nbsp;__user_initial_stackheap
<LI><a href="#[10e]">&gt;&gt;</a>&nbsp;&nbsp;&nbsp;__user_perproc_libspace
[...]
<LI><a href="#[64]">&gt;&gt;</a>&nbsp;&nbsp;&nbsp;prvTimerTask
</UL>

<P><STRONG><a name="[1cf]"></a>xQueueReceiveFromISR</STRONG> (Thumb, 210 bytes, Stack size 32 bytes, queue.o(.text.xQueueReceiveFromISR))
<BR><BR>[Stack]<UL><LI>Max Depth = 48<LI>Call Chain = xQueueReceiveFromISR &rArr; xTaskRemoveFromEventList
</UL>
<BR>[Calls]<UL><LI><a href="#[1f7]">&gt;&gt;</a>&nbsp;&nbsp;&nbsp;vPortValidateInterruptPriority
<LI><a href="#[1e8]">&gt;&gt;</a>&nbsp;&nbsp;&nbsp;xTaskRemoveFromEventList
<LI><a href="#[1a7]">&gt;&gt;</a>&nbsp;&nbsp;&nbsp;__aeabi_memcpy
</UL>
<BR>[Called By]<UL><LI><a href="#[189]">&gt;&gt;</a>&nbsp;&nbsp;&nbsp;osMessageQueueGet
</UL>

<P><STRONG><a name="[1f5]"></a>xTaskCheckForTimeOut</STRONG> (Thumb, 150 bytes, Stack size 16 bytes, tasks.o(.text.xTaskCheckForTimeOut))
<BR><BR>[Stack]<UL><LI>Max Depth = 16<LI>Call Chain = xTaskCheckForTimeOut
</UL>
<BR>[Calls]<UL><LI><a href="#[1dc]">&gt;&gt;</a>&nbsp;&nbsp;&nbsp;vPortExitCritical
<LI><a href="#[1d9]">&gt;&gt;</a>&nbsp;&nbsp;&nbsp;vPortEnterCritical
</UL>
<BR>[Called By]<UL><LI><a href="#[1d0]">&gt;&gt;</a>&nbsp;&nbsp;&nbsp;xQueueReceive
<LI><a href="#[1d5]">&gt;&gt;</a>&nbsp;&nbsp;&nbsp;xQueueGenericSend
</UL>

<P><STRONG><a name="[1d7]"></a>xTaskCreate</STRONG> (Thumb, 96 bytes, Stack size 40 bytes, tasks.o(.text.xTaskCreate))
<BR><BR>[Stack]<UL><LI>Max Depth = 112<LI>Call Chain = xTaskCreate &rArr; vPortFree &rArr; xTaskResumeAll &rArr; xTaskIncrementTick
</UL>
<BR>[Calls]<UL><LI><a href="#[1d8]">&gt;&gt;</a>&nbsp;&nbsp;&nbsp;prvAddNewTaskToReadyList
<LI><a href="#[1df]">&gt;&gt;</a>&nbsp;&nbsp;&nbsp;prvInitialiseNewTask
<LI><a href="#[1dd]">&gt;&gt;</a>&nbsp;&nbsp;&nbsp;vPortFree
<LI><a href="#[1ea]">&gt;&gt;</a>&nbsp;&nbsp;&nbsp;pvPortMalloc
</UL>
<BR>[Called By]<UL><LI><a href="#[19b]">&gt;&gt;</a>&nbsp;&nbsp;&nbsp;osThreadNew
</UL>

<P><STRONG><a name="[1d6]"></a>xTaskCreateStatic</STRONG> (Thumb, 118 bytes, Stack size 40 bytes, tasks.o(.text.xTaskCreateStatic))
<BR><BR>[Stack]<UL><LI>Max Depth = 76<LI>Call Chain = xTaskCreateStatic &rArr; prvInitialiseNewTask &rArr; __aeabi_memset4 &rArr; _memset_w
</UL>
<BR>[Calls]<UL><LI><a href="#[1d8]">&gt;&gt;</a>&nbsp;&nbsp;&nbsp;prvAddNewTaskToReadyList
<LI><a href="#[1df]">&gt;&gt;</a>&nbsp;&nbsp;&nbsp;prvInitialiseNewTask
</UL>
<BR>[Called By]<UL><LI><a href="#[19b]">&gt;&gt;</a>&nbsp;&nbsp;&nbsp;osThreadNew
<LI><a href="#[1ee]">&gt;&gt;</a>&nbsp;&nbsp;&nbsp;xTimerCreateTimerTask
</UL>

<P><STRONG><a name="[16e]"></a>xTaskGetSchedulerState</STRONG> (Thumb, 30 bytes, Stack size 0 bytes, tasks.o(.text.xTaskGetSchedulerState))
<BR><BR>[Called By]<UL><LI><a href="#[9]">&gt;&gt;</a>&nbsp;&nbsp;&nbsp;SysTick_Handler
<LI><a href="#[64]">&gt;&gt;</a>&nbsp;&nbsp;&nbsp;prvTimerTask
<LI><a href="#[1d0]">&gt;&gt;</a>&nbsp;&nbsp;&nbsp;xQueueReceive
<LI><a href="#[1d5]">&gt;&gt;</a>&nbsp;&nbsp;&nbsp;xQueueGenericSend
</UL>

<P><STRONG><a name="[1e3]"></a>xTaskGetTickCount</STRONG> (Thumb, 12 bytes, Stack size 0 bytes, tasks.o(.text.xTaskGetTickCount))
<BR><BR>[Called By]<UL><LI><a href="#[64]">&gt;&gt;</a>&nbsp;&nbsp;&nbsp;prvTimerTask
</UL>

<P><STRONG><a name="[1f3]"></a>xTaskIncrementTick</STRONG> (Thumb, 260 bytes, Stack size 32 bytes, tasks.o(.text.xTaskIncrementTick))
<BR><BR>[Stack]<UL><LI>Max Depth = 32<LI>Call Chain = xTaskIncrementTick
</UL>
<BR>[Calls]<UL><LI><a href="#[1de]">&gt;&gt;</a>&nbsp;&nbsp;&nbsp;uxListRemove
<LI><a href="#[1db]">&gt;&gt;</a>&nbsp;&nbsp;&nbsp;vListInsertEnd
</UL>
<BR>[Called By]<UL><LI><a href="#[16f]">&gt;&gt;</a>&nbsp;&nbsp;&nbsp;xPortSysTickHandler
<LI><a href="#[1e4]">&gt;&gt;</a>&nbsp;&nbsp;&nbsp;xTaskResumeAll
</UL>

<P><STRONG><a name="[1f6]"></a>xTaskPriorityDisinherit</STRONG> (Thumb, 138 bytes, Stack size 16 bytes, tasks.o(.text.xTaskPriorityDisinherit))
<BR><BR>[Stack]<UL><LI>Max Depth = 16<LI>Call Chain = xTaskPriorityDisinherit
</UL>
<BR>[Calls]<UL><LI><a href="#[1de]">&gt;&gt;</a>&nbsp;&nbsp;&nbsp;uxListRemove
<LI><a href="#[1db]">&gt;&gt;</a>&nbsp;&nbsp;&nbsp;vListInsertEnd
</UL>
<BR>[Called By]<UL><LI><a href="#[1d4]">&gt;&gt;</a>&nbsp;&nbsp;&nbsp;xQueueGenericSendFromISR
<LI><a href="#[1d5]">&gt;&gt;</a>&nbsp;&nbsp;&nbsp;xQueueGenericSend
</UL>

<P><STRONG><a name="[1e8]"></a>xTaskRemoveFromEventList</STRONG> (Thumb, 114 bytes, Stack size 16 bytes, tasks.o(.text.xTaskRemoveFromEventList))
<BR><BR>[Stack]<UL><LI>Max Depth = 16<LI>Call Chain = xTaskRemoveFromEventList
</UL>
<BR>[Calls]<UL><LI><a href="#[1de]">&gt;&gt;</a>&nbsp;&nbsp;&nbsp;uxListRemove
<LI><a href="#[1db]">&gt;&gt;</a>&nbsp;&nbsp;&nbsp;vListInsertEnd
</UL>
<BR>[Called By]<UL><LI><a href="#[1cf]">&gt;&gt;</a>&nbsp;&nbsp;&nbsp;xQueueReceiveFromISR
<LI><a href="#[1d0]">&gt;&gt;</a>&nbsp;&nbsp;&nbsp;xQueueReceive
<LI><a href="#[1d4]">&gt;&gt;</a>&nbsp;&nbsp;&nbsp;xQueueGenericSendFromISR
<LI><a href="#[1d5]">&gt;&gt;</a>&nbsp;&nbsp;&nbsp;xQueueGenericSend
<LI><a href="#[1e7]">&gt;&gt;</a>&nbsp;&nbsp;&nbsp;prvUnlockQueue
</UL>

<P><STRONG><a name="[1e4]"></a>xTaskResumeAll</STRONG> (Thumb, 238 bytes, Stack size 24 bytes, tasks.o(.text.xTaskResumeAll))
<BR><BR>[Stack]<UL><LI>Max Depth = 56<LI>Call Chain = xTaskResumeAll &rArr; xTaskIncrementTick
</UL>
<BR>[Calls]<UL><LI><a href="#[1f3]">&gt;&gt;</a>&nbsp;&nbsp;&nbsp;xTaskIncrementTick
<LI><a href="#[1de]">&gt;&gt;</a>&nbsp;&nbsp;&nbsp;uxListRemove
<LI><a href="#[1db]">&gt;&gt;</a>&nbsp;&nbsp;&nbsp;vListInsertEnd
<LI><a href="#[1dc]">&gt;&gt;</a>&nbsp;&nbsp;&nbsp;vPortExitCritical
<LI><a href="#[1d9]">&gt;&gt;</a>&nbsp;&nbsp;&nbsp;vPortEnterCritical
</UL>
<BR>[Called By]<UL><LI><a href="#[64]">&gt;&gt;</a>&nbsp;&nbsp;&nbsp;prvTimerTask
<LI><a href="#[1cc]">&gt;&gt;</a>&nbsp;&nbsp;&nbsp;vTaskDelay
<LI><a href="#[1d0]">&gt;&gt;</a>&nbsp;&nbsp;&nbsp;xQueueReceive
<LI><a href="#[1d5]">&gt;&gt;</a>&nbsp;&nbsp;&nbsp;xQueueGenericSend
<LI><a href="#[1dd]">&gt;&gt;</a>&nbsp;&nbsp;&nbsp;vPortFree
<LI><a href="#[1ea]">&gt;&gt;</a>&nbsp;&nbsp;&nbsp;pvPortMalloc
</UL>

<P><STRONG><a name="[1ee]"></a>xTimerCreateTimerTask</STRONG> (Thumb, 172 bytes, Stack size 40 bytes, timers.o(.text.xTimerCreateTimerTask))
<BR><BR>[Stack]<UL><LI>Max Depth = 116<LI>Call Chain = xTimerCreateTimerTask &rArr; xTaskCreateStatic &rArr; prvInitialiseNewTask &rArr; __aeabi_memset4 &rArr; _memset_w
</UL>
<BR>[Calls]<UL><LI><a href="#[1f8]">&gt;&gt;</a>&nbsp;&nbsp;&nbsp;vApplicationGetTimerTaskMemory
<LI><a href="#[1d6]">&gt;&gt;</a>&nbsp;&nbsp;&nbsp;xTaskCreateStatic
<LI><a href="#[1d3]">&gt;&gt;</a>&nbsp;&nbsp;&nbsp;vQueueAddToRegistry
<LI><a href="#[1d1]">&gt;&gt;</a>&nbsp;&nbsp;&nbsp;xQueueGenericCreateStatic
<LI><a href="#[1dc]">&gt;&gt;</a>&nbsp;&nbsp;&nbsp;vPortExitCritical
<LI><a href="#[1d9]">&gt;&gt;</a>&nbsp;&nbsp;&nbsp;vPortEnterCritical
<LI><a href="#[1da]">&gt;&gt;</a>&nbsp;&nbsp;&nbsp;vListInitialise
</UL>
<BR>[Called By]<UL><LI><a href="#[1ce]">&gt;&gt;</a>&nbsp;&nbsp;&nbsp;vTaskStartScheduler
</UL>

<P><STRONG><a name="[1cb]"></a>yunball_test_setup</STRONG> (Thumb, 400 bytes, Stack size 72 bytes, yunball_teat.o(.text.yunball_test_setup))
<BR><BR>[Stack]<UL><LI>Max Depth = 288 + Unknown Stack Size
<LI>Call Chain = yunball_test_setup &rArr; TaskManager::registerTask(int, ITaskProcessor*) &rArr; osThreadNew &rArr; xTaskCreate &rArr; vPortFree &rArr; xTaskResumeAll &rArr; xTaskIncrementTick
</UL>
<BR>[Calls]<UL><LI><a href="#[185]">&gt;&gt;</a>&nbsp;&nbsp;&nbsp;CanManager::init()
<LI><a href="#[1b3]">&gt;&gt;</a>&nbsp;&nbsp;&nbsp;pid::ConfigAll(float, float, float, float, float, float, float, float)
<LI><a href="#[1cd]">&gt;&gt;</a>&nbsp;&nbsp;&nbsp;osKernelStart
<LI><a href="#[1ff]">&gt;&gt;</a>&nbsp;&nbsp;&nbsp;IncrePID::config_all(float, float, float, float, float, float)
<LI><a href="#[1f9]">&gt;&gt;</a>&nbsp;&nbsp;&nbsp;m3508p::config_mech_param(float, float)
<LI><a href="#[19a]">&gt;&gt;</a>&nbsp;&nbsp;&nbsp;TaskManager::registerTask(int, ITaskProcessor*)
<LI><a href="#[19c]">&gt;&gt;</a>&nbsp;&nbsp;&nbsp;SerialDevice::startUartReceiveIT()
<LI><a href="#[1fa]">&gt;&gt;</a>&nbsp;&nbsp;&nbsp;RC9subscriber::addport(RC9Protocol*)
<LI><a href="#[18b]">&gt;&gt;</a>&nbsp;&nbsp;&nbsp;RC9Protocol::initQueue()
<LI><a href="#[1fe]">&gt;&gt;</a>&nbsp;&nbsp;&nbsp;auto_yunball_xbox::add_yunball(auto_yunball*)
<LI><a href="#[1fd]">&gt;&gt;</a>&nbsp;&nbsp;&nbsp;auto_yunball_xbox::add_lifter(power_motor*)
<LI><a href="#[1fc]">&gt;&gt;</a>&nbsp;&nbsp;&nbsp;auto_yunball::add_motor(power_motor*)
<LI><a href="#[1fb]">&gt;&gt;</a>&nbsp;&nbsp;&nbsp;auto_yunball::add_io(GPIO_TypeDef*, unsigned short, GPIO_TypeDef*, unsigned short, GPIO_TypeDef*, unsigned short)
<LI><a href="#[1a5]">&gt;&gt;</a>&nbsp;&nbsp;&nbsp;LaserProcessor::SendInitCommands()
</UL>
<BR>[Called By]<UL><LI><a href="#[fc]">&gt;&gt;</a>&nbsp;&nbsp;&nbsp;main
</UL>

<P><STRONG><a name="[200]"></a>__ARM_fpclassifyf</STRONG> (Thumb, 38 bytes, Stack size 0 bytes, fpclassifyf.o(i.__ARM_fpclassifyf))
<BR><BR>[Called By]<UL><LI><a href="#[196]">&gt;&gt;</a>&nbsp;&nbsp;&nbsp;__hardfp_atan2f
</UL>

<P><STRONG><a name="[196]"></a>__hardfp_atan2f</STRONG> (Thumb, 594 bytes, Stack size 32 bytes, atan2f.o(i.__hardfp_atan2f))
<BR><BR>[Stack]<UL><LI>Max Depth = 40<LI>Call Chain = __hardfp_atan2f &rArr; __set_errno
</UL>
<BR>[Calls]<UL><LI><a href="#[201]">&gt;&gt;</a>&nbsp;&nbsp;&nbsp;__mathlib_flt_underflow
<LI><a href="#[202]">&gt;&gt;</a>&nbsp;&nbsp;&nbsp;__mathlib_flt_infnan2
<LI><a href="#[200]">&gt;&gt;</a>&nbsp;&nbsp;&nbsp;__ARM_fpclassifyf
<LI><a href="#[10b]">&gt;&gt;</a>&nbsp;&nbsp;&nbsp;__set_errno
</UL>
<BR>[Called By]<UL><LI><a href="#[18f]">&gt;&gt;</a>&nbsp;&nbsp;&nbsp;RoboChassis::swerve3_calc(Vector2D, float)
</UL>

<P><STRONG><a name="[202]"></a>__mathlib_flt_infnan2</STRONG> (Thumb, 6 bytes, Stack size 0 bytes, funder.o(i.__mathlib_flt_infnan2))
<BR><BR>[Called By]<UL><LI><a href="#[196]">&gt;&gt;</a>&nbsp;&nbsp;&nbsp;__hardfp_atan2f
</UL>

<P><STRONG><a name="[201]"></a>__mathlib_flt_underflow</STRONG> (Thumb, 10 bytes, Stack size 0 bytes, funder.o(i.__mathlib_flt_underflow))
<BR><BR>[Called By]<UL><LI><a href="#[196]">&gt;&gt;</a>&nbsp;&nbsp;&nbsp;__hardfp_atan2f
</UL>

<P><STRONG><a name="[f5]"></a>_fp_init</STRONG> (Thumb, 26 bytes, Stack size 0 bytes, fpinit.o(x$fpl$fpinit))
<BR><BR>[Called By]<UL><LI><a href="#[f4]">&gt;&gt;</a>&nbsp;&nbsp;&nbsp;__rt_lib_init_fp_1
</UL>

<P><STRONG><a name="[24e]"></a>__fplib_config_fpu_vfp</STRONG> (Thumb, 0 bytes, Stack size unknown bytes, fpinit.o(x$fpl$fpinit), UNUSED)

<P><STRONG><a name="[24f]"></a>__fplib_config_pureend_doubles</STRONG> (Thumb, 0 bytes, Stack size unknown bytes, fpinit.o(x$fpl$fpinit), UNUSED)
<P>
<H3>
Local Symbols
</H3>
<P><STRONG><a name="[152]"></a>UART_SetConfig</STRONG> (Thumb, 238 bytes, Stack size 8 bytes, stm32f4xx_hal_uart.o(.text.UART_SetConfig))
<BR><BR>[Stack]<UL><LI>Max Depth = 56<LI>Call Chain = UART_SetConfig &rArr; __aeabi_uldivmod
</UL>
<BR>[Calls]<UL><LI><a href="#[172]">&gt;&gt;</a>&nbsp;&nbsp;&nbsp;HAL_RCC_GetPCLK2Freq
<LI><a href="#[134]">&gt;&gt;</a>&nbsp;&nbsp;&nbsp;HAL_RCC_GetPCLK1Freq
<LI><a href="#[139]">&gt;&gt;</a>&nbsp;&nbsp;&nbsp;__aeabi_uldivmod
</UL>
<BR>[Called By]<UL><LI><a href="#[150]">&gt;&gt;</a>&nbsp;&nbsp;&nbsp;HAL_UART_Init
</UL>

<P><STRONG><a name="[5e]"></a>UART_DMATransmitCplt</STRONG> (Thumb, 176 bytes, Stack size 0 bytes, stm32f4xx_hal_uart.o(.text.UART_DMATransmitCplt))
<BR><BR>[Calls]<UL><LI><a href="#[14d]">&gt;&gt;</a>&nbsp;&nbsp;&nbsp;HAL_UART_TxCpltCallback
</UL>
<BR>[Address Reference Count : 1]<UL><LI> stm32f4xx_hal_uart.o(.text.HAL_UART_Transmit_DMA)
</UL>
<P><STRONG><a name="[5f]"></a>UART_DMATxHalfCplt</STRONG> (Thumb, 6 bytes, Stack size 0 bytes, stm32f4xx_hal_uart.o(.text.UART_DMATxHalfCplt))
<BR><BR>[Calls]<UL><LI><a href="#[171]">&gt;&gt;</a>&nbsp;&nbsp;&nbsp;HAL_UART_TxHalfCpltCallback
</UL>
<BR>[Address Reference Count : 1]<UL><LI> stm32f4xx_hal_uart.o(.text.HAL_UART_Transmit_DMA)
</UL>
<P><STRONG><a name="[60]"></a>UART_DMAError</STRONG> (Thumb, 380 bytes, Stack size 0 bytes, stm32f4xx_hal_uart.o(.text.UART_DMAError))
<BR><BR>[Calls]<UL><LI><a href="#[14f]">&gt;&gt;</a>&nbsp;&nbsp;&nbsp;HAL_UART_ErrorCallback
</UL>
<BR>[Address Reference Count : 1]<UL><LI> stm32f4xx_hal_uart.o(.text.HAL_UART_Transmit_DMA)
</UL>
<P><STRONG><a name="[14b]"></a>UART_Receive_IT</STRONG> (Thumb, 254 bytes, Stack size 4 bytes, stm32f4xx_hal_uart.o(.text.UART_Receive_IT))
<BR><BR>[Stack]<UL><LI>Max Depth = 28<LI>Call Chain = UART_Receive_IT &rArr; HAL_UART_RxCpltCallback
</UL>
<BR>[Calls]<UL><LI><a href="#[14c]">&gt;&gt;</a>&nbsp;&nbsp;&nbsp;HAL_UARTEx_RxEventCallback
<LI><a href="#[154]">&gt;&gt;</a>&nbsp;&nbsp;&nbsp;HAL_UART_RxCpltCallback
</UL>
<BR>[Called By]<UL><LI><a href="#[14a]">&gt;&gt;</a>&nbsp;&nbsp;&nbsp;HAL_UART_IRQHandler
</UL>

<P><STRONG><a name="[5d]"></a>UART_DMAAbortOnError</STRONG> (Thumb, 12 bytes, Stack size 0 bytes, stm32f4xx_hal_uart.o(.text.UART_DMAAbortOnError))
<BR><BR>[Calls]<UL><LI><a href="#[14f]">&gt;&gt;</a>&nbsp;&nbsp;&nbsp;HAL_UART_ErrorCallback
</UL>
<BR>[Address Reference Count : 1]<UL><LI> stm32f4xx_hal_uart.o(.text.HAL_UART_IRQHandler)
</UL>
<P><STRONG><a name="[1e7]"></a>prvUnlockQueue</STRONG> (Thumb, 116 bytes, Stack size 24 bytes, queue.o(.text.prvUnlockQueue))
<BR><BR>[Stack]<UL><LI>Max Depth = 40<LI>Call Chain = prvUnlockQueue &rArr; xTaskRemoveFromEventList
</UL>
<BR>[Calls]<UL><LI><a href="#[1e9]">&gt;&gt;</a>&nbsp;&nbsp;&nbsp;vTaskMissedYield
<LI><a href="#[1e8]">&gt;&gt;</a>&nbsp;&nbsp;&nbsp;xTaskRemoveFromEventList
<LI><a href="#[1dc]">&gt;&gt;</a>&nbsp;&nbsp;&nbsp;vPortExitCritical
<LI><a href="#[1d9]">&gt;&gt;</a>&nbsp;&nbsp;&nbsp;vPortEnterCritical
</UL>
<BR>[Called By]<UL><LI><a href="#[1e6]">&gt;&gt;</a>&nbsp;&nbsp;&nbsp;vQueueWaitForMessageRestricted
<LI><a href="#[1d0]">&gt;&gt;</a>&nbsp;&nbsp;&nbsp;xQueueReceive
<LI><a href="#[1d5]">&gt;&gt;</a>&nbsp;&nbsp;&nbsp;xQueueGenericSend
</UL>

<P><STRONG><a name="[1df]"></a>prvInitialiseNewTask</STRONG> (Thumb, 296 bytes, Stack size 32 bytes, tasks.o(.text.prvInitialiseNewTask))
<BR><BR>[Stack]<UL><LI>Max Depth = 36<LI>Call Chain = prvInitialiseNewTask &rArr; __aeabi_memset4 &rArr; _memset_w
</UL>
<BR>[Calls]<UL><LI><a href="#[1e1]">&gt;&gt;</a>&nbsp;&nbsp;&nbsp;pxPortInitialiseStack
<LI><a href="#[1e0]">&gt;&gt;</a>&nbsp;&nbsp;&nbsp;vListInitialiseItem
<LI><a href="#[104]">&gt;&gt;</a>&nbsp;&nbsp;&nbsp;__aeabi_memset4
</UL>
<BR>[Called By]<UL><LI><a href="#[1ce]">&gt;&gt;</a>&nbsp;&nbsp;&nbsp;vTaskStartScheduler
<LI><a href="#[1d7]">&gt;&gt;</a>&nbsp;&nbsp;&nbsp;xTaskCreate
<LI><a href="#[1d6]">&gt;&gt;</a>&nbsp;&nbsp;&nbsp;xTaskCreateStatic
</UL>

<P><STRONG><a name="[1d8]"></a>prvAddNewTaskToReadyList</STRONG> (Thumb, 650 bytes, Stack size 24 bytes, tasks.o(.text.prvAddNewTaskToReadyList))
<BR><BR>[Stack]<UL><LI>Max Depth = 24<LI>Call Chain = prvAddNewTaskToReadyList
</UL>
<BR>[Calls]<UL><LI><a href="#[1db]">&gt;&gt;</a>&nbsp;&nbsp;&nbsp;vListInsertEnd
<LI><a href="#[1dc]">&gt;&gt;</a>&nbsp;&nbsp;&nbsp;vPortExitCritical
<LI><a href="#[1d9]">&gt;&gt;</a>&nbsp;&nbsp;&nbsp;vPortEnterCritical
<LI><a href="#[1da]">&gt;&gt;</a>&nbsp;&nbsp;&nbsp;vListInitialise
</UL>
<BR>[Called By]<UL><LI><a href="#[1ce]">&gt;&gt;</a>&nbsp;&nbsp;&nbsp;vTaskStartScheduler
<LI><a href="#[1d7]">&gt;&gt;</a>&nbsp;&nbsp;&nbsp;xTaskCreate
<LI><a href="#[1d6]">&gt;&gt;</a>&nbsp;&nbsp;&nbsp;xTaskCreateStatic
</UL>

<P><STRONG><a name="[63]"></a>prvIdleTask</STRONG> (Thumb, 134 bytes, Stack size 0 bytes, tasks.o(.text.prvIdleTask))
<BR><BR>[Stack]<UL><LI>Max Depth = 72<LI>Call Chain = prvIdleTask &rArr; vPortFree &rArr; xTaskResumeAll &rArr; xTaskIncrementTick
</UL>
<BR>[Calls]<UL><LI><a href="#[1de]">&gt;&gt;</a>&nbsp;&nbsp;&nbsp;uxListRemove
<LI><a href="#[1dd]">&gt;&gt;</a>&nbsp;&nbsp;&nbsp;vPortFree
<LI><a href="#[1dc]">&gt;&gt;</a>&nbsp;&nbsp;&nbsp;vPortExitCritical
<LI><a href="#[1d9]">&gt;&gt;</a>&nbsp;&nbsp;&nbsp;vPortEnterCritical
</UL>
<BR>[Address Reference Count : 1]<UL><LI> tasks.o(.text.vTaskStartScheduler)
</UL>
<P><STRONG><a name="[64]"></a>prvTimerTask</STRONG> (Thumb, 906 bytes, Stack size 32 bytes, timers.o(.text.prvTimerTask))
<BR><BR>[Stack]<UL><LI>Max Depth = 136<LI>Call Chain = prvTimerTask &rArr; xQueueReceive &rArr; xTaskResumeAll &rArr; xTaskIncrementTick
</UL>
<BR>[Calls]<UL><LI><a href="#[1e3]">&gt;&gt;</a>&nbsp;&nbsp;&nbsp;xTaskGetTickCount
<LI><a href="#[1e6]">&gt;&gt;</a>&nbsp;&nbsp;&nbsp;vQueueWaitForMessageRestricted
<LI><a href="#[1d0]">&gt;&gt;</a>&nbsp;&nbsp;&nbsp;xQueueReceive
<LI><a href="#[1d5]">&gt;&gt;</a>&nbsp;&nbsp;&nbsp;xQueueGenericSend
<LI><a href="#[1de]">&gt;&gt;</a>&nbsp;&nbsp;&nbsp;uxListRemove
<LI><a href="#[1e5]">&gt;&gt;</a>&nbsp;&nbsp;&nbsp;vListInsert
<LI><a href="#[1dd]">&gt;&gt;</a>&nbsp;&nbsp;&nbsp;vPortFree
<LI><a href="#[1e4]">&gt;&gt;</a>&nbsp;&nbsp;&nbsp;xTaskResumeAll
<LI><a href="#[1e2]">&gt;&gt;</a>&nbsp;&nbsp;&nbsp;vTaskSuspendAll
<LI><a href="#[16e]">&gt;&gt;</a>&nbsp;&nbsp;&nbsp;xTaskGetSchedulerState
</UL>
<BR>[Address Reference Count : 1]<UL><LI> timers.o(.text.xTimerCreateTimerTask)
</UL>
<P><STRONG><a name="[62]"></a>prvTaskExitError</STRONG> (Thumb, 62 bytes, Stack size 4 bytes, port.o(.text.prvTaskExitError))
<BR><BR>[Stack]<UL><LI>Max Depth = 4<LI>Call Chain = prvTaskExitError
</UL>
<BR>[Address Reference Count : 1]<UL><LI> port.o(.text.pxPortInitialiseStack)
</UL>
<P><STRONG><a name="[1f1]"></a>vPortEnableVFP</STRONG> (Thumb, 14 bytes, Stack size 0 bytes, port.o(.text.vPortEnableVFP))
<BR><BR>[Called By]<UL><LI><a href="#[1ef]">&gt;&gt;</a>&nbsp;&nbsp;&nbsp;xPortStartScheduler
</UL>

<P><STRONG><a name="[1f2]"></a>prvPortStartFirstTask</STRONG> (Thumb, 34 bytes, Stack size 0 bytes, port.o(.text.prvPortStartFirstTask))
<BR><BR>[Called By]<UL><LI><a href="#[1ef]">&gt;&gt;</a>&nbsp;&nbsp;&nbsp;xPortStartScheduler
</UL>

<P><STRONG><a name="[ed]"></a>_GLOBAL__sub_I_TaskManager.cpp</STRONG> (Thumb, 62 bytes, Stack size 24 bytes, taskmanager.o(.text._GLOBAL__sub_I_TaskManager.cpp))
<BR><BR>[Stack]<UL><LI>Max Depth = 24 + Unknown Stack Size
<LI>Call Chain = _GLOBAL__sub_I_TaskManager.cpp
</UL>
<BR>[Calls]<UL><LI><a href="#[173]">&gt;&gt;</a>&nbsp;&nbsp;&nbsp;__aeabi_memclr4
</UL>
<BR>[Address Reference Count : 1]<UL><LI> taskmanager.o(.init_array)
</UL>
<P><STRONG><a name="[ee]"></a>_GLOBAL__sub_I_YunBall_teat.cpp</STRONG> (Thumb, 556 bytes, Stack size 32 bytes, yunball_teat.o(.text._GLOBAL__sub_I_YunBall_teat.cpp))
<BR><BR>[Stack]<UL><LI>Max Depth = 112 + Unknown Stack Size
<LI>Call Chain = _GLOBAL__sub_I_YunBall_teat.cpp &rArr; m3508p::m3508p(unsigned char, CAN_HandleTypeDef*, bool, float) &rArr; IncrePID::IncrePID(float, float, float, float, float, float)
</UL>
<BR>[Calls]<UL><LI><a href="#[179]">&gt;&gt;</a>&nbsp;&nbsp;&nbsp;moters_debug_xbox::moters_debug_xbox()
<LI><a href="#[17f]">&gt;&gt;</a>&nbsp;&nbsp;&nbsp;chassis_debug_xbox::chassis_debug_xbox(float, float)
<LI><a href="#[17d]">&gt;&gt;</a>&nbsp;&nbsp;&nbsp;xbox_debug_base::xbox_debug_base__sub_object()
<LI><a href="#[17c]">&gt;&gt;</a>&nbsp;&nbsp;&nbsp;vesc::vesc(unsigned char, CAN_HandleTypeDef*, unsigned char, float, float, float, float, float)
<LI><a href="#[178]">&gt;&gt;</a>&nbsp;&nbsp;&nbsp;m3508p::m3508p(unsigned char, CAN_HandleTypeDef*, bool, float)
<LI><a href="#[17b]">&gt;&gt;</a>&nbsp;&nbsp;&nbsp;IncrePID::IncrePID(float, float, float, float, float, float)
<LI><a href="#[174]">&gt;&gt;</a>&nbsp;&nbsp;&nbsp;TaskManager::TaskManager()
<LI><a href="#[176]">&gt;&gt;</a>&nbsp;&nbsp;&nbsp;RC9Protocol::RC9Protocol(uart_type, __UART_HandleTypeDef*, bool)
<LI><a href="#[175]">&gt;&gt;</a>&nbsp;&nbsp;&nbsp;CanManager::CanManager()
<LI><a href="#[17a]">&gt;&gt;</a>&nbsp;&nbsp;&nbsp;ball_shooter_xbox::ball_shooter_xbox()
<LI><a href="#[177]">&gt;&gt;</a>&nbsp;&nbsp;&nbsp;LaserProcessor::LaserProcessor(__UART_HandleTypeDef*)
<LI><a href="#[17e]">&gt;&gt;</a>&nbsp;&nbsp;&nbsp;RoboChassis::RoboChassis(RoboChassisType)
</UL>
<BR>[Address Reference Count : 1]<UL><LI> yunball_teat.o(.init_array)
</UL><P>
<H3>
Undefined Global Symbols
</H3><HR></body></html>
