Component: Arm Compiler for Embedded 6.21 Tool: armlink [5ec1fa00]

==============================================================================

Section Cross References

    startup_stm32f407xx.o(STACK) refers (Special) to heapauxi.o(.text) for __use_two_region_memory
    startup_stm32f407xx.o(HEAP) refers (Special) to heapauxi.o(.text) for __use_two_region_memory
    startup_stm32f407xx.o(RESET) refers (Special) to heapauxi.o(.text) for __use_two_region_memory
    startup_stm32f407xx.o(RESET) refers to startup_stm32f407xx.o(STACK) for __initial_sp
    startup_stm32f407xx.o(RESET) refers to startup_stm32f407xx.o(.text) for Reset_Handler
    startup_stm32f407xx.o(RESET) refers to stm32f4xx_it.o(.text.NMI_Handler) for NMI_Handler
    startup_stm32f407xx.o(RESET) refers to stm32f4xx_it.o(.text.HardFault_Handler) for HardFault_Handler
    startup_stm32f407xx.o(RESET) refers to stm32f4xx_it.o(.text.MemManage_Handler) for MemManage_Handler
    startup_stm32f407xx.o(RESET) refers to stm32f4xx_it.o(.text.BusFault_Handler) for BusFault_Handler
    startup_stm32f407xx.o(RESET) refers to stm32f4xx_it.o(.text.UsageFault_Handler) for UsageFault_Handler
    startup_stm32f407xx.o(RESET) refers to port.o(.text.SVC_Handler) for SVC_Handler
    startup_stm32f407xx.o(RESET) refers to stm32f4xx_it.o(.text.DebugMon_Handler) for DebugMon_Handler
    startup_stm32f407xx.o(RESET) refers to port.o(.text.PendSV_Handler) for PendSV_Handler
    startup_stm32f407xx.o(RESET) refers to cmsis_os2.o(.text.SysTick_Handler) for SysTick_Handler
    startup_stm32f407xx.o(RESET) refers to stm32f4xx_it.o(.text.DMA1_Stream5_IRQHandler) for DMA1_Stream5_IRQHandler
    startup_stm32f407xx.o(RESET) refers to stm32f4xx_it.o(.text.CAN1_RX0_IRQHandler) for CAN1_RX0_IRQHandler
    startup_stm32f407xx.o(RESET) refers to stm32f4xx_it.o(.text.EXTI9_5_IRQHandler) for EXTI9_5_IRQHandler
    startup_stm32f407xx.o(RESET) refers to stm32f4xx_it.o(.text.TIM2_IRQHandler) for TIM2_IRQHandler
    startup_stm32f407xx.o(RESET) refers to stm32f4xx_it.o(.text.TIM3_IRQHandler) for TIM3_IRQHandler
    startup_stm32f407xx.o(RESET) refers to stm32f4xx_it.o(.text.USART1_IRQHandler) for USART1_IRQHandler
    startup_stm32f407xx.o(RESET) refers to stm32f4xx_it.o(.text.USART2_IRQHandler) for USART2_IRQHandler
    startup_stm32f407xx.o(RESET) refers to stm32f4xx_it.o(.text.USART3_IRQHandler) for USART3_IRQHandler
    startup_stm32f407xx.o(RESET) refers to stm32f4xx_it.o(.text.UART4_IRQHandler) for UART4_IRQHandler
    startup_stm32f407xx.o(RESET) refers to stm32f4xx_it.o(.text.UART5_IRQHandler) for UART5_IRQHandler
    startup_stm32f407xx.o(RESET) refers to stm32f4xx_it.o(.text.DMA2_Stream1_IRQHandler) for DMA2_Stream1_IRQHandler
    startup_stm32f407xx.o(RESET) refers to stm32f4xx_it.o(.text.CAN2_RX0_IRQHandler) for CAN2_RX0_IRQHandler
    startup_stm32f407xx.o(.text) refers (Special) to heapauxi.o(.text) for __use_two_region_memory
    startup_stm32f407xx.o(.text) refers to system_stm32f4xx.o(.text.SystemInit) for SystemInit
    startup_stm32f407xx.o(.text) refers to __main.o(!!!main) for __main
    startup_stm32f407xx.o(.text) refers to startup_stm32f407xx.o(HEAP) for Heap_Mem
    startup_stm32f407xx.o(.text) refers to startup_stm32f407xx.o(STACK) for Stack_Mem
    main.o(.text.main) refers to stm32f4xx_hal.o(.text.HAL_Init) for HAL_Init
    main.o(.text.main) refers to main.o(.text.SystemClock_Config) for SystemClock_Config
    main.o(.text.main) refers to gpio.o(.text.MX_GPIO_Init) for MX_GPIO_Init
    main.o(.text.main) refers to dma.o(.text.MX_DMA_Init) for MX_DMA_Init
    main.o(.text.main) refers to can.o(.text.MX_CAN1_Init) for MX_CAN1_Init
    main.o(.text.main) refers to usart.o(.text.MX_USART1_UART_Init) for MX_USART1_UART_Init
    main.o(.text.main) refers to can.o(.text.MX_CAN2_Init) for MX_CAN2_Init
    main.o(.text.main) refers to tim.o(.text.MX_TIM2_Init) for MX_TIM2_Init
    main.o(.text.main) refers to usart.o(.text.MX_USART3_UART_Init) for MX_USART3_UART_Init
    main.o(.text.main) refers to usart.o(.text.MX_UART4_Init) for MX_UART4_Init
    main.o(.text.main) refers to usart.o(.text.MX_USART2_UART_Init) for MX_USART2_UART_Init
    main.o(.text.main) refers to usart.o(.text.MX_USART6_UART_Init) for MX_USART6_UART_Init
    main.o(.text.main) refers to usart.o(.text.MX_UART5_Init) for MX_UART5_Init
    main.o(.text.main) refers to tim.o(.bss.htim2) for htim2
    main.o(.text.main) refers to stm32f4xx_hal_tim.o(.text.HAL_TIM_Base_Start_IT) for HAL_TIM_Base_Start_IT
    main.o(.text.main) refers to cmsis_os2.o(.text.osKernelInitialize) for osKernelInitialize
    main.o(.text.main) refers to push_shoot.o(.text.pshoot_setup) for pshoot_setup
    main.o(.ARM.exidx.text.main) refers to main.o(.text.main) for [Anonymous Symbol]
    main.o(.text.SystemClock_Config) refers to stm32f4xx_hal_rcc.o(.text.HAL_RCC_OscConfig) for HAL_RCC_OscConfig
    main.o(.text.SystemClock_Config) refers to stm32f4xx_hal_rcc.o(.text.HAL_RCC_ClockConfig) for HAL_RCC_ClockConfig
[...]
    __use_no_semihosting_swi                 0x080005f7   Thumb Code     2  use_no_semi.o(.text)
    __semihosting_library_function           0x080005f9   Thumb Code     0  indicate_semi.o(.text)
    __sig_exit                               0x080005f9   Thumb Code    10  defsig_exit.o(.text)
    __rt_SIGABRT_inner                       0x08000605   Thumb Code    14  defsig_abrt_inner.o(.text)
    __default_signal_display                 0x08000635   Thumb Code    50  defsig_general.o(.text)
    _ttywrch                                 0x08000667   Thumb Code    14  sys_wrch.o(.text)
    BusFault_Handler                         0x08000675   Thumb Code     2  stm32f4xx_it.o(.text.BusFault_Handler)
    CAN1_RX0_IRQHandler                      0x08000679   Thumb Code    12  stm32f4xx_it.o(.text.CAN1_RX0_IRQHandler)
    CAN2_RX0_IRQHandler                      0x08000685   Thumb Code    12  stm32f4xx_it.o(.text.CAN2_RX0_IRQHandler)
    CRC16_Table                              0x08000691   Thumb Code   222  crc_util.o(.text.CRC16_Table)
    DMA1_Stream5_IRQHandler                  0x08000771   Thumb Code    12  stm32f4xx_it.o(.text.DMA1_Stream5_IRQHandler)
    DMA2_Stream1_IRQHandler                  0x0800077d   Thumb Code    12  stm32f4xx_it.o(.text.DMA2_Stream1_IRQHandler)
    DebugMon_Handler                         0x08000789   Thumb Code     2  stm32f4xx_it.o(.text.DebugMon_Handler)
    EXTI9_5_IRQHandler                       0x0800078d   Thumb Code     6  stm32f4xx_it.o(.text.EXTI9_5_IRQHandler)
    Error_Handler                            0x08000795   Thumb Code     6  main.o(.text.Error_Handler)
    HAL_CAN_ActivateNotification             0x0800079d   Thumb Code    46  stm32f4xx_hal_can.o(.text.HAL_CAN_ActivateNotification)
    HAL_CAN_AddTxMessage                     0x080007cd   Thumb Code   168  stm32f4xx_hal_can.o(.text.HAL_CAN_AddTxMessage)
    HAL_CAN_ConfigFilter                     0x08000875   Thumb Code   222  stm32f4xx_hal_can.o(.text.HAL_CAN_ConfigFilter)
    HAL_CAN_ErrorCallback                    0x08000955   Thumb Code     2  stm32f4xx_hal_can.o(.text.HAL_CAN_ErrorCallback)
    HAL_CAN_GetRxMessage                     0x08000959   Thumb Code   298  stm32f4xx_hal_can.o(.text.HAL_CAN_GetRxMessage)
    HAL_CAN_IRQHandler                       0x08000a85   Thumb Code   606  stm32f4xx_hal_can.o(.text.HAL_CAN_IRQHandler)
    HAL_CAN_Init                             0x08000ce5   Thumb Code   244  stm32f4xx_hal_can.o(.text.HAL_CAN_Init)
    HAL_CAN_MspInit                          0x08000dd9   Thumb Code   312  can.o(.text.HAL_CAN_MspInit)
    HAL_CAN_RxFifo0FullCallback              0x08000f11   Thumb Code     2  stm32f4xx_hal_can.o(.text.HAL_CAN_RxFifo0FullCallback)
    HAL_CAN_RxFifo0MsgPendingCallback        0x08000f15   Thumb Code   480  can_device.o(.text.HAL_CAN_RxFifo0MsgPendingCallback)
    HAL_CAN_RxFifo1FullCallback              0x080010f5   Thumb Code     2  stm32f4xx_hal_can.o(.text.HAL_CAN_RxFifo1FullCallback)
    HAL_CAN_RxFifo1MsgPendingCallback        0x080010f9   Thumb Code     2  stm32f4xx_hal_can.o(.text.HAL_CAN_RxFifo1MsgPendingCallback)
    HAL_CAN_SleepCallback                    0x080010fd   Thumb Code     2  stm32f4xx_hal_can.o(.text.HAL_CAN_SleepCallback)
    HAL_CAN_Start                            0x08001101   Thumb Code    90  stm32f4xx_hal_can.o(.text.HAL_CAN_Start)
    HAL_CAN_TxMailbox0AbortCallback          0x0800115d   Thumb Code     2  stm32f4xx_hal_can.o(.text.HAL_CAN_TxMailbox0AbortCallback)
    HAL_CAN_TxMailbox0CompleteCallback       0x08001161   Thumb Code     2  stm32f4xx_hal_can.o(.text.HAL_CAN_TxMailbox0CompleteCallback)
    HAL_CAN_TxMailbox1AbortCallback          0x08001165   Thumb Code     2  stm32f4xx_hal_can.o(.text.HAL_CAN_TxMailbox1AbortCallback)
    HAL_CAN_TxMailbox1CompleteCallback       0x08001169   Thumb Code     2  stm32f4xx_hal_can.o(.text.HAL_CAN_TxMailbox1CompleteCallback)
    HAL_CAN_TxMailbox2AbortCallback          0x0800116d   Thumb Code     2  stm32f4xx_hal_can.o(.text.HAL_CAN_TxMailbox2AbortCallback)
    HAL_CAN_TxMailbox2CompleteCallback       0x08001171   Thumb Code     2  stm32f4xx_hal_can.o(.text.HAL_CAN_TxMailbox2CompleteCallback)
    HAL_CAN_WakeUpFromRxMsgCallback          0x08001175   Thumb Code     2  stm32f4xx_hal_can.o(.text.HAL_CAN_WakeUpFromRxMsgCallback)
    HAL_DMA_Abort                            0x08001179   Thumb Code   142  stm32f4xx_hal_dma.o(.text.HAL_DMA_Abort)
    HAL_DMA_Abort_IT                         0x08001209   Thumb Code    36  stm32f4xx_hal_dma.o(.text.HAL_DMA_Abort_IT)
    HAL_DMA_GetError                         0x0800122d   Thumb Code     4  stm32f4xx_hal_dma.o(.text.HAL_DMA_GetError)
    HAL_DMA_IRQHandler                       0x08001231   Thumb Code   448  stm32f4xx_hal_dma.o(.text.HAL_DMA_IRQHandler)
    HAL_DMA_Init                             0x080013f1   Thumb Code   354  stm32f4xx_hal_dma.o(.text.HAL_DMA_Init)
    HAL_GPIO_EXTI_Callback                   0x08001555   Thumb Code     2  stm32f4xx_hal_gpio.o(.text.HAL_GPIO_EXTI_Callback)
    HAL_GPIO_EXTI_IRQHandler                 0x08001559   Thumb Code    22  stm32f4xx_hal_gpio.o(.text.HAL_GPIO_EXTI_IRQHandler)
    HAL_GPIO_Init                            0x08001571   Thumb Code   414  stm32f4xx_hal_gpio.o(.text.HAL_GPIO_Init)
    HAL_GPIO_WritePin                        0x08001711   Thumb Code    10  stm32f4xx_hal_gpio.o(.text.HAL_GPIO_WritePin)
    HAL_GetTick                              0x0800171d   Thumb Code    12  stm32f4xx_hal.o(.text.HAL_GetTick)
    HAL_IncTick                              0x08001729   Thumb Code    26  stm32f4xx_hal.o(.text.HAL_IncTick)
    HAL_Init                                 0x08001745   Thumb Code    54  stm32f4xx_hal.o(.text.HAL_Init)
    HAL_InitTick                             0x0800177d   Thumb Code   188  stm32f4xx_hal_timebase_tim.o(.text.HAL_InitTick)
    HAL_MspInit                              0x08001839   Thumb Code    66  stm32f4xx_hal_msp.o(.text.HAL_MspInit)
    HAL_NVIC_EnableIRQ                       0x0800187d   Thumb Code    34  stm32f4xx_hal_cortex.o(.text.HAL_NVIC_EnableIRQ)
    HAL_NVIC_SetPriority                     0x080018a1   Thumb Code    86  stm32f4xx_hal_cortex.o(.text.HAL_NVIC_SetPriority)
    HAL_NVIC_SetPriorityGrouping             0x080018f9   Thumb Code    32  stm32f4xx_hal_cortex.o(.text.HAL_NVIC_SetPriorityGrouping)
    HAL_RCC_ClockConfig                      0x08001919   Thumb Code   356  stm32f4xx_hal_rcc.o(.text.HAL_RCC_ClockConfig)
    HAL_RCC_GetClockConfig                   0x08001a7d   Thumb Code    62  stm32f4xx_hal_rcc.o(.text.HAL_RCC_GetClockConfig)
    HAL_RCC_GetPCLK1Freq                     0x08001abd   Thumb Code    38  stm32f4xx_hal_rcc.o(.text.HAL_RCC_GetPCLK1Freq)
    HAL_RCC_GetPCLK2Freq                     0x08001ae5   Thumb Code    38  stm32f4xx_hal_rcc.o(.text.HAL_RCC_GetPCLK2Freq)
    HAL_RCC_GetSysClockFreq                  0x08001b0d   Thumb Code   108  stm32f4xx_hal_rcc.o(.text.HAL_RCC_GetSysClockFreq)
    HAL_RCC_OscConfig                        0x08001b79   Thumb Code   944  stm32f4xx_hal_rcc.o(.text.HAL_RCC_OscConfig)
    HAL_TIMEx_BreakCallback                  0x08001f29   Thumb Code     2  stm32f4xx_hal_tim_ex.o(.text.HAL_TIMEx_BreakCallback)
    HAL_TIMEx_CommutCallback                 0x08001f2d   Thumb Code     2  stm32f4xx_hal_tim_ex.o(.text.HAL_TIMEx_CommutCallback)
    HAL_TIMEx_MasterConfigSynchronization    0x08001f31   Thumb Code   186  stm32f4xx_hal_tim_ex.o(.text.HAL_TIMEx_MasterConfigSynchronization)
    HAL_TIM_Base_Init                        0x08001fed   Thumb Code    90  stm32f4xx_hal_tim.o(.text.HAL_TIM_Base_Init)
    HAL_TIM_Base_MspInit                     0x08002049   Thumb Code    66  tim.o(.text.HAL_TIM_Base_MspInit)
    HAL_TIM_Base_Start_IT                    0x0800208d   Thumb Code   170  stm32f4xx_hal_tim.o(.text.HAL_TIM_Base_Start_IT)
    HAL_TIM_ConfigClockSource                0x08002139   Thumb Code   416  stm32f4xx_hal_tim.o(.text.HAL_TIM_ConfigClockSource)
    HAL_TIM_IC_CaptureCallback               0x080022d9   Thumb Code     2  stm32f4xx_hal_tim.o(.text.HAL_TIM_IC_CaptureCallback)
    HAL_TIM_IRQHandler                       0x080022dd   Thumb Code   334  stm32f4xx_hal_tim.o(.text.HAL_TIM_IRQHandler)
    HAL_TIM_OC_DelayElapsedCallback          0x0800242d   Thumb Code     2  stm32f4xx_hal_tim.o(.text.HAL_TIM_OC_DelayElapsedCallback)
    HAL_TIM_PWM_PulseFinishedCallback        0x08002431   Thumb Code     2  stm32f4xx_hal_tim.o(.text.HAL_TIM_PWM_PulseFinishedCallback)
    HAL_TIM_PeriodElapsedCallback            0x08002435   Thumb Code    20  main.o(.text.HAL_TIM_PeriodElapsedCallback)
    HAL_TIM_TriggerCallback                  0x08002449   Thumb Code     2  stm32f4xx_hal_tim.o(.text.HAL_TIM_TriggerCallback)
    HAL_UARTEx_RxEventCallback               0x0800244d   Thumb Code     2  stm32f4xx_hal_uart.o(.text.HAL_UARTEx_RxEventCallback)
    HAL_UART_AbortReceive                    0x08002451   Thumb Code   366  stm32f4xx_hal_uart.o(.text.HAL_UART_AbortReceive)
    HAL_UART_ErrorCallback                   0x080025c1   Thumb Code    52  usart.o(.text.HAL_UART_ErrorCallback)
    HAL_UART_IRQHandler                      0x080025f5   Thumb Code  1392  stm32f4xx_hal_uart.o(.text.HAL_UART_IRQHandler)
    HAL_UART_Init                            0x08002b65   Thumb Code    96  stm32f4xx_hal_uart.o(.text.HAL_UART_Init)
    HAL_UART_MspInit                         0x08002bc5   Thumb Code   950  usart.o(.text.HAL_UART_MspInit)
    HAL_UART_Receive_IT                      0x08002f7d   Thumb Code    84  stm32f4xx_hal_uart.o(.text.HAL_UART_Receive_IT)
    HAL_UART_RxCpltCallback                  0x08002fd1   Thumb Code    72  serial_device.o(.text.HAL_UART_RxCpltCallback)
    HAL_UART_Transmit                        0x08003019   Thumb Code   376  stm32f4xx_hal_uart.o(.text.HAL_UART_Transmit)
    HAL_UART_TxCpltCallback                  0x08003191   Thumb Code     2  stm32f4xx_hal_uart.o(.text.HAL_UART_TxCpltCallback)
    HardFault_Handler                        0x08003195   Thumb Code     2  stm32f4xx_it.o(.text.HardFault_Handler)
    MX_CAN1_Init                             0x08003199   Thumb Code    70  can.o(.text.MX_CAN1_Init)
    MX_CAN2_Init                             0x080031e1   Thumb Code    74  can.o(.text.MX_CAN2_Init)
    MX_DMA_Init                              0x0800322d   Thumb Code    92  dma.o(.text.MX_DMA_Init)
    MX_GPIO_Init                             0x08003289   Thumb Code   436  gpio.o(.text.MX_GPIO_Init)
    MX_TIM2_Init                             0x0800343d   Thumb Code   114  tim.o(.text.MX_TIM2_Init)
    MX_UART4_Init                            0x080034b1   Thumb Code    60  usart.o(.text.MX_UART4_Init)
    MX_UART5_Init                            0x080034ed   Thumb Code    60  usart.o(.text.MX_UART5_Init)
    MX_USART1_UART_Init                      0x08003529   Thumb Code    60  usart.o(.text.MX_USART1_UART_Init)
    MX_USART2_UART_Init                      0x08003565   Thumb Code    60  usart.o(.text.MX_USART2_UART_Init)
    MX_USART3_UART_Init                      0x080035a1   Thumb Code    64  usart.o(.text.MX_USART3_UART_Init)
    MX_USART6_UART_Init                      0x080035e1   Thumb Code    60  usart.o(.text.MX_USART6_UART_Init)
    MemManage_Handler                        0x0800361d   Thumb Code     2  stm32f4xx_it.o(.text.MemManage_Handler)
    NMI_Handler                              0x08003621   Thumb Code     2  stm32f4xx_it.o(.text.NMI_Handler)
    PendSV_Handler                           0x08003631   Thumb Code   100  port.o(.text.PendSV_Handler)
    SVC_Handler                              0x080036a1   Thumb Code    36  port.o(.text.SVC_Handler)
    SysTick_Handler                          0x080036c5   Thumb Code    30  cmsis_os2.o(.text.SysTick_Handler)
    SystemClock_Config                       0x080036e5   Thumb Code   172  main.o(.text.SystemClock_Config)
    SystemInit                               0x08003791   Thumb Code    18  system_stm32f4xx.o(.text.SystemInit)
    TIM2_IRQHandler                          0x080037a5   Thumb Code    12  stm32f4xx_it.o(.text.TIM2_IRQHandler)
    TIM3_IRQHandler                          0x080037b1   Thumb Code    12  stm32f4xx_it.o(.text.TIM3_IRQHandler)
    TIM_Base_SetConfig                       0x080037bd   Thumb Code   332  stm32f4xx_hal_tim.o(.text.TIM_Base_SetConfig)
    UART4_IRQHandler                         0x08003909   Thumb Code    12  stm32f4xx_it.o(.text.UART4_IRQHandler)
    UART5_IRQHandler                         0x08003915   Thumb Code    12  stm32f4xx_it.o(.text.UART5_IRQHandler)
    USART1_IRQHandler                        0x08003b1d   Thumb Code    12  stm32f4xx_it.o(.text.USART1_IRQHandler)
    USART2_IRQHandler                        0x08003b29   Thumb Code    12  stm32f4xx_it.o(.text.USART2_IRQHandler)
    USART3_IRQHandler                        0x08003b35   Thumb Code    12  stm32f4xx_it.o(.text.USART3_IRQHandler)
    UsageFault_Handler                       0x08003b41   Thumb Code     2  stm32f4xx_it.o(.text.UsageFault_Handler)
    CanManager::process_data()               0x08003ccd   Thumb Code   344  can_device.o(.text._ZN10CanManager12process_dataEv)
    CanManager::CAN1_Filter_Init()           0x08003e25   Thumb Code   122  can_device.o(.text._ZN10CanManager16CAN1_Filter_InitEv)
    CanManager::CAN2_Filter_Init()           0x08003ea1   Thumb Code   122  can_device.o(.text._ZN10CanManager16CAN2_Filter_InitEv)
    CanManager::init()                       0x08003f1d   Thumb Code    42  can_device.o(.text._ZN10CanManager4initEv)
    CanManager::CanManager()                 0x08003f49   Thumb Code    76  can_device.o(.text._ZN10CanManagerC2Ev)
    CanManager::CanManager__sub_object()     0x08003f49   Thumb Code    76  can_device.o(.text._ZN10CanManagerC2Ev)
    CanManager::~CanManager__deallocating()  0x08003f95   Thumb Code     6  can_device.o(.text._ZN10CanManagerD0Ev)
    subscriber::subscriber(char const*, rcnode*) 0x08003f9d   Thumb Code   536  rcncore.o(.text._ZN10subscriberC2EPKcP6rcnode)
    subscriber::subscriber__sub_object(char const*, rcnode*) 0x08003f9d   Thumb Code   536  rcncore.o(.text._ZN10subscriberC2EPKcP6rcnode)
    RC9Protocol::process_data()              0x080041b5   Thumb Code   166  rc9protocol.o(.text._ZN11RC9Protocol12process_dataEv)
    RC9Protocol::handleReceiveData(unsigned char) 0x0800425d   Thumb Code   612  rc9protocol.o(.text._ZN11RC9Protocol17handleReceiveDataEh)
    RC9Protocol::msgin(unsigned char, void const*) 0x080044c9   Thumb Code     4  rc9protocol.o(.text._ZN11RC9Protocol5msginEhPKv)
    RC9Protocol::msgout(unsigned char, void*) 0x080044cd   Thumb Code     4  rc9protocol.o(.text._ZN11RC9Protocol6msgoutEhPv)
    RC9Protocol::RC9Protocol(__UART_HandleTypeDef*, bool) 0x080044d1   Thumb Code   168  rc9protocol.o(.text._ZN11RC9ProtocolC2EP20__UART_HandleTypeDefb)
    RC9Protocol::RC9Protocol__sub_object(__UART_HandleTypeDef*, bool) 0x080044d1   Thumb Code   168  rc9protocol.o(.text._ZN11RC9ProtocolC2EP20__UART_HandleTypeDefb)
    RC9Protocol::~RC9Protocol__deallocating() 0x08004581   Thumb Code     8  rc9protocol.o(.text._ZN11RC9ProtocolD0Ev)
    RC9Protocol::~RC9Protocol__sub_object()  0x08004589   Thumb Code     2  rc9protocol.o(.text._ZN11RC9ProtocolD2Ev)
    TaskManager::TaskFunction(void*)         0x0800458d   Thumb Code    68  taskmanager.o(.text._ZN11TaskManager12TaskFunctionEPv)
    TaskManager::registerTask(int, ITaskProcessor*) 0x080045d1   Thumb Code   110  taskmanager.o(.text._ZN11TaskManager12registerTaskEiP14ITaskProcessor)
    TaskManager::TaskManager()               0x08004641   Thumb Code   124  taskmanager.o(.text._ZN11TaskManagerC2Ev)
    TaskManager::TaskManager__sub_object()   0x08004641   Thumb Code   124  taskmanager.o(.text._ZN11TaskManagerC2Ev)
    power_motor::set_rpm_ff(float, float)    0x080046bd   Thumb Code     2  m3508.o(.text._ZN11power_motor10set_rpm_ffEff)
    SerialDevice::startUartReceiveIT()       0x080046c1   Thumb Code    14  serial_device.o(.text._ZN12SerialDevice18startUartReceiveITEv)
    SerialDevice::SerialDevice__sub_object(__UART_HandleTypeDef*) 0x080046d1   Thumb Code    50  serial_device.o(.text._ZN12SerialDeviceC2EP20__UART_HandleTypeDef)
    ITaskProcessor::~ITaskProcessor__sub_object() 0x08004705   Thumb Code     2  chassis.o(.text._ZN14ITaskProcessorD2Ev)
    demo::process_data()                     0x08004709   Thumb Code    28  push_shoot.o(.text._ZN4demo12process_dataEv)
    demo::msgin(unsigned char, void const*)  0x08004729   Thumb Code    24  push_shoot.o(.text._ZN4demo5msginEhPKv)
    demo::msgout(unsigned char, void*)       0x08004741   Thumb Code     4  push_shoot.o(.text._ZN4demo6msgoutEhPv)
    demo::~demo__deallocating()              0x08004745   Thumb Code     6  push_shoot.o(.text._ZN4demoD0Ev)
    xbox::btnRB_callback()                   0x0800474d   Thumb Code     2  xbox.o(.text._ZN4xbox14btnRB_callbackEv)
    xbox::btnXBOX_callback()                 0x08004751   Thumb Code     2  xbox.o(.text._ZN4xbox16btnXBOX_callbackEv)
    xbox::msgin(unsigned char, void const*)  0x08004755   Thumb Code   264  xbox.o(.text._ZN4xbox5msginEhPKv)
    xbox::msgout(unsigned char, void*)       0x0800485d   Thumb Code     4  xbox.o(.text._ZN4xbox6msgoutEhPv)
    xbox::xbox(action*, chassis*, float, float, float) 0x08004861   Thumb Code    58  xbox.o(.text._ZN4xboxC2EP6actionP7chassisfff)
    xbox::xbox__sub_object(action*, chassis*, float, float, float) 0x08004861   Thumb Code    58  xbox.o(.text._ZN4xboxC2EP6actionP7chassisfff)
    m3508p::can_update(unsigned char*)       0x0800489d   Thumb Code   200  m3508.o(.text._ZN6m3508p10can_updateEPh)
    m3508p::motor_process()                  0x08004971   Thumb Code    74  m3508.o(.text._ZN6m3508p13motor_processEv)
    m3508p::get_rpm()                        0x080049bd   Thumb Code    22  m3508.o(.text._ZN6m3508p7get_rpmEv)
    m3508p::set_rpm(float)                   0x080049d5   Thumb Code     6  m3508.o(.text._ZN6m3508p7set_rpmEf)
    m3508p::m3508p(unsigned char, CAN_HandleTypeDef*, motor_mode, float, float, float, float, float) 0x080049dd   Thumb Code   160  m3508.o(.text._ZN6m3508pC2EhP17CAN_HandleTypeDef10motor_modefffff)
    m3508p::m3508p__sub_object(unsigned char, CAN_HandleTypeDef*, motor_mode, float, float, float, float, float) 0x080049dd   Thumb Code   160  m3508.o(.text._ZN6m3508pC2EhP17CAN_HandleTypeDef10motor_modefffff)
    rcnode::ppsend_Syn(unsigned char, unsigned char, unsigned char, void const*) 0x08004a81   Thumb Code    22  netswitch.o(.text._ZN6rcnode10ppsend_SynEhhhPKv)
    rcnode::ppsend_Asyn(unsigned char, unsigned char, unsigned char, void const*) 0x08004a99   Thumb Code    98  netswitch.o(.text._ZN6rcnode11ppsend_AsynEhhhPKv)
    rcnode::ppget_AsynOverwrite()            0x08004afd   Thumb Code    54  netswitch.o(.text._ZN6rcnode19ppget_AsynOverwriteEv)
    rcnode::ppsend_AsynOverwrite(unsigned char, unsigned char, unsigned char, void const*) 0x08004b35   Thumb Code   108  netswitch.o(.text._ZN6rcnode20ppsend_AsynOverwriteEhhhPKv)
    rcnode::rcninit(unsigned char, unsigned char) 0x08004ba1   Thumb Code    98  netswitch.o(.text._ZN6rcnode7rcninitEhh)
    rcncore::publish(unsigned char, unsigned char, void const*, pptype_) 0x08004c05   Thumb Code   198  rcncore.o(.text._ZN7rcncore7publishEhhPKv7pptype_)
    IncrePID::increPID_Compute(float)        0x08004ccd   Thumb Code   348  superpid.o(.text._ZN8IncrePID16increPID_ComputeEf)
    IncrePID::increPID_setarget(float)       0x08004e31   Thumb Code     6  superpid.o(.text._ZN8IncrePID17increPID_setargetEf)
    IncrePID::IncrePID(float, float, float, float, float, float) 0x08004e39   Thumb Code    80  superpid.o(.text._ZN8IncrePIDC2Effffff)
    IncrePID::IncrePID__sub_object(float, float, float, float, float, float) 0x08004e39   Thumb Code    80  superpid.o(.text._ZN8IncrePIDC2Effffff)
    CanDevice::EXT_update(unsigned int, unsigned char*) 0x08004e89   Thumb Code     2  can_device.o(.text._ZN9CanDevice10EXT_updateEjPh)
    CanDevice::motor_process()               0x08004e8d   Thumb Code     4  can_device.o(.text._ZN9CanDevice13motor_processEv)
    CanDevice::CanDevice__sub_object(CanDeviceType, CAN_HandleTypeDef*, unsigned char) 0x08004e91   Thumb Code  2096  can_device.o(.text._ZN9CanDeviceC2E13CanDeviceTypeP17CAN_HandleTypeDefh)
    dji_motor::vangle_to_rangle(unsigned int) 0x080056c1   Thumb Code    32  motor.o(.text._ZN9dji_motor16vangle_to_rangleEj)
    dji_motor::rcurrent_to_vcurrent(float)   0x080056e5   Thumb Code    34  motor.o(.text._ZN9dji_motor20rcurrent_to_vcurrentEf)
    dji_motor::vcurrent_to_rcurrent(short)   0x08005709   Thumb Code    34  motor.o(.text._ZN9dji_motor20vcurrent_to_rcurrentEs)
    dji_motor::dji_motor(float, short, unsigned short) 0x0800572d   Thumb Code    20  motor.o(.text._ZN9dji_motorC2Efst)
    dji_motor::dji_motor__sub_object(float, short, unsigned short) 0x0800572d   Thumb Code    20  motor.o(.text._ZN9dji_motorC2Efst)
    publisher::publish(unsigned char, void const*) 0x08005741   Thumb Code    24  rcncore.o(.text._ZN9publisher7publishEhPKv)
    publisher::publisher(char const*, pptype_, rcnode*) 0x08005759   Thumb Code   316  rcncore.o(.text._ZN9publisherC2EPKc7pptype_P6rcnode)
    publisher::publisher__sub_object(char const*, pptype_, rcnode*) 0x08005759   Thumb Code   316  rcncore.o(.text._ZN9publisherC2EPKc7pptype_P6rcnode)
    non-virtual thunk to RC9Protocol::process_data() 0x08005895   Thumb Code   170  rc9protocol.o(.text._ZThn12_N11RC9Protocol12process_dataEv)
    non-virtual thunk to RC9Protocol::~RC9Protocol__deallocating() 0x08005941   Thumb Code    10  rc9protocol.o(.text._ZThn12_N11RC9ProtocolD0Ev)
    non-virtual thunk to RC9Protocol::~RC9Protocol() 0x0800594d   Thumb Code     2  rc9protocol.o(.text._ZThn12_N11RC9ProtocolD1Ev)
    non-virtual thunk to m3508p::get_rpm()   0x08005951   Thumb Code    22  m3508.o(.text._ZThn12_N6m3508p7get_rpmEv)
    non-virtual thunk to m3508p::set_rpm(float) 0x08005969   Thumb Code     6  m3508.o(.text._ZThn12_N6m3508p7set_rpmEf)
    non-virtual thunk to demo::msgin(unsigned char, void const*) 0x08005971   Thumb Code    24  push_shoot.o(.text._ZThn20_N4demo5msginEhPKv)
    non-virtual thunk to demo::msgout(unsigned char, void*) 0x08005989   Thumb Code     4  push_shoot.o(.text._ZThn20_N4demo6msgoutEhPv)
    non-virtual thunk to RC9Protocol::msgin(unsigned char, void const*) 0x0800598d   Thumb Code     4  rc9protocol.o(.text._ZThn32_N11RC9Protocol5msginEhPKv)
    non-virtual thunk to RC9Protocol::msgout(unsigned char, void*) 0x08005991   Thumb Code     4  rc9protocol.o(.text._ZThn32_N11RC9Protocol6msgoutEhPv)
    operator delete(void*)                   0x08005995   Thumb Code     4  new.cpp.o(.text._ZdlPv)
    operator delete(void*, unsigned int)     0x08005999   Thumb Code     4  new.cpp.o(.text._ZdlPvj)
    __cxa_pure_virtual                       0x0800599d   Thumb Code     8  cxa_virtual.cpp.o(.text.__cxa_pure_virtual)
    abort_message                            0x080059c5   Thumb Code     4  abort_message.cpp.o(.text.abort_message)
    main                                     0x080059c9   Thumb Code    74  main.o(.text.main)
    osDelay                                  0x08005a15   Thumb Code    32  cmsis_os2.o(.text.osDelay)
    osKernelInitialize                       0x08005a35   Thumb Code    40  cmsis_os2.o(.text.osKernelInitialize)
    osKernelStart                            0x08005a5d   Thumb Code    60  cmsis_os2.o(.text.osKernelStart)
    osMessageQueueDelete                     0x08005a99   Thumb Code    42  cmsis_os2.o(.text.osMessageQueueDelete)
    osMessageQueueGet                        0x08005ac5   Thumb Code   140  cmsis_os2.o(.text.osMessageQueueGet)
    osMessageQueueNew                        0x08005b51   Thumb Code   138  cmsis_os2.o(.text.osMessageQueueNew)
    osMessageQueuePut                        0x08005bdd   Thumb Code   168  cmsis_os2.o(.text.osMessageQueuePut)
    osThreadNew                              0x08005c85   Thumb Code   156  cmsis_os2.o(.text.osThreadNew)
    pshoot_setup                             0x080065c5   Thumb Code   172  push_shoot.o(.text.pshoot_setup)
    pvPortMalloc                             0x08006671   Thumb Code   500  heap_4.o(.text.pvPortMalloc)
    pxPortInitialiseStack                    0x08006865   Thumb Code    36  port.o(.text.pxPortInitialiseStack)
    uxListRemove                             0x08006889   Thumb Code    36  list.o(.text.uxListRemove)
    vApplicationGetIdleTaskMemory            0x080068ad   Thumb Code    26  cmsis_os2.o(.text.vApplicationGetIdleTaskMemory)
    vApplicationGetTimerTaskMemory           0x080068c9   Thumb Code    28  cmsis_os2.o(.text.vApplicationGetTimerTaskMemory)
    vListInitialise                          0x080068e5   Thumb Code    22  list.o(.text.vListInitialise)
    vListInitialiseItem                      0x080068fd   Thumb Code     6  list.o(.text.vListInitialiseItem)
    vListInsert                              0x08006905   Thumb Code    98  list.o(.text.vListInsert)
    vListInsertEnd                           0x08006969   Thumb Code    28  list.o(.text.vListInsertEnd)
    vPortEnterCritical                       0x08006999   Thumb Code    70  port.o(.text.vPortEnterCritical)
    vPortExitCritical                        0x080069e1   Thumb Code    46  port.o(.text.vPortExitCritical)
    vPortFree                                0x08006a11   Thumb Code   212  heap_4.o(.text.vPortFree)
    vPortSetupTimerInterrupt                 0x08006ae5   Thumb Code    52  port.o(.text.vPortSetupTimerInterrupt)
    vPortValidateInterruptPriority           0x08006b19   Thumb Code    94  port.o(.text.vPortValidateInterruptPriority)
    vQueueAddToRegistry                      0x08006b79   Thumb Code   176  queue.o(.text.vQueueAddToRegistry)
    vQueueDelete                             0x08006c29   Thumb Code   168  queue.o(.text.vQueueDelete)
    vQueueUnregisterQueue                    0x08006cd1   Thumb Code   192  queue.o(.text.vQueueUnregisterQueue)
    vQueueWaitForMessageRestricted           0x08006d91   Thumb Code    82  queue.o(.text.vQueueWaitForMessageRestricted)
    vTaskDelay                               0x08006de5   Thumb Code   128  tasks.o(.text.vTaskDelay)
    vTaskInternalSetTimeOutState             0x08006e65   Thumb Code    18  tasks.o(.text.vTaskInternalSetTimeOutState)
    vTaskMissedYield                         0x08006e79   Thumb Code    14  tasks.o(.text.vTaskMissedYield)
    vTaskPlaceOnEventList                    0x08006e89   Thumb Code   116  tasks.o(.text.vTaskPlaceOnEventList)
    vTaskPlaceOnEventListRestricted          0x08006efd   Thumb Code   122  tasks.o(.text.vTaskPlaceOnEventListRestricted)
    vTaskStartScheduler                      0x08006f79   Thumb Code   232  tasks.o(.text.vTaskStartScheduler)
    vTaskSuspendAll                          0x08007069   Thumb Code    16  tasks.o(.text.vTaskSuspendAll)
    vTaskSwitchContext                       0x08007079   Thumb Code   188  tasks.o(.text.vTaskSwitchContext)
    xPortStartScheduler                      0x08007135   Thumb Code   392  port.o(.text.xPortStartScheduler)
    xPortSysTickHandler                      0x080072bd   Thumb Code    46  port.o(.text.xPortSysTickHandler)
    xQueueGenericCreate                      0x080072ed   Thumb Code   134  queue.o(.text.xQueueGenericCreate)
    xQueueGenericCreateStatic                0x08007375   Thumb Code   222  queue.o(.text.xQueueGenericCreateStatic)
    xQueueGenericSend                        0x08007455   Thumb Code   700  queue.o(.text.xQueueGenericSend)
    xQueueGenericSendFromISR                 0x08007711   Thumb Code   330  queue.o(.text.xQueueGenericSendFromISR)
    xQueueReceive                            0x0800785d   Thumb Code   574  queue.o(.text.xQueueReceive)
    xQueueReceiveFromISR                     0x08007a9d   Thumb Code   210  queue.o(.text.xQueueReceiveFromISR)
    xTaskCheckForTimeOut                     0x08007b71   Thumb Code   150  tasks.o(.text.xTaskCheckForTimeOut)
    xTaskCreate                              0x08007c09   Thumb Code    96  tasks.o(.text.xTaskCreate)
    xTaskCreateStatic                        0x08007c69   Thumb Code   118  tasks.o(.text.xTaskCreateStatic)
    xTaskGetSchedulerState                   0x08007ce1   Thumb Code    30  tasks.o(.text.xTaskGetSchedulerState)
    xTaskGetTickCount                        0x08007d01   Thumb Code    12  tasks.o(.text.xTaskGetTickCount)
    xTaskIncrementTick                       0x08007d0d   Thumb Code   260  tasks.o(.text.xTaskIncrementTick)
    xTaskPriorityDisinherit                  0x08007e11   Thumb Code   138  tasks.o(.text.xTaskPriorityDisinherit)
    xTaskRemoveFromEventList                 0x08007e9d   Thumb Code   114  tasks.o(.text.xTaskRemoveFromEventList)
    xTaskResumeAll                           0x08007f11   Thumb Code   238  tasks.o(.text.xTaskResumeAll)
    xTimerCreateTimerTask                    0x08008001   Thumb Code   172  timers.o(.text.xTimerCreateTimerTask)
    _fp_init                                 0x080080b5   Thumb Code    26  fpinit.o(x$fpl$fpinit)
    __fplib_config_fpu_vfp                   0x080080cd   Thumb Code     0  fpinit.o(x$fpl$fpinit)
    __fplib_config_pureend_doubles           0x080080cd   Thumb Code     0  fpinit.o(x$fpl$fpinit)
    AHBPrescTable                            0x080080ce   Data          16  system_stm32f4xx.o(.rodata.AHBPrescTable)
    APBPrescTable                            0x080080de   Data           8  system_stm32f4xx.o(.rodata.APBPrescTable)
    vtable for CanManager                    0x080082e8   Data          20  can_device.o(.rodata._ZTV10CanManager)
    vtable for RC9Protocol                   0x080082fc   Data          68  rc9protocol.o(.rodata._ZTV11RC9Protocol)
    vtable for power_motor                   0x08008340   Data          20  m3508.o(.rodata._ZTV11power_motor)
    vtable for SerialDevice                  0x08008354   Data          12  serial_device.o(.rodata._ZTV12SerialDevice)
    vtable for demo                          0x08008360   Data          44  push_shoot.o(.rodata._ZTV4demo)
    vtable for xbox                          0x0800838c   Data          24  xbox.o(.rodata._ZTV4xbox)
    vtable for m3508p                        0x080083a4   Data          48  m3508.o(.rodata._ZTV6m3508p)
    vtable for CanDevice                     0x080083d4   Data          20  can_device.o(.rodata._ZTV9CanDevice)
    Region$$Table$$Base                      0x080083fc   Number         0  anon$$obj.o(Region$$Table)
    Region$$Table$$Limit                     0x0800841c   Number         0  anon$$obj.o(Region$$Table)
    SHT$$INIT_ARRAY$$Base                    0x0800841c   Number         0  taskmanager.o(.init_array)
    SHT$$INIT_ARRAY$$Limit                   0x08008424   Number         0  init_aeabi.o(.init_array)
    uwTickFreq                               0x20000000   Data           1  stm32f4xx_hal.o(.data..L_MergedGlobals)
    uwTickPrio                               0x20000004   Data           4  stm32f4xx_hal.o(.data..L_MergedGlobals)
    SystemCoreClock                          0x20000008   Data           4  system_stm32f4xx.o(.data.SystemCoreClock)
    rcnode::local_ip                         0x2000000c   Data           1  netswitch.o(.data._ZN6rcnode8local_ipE)
    __libspace_start                         0x20000018   Data          96  libspace.o(.bss)
    TxHeader                                 0x20000078   Data          24  can.o(.bss..L_MergedGlobals)
    __temporary_stack_top$libspace           0x20000078   Data           0  libspace.o(.bss)
    hcan1                                    0x20000090   Data          40  can.o(.bss..L_MergedGlobals)
    hcan2                                    0x200000b8   Data          40  can.o(.bss..L_MergedGlobals)
    pxCurrentTCB                             0x200000e0   Data           4  tasks.o(.bss..L_MergedGlobals)
    CanDevice::instanceCount_m3508_can1      0x200001bc   Data           1  can_device.o(.bss..L_MergedGlobals)
    CanDevice::instanceCount_m3508_can2      0x200001bd   Data           1  can_device.o(.bss..L_MergedGlobals)
    CanDevice::instanceCount_go1_can1        0x200001be   Data           1  can_device.o(.bss..L_MergedGlobals)
    CanDevice::instanceCount_go1_can2        0x200001bf   Data           1  can_device.o(.bss..L_MergedGlobals)
    CanDevice::instanceCount_m6020_can1      0x200001c0   Data           1  can_device.o(.bss..L_MergedGlobals)
    CanDevice::instanceCount_m6020_can2      0x200001c1   Data           1  can_device.o(.bss..L_MergedGlobals)
    CanDevice::instanceCount_vesc_can1       0x200001c2   Data           1  can_device.o(.bss..L_MergedGlobals)
    CanDevice::instanceCount_vesc_can2       0x200001c3   Data           1  can_device.o(.bss..L_MergedGlobals)
    CanManager::RxData1                      0x200001c4   Data           8  can_device.o(.bss..L_MergedGlobals)
    CanManager::RxData2                      0x200001cc   Data           8  can_device.o(.bss..L_MergedGlobals)
    CanDevice::m3508_instances_can1          0x200001d4   Data          16  can_device.o(.bss..L_MergedGlobals)
    CanDevice::m3508_instances_can2          0x200001e4   Data          16  can_device.o(.bss..L_MergedGlobals)
    CanDevice::go1_instances_can1            0x200001f4   Data          16  can_device.o(.bss..L_MergedGlobals)
    CanDevice::go1_instances_can2            0x20000204   Data          16  can_device.o(.bss..L_MergedGlobals)
    CanDevice::m6020_instances_can1          0x20000214   Data          16  can_device.o(.bss..L_MergedGlobals)
    CanDevice::m6020_instances_can2          0x20000224   Data          16  can_device.o(.bss..L_MergedGlobals)
    SerialDevice::instanceCount_             0x20000234   Data           4  serial_device.o(.bss..L_MergedGlobals)
    SerialDevice::instances_                 0x20000238   Data          40  serial_device.o(.bss..L_MergedGlobals)
    task_core                                0x20000260   Data           1  push_shoot.o(.bss..L_MergedGlobals)
    test3                                    0x20000264   Data          88  push_shoot.o(.bss..L_MergedGlobals)
    CanDevice::vesc_instances_can1           0x200002bc   Data          16  can_device.o(.bss..L_MergedGlobals.1)
    CanDevice::vesc_instances_can2           0x200002cc   Data          16  can_device.o(.bss..L_MergedGlobals.1)
    TaskManager::tasks                       0x2000030c   Data        1080  taskmanager.o(.bss._ZN11TaskManager5tasksE)
    rcnode::MAC_2_NODE                       0x20000744   Data         256  netswitch.o(.bss._ZN6rcnode10MAC_2_NODEE)
    rcncore::topicCount                      0x20000844   Data           1  rcncore.o(.bss._ZN7rcncore10topicCountE)
    rcncore::topicTable                      0x20000848   Data         360  rcncore.o(.bss._ZN7rcncore10topicTableE)
    box_test                                 0x200009b0   Data         564  push_shoot.o(.bss.box_test)
    can_core                                 0x20000be4   Data          96  push_shoot.o(.bss.can_core)
    debug                                    0x20000c44   Data         476  push_shoot.o(.bss.debug)
    esp32_serial                             0x20000e20   Data         476  push_shoot.o(.bss.esp32_serial)
    hdma_usart2_rx                           0x20000ffc   Data          96  usart.o(.bss.hdma_usart2_rx)
    hdma_usart6_rx                           0x2000105c   Data          96  usart.o(.bss.hdma_usart6_rx)
    htim2                                    0x200010bc   Data          72  tim.o(.bss.htim2)
    htim3                                    0x20001104   Data          72  stm32f4xx_hal_timebase_tim.o(.bss.htim3)
    huart1                                   0x2000114c   Data          72  usart.o(.bss.huart1)
    huart2                                   0x20001194   Data          72  usart.o(.bss.huart2)
    huart3                                   0x200011dc   Data          72  usart.o(.bss.huart3)
    huart4                                   0x20001224   Data          72  usart.o(.bss.huart4)
    huart5                                   0x2000126c   Data          72  usart.o(.bss.huart5)
    huart6                                   0x200012b4   Data          72  usart.o(.bss.huart6)
    m3508_pitch                              0x200012fc   Data         180  push_shoot.o(.bss.m3508_pitch)
    m3508_shooter                            0x200013b0   Data         180  push_shoot.o(.bss.m3508_shooter)
    uwTick                                   0x200055b4   Data           4  stm32f4xx_hal.o(.bss.uwTick)
    xQueueRegistry                           0x20005c70   Data          64  queue.o(.bss.xQueueRegistry)



==============================================================================

Memory Map of the image

  Image Entry point : 0x08000189

  Load Region LR_IROM1 (Base: 0x08000000, Size: 0x00008440, Max: 0x00100000, ABSOLUTE)

    Execution Region ER_IROM1 (Exec base: 0x08000000, Load base: 0x08000000, Size: 0x00008424, Max: 0x00100000, ABSOLUTE)

    Exec Addr    Load Addr    Size         Type   Attr      Idx    E Section Name        Object

    0x08000000   0x08000000   0x00000188   Data   RO            3    RESET               startup_stm32f407xx.o
    0x08000188   0x08000188   0x00000008   Code   RO         2403  * !!!main             c_w.l(__main.o)
    0x08000190   0x08000190   0x0000005c   Code   RO         2843    !!!scatter          c_w.l(__scatter.o)
    0x080001ec   0x080001ec   0x0000001a   Code   RO         2847    !!handler_copy      c_w.l(__scatter_copy.o)
    0x08000206   0x08000206   0x00000002   PAD
    0x08000208   0x08000208   0x00000002   Code   RO         2844    !!handler_null      c_w.l(__scatter.o)
    0x0800020a   0x0800020a   0x00000002   PAD
    0x0800020c   0x0800020c   0x0000001c   Code   RO         2849    !!handler_zi        c_w.l(__scatter_zi.o)
    0x08000228   0x08000228   0x00000002   Code   RO         2772    .ARM.Collect$$libinit$$00000000  c_w.l(libinit.o)
    0x0800022a   0x0800022a   0x00000004   Code   RO         2558    .ARM.Collect$$libinit$$00000001  c_w.l(libinit2.o)
    0x0800022e   0x0800022e   0x00000000   Code   RO         2561    .ARM.Collect$$libinit$$00000004  c_w.l(libinit2.o)
    0x0800022e   0x0800022e   0x00000000   Code   RO         2563    .ARM.Collect$$libinit$$00000006  c_w.l(libinit2.o)
    0x0800022e   0x0800022e   0x00000000   Code   RO         2566    .ARM.Collect$$libinit$$0000000C  c_w.l(libinit2.o)
    0x0800022e   0x0800022e   0x00000000   Code   RO         2568    .ARM.Collect$$libinit$$0000000E  c_w.l(libinit2.o)
    0x0800022e   0x0800022e   0x00000000   Code   RO         2570    .ARM.Collect$$libinit$$00000010  c_w.l(libinit2.o)
    0x0800022e   0x0800022e   0x00000000   Code   RO         2573    .ARM.Collect$$libinit$$00000013  c_w.l(libinit2.o)
    0x0800022e   0x0800022e   0x00000000   Code   RO         2575    .ARM.Collect$$libinit$$00000015  c_w.l(libinit2.o)
    0x0800022e   0x0800022e   0x00000000   Code   RO         2577    .ARM.Collect$$libinit$$00000017  c_w.l(libinit2.o)
    0x0800022e   0x0800022e   0x00000000   Code   RO         2579    .ARM.Collect$$libinit$$00000019  c_w.l(libinit2.o)
    0x0800022e   0x0800022e   0x00000000   Code   RO         2581    .ARM.Collect$$libinit$$0000001B  c_w.l(libinit2.o)
    0x0800022e   0x0800022e   0x00000000   Code   RO         2583    .ARM.Collect$$libinit$$0000001D  c_w.l(libinit2.o)
    0x0800022e   0x0800022e   0x00000000   Code   RO         2585    .ARM.Collect$$libinit$$0000001F  c_w.l(libinit2.o)
    0x0800022e   0x0800022e   0x00000000   Code   RO         2587    .ARM.Collect$$libinit$$00000021  c_w.l(libinit2.o)
    0x0800022e   0x0800022e   0x00000000   Code   RO         2589    .ARM.Collect$$libinit$$00000023  c_w.l(libinit2.o)
    0x0800022e   0x0800022e   0x00000000   Code   RO         2591    .ARM.Collect$$libinit$$00000025  c_w.l(libinit2.o)
    0x0800022e   0x0800022e   0x00000000   Code   RO         2593    .ARM.Collect$$libinit$$00000027  c_w.l(libinit2.o)
    0x0800022e   0x0800022e   0x00000000   Code   RO         2597    .ARM.Collect$$libinit$$0000002E  c_w.l(libinit2.o)
    0x0800022e   0x0800022e   0x00000000   Code   RO         2599    .ARM.Collect$$libinit$$00000030  c_w.l(libinit2.o)
    0x0800022e   0x0800022e   0x00000000   Code   RO         2601    .ARM.Collect$$libinit$$00000032  c_w.l(libinit2.o)
    0x0800022e   0x0800022e   0x00000004   Code   RO         2602    .ARM.Collect$$libinit$$00000033  c_w.l(libinit2.o)
    0x08000232   0x08000232   0x00000000   Code   RO         2603    .ARM.Collect$$libinit$$00000034  c_w.l(libinit2.o)
    0x08000232   0x08000232   0x00000002   Code   RO         2604    .ARM.Collect$$libinit$$00000035  c_w.l(libinit2.o)
    0x08000234   0x08000234   0x00000002   Code   RO         2829    .ARM.Collect$$libshutdown$$00000000  c_w.l(libshutdown.o)
    0x08000236   0x08000236   0x00000000   Code   RO         2806    .ARM.Collect$$libshutdown$$00000002  c_w.l(libshutdown2.o)
    0x08000236   0x08000236   0x00000000   Code   RO         2808    .ARM.Collect$$libshutdown$$00000004  c_w.l(libshutdown2.o)
    0x08000236   0x08000236   0x00000000   Code   RO         2811    .ARM.Collect$$libshutdown$$00000007  c_w.l(libshutdown2.o)
    0x08000236   0x08000236   0x00000000   Code   RO         2814    .ARM.Collect$$libshutdown$$0000000A  c_w.l(libshutdown2.o)
    0x08000236   0x08000236   0x00000000   Code   RO         2816    .ARM.Collect$$libshutdown$$0000000C  c_w.l(libshutdown2.o)
    0x08000236   0x08000236   0x00000000   Code   RO         2819    .ARM.Collect$$libshutdown$$0000000F  c_w.l(libshutdown2.o)
    0x08000236   0x08000236   0x00000002   Code   RO         2820    .ARM.Collect$$libshutdown$$00000010  c_w.l(libshutdown2.o)
    0x08000238   0x08000238   0x00000000   Code   RO         2483    .ARM.Collect$$rtentry$$00000000  c_w.l(__rtentry.o)
    0x08000238   0x08000238   0x00000000   Code   RO         2662    .ARM.Collect$$rtentry$$00000002  c_w.l(__rtentry2.o)
    0x08000238   0x08000238   0x00000006   Code   RO         2674    .ARM.Collect$$rtentry$$00000004  c_w.l(__rtentry4.o)
    0x0800023e   0x0800023e   0x00000000   Code   RO         2664    .ARM.Collect$$rtentry$$00000009  c_w.l(__rtentry2.o)
    0x0800023e   0x0800023e   0x00000004   Code   RO         2665    .ARM.Collect$$rtentry$$0000000A  c_w.l(__rtentry2.o)
    0x08000242   0x08000242   0x00000000   Code   RO         2667    .ARM.Collect$$rtentry$$0000000C  c_w.l(__rtentry2.o)
    0x08000242   0x08000242   0x00000008   Code   RO         2668    .ARM.Collect$$rtentry$$0000000D  c_w.l(__rtentry2.o)
    0x0800024a   0x0800024a   0x00000002   Code   RO         2776    .ARM.Collect$$rtexit$$00000000  c_w.l(rtexit.o)
    0x0800024c   0x0800024c   0x00000000   Code   RO         2791    .ARM.Collect$$rtexit$$00000002  c_w.l(rtexit2.o)
    0x0800024c   0x0800024c   0x00000004   Code   RO         2792    .ARM.Collect$$rtexit$$00000003  c_w.l(rtexit2.o)
    0x08000250   0x08000250   0x00000006   Code   RO         2793    .ARM.Collect$$rtexit$$00000004  c_w.l(rtexit2.o)
    0x08000256   0x08000256   0x00000002   PAD
    0x08000258   0x08000258   0x00000040   Code   RO            4    .text               startup_stm32f407xx.o
    0x08000298   0x08000298   0x000000f0   Code   RO         2389    .text               c_w.l(lludivv7m.o)
    0x08000388   0x08000388   0x0000008a   Code   RO         2391    .text               c_w.l(rt_memcpy_v6.o)
    0x08000412   0x08000412   0x00000010   Code   RO         2395    .text               c_w.l(aeabi_memset4.o)
    0x08000422   0x08000422   0x0000004e   Code   RO         2399    .text               c_w.l(rt_memclr_w.o)
    0x08000470   0x08000470   0x00000006   Code   RO         2401    .text               c_w.l(heapauxi.o)
    0x08000476   0x08000476   0x00000002   PAD
    0x08000478   0x08000478   0x0000002c   Code   RO         2408    .text               c_w.l(init_aeabi.o)
    0x080004a4   0x080004a4   0x0000004e   Code   RO         2494    .text               c_w.l(h1_free.o)
    0x080004f2   0x080004f2   0x00000064   Code   RO         2556    .text               c_w.l(rt_memcpy_w.o)
    0x08000556   0x08000556   0x00000002   PAD
    0x08000558   0x08000558   0x00000008   Code   RO         2681    .text               c_w.l(rt_heap_descriptor_intlibspace.o)
    0x08000560   0x08000560   0x00000016   Code   RO         2706    .text               c_w.l(abort.o)
    0x08000576   0x08000576   0x00000002   PAD
    0x08000578   0x08000578   0x0000000c   Code   RO         2727    .text               c_w.l(sys_exit.o)
    0x08000584   0x08000584   0x00000008   Code   RO         2733    .text               c_w.l(libspace.o)
    0x0800058c   0x0800058c   0x0000004a   Code   RO         2736    .text               c_w.l(sys_stackheap_outer.o)
    0x080005d6   0x080005d6   0x00000012   Code   RO         2746    .text               c_w.l(exit.o)
    0x080005e8   0x080005e8   0x0000000e   Code   RO         2748    .text               c_w.l(defsig_abrt_outer.o)
    0x080005f6   0x080005f6   0x00000002   Code   RO         2773    .text               c_w.l(use_no_semi.o)
    0x080005f8   0x080005f8   0x00000000   Code   RO         2775    .text               c_w.l(indicate_semi.o)
    0x080005f8   0x080005f8   0x0000000a   Code   RO         2782    .text               c_w.l(defsig_exit.o)
    0x08000602   0x08000602   0x00000002   PAD
    0x08000604   0x08000604   0x00000030   Code   RO         2784    .text               c_w.l(defsig_abrt_inner.o)
    0x08000634   0x08000634   0x00000032   Code   RO         2803    .text               c_w.l(defsig_general.o)
    0x08000666   0x08000666   0x0000000e   Code   RO         2821    .text               c_w.l(sys_wrch.o)
    0x08000674   0x08000674   0x00000002   Code   RO          141    .text.BusFault_Handler  stm32f4xx_it.o
    0x08000676   0x08000676   0x00000002   PAD
    0x08000678   0x08000678   0x0000000c   Code   RO          149    .text.CAN1_RX0_IRQHandler  stm32f4xx_it.o
    0x08000684   0x08000684   0x0000000c   Code   RO          169    .text.CAN2_RX0_IRQHandler  stm32f4xx_it.o
    0x08000690   0x08000690   0x000000de   Code   RO         2005    .text.CRC16_Table   crc_util.o
    0x0800076e   0x0800076e   0x00000002   PAD
    0x08000770   0x08000770   0x0000000c   Code   RO          147    .text.DMA1_Stream5_IRQHandler  stm32f4xx_it.o
    0x0800077c   0x0800077c   0x0000000c   Code   RO          167    .text.DMA2_Stream1_IRQHandler  stm32f4xx_it.o
    0x08000788   0x08000788   0x00000002   Code   RO          145    .text.DebugMon_Handler  stm32f4xx_it.o
    0x0800078a   0x0800078a   0x00000002   PAD
    0x0800078c   0x0800078c   0x00000006   Code   RO          151    .text.EXTI9_5_IRQHandler  stm32f4xx_it.o
    0x08000792   0x08000792   0x00000002   PAD
    0x08000794   0x08000794   0x00000006   Code   RO           15    .text.Error_Handler  main.o
    0x0800079a   0x0800079a   0x00000002   PAD
    0x0800079c   0x0800079c   0x0000002e   Code   RO          236    .text.HAL_CAN_ActivateNotification  stm32f4xx_hal_can.o
    0x080007ca   0x080007ca   0x00000002   PAD
    0x080007cc   0x080007cc   0x000000a8   Code   RO          222    .text.HAL_CAN_AddTxMessage  stm32f4xx_hal_can.o
    0x08000874   0x08000874   0x000000de   Code   RO          212    .text.HAL_CAN_ConfigFilter  stm32f4xx_hal_can.o
    0x08000952   0x08000952   0x00000002   PAD
    0x08000954   0x08000954   0x00000002   Code   RO          266    .text.HAL_CAN_ErrorCallback  stm32f4xx_hal_can.o
    0x08000956   0x08000956   0x00000002   PAD
    0x08000958   0x08000958   0x0000012a   Code   RO          232    .text.HAL_CAN_GetRxMessage  stm32f4xx_hal_can.o
    0x08000a82   0x08000a82   0x00000002   PAD
    0x08000a84   0x08000a84   0x0000025e   Code   RO          240    .text.HAL_CAN_IRQHandler  stm32f4xx_hal_can.o
    0x08000ce2   0x08000ce2   0x00000002   PAD
    0x08000ce4   0x08000ce4   0x000000f4   Code   RO          202    .text.HAL_CAN_Init  stm32f4xx_hal_can.o
    0x08000dd8   0x08000dd8   0x00000138   Code   RO           56    .text.HAL_CAN_MspInit  can.o
    0x08000f10   0x08000f10   0x00000002   Code   RO          254    .text.HAL_CAN_RxFifo0FullCallback  stm32f4xx_hal_can.o
    0x08000f12   0x08000f12   0x00000002   PAD
    0x08000f14   0x08000f14   0x000001e0   Code   RO         1821    .text.HAL_CAN_RxFifo0MsgPendingCallback  can_device.o
    0x080010f4   0x080010f4   0x00000002   Code   RO          258    .text.HAL_CAN_RxFifo1FullCallback  stm32f4xx_hal_can.o
    0x080010f6   0x080010f6   0x00000002   PAD
    0x080010f8   0x080010f8   0x00000002   Code   RO          260    .text.HAL_CAN_RxFifo1MsgPendingCallback  stm32f4xx_hal_can.o
    0x080010fa   0x080010fa   0x00000002   PAD
    0x080010fc   0x080010fc   0x00000002   Code   RO          262    .text.HAL_CAN_SleepCallback  stm32f4xx_hal_can.o
    0x080010fe   0x080010fe   0x00000002   PAD
    0x08001100   0x08001100   0x0000005a   Code   RO          214    .text.HAL_CAN_Start  stm32f4xx_hal_can.o
    0x0800115a   0x0800115a   0x00000002   PAD
    0x0800115c   0x0800115c   0x00000002   Code   RO          244    .text.HAL_CAN_TxMailbox0AbortCallback  stm32f4xx_hal_can.o
    0x0800115e   0x0800115e   0x00000002   PAD
    0x08001160   0x08001160   0x00000002   Code   RO          242    .text.HAL_CAN_TxMailbox0CompleteCallback  stm32f4xx_hal_can.o
    0x08001162   0x08001162   0x00000002   PAD
    0x08001164   0x08001164   0x00000002   Code   RO          248    .text.HAL_CAN_TxMailbox1AbortCallback  stm32f4xx_hal_can.o
    0x08001166   0x08001166   0x00000002   PAD
    0x08001168   0x08001168   0x00000002   Code   RO          246    .text.HAL_CAN_TxMailbox1CompleteCallback  stm32f4xx_hal_can.o
    0x0800116a   0x0800116a   0x00000002   PAD
    0x0800116c   0x0800116c   0x00000002   Code   RO          252    .text.HAL_CAN_TxMailbox2AbortCallback  stm32f4xx_hal_can.o
    0x0800116e   0x0800116e   0x00000002   PAD
    0x08001170   0x08001170   0x00000002   Code   RO          250    .text.HAL_CAN_TxMailbox2CompleteCallback  stm32f4xx_hal_can.o
    0x08001172   0x08001172   0x00000002   PAD
    0x08001174   0x08001174   0x00000002   Code   RO          264    .text.HAL_CAN_WakeUpFromRxMsgCallback  stm32f4xx_hal_can.o
    0x08001176   0x08001176   0x00000002   PAD
    0x08001178   0x08001178   0x0000008e   Code   RO          438    .text.HAL_DMA_Abort  stm32f4xx_hal_dma.o
    0x08001206   0x08001206   0x00000002   PAD
    0x08001208   0x08001208   0x00000024   Code   RO          440    .text.HAL_DMA_Abort_IT  stm32f4xx_hal_dma.o
    0x0800122c   0x0800122c   0x00000004   Code   RO          452    .text.HAL_DMA_GetError  stm32f4xx_hal_dma.o
    0x08001230   0x08001230   0x000001c0   Code   RO          444    .text.HAL_DMA_IRQHandler  stm32f4xx_hal_dma.o
    0x080013f0   0x080013f0   0x00000162   Code   RO          430    .text.HAL_DMA_Init  stm32f4xx_hal_dma.o
    0x08001552   0x08001552   0x00000002   PAD
    0x08001554   0x08001554   0x00000002   Code   RO          406    .text.HAL_GPIO_EXTI_Callback  stm32f4xx_hal_gpio.o
    0x08001556   0x08001556   0x00000002   PAD
    0x08001558   0x08001558   0x00000016   Code   RO          404    .text.HAL_GPIO_EXTI_IRQHandler  stm32f4xx_hal_gpio.o
    0x0800156e   0x0800156e   0x00000002   PAD
    0x08001570   0x08001570   0x0000019e   Code   RO          392    .text.HAL_GPIO_Init  stm32f4xx_hal_gpio.o
    0x0800170e   0x0800170e   0x00000002   PAD
    0x08001710   0x08001710   0x0000000a   Code   RO          398    .text.HAL_GPIO_WritePin  stm32f4xx_hal_gpio.o
    0x0800171a   0x0800171a   0x00000002   PAD
    0x0800171c   0x0800171c   0x0000000c   Code   RO          585    .text.HAL_GetTick   stm32f4xx_hal.o
    0x08001728   0x08001728   0x0000001a   Code   RO          583    .text.HAL_IncTick   stm32f4xx_hal.o
    0x08001742   0x08001742   0x00000002   PAD
    0x08001744   0x08001744   0x00000036   Code   RO          573    .text.HAL_Init      stm32f4xx_hal.o
    0x0800177a   0x0800177a   0x00000002   PAD
    0x0800177c   0x0800177c   0x000000bc   Code   RO          187    .text.HAL_InitTick  stm32f4xx_hal_timebase_tim.o
    0x08001838   0x08001838   0x00000042   Code   RO          178    .text.HAL_MspInit   stm32f4xx_hal_msp.o
    0x0800187a   0x0800187a   0x00000002   PAD
    0x0800187c   0x0800187c   0x00000022   Code   RO          529    .text.HAL_NVIC_EnableIRQ  stm32f4xx_hal_cortex.o
    0x0800189e   0x0800189e   0x00000002   PAD
    0x080018a0   0x080018a0   0x00000056   Code   RO          527    .text.HAL_NVIC_SetPriority  stm32f4xx_hal_cortex.o
    0x080018f6   0x080018f6   0x00000002   PAD
    0x080018f8   0x080018f8   0x00000020   Code   RO          525    .text.HAL_NVIC_SetPriorityGrouping  stm32f4xx_hal_cortex.o
    0x08001918   0x08001918   0x00000164   Code   RO          286    .text.HAL_RCC_ClockConfig  stm32f4xx_hal_rcc.o
    0x08001a7c   0x08001a7c   0x0000003e   Code   RO          304    .text.HAL_RCC_GetClockConfig  stm32f4xx_hal_rcc.o
    0x08001aba   0x08001aba   0x00000002   PAD
    0x08001abc   0x08001abc   0x00000026   Code   RO          298    .text.HAL_RCC_GetPCLK1Freq  stm32f4xx_hal_rcc.o
    0x08001ae2   0x08001ae2   0x00000002   PAD
    0x08001ae4   0x08001ae4   0x00000026   Code   RO          300    .text.HAL_RCC_GetPCLK2Freq  stm32f4xx_hal_rcc.o
    0x08001b0a   0x08001b0a   0x00000002   PAD
    0x08001b0c   0x08001b0c   0x0000006c   Code   RO          288    .text.HAL_RCC_GetSysClockFreq  stm32f4xx_hal_rcc.o
    0x08001b78   0x08001b78   0x000003b0   Code   RO          284    .text.HAL_RCC_OscConfig  stm32f4xx_hal_rcc.o
    0x08001f28   0x08001f28   0x00000002   Code   RO          968    .text.HAL_TIMEx_BreakCallback  stm32f4xx_hal_tim_ex.o
    0x08001f2a   0x08001f2a   0x00000002   PAD
    0x08001f2c   0x08001f2c   0x00000002   Code   RO          964    .text.HAL_TIMEx_CommutCallback  stm32f4xx_hal_tim_ex.o
    0x08001f2e   0x08001f2e   0x00000002   PAD
    0x08001f30   0x08001f30   0x000000ba   Code   RO          958    .text.HAL_TIMEx_MasterConfigSynchronization  stm32f4xx_hal_tim_ex.o
    0x08001fea   0x08001fea   0x00000002   PAD
    0x08001fec   0x08001fec   0x0000005a   Code   RO          663    .text.HAL_TIM_Base_Init  stm32f4xx_hal_tim.o
    0x08002046   0x08002046   0x00000002   PAD
    0x08002048   0x08002048   0x00000042   Code   RO           88    .text.HAL_TIM_Base_MspInit  tim.o
    0x0800208a   0x0800208a   0x00000002   PAD
    0x0800208c   0x0800208c   0x000000aa   Code   RO          677    .text.HAL_TIM_Base_Start_IT  stm32f4xx_hal_tim.o
    0x08002136   0x08002136   0x00000002   PAD
    0x08002138   0x08002138   0x000001a0   Code   RO          843    .text.HAL_TIM_ConfigClockSource  stm32f4xx_hal_tim.o
    0x080022d8   0x080022d8   0x00000002   Code   RO          799    .text.HAL_TIM_IC_CaptureCallback  stm32f4xx_hal_tim.o
    0x080022da   0x080022da   0x00000002   PAD
    0x080022dc   0x080022dc   0x0000014e   Code   RO          797    .text.HAL_TIM_IRQHandler  stm32f4xx_hal_tim.o
    0x0800242a   0x0800242a   0x00000002   PAD
    0x0800242c   0x0800242c   0x00000002   Code   RO          801    .text.HAL_TIM_OC_DelayElapsedCallback  stm32f4xx_hal_tim.o
    0x0800242e   0x0800242e   0x00000002   PAD
    0x08002430   0x08002430   0x00000002   Code   RO          803    .text.HAL_TIM_PWM_PulseFinishedCallback  stm32f4xx_hal_tim.o
    0x08002432   0x08002432   0x00000002   PAD
    0x08002434   0x08002434   0x00000014   Code   RO           17    .text.HAL_TIM_PeriodElapsedCallback  main.o
    0x08002448   0x08002448   0x00000002   Code   RO          807    .text.HAL_TIM_TriggerCallback  stm32f4xx_hal_tim.o
    0x0800244a   0x0800244a   0x00000002   PAD
    0x0800244c   0x0800244c   0x00000002   Code   RO         1068    .text.HAL_UARTEx_RxEventCallback  stm32f4xx_hal_uart.o
    0x0800244e   0x0800244e   0x00000002   PAD
    0x08002450   0x08002450   0x0000016e   Code   RO         1038    .text.HAL_UART_AbortReceive  stm32f4xx_hal_uart.o
    0x080025be   0x080025be   0x00000002   PAD
    0x080025c0   0x080025c0   0x00000034   Code   RO          117    .text.HAL_UART_ErrorCallback  usart.o
    0x080025f4   0x080025f4   0x00000570   Code   RO         1060    .text.HAL_UART_IRQHandler  stm32f4xx_hal_uart.o
    0x08002b64   0x08002b64   0x00000060   Code   RO          982    .text.HAL_UART_Init  stm32f4xx_hal_uart.o
    0x08002bc4   0x08002bc4   0x000003b6   Code   RO          113    .text.HAL_UART_MspInit  usart.o
    0x08002f7a   0x08002f7a   0x00000002   PAD
    0x08002f7c   0x08002f7c   0x00000054   Code   RO         1004    .text.HAL_UART_Receive_IT  stm32f4xx_hal_uart.o
    0x08002fd0   0x08002fd0   0x00000048   Code   RO         1890    .text.HAL_UART_RxCpltCallback  serial_device.o
    0x08003018   0x08003018   0x00000178   Code   RO          998    .text.HAL_UART_Transmit  stm32f4xx_hal_uart.o
    0x08003190   0x08003190   0x00000002   Code   RO         1070    .text.HAL_UART_TxCpltCallback  stm32f4xx_hal_uart.o
    0x08003192   0x08003192   0x00000002   PAD
    0x08003194   0x08003194   0x00000002   Code   RO          137    .text.HardFault_Handler  stm32f4xx_it.o
    0x08003196   0x08003196   0x00000002   PAD
    0x08003198   0x08003198   0x00000046   Code   RO           52    .text.MX_CAN1_Init  can.o
    0x080031de   0x080031de   0x00000002   PAD
    0x080031e0   0x080031e0   0x0000004a   Code   RO           54    .text.MX_CAN2_Init  can.o
    0x0800322a   0x0800322a   0x00000002   PAD
    0x0800322c   0x0800322c   0x0000005c   Code   RO           77    .text.MX_DMA_Init   dma.o
    0x08003288   0x08003288   0x000001b4   Code   RO           28    .text.MX_GPIO_Init  gpio.o
    0x0800343c   0x0800343c   0x00000072   Code   RO           86    .text.MX_TIM2_Init  tim.o
    0x080034ae   0x080034ae   0x00000002   PAD
    0x080034b0   0x080034b0   0x0000003c   Code   RO          101    .text.MX_UART4_Init  usart.o
    0x080034ec   0x080034ec   0x0000003c   Code   RO          103    .text.MX_UART5_Init  usart.o
    0x08003528   0x08003528   0x0000003c   Code   RO          105    .text.MX_USART1_UART_Init  usart.o
    0x08003564   0x08003564   0x0000003c   Code   RO          107    .text.MX_USART2_UART_Init  usart.o
    0x080035a0   0x080035a0   0x00000040   Code   RO          109    .text.MX_USART3_UART_Init  usart.o
    0x080035e0   0x080035e0   0x0000003c   Code   RO          111    .text.MX_USART6_UART_Init  usart.o
    0x0800361c   0x0800361c   0x00000002   Code   RO          139    .text.MemManage_Handler  stm32f4xx_it.o
    0x0800361e   0x0800361e   0x00000002   PAD
    0x08003620   0x08003620   0x00000002   Code   RO          135    .text.NMI_Handler   stm32f4xx_it.o
    0x08003622   0x08003622   0x0000000e   PAD
    0x08003630   0x08003630   0x00000064   Code   RO         1671    .text.PendSV_Handler  port.o
    0x08003694   0x08003694   0x0000000c   PAD
    0x080036a0   0x080036a0   0x00000024   Code   RO         1655    .text.SVC_Handler   port.o
    0x080036c4   0x080036c4   0x0000001e   Code   RO         1466    .text.SysTick_Handler  cmsis_os2.o
    0x080036e2   0x080036e2   0x00000002   PAD
    0x080036e4   0x080036e4   0x000000ac   Code   RO           13    .text.SystemClock_Config  main.o
    0x08003790   0x08003790   0x00000012   Code   RO         1104    .text.SystemInit    system_stm32f4xx.o
    0x080037a2   0x080037a2   0x00000002   PAD
    0x080037a4   0x080037a4   0x0000000c   Code   RO          153    .text.TIM2_IRQHandler  stm32f4xx_it.o
    0x080037b0   0x080037b0   0x0000000c   Code   RO          155    .text.TIM3_IRQHandler  stm32f4xx_it.o
    0x080037bc   0x080037bc   0x0000014c   Code   RO          667    .text.TIM_Base_SetConfig  stm32f4xx_hal_tim.o
    0x08003908   0x08003908   0x0000000c   Code   RO          163    .text.UART4_IRQHandler  stm32f4xx_it.o
    0x08003914   0x08003914   0x0000000c   Code   RO          165    .text.UART5_IRQHandler  stm32f4xx_it.o
    0x08003920   0x08003920   0x0000000c   Code   RO         1064    .text.UART_DMAAbortOnError  stm32f4xx_hal_uart.o
    0x0800392c   0x0800392c   0x000000fe   Code   RO         1062    .text.UART_Receive_IT  stm32f4xx_hal_uart.o
    0x08003a2a   0x08003a2a   0x00000002   PAD
    0x08003a2c   0x08003a2c   0x000000ee   Code   RO          986    .text.UART_SetConfig  stm32f4xx_hal_uart.o
    0x08003b1a   0x08003b1a   0x00000002   PAD
    0x08003b1c   0x08003b1c   0x0000000c   Code   RO          157    .text.USART1_IRQHandler  stm32f4xx_it.o
    0x08003b28   0x08003b28   0x0000000c   Code   RO          159    .text.USART2_IRQHandler  stm32f4xx_it.o
    0x08003b34   0x08003b34   0x0000000c   Code   RO          161    .text.USART3_IRQHandler  stm32f4xx_it.o
    0x08003b40   0x08003b40   0x00000002   Code   RO          143    .text.UsageFault_Handler  stm32f4xx_it.o
    0x08003b42   0x08003b42   0x00000002   PAD
    0x08003b44   0x08003b44   0x0000003e   Code   RO         1912    .text._GLOBAL__sub_I_TaskManager.cpp  taskmanager.o
    0x08003b82   0x08003b82   0x00000002   PAD
    0x08003b84   0x08003b84   0x00000148   Code   RO         2330    .text._GLOBAL__sub_I_push_shoot.cpp  push_shoot.o
    0x08003ccc   0x08003ccc   0x00000158   Code   RO         1819    .text._ZN10CanManager12process_dataEv  can_device.o
    0x08003e24   0x08003e24   0x0000007a   Code   RO         1811    .text._ZN10CanManager16CAN1_Filter_InitEv  can_device.o
    0x08003e9e   0x08003e9e   0x00000002   PAD
    0x08003ea0   0x08003ea0   0x0000007a   Code   RO         1813    .text._ZN10CanManager16CAN2_Filter_InitEv  can_device.o
    0x08003f1a   0x08003f1a   0x00000002   PAD
    0x08003f1c   0x08003f1c   0x0000002a   Code   RO         1815    .text._ZN10CanManager4initEv  can_device.o
    0x08003f46   0x08003f46   0x00000002   PAD
    0x08003f48   0x08003f48   0x0000004c   Code   RO         1817    .text._ZN10CanManagerC2Ev  can_device.o
    0x08003f94   0x08003f94   0x00000006   Code   RO         1843    .text._ZN10CanManagerD0Ev  can_device.o
    0x08003f9a   0x08003f9a   0x00000002   PAD
    0x08003f9c   0x08003f9c   0x00000218   Code   RO         2302    .text._ZN10subscriberC2EPKcP6rcnode  rcncore.o
    0x080041b4   0x080041b4   0x000000a6   Code   RO         1853    .text._ZN11RC9Protocol12process_dataEv  rc9protocol.o
    0x0800425a   0x0800425a   0x00000002   PAD
    0x0800425c   0x0800425c   0x0000026c   Code   RO         1849    .text._ZN11RC9Protocol17handleReceiveDataEh  rc9protocol.o
    0x080044c8   0x080044c8   0x00000004   Code   RO         1859    .text._ZN11RC9Protocol5msginEhPKv  rc9protocol.o
    0x080044cc   0x080044cc   0x00000004   Code   RO         1863    .text._ZN11RC9Protocol6msgoutEhPv  rc9protocol.o
    0x080044d0   0x080044d0   0x000000b0   Code   RO         1847    .text._ZN11RC9ProtocolC2EP20__UART_HandleTypeDefb  rc9protocol.o
    0x08004580   0x08004580   0x00000008   Code   RO         1877    .text._ZN11RC9ProtocolD0Ev  rc9protocol.o
    0x08004588   0x08004588   0x00000002   Code   RO         1875    .text._ZN11RC9ProtocolD2Ev  rc9protocol.o
    0x0800458a   0x0800458a   0x00000002   PAD
    0x0800458c   0x0800458c   0x00000044   Code   RO         1908    .text._ZN11TaskManager12TaskFunctionEPv  taskmanager.o
    0x080045d0   0x080045d0   0x0000006e   Code   RO         1906    .text._ZN11TaskManager12registerTaskEiP14ITaskProcessor  taskmanager.o
    0x0800463e   0x0800463e   0x00000002   PAD
    0x08004640   0x08004640   0x0000007c   Code   RO         1904    .text._ZN11TaskManagerC2Ev  taskmanager.o
    0x080046bc   0x080046bc   0x00000002   Code   RO         1954    .text._ZN11power_motor10set_rpm_ffEff  m3508.o
    0x080046be   0x080046be   0x00000002   PAD
    0x080046c0   0x080046c0   0x0000000e   Code   RO         1888    .text._ZN12SerialDevice18startUartReceiveITEv  serial_device.o
    0x080046ce   0x080046ce   0x00000002   PAD
    0x080046d0   0x080046d0   0x00000032   Code   RO         1884    .text._ZN12SerialDeviceC2EP20__UART_HandleTypeDef  serial_device.o
    0x08004702   0x08004702   0x00000002   PAD
    0x08004704   0x08004704   0x00000002   Code   RO         1778    .text._ZN14ITaskProcessorD2Ev  chassis.o
    0x08004706   0x08004706   0x00000002   PAD
    0x08004708   0x08004708   0x00000020   Code   RO         2318    .text._ZN4demo12process_dataEv  push_shoot.o
    0x08004728   0x08004728   0x00000018   Code   RO         2320    .text._ZN4demo5msginEhPKv  push_shoot.o
    0x08004740   0x08004740   0x00000004   Code   RO         2324    .text._ZN4demo6msgoutEhPv  push_shoot.o
    0x08004744   0x08004744   0x00000006   Code   RO         2349    .text._ZN4demoD0Ev  push_shoot.o
    0x0800474a   0x0800474a   0x00000002   PAD
    0x0800474c   0x0800474c   0x00000002   Code   RO         1721    .text._ZN4xbox14btnRB_callbackEv  xbox.o
    0x0800474e   0x0800474e   0x00000002   PAD
    0x08004750   0x08004750   0x00000002   Code   RO         1723    .text._ZN4xbox16btnXBOX_callbackEv  xbox.o
    0x08004752   0x08004752   0x00000002   PAD
    0x08004754   0x08004754   0x00000108   Code   RO         1709    .text._ZN4xbox5msginEhPKv  xbox.o
    0x0800485c   0x0800485c   0x00000004   Code   RO         1711    .text._ZN4xbox6msgoutEhPv  xbox.o
    0x08004860   0x08004860   0x0000003a   Code   RO         1703    .text._ZN4xboxC2EP6actionP7chassisfff  xbox.o
    0x0800489a   0x0800489a   0x00000002   PAD
    0x0800489c   0x0800489c   0x000000d4   Code   RO         1928    .text._ZN6m3508p10can_updateEPh  m3508.o
    0x08004970   0x08004970   0x0000004a   Code   RO         1926    .text._ZN6m3508p13motor_processEv  m3508.o
    0x080049ba   0x080049ba   0x00000002   PAD
    0x080049bc   0x080049bc   0x00000016   Code   RO         1932    .text._ZN6m3508p7get_rpmEv  m3508.o
    0x080049d2   0x080049d2   0x00000002   PAD
    0x080049d4   0x080049d4   0x00000006   Code   RO         1936    .text._ZN6m3508p7set_rpmEf  m3508.o
    0x080049da   0x080049da   0x00000002   PAD
    0x080049dc   0x080049dc   0x000000a4   Code   RO         1924    .text._ZN6m3508pC2EhP17CAN_HandleTypeDef10motor_modefffff  m3508.o
    0x08004a80   0x08004a80   0x00000016   Code   RO         2264    .text._ZN6rcnode10ppsend_SynEhhhPKv  netswitch.o
    0x08004a96   0x08004a96   0x00000002   PAD
    0x08004a98   0x08004a98   0x00000062   Code   RO         2270    .text._ZN6rcnode11ppsend_AsynEhhhPKv  netswitch.o
    0x08004afa   0x08004afa   0x00000002   PAD
    0x08004afc   0x08004afc   0x00000036   Code   RO         2276    .text._ZN6rcnode19ppget_AsynOverwriteEv  netswitch.o
    0x08004b32   0x08004b32   0x00000002   PAD
    0x08004b34   0x08004b34   0x0000006c   Code   RO         2274    .text._ZN6rcnode20ppsend_AsynOverwriteEhhhPKv  netswitch.o
    0x08004ba0   0x08004ba0   0x00000062   Code   RO         2268    .text._ZN6rcnode7rcninitEhh  netswitch.o
    0x08004c02   0x08004c02   0x00000002   PAD
    0x08004c04   0x08004c04   0x000000c6   Code   RO         2296    .text._ZN7rcncore7publishEhhPKv7pptype_  rcncore.o
    0x08004cca   0x08004cca   0x00000002   PAD
    0x08004ccc   0x08004ccc   0x00000164   Code   RO         2167    .text._ZN8IncrePID16increPID_ComputeEf  superpid.o
    0x08004e30   0x08004e30   0x00000006   Code   RO         2173    .text._ZN8IncrePID17increPID_setargetEf  superpid.o
    0x08004e36   0x08004e36   0x00000002   PAD
    0x08004e38   0x08004e38   0x00000050   Code   RO         2161    .text._ZN8IncrePIDC2Effffff  superpid.o
    0x08004e88   0x08004e88   0x00000002   Code   RO         1841    .text._ZN9CanDevice10EXT_updateEjPh  can_device.o
    0x08004e8a   0x08004e8a   0x00000002   PAD
    0x08004e8c   0x08004e8c   0x00000004   Code   RO         1807    .text._ZN9CanDevice13motor_processEv  can_device.o
    0x08004e90   0x08004e90   0x00000830   Code   RO         1809    .text._ZN9CanDeviceC2E13CanDeviceTypeP17CAN_HandleTypeDefh  can_device.o
    0x080056c0   0x080056c0   0x00000024   Code   RO         1991    .text._ZN9dji_motor16vangle_to_rangleEj  motor.o
    0x080056e4   0x080056e4   0x00000022   Code   RO         1989    .text._ZN9dji_motor20rcurrent_to_vcurrentEf  motor.o
    0x08005706   0x08005706   0x00000002   PAD
    0x08005708   0x08005708   0x00000022   Code   RO         1987    .text._ZN9dji_motor20vcurrent_to_rcurrentEs  motor.o
    0x0800572a   0x0800572a   0x00000002   PAD
    0x0800572c   0x0800572c   0x00000014   Code   RO         1993    .text._ZN9dji_motorC2Efst  motor.o
    0x08005740   0x08005740   0x00000018   Code   RO         2300    .text._ZN9publisher7publishEhPKv  rcncore.o
    0x08005758   0x08005758   0x0000013c   Code   RO         2298    .text._ZN9publisherC2EPKc7pptype_P6rcnode  rcncore.o
    0x08005894   0x08005894   0x000000aa   Code   RO         1855    .text._ZThn12_N11RC9Protocol12process_dataEv  rc9protocol.o
    0x0800593e   0x0800593e   0x00000002   PAD
    0x08005940   0x08005940   0x0000000a   Code   RO         1881    .text._ZThn12_N11RC9ProtocolD0Ev  rc9protocol.o
    0x0800594a   0x0800594a   0x00000002   PAD
    0x0800594c   0x0800594c   0x00000002   Code   RO         1879    .text._ZThn12_N11RC9ProtocolD1Ev  rc9protocol.o
    0x0800594e   0x0800594e   0x00000002   PAD
    0x08005950   0x08005950   0x00000016   Code   RO         1934    .text._ZThn12_N6m3508p7get_rpmEv  m3508.o
    0x08005966   0x08005966   0x00000002   PAD
    0x08005968   0x08005968   0x00000006   Code   RO         1938    .text._ZThn12_N6m3508p7set_rpmEf  m3508.o
    0x0800596e   0x0800596e   0x00000002   PAD
    0x08005970   0x08005970   0x00000018   Code   RO         2322    .text._ZThn20_N4demo5msginEhPKv  push_shoot.o
    0x08005988   0x08005988   0x00000004   Code   RO         2326    .text._ZThn20_N4demo6msgoutEhPv  push_shoot.o
    0x0800598c   0x0800598c   0x00000004   Code   RO         1861    .text._ZThn32_N11RC9Protocol5msginEhPKv  rc9protocol.o
    0x08005990   0x08005990   0x00000004   Code   RO         1865    .text._ZThn32_N11RC9Protocol6msgoutEhPv  rc9protocol.o
    0x08005994   0x08005994   0x00000004   Code   RO         2426    .text._ZdlPv        libcpp_w.l(new.cpp.o)
    0x08005998   0x08005998   0x00000004   Code   RO         2430    .text._ZdlPvj       libcpp_w.l(new.cpp.o)
    0x0800599c   0x0800599c   0x00000028   Code   RO         2460    .text.__cxa_pure_virtual  libcppabi_w.l(cxa_virtual.cpp.o)
    0x080059c4   0x080059c4   0x00000004   Code   RO         2621    .text.abort_message  libcppabi_w.l(abort_message.cpp.o)
    0x080059c8   0x080059c8   0x0000004a   Code   RO           11    .text.main          main.o
    0x08005a12   0x08005a12   0x00000002   PAD
    0x08005a14   0x08005a14   0x00000020   Code   RO         1526    .text.osDelay       cmsis_os2.o
    0x08005a34   0x08005a34   0x00000028   Code   RO         1468    .text.osKernelInitialize  cmsis_os2.o
    0x08005a5c   0x08005a5c   0x0000003c   Code   RO         1474    .text.osKernelStart  cmsis_os2.o
    0x08005a98   0x08005a98   0x0000002a   Code   RO         1592    .text.osMessageQueueDelete  cmsis_os2.o
    0x08005ac2   0x08005ac2   0x00000002   PAD
    0x08005ac4   0x08005ac4   0x0000008c   Code   RO         1580    .text.osMessageQueueGet  cmsis_os2.o
    0x08005b50   0x08005b50   0x0000008a   Code   RO         1576    .text.osMessageQueueNew  cmsis_os2.o
    0x08005bda   0x08005bda   0x00000002   PAD
    0x08005bdc   0x08005bdc   0x000000a8   Code   RO         1578    .text.osMessageQueuePut  cmsis_os2.o
    0x08005c84   0x08005c84   0x0000009c   Code   RO         1490    .text.osThreadNew   cmsis_os2.o
    0x08005d20   0x08005d20   0x0000028a   Code   RO         1301    .text.prvAddNewTaskToReadyList  tasks.o
    0x08005faa   0x08005faa   0x00000002   PAD
    0x08005fac   0x08005fac   0x00000086   Code   RO         1333    .text.prvIdleTask   tasks.o
    0x08006032   0x08006032   0x00000002   PAD
    0x08006034   0x08006034   0x00000128   Code   RO         1299    .text.prvInitialiseNewTask  tasks.o
    0x0800615c   0x0800615c   0x00000028   Code   RO         1663    .text.prvPortStartFirstTask  port.o
    0x08006184   0x08006184   0x0000003e   Code   RO         1653    .text.prvTaskExitError  port.o
    0x080061c2   0x080061c2   0x00000002   PAD
    0x080061c4   0x080061c4   0x0000038a   Code   RO         1418    .text.prvTimerTask  timers.o
    0x0800654e   0x0800654e   0x00000002   PAD
    0x08006550   0x08006550   0x00000074   Code   RO         1200    .text.prvUnlockQueue  queue.o
    0x080065c4   0x080065c4   0x000000ac   Code   RO         2316    .text.pshoot_setup  push_shoot.o
    0x08006670   0x08006670   0x000001f4   Code   RO         1629    .text.pvPortMalloc  heap_4.o
    0x08006864   0x08006864   0x00000024   Code   RO         1651    .text.pxPortInitialiseStack  port.o
    0x08006888   0x08006888   0x00000024   Code   RO         1164    .text.uxListRemove  list.o
    0x080068ac   0x080068ac   0x0000001a   Code   RO         1612    .text.vApplicationGetIdleTaskMemory  cmsis_os2.o
    0x080068c6   0x080068c6   0x00000002   PAD
    0x080068c8   0x080068c8   0x0000001c   Code   RO         1614    .text.vApplicationGetTimerTaskMemory  cmsis_os2.o
    0x080068e4   0x080068e4   0x00000016   Code   RO         1156    .text.vListInitialise  list.o
    0x080068fa   0x080068fa   0x00000002   PAD
    0x080068fc   0x080068fc   0x00000006   Code   RO         1158    .text.vListInitialiseItem  list.o
    0x08006902   0x08006902   0x00000002   PAD
    0x08006904   0x08006904   0x00000062   Code   RO         1162    .text.vListInsert   list.o
    0x08006966   0x08006966   0x00000002   PAD
    0x08006968   0x08006968   0x0000001c   Code   RO         1160    .text.vListInsertEnd  list.o
    0x08006984   0x08006984   0x00000014   Code   RO         1661    .text.vPortEnableVFP  port.o
    0x08006998   0x08006998   0x00000046   Code   RO         1667    .text.vPortEnterCritical  port.o
    0x080069de   0x080069de   0x00000002   PAD
    0x080069e0   0x080069e0   0x0000002e   Code   RO         1669    .text.vPortExitCritical  port.o
    0x08006a0e   0x08006a0e   0x00000002   PAD
    0x08006a10   0x08006a10   0x000000d4   Code   RO         1631    .text.vPortFree     heap_4.o
    0x08006ae4   0x08006ae4   0x00000034   Code   RO         1659    .text.vPortSetupTimerInterrupt  port.o
    0x08006b18   0x08006b18   0x0000005e   Code   RO         1675    .text.vPortValidateInterruptPriority  port.o
    0x08006b76   0x08006b76   0x00000002   PAD
    0x08006b78   0x08006b78   0x000000b0   Code   RO         1234    .text.vQueueAddToRegistry  queue.o
    0x08006c28   0x08006c28   0x000000a8   Code   RO         1220    .text.vQueueDelete  queue.o
    0x08006cd0   0x08006cd0   0x000000c0   Code   RO         1222    .text.vQueueUnregisterQueue  queue.o
    0x08006d90   0x08006d90   0x00000052   Code   RO         1238    .text.vQueueWaitForMessageRestricted  queue.o
    0x08006de2   0x08006de2   0x00000002   PAD
    0x08006de4   0x08006de4   0x00000080   Code   RO         1313    .text.vTaskDelay    tasks.o
    0x08006e64   0x08006e64   0x00000012   Code   RO         1363    .text.vTaskInternalSetTimeOutState  tasks.o
    0x08006e76   0x08006e76   0x00000002   PAD
    0x08006e78   0x08006e78   0x0000000e   Code   RO         1367    .text.vTaskMissedYield  tasks.o
    0x08006e86   0x08006e86   0x00000002   PAD
    0x08006e88   0x08006e88   0x00000074   Code   RO         1351    .text.vTaskPlaceOnEventList  tasks.o
    0x08006efc   0x08006efc   0x0000007a   Code   RO         1355    .text.vTaskPlaceOnEventListRestricted  tasks.o
    0x08006f76   0x08006f76   0x00000002   PAD
    0x08006f78   0x08006f78   0x000000f0   Code   RO         1331    .text.vTaskStartScheduler  tasks.o
    0x08007068   0x08007068   0x00000010   Code   RO         1309    .text.vTaskSuspendAll  tasks.o
    0x08007078   0x08007078   0x000000bc   Code   RO         1325    .text.vTaskSwitchContext  tasks.o
    0x08007134   0x08007134   0x00000188   Code   RO         1657    .text.xPortStartScheduler  port.o
    0x080072bc   0x080072bc   0x0000002e   Code   RO         1673    .text.xPortSysTickHandler  port.o
    0x080072ea   0x080072ea   0x00000002   PAD
    0x080072ec   0x080072ec   0x00000086   Code   RO         1178    .text.xQueueGenericCreate  queue.o
    0x08007372   0x08007372   0x00000002   PAD
    0x08007374   0x08007374   0x000000de   Code   RO         1176    .text.xQueueGenericCreateStatic  queue.o
    0x08007452   0x08007452   0x00000002   PAD
    0x08007454   0x08007454   0x000002bc   Code   RO         1190    .text.xQueueGenericSend  queue.o
    0x08007710   0x08007710   0x0000014a   Code   RO         1202    .text.xQueueGenericSendFromISR  queue.o
    0x0800785a   0x0800785a   0x00000002   PAD
    0x0800785c   0x0800785c   0x0000023e   Code   RO         1206    .text.xQueueReceive  queue.o
    0x08007a9a   0x08007a9a   0x00000002   PAD
    0x08007a9c   0x08007a9c   0x000000d2   Code   RO         1210    .text.xQueueReceiveFromISR  queue.o
    0x08007b6e   0x08007b6e   0x00000002   PAD
    0x08007b70   0x08007b70   0x00000096   Code   RO         1365    .text.xTaskCheckForTimeOut  tasks.o
    0x08007c06   0x08007c06   0x00000002   PAD
    0x08007c08   0x08007c08   0x00000060   Code   RO         1303    .text.xTaskCreate   tasks.o
    0x08007c68   0x08007c68   0x00000076   Code   RO         1297    .text.xTaskCreateStatic  tasks.o
    0x08007cde   0x08007cde   0x00000002   PAD
    0x08007ce0   0x08007ce0   0x0000001e   Code   RO         1379    .text.xTaskGetSchedulerState  tasks.o
    0x08007cfe   0x08007cfe   0x00000002   PAD
    0x08007d00   0x08007d00   0x0000000c   Code   RO         1339    .text.xTaskGetTickCount  tasks.o
    0x08007d0c   0x08007d0c   0x00000104   Code   RO         1337    .text.xTaskIncrementTick  tasks.o
    0x08007e10   0x08007e10   0x0000008a   Code   RO         1383    .text.xTaskPriorityDisinherit  tasks.o
    0x08007e9a   0x08007e9a   0x00000002   PAD
    0x08007e9c   0x08007e9c   0x00000072   Code   RO         1357    .text.xTaskRemoveFromEventList  tasks.o
    0x08007f0e   0x08007f0e   0x00000002   PAD
    0x08007f10   0x08007f10   0x000000ee   Code   RO         1311    .text.xTaskResumeAll  tasks.o
    0x08007ffe   0x08007ffe   0x00000002   PAD
    0x08008000   0x08008000   0x000000b4   Code   RO         1416    .text.xTimerCreateTimerTask  timers.o
    0x080080b4   0x080080b4   0x0000001a   Code   RO         2712    x$fpl$fpinit        fz_wm.l(fpinit.o)
    0x080080ce   0x080080ce   0x00000010   Data   RO         1109    .rodata.AHBPrescTable  system_stm32f4xx.o
    0x080080de   0x080080de   0x00000008   Data   RO         1110    .rodata.APBPrescTable  system_stm32f4xx.o
    0x080080e6   0x080080e6   0x00000200   Data   RO         2013    .rodata.CRC16Table  crc_util.o
    0x080082e6   0x080082e6   0x00000002   PAD
    0x080082e8   0x080082e8   0x00000014   Data   RO         1826    .rodata._ZTV10CanManager  can_device.o
    0x080082fc   0x080082fc   0x00000044   Data   RO         1867    .rodata._ZTV11RC9Protocol  rc9protocol.o
    0x08008340   0x08008340   0x00000014   Data   RO         1956    .rodata._ZTV11power_motor  m3508.o
    0x08008354   0x08008354   0x0000000c   Data   RO         1902    .rodata._ZTV12SerialDevice  serial_device.o
    0x08008360   0x08008360   0x0000002c   Data   RO         2338    .rodata._ZTV4demo   push_shoot.o
    0x0800838c   0x0800838c   0x00000018   Data   RO         1713    .rodata._ZTV4xbox   xbox.o
    0x080083a4   0x080083a4   0x00000030   Data   RO         1946    .rodata._ZTV6m3508p  m3508.o
    0x080083d4   0x080083d4   0x00000014   Data   RO         1825    .rodata._ZTV9CanDevice  can_device.o
    0x080083e8   0x080083e8   0x00000008   Data   RO          454    .rodata.cst8        stm32f4xx_hal_dma.o
    0x080083f0   0x080083f0   0x00000005   Data   RO         1456    .rodata.str1.1      timers.o
    0x080083f5   0x080083f5   0x00000006   Data   RO         2339    .rodata.str1.1      push_shoot.o
    0x080083fb   0x080083fb   0x00000001   PAD
    0x080083fc   0x080083fc   0x00000020   Data   RO         2842    Region$$Table       anon$$obj.o
    0x0800841c   0x0800841c   0x00000004   Data   RO         1915    .init_array         taskmanager.o
    0x08008420   0x0800841c   0x00000004   Data   RO         2340    .init_array         push_shoot.o
    0x08008424   0x0800841c   0x00000000   Data   RO         2406    .init_array         c_w.l(init_aeabi.o)


    Execution Region RW_IRAM1 (Exec base: 0x20000000, Load base: 0x08008428, Size: 0x000062b0, Max: 0x0001c000, ABSOLUTE)

    Exec Addr    Load Addr    Size         Type   Attr      Idx    E Section Name        Object

    0x20000000   0x08008428   0x00000008   Data   RW          628    .data..L_MergedGlobals  stm32f4xx_hal.o
    0x20000008   0x08008430   0x00000004   Data   RW         1108    .data.SystemCoreClock  system_stm32f4xx.o
    0x2000000c   0x08008434   0x00000001   Data   RW         2279    .data._ZN6rcnode8local_ipE  netswitch.o
    0x2000000d   0x08008435   0x00000003   PAD
    0x20000010   0x08008438   0x00000004   Data   RW         1677    .data.uxCriticalNesting  port.o
    0x20000014   0x0800843c   0x00000004   PAD
    0x20000018        -       0x00000060   Zero   RW         2734    .bss                c_w.l(libspace.o)
    0x20000078        -       0x00000068   Zero   RW           68    .bss..L_MergedGlobals  can.o
    0x200000e0        -       0x00000078   Zero   RW         1406    .bss..L_MergedGlobals  tasks.o
    0x20000158        -       0x0000003c   Zero   RW         1457    .bss..L_MergedGlobals  timers.o
    0x20000194        -       0x00000020   Zero   RW         1642    .bss..L_MergedGlobals  heap_4.o
    0x200001b4        -       0x00000008   Zero   RW         1678    .bss..L_MergedGlobals  port.o
    0x200001bc        -       0x00000078   Zero   RW         1832    .bss..L_MergedGlobals  can_device.o
    0x20000234        -       0x0000002c   Zero   RW         1894    .bss..L_MergedGlobals  serial_device.o
    0x20000260        -       0x0000005c   Zero   RW         2341    .bss..L_MergedGlobals  push_shoot.o
    0x200002bc        -       0x00000020   Zero   RW         1833    .bss..L_MergedGlobals.1  can_device.o
    0x200002dc        -       0x00000028   Zero   RW         1407    .bss..L_MergedGlobals.2  tasks.o
    0x20000304        -       0x00000004   Zero   RW           65    .bss.HAL_RCC_CAN1_CLK_ENABLED  can.o
    0x20000308        -       0x00000004   Zero   RW         1616    .bss.KernelState    cmsis_os2.o
    0x2000030c        -       0x00000438   Zero   RW         1914    .bss._ZN11TaskManager5tasksE  taskmanager.o
    0x20000744        -       0x00000100   Zero   RW         2278    .bss._ZN6rcnode10MAC_2_NODEE  netswitch.o
    0x20000844        -       0x00000001   Zero   RW         2307    .bss._ZN7rcncore10topicCountE  rcncore.o
    0x20000845   0x0800843c   0x00000003   PAD
    0x20000848        -       0x00000168   Zero   RW         2306    .bss._ZN7rcncore10topicTableE  rcncore.o
    0x200009b0        -       0x00000234   Zero   RW         2337    .bss.box_test       push_shoot.o
    0x20000be4        -       0x00000060   Zero   RW         2334    .bss.can_core       push_shoot.o
    0x20000c44        -       0x000001dc   Zero   RW         2335    .bss.debug          push_shoot.o
    0x20000e20        -       0x000001dc   Zero   RW         2336    .bss.esp32_serial   push_shoot.o
    0x20000ffc        -       0x00000060   Zero   RW          125    .bss.hdma_usart2_rx  usart.o
    0x2000105c        -       0x00000060   Zero   RW          126    .bss.hdma_usart6_rx  usart.o
    0x200010bc        -       0x00000048   Zero   RW           92    .bss.htim2          tim.o
    0x20001104        -       0x00000048   Zero   RW          193    .bss.htim3          stm32f4xx_hal_timebase_tim.o
    0x2000114c        -       0x00000048   Zero   RW          121    .bss.huart1         usart.o
    0x20001194        -       0x00000048   Zero   RW          122    .bss.huart2         usart.o
    0x200011dc        -       0x00000048   Zero   RW          123    .bss.huart3         usart.o
    0x20001224        -       0x00000048   Zero   RW          119    .bss.huart4         usart.o
    0x2000126c        -       0x00000048   Zero   RW          120    .bss.huart5         usart.o
    0x200012b4        -       0x00000048   Zero   RW          124    .bss.huart6         usart.o
    0x200012fc        -       0x000000b4   Zero   RW         2333    .bss.m3508_pitch    push_shoot.o
    0x200013b0        -       0x000000b4   Zero   RW         2332    .bss.m3508_shooter  push_shoot.o
    0x20001464        -       0x000000a0   Zero   RW         1455    .bss.prvCheckForValidListAndQueue.ucStaticTimerQueueStorage  timers.o
    0x20001504        -       0x00000050   Zero   RW         1454    .bss.prvCheckForValidListAndQueue.xStaticTimerQueue  timers.o
    0x20001554        -       0x00000460   Zero   RW         1405    .bss.pxReadyTasksLists  tasks.o
    0x200019b4        -       0x00003c00   Zero   RW         1641    .bss.ucHeap         heap_4.o
    0x200055b4        -       0x00000004   Zero   RW          627    .bss.uwTick         stm32f4xx_hal.o
    0x200055b8        -       0x00000200   Zero   RW         1618    .bss.vApplicationGetIdleTaskMemory.Idle_Stack  cmsis_os2.o
    0x200057b8        -       0x0000005c   Zero   RW         1617    .bss.vApplicationGetIdleTaskMemory.Idle_TCB  cmsis_os2.o
    0x20005814        -       0x00000400   Zero   RW         1620    .bss.vApplicationGetTimerTaskMemory.Timer_Stack  cmsis_os2.o
    0x20005c14        -       0x0000005c   Zero   RW         1619    .bss.vApplicationGetTimerTaskMemory.Timer_TCB  cmsis_os2.o
    0x20005c70        -       0x00000040   Zero   RW         1240    .bss.xQueueRegistry  queue.o
    0x20005cb0        -       0x00000200   Zero   RW            2    HEAP                startup_stm32f407xx.o
    0x20005eb0        -       0x00000400   Zero   RW            1    STACK               startup_stm32f407xx.o


    Execution Region RW_IRAM2 (Exec base: 0x2001c000, Load base: 0x08008440, Size: 0x00000000, Max: 0x00004000, ABSOLUTE)

    **** No section assigned to this execution region ****


==============================================================================

Image component sizes


      Code (inc. data)   RO Data    RW Data    ZI Data      Debug   Object Name

       456          0          0          0        108       7624   can.o
      3294         56         40          0        152      15769   can_device.o
         2          0          0          0          0      31322   chassis.o
       860          0          0          0       1724      42613   cmsis_os2.o
       222          0        512          0          0       3473   crc_util.o
        92          0          0          0          0       3497   dma.o
       436          0          0          0          0       4435   gpio.o
       712          0          0          0      15392       5704   heap_4.o
       190          0          0          0          0       2315   list.o
       508         16         68          0          0       6810   m3508.o
       272          0          0          0          0       6531   main.o
       124          4          0          0          0       3336   motor.o
       380          0          0          1        256       5307   netswitch.o
       994         16          0          4          8       4342   port.o
       594         28         54          0       2064      19752   push_shoot.o
      2904          0          0          0         64      29124   queue.o
      1170         26         68          0          0      10515   rc9protocol.o
      1074          0          0          0        361      12325   rcncore.o
       136          0         12          0         44       4026   serial_device.o
        64         26        392          0       1536        840   startup_stm32f407xx.o
        92          0          0          8          4       7295   stm32f4xx_hal.o
      1698          6          0          0          0      13818   stm32f4xx_hal_can.o
       152          0          0          0          0      10553   stm32f4xx_hal_cortex.o
       984          6          8          0          0      10726   stm32f4xx_hal_dma.o
       448          0          0          0          0       5323   stm32f4xx_hal_gpio.o
        66          0          0          0          0       3527   stm32f4xx_hal_msp.o
      1546          0          0          0          0       7439   stm32f4xx_hal_rcc.o
      1350          0          0          0          0      55564   stm32f4xx_hal_tim.o
       190          0          0          0          0      21014   stm32f4xx_hal_tim_ex.o
       188          0          0          0         72       7226   stm32f4xx_hal_timebase_tim.o
      2822          0          0          0          0      32094   stm32f4xx_hal_uart.o
       150          0          0          0          0       8103   stm32f4xx_it.o
       442          8          0          0          0       7475   superpid.o
        18          0         24          4          0       2639   system_stm32f4xx.o
       364          0          4          0       1080       6028   taskmanager.o
      3078          8          0          0       1280      42555   tasks.o
       180          0          0          0         72       7324   tim.o
      1086         20          5          0        300      16417   timers.o
      1366          0          0          0        624       9097   usart.o
       330          0         24          0          0      20236   xbox.o

    ----------------------------------------------------------------------
     31308        232       1246         20      25148     514113   Object Totals
         0          0         32          0          0          0   (incl. Generated)
       274         12          3          3          7          0   (incl. Padding)

    ----------------------------------------------------------------------

      Code (inc. data)   RO Data    RW Data    ZI Data      Debug   Library Member Name

         8          0          0          0          0         68   __main.o
         0          0          0          0          0          0   __rtentry.o
        12          0          0          0          0          0   __rtentry2.o
         6          0          0          0          0          0   __rtentry4.o
        94          8          0          0          0          0   __scatter.o
        26          0          0          0          0          0   __scatter_copy.o
        28          0          0          0          0          0   __scatter_zi.o
        22          0          0          0          0         80   abort.o
        16          0          0          0          0         68   aeabi_memset4.o
        48         34          0          0          0         76   defsig_abrt_inner.o
        14          0          0          0          0         80   defsig_abrt_outer.o
        10          0          0          0          0         68   defsig_exit.o
        50          0          0          0          0         88   defsig_general.o
        18          0          0          0          0         80   exit.o
        78          0          0          0          0         80   h1_free.o
         6          0          0          0          0        152   heapauxi.o
         0          0          0          0          0          0   indicate_semi.o
        44          8          0          0          0         80   init_aeabi.o
         2          0          0          0          0          0   libinit.o
        10          0          0          0          0          0   libinit2.o
         2          0          0          0          0          0   libshutdown.o
         2          0          0          0          0          0   libshutdown2.o
         8          4          0          0         96         68   libspace.o
       240          0          0          0          0        100   lludivv7m.o
         8          4          0          0          0         68   rt_heap_descriptor_intlibspace.o
        78          0          0          0          0         80   rt_memclr_w.o
       138          0          0          0          0         68   rt_memcpy_v6.o
       100          0          0          0          0         80   rt_memcpy_w.o
         2          0          0          0          0          0   rtexit.o
        10          0          0          0          0          0   rtexit2.o
        12          4          0          0          0         68   sys_exit.o
        74          0          0          0          0         80   sys_stackheap_outer.o
        14          0          0          0          0         76   sys_wrch.o
         2          0          0          0          0         68   use_no_semi.o
        26          0          0          0          0        116   fpinit.o
         8          0          0          0          0        364   new.cpp.o
         4          0          0          0          0         36   abort_message.cpp.o
        40         32          0          0          0         52   cxa_virtual.cpp.o

    ----------------------------------------------------------------------
      1274         94          0          0         96       2244   Library Totals
        14          0          0          0          0          0   (incl. Padding)

    ----------------------------------------------------------------------

      Code (inc. data)   RO Data    RW Data    ZI Data      Debug   Library Name

      1182         62          0          0         96       1676   c_w.l
        26          0          0          0          0        116   fz_wm.l
         8          0          0          0          0        364   libcpp_w.l
        44         32          0          0          0         88   libcppabi_w.l

    ----------------------------------------------------------------------
      1274         94          0          0         96       2244   Library Totals

    ----------------------------------------------------------------------

==============================================================================


      Code (inc. data)   RO Data    RW Data    ZI Data      Debug   

     32582        326       1246         20      25244     514721   Grand Totals
     32582        326       1246         20      25244     514721   ELF Image Totals
     32582        326       1246         20          0          0   ROM Totals

==============================================================================

    Total RO  Size (Code + RO Data)                33828 (  33.04kB)
    Total RW  Size (RW Data + ZI Data)             25264 (  24.67kB)
    Total ROM Size (Code + RO Data + RW Data)      33848 (  33.05kB)

==============================================================================

