<!doctype html public "-//w3c//dtd html 4.0 transitional//en">
<html><head>
<title>Static Call Graph - [m3508_test\m3508_test.axf]</title></head>
<body><HR>
<H1>Static Call Graph for image m3508_test\m3508_test.axf</H1><HR>
<BR><P>#&#060CALLGRAPH&#062# ARM Linker, 6220000: Last Updated: Sat Apr 19 21:57:30 2025
<BR><P>
<H3>Maximum Stack Usage =        280 bytes + Unknown(Cycles, Untraceable Function Pointers)</H3><H3>
Call chain for Maximum Stack Depth:</H3>
RC9Protocol::process_data() &rArr; osMessageQueueGet &rArr; xQueueReceive &rArr; xTaskResumeAll &rArr; xTaskIncrementTick
<P>
<H3>
Mutually Recursive functions
</H3> <LI><a href="#[32]">ADC_IRQHandler</a>&nbsp;&nbsp;&nbsp;&rArr;&nbsp;&nbsp;&nbsp;<a href="#[32]">ADC_IRQHandler</a><BR>
 <LI><a href="#[1a]">BusFault_Handler</a>&nbsp;&nbsp;&nbsp;&rArr;&nbsp;&nbsp;&nbsp;<a href="#[1a]">BusFault_Handler</a><BR>
 <LI><a href="#[18]">HardFault_Handler</a>&nbsp;&nbsp;&nbsp;&rArr;&nbsp;&nbsp;&nbsp;<a href="#[18]">HardFault_Handler</a><BR>
 <LI><a href="#[19]">MemManage_Handler</a>&nbsp;&nbsp;&nbsp;&rArr;&nbsp;&nbsp;&nbsp;<a href="#[19]">MemManage_Handler</a><BR>
 <LI><a href="#[17]">NMI_Handler</a>&nbsp;&nbsp;&nbsp;&rArr;&nbsp;&nbsp;&nbsp;<a href="#[17]">NMI_Handler</a><BR>
 <LI><a href="#[1b]">UsageFault_Handler</a>&nbsp;&nbsp;&nbsp;&rArr;&nbsp;&nbsp;&nbsp;<a href="#[1b]">UsageFault_Handler</a><BR>
</UL>
<P>
<H3>
Function Pointers
</H3><UL>
 <LI><a href="#[32]">ADC_IRQHandler</a> from startup_stm32f407xx.o(.text) referenced from startup_stm32f407xx.o(RESET)
 <LI><a href="#[1a]">BusFault_Handler</a> from stm32f4xx_it.o(.text.BusFault_Handler) referenced from startup_stm32f407xx.o(RESET)
 <LI><a href="#[34]">CAN1_RX0_IRQHandler</a> from stm32f4xx_it.o(.text.CAN1_RX0_IRQHandler) referenced from startup_stm32f407xx.o(RESET)
 <LI><a href="#[35]">CAN1_RX1_IRQHandler</a> from startup_stm32f407xx.o(.text) referenced from startup_stm32f407xx.o(RESET)
 <LI><a href="#[36]">CAN1_SCE_IRQHandler</a> from startup_stm32f407xx.o(.text) referenced from startup_stm32f407xx.o(RESET)
 <LI><a href="#[33]">CAN1_TX_IRQHandler</a> from startup_stm32f407xx.o(.text) referenced from startup_stm32f407xx.o(RESET)
 <LI><a href="#[60]">CAN2_RX0_IRQHandler</a> from stm32f4xx_it.o(.text.CAN2_RX0_IRQHandler) referenced from startup_stm32f407xx.o(RESET)
 <LI><a href="#[61]">CAN2_RX1_IRQHandler</a> from startup_stm32f407xx.o(.text) referenced from startup_stm32f407xx.o(RESET)
 <LI><a href="#[62]">CAN2_SCE_IRQHandler</a> from startup_stm32f407xx.o(.text) referenced from startup_stm32f407xx.o(RESET)
 <LI><a href="#[5f]">CAN2_TX_IRQHandler</a> from startup_stm32f407xx.o(.text) referenced from startup_stm32f407xx.o(RESET)
 <LI><a href="#[13]">CDC_Control_FS</a> from usbd_cdc_if.o(.text.CDC_Control_FS) referenced 2 times from usbd_cdc_if.o(.data.USBD_Interface_fops_FS)
 <LI><a href="#[12]">CDC_DeInit_FS</a> from usbd_cdc_if.o(.text.CDC_DeInit_FS) referenced 2 times from usbd_cdc_if.o(.data.USBD_Interface_fops_FS)
 <LI><a href="#[11]">CDC_Init_FS</a> from usbd_cdc_if.o(.text.CDC_Init_FS) referenced 2 times from usbd_cdc_if.o(.data.USBD_Interface_fops_FS)
 <LI><a href="#[14]">CDC_Receive_FS</a> from usbd_cdc_if.o(.text.CDC_Receive_FS) referenced 2 times from usbd_cdc_if.o(.data.USBD_Interface_fops_FS)
 <LI><a href="#[15]">CDC_TransmitCplt_FS</a> from usbd_cdc_if.o(.text.CDC_TransmitCplt_FS) referenced 2 times from usbd_cdc_if.o(.data.USBD_Interface_fops_FS)
 <LI><a href="#[6e]">DCMI_IRQHandler</a> from startup_stm32f407xx.o(.text) referenced from startup_stm32f407xx.o(RESET)
 <LI><a href="#[2b]">DMA1_Stream0_IRQHandler</a> from startup_stm32f407xx.o(.text) referenced from startup_stm32f407xx.o(RESET)
 <LI><a href="#[2c]">DMA1_Stream1_IRQHandler</a> from startup_stm32f407xx.o(.text) referenced from startup_stm32f407xx.o(RESET)
 <LI><a href="#[2d]">DMA1_Stream2_IRQHandler</a> from startup_stm32f407xx.o(.text) referenced from startup_stm32f407xx.o(RESET)
 <LI><a href="#[2e]">DMA1_Stream3_IRQHandler</a> from stm32f4xx_it.o(.text.DMA1_Stream3_IRQHandler) referenced from startup_stm32f407xx.o(RESET)
 <LI><a href="#[2f]">DMA1_Stream4_IRQHandler</a> from stm32f4xx_it.o(.text.DMA1_Stream4_IRQHandler) referenced from startup_stm32f407xx.o(RESET)
 <LI><a href="#[30]">DMA1_Stream5_IRQHandler</a> from startup_stm32f407xx.o(.text) referenced from startup_stm32f407xx.o(RESET)
 <LI><a href="#[31]">DMA1_Stream6_IRQHandler</a> from stm32f4xx_it.o(.text.DMA1_Stream6_IRQHandler) referenced from startup_stm32f407xx.o(RESET)
 <LI><a href="#[4f]">DMA1_Stream7_IRQHandler</a> from stm32f4xx_it.o(.text.DMA1_Stream7_IRQHandler) referenced from startup_stm32f407xx.o(RESET)
 <LI><a href="#[58]">DMA2_Stream0_IRQHandler</a> from startup_stm32f407xx.o(.text) referenced from startup_stm32f407xx.o(RESET)
 <LI><a href="#[59]">DMA2_Stream1_IRQHandler</a> from startup_stm32f407xx.o(.text) referenced from startup_stm32f407xx.o(RESET)
 <LI><a href="#[5a]">DMA2_Stream2_IRQHandler</a> from startup_stm32f407xx.o(.text) referenced from startup_stm32f407xx.o(RESET)
 <LI><a href="#[5b]">DMA2_Stream3_IRQHandler</a> from startup_stm32f407xx.o(.text) referenced from startup_stm32f407xx.o(RESET)
 <LI><a href="#[5c]">DMA2_Stream4_IRQHandler</a> from startup_stm32f407xx.o(.text) referenced from startup_stm32f407xx.o(RESET)
 <LI><a href="#[64]">DMA2_Stream5_IRQHandler</a> from startup_stm32f407xx.o(.text) referenced from startup_stm32f407xx.o(RESET)
 <LI><a href="#[65]">DMA2_Stream6_IRQHandler</a> from stm32f4xx_it.o(.text.DMA2_Stream6_IRQHandler) referenced from startup_stm32f407xx.o(RESET)
 <LI><a href="#[66]">DMA2_Stream7_IRQHandler</a> from stm32f4xx_it.o(.text.DMA2_Stream7_IRQHandler) referenced from startup_stm32f407xx.o(RESET)
 <LI><a href="#[1d]">DebugMon_Handler</a> from stm32f4xx_it.o(.text.DebugMon_Handler) referenced from startup_stm32f407xx.o(RESET)
 <LI><a href="#[76]">Delayms</a> from wit_gyro.o(.text.Delayms) referenced 2 times from wit_gyro.o(.text.GYR_Init)
 <LI><a href="#[5d]">ETH_IRQHandler</a> from startup_stm32f407xx.o(.text) referenced from startup_stm32f407xx.o(RESET)
 <LI><a href="#[5e]">ETH_WKUP_IRQHandler</a> from startup_stm32f407xx.o(.text) referenced from startup_stm32f407xx.o(RESET)
 <LI><a href="#[26]">EXTI0_IRQHandler</a> from startup_stm32f407xx.o(.text) referenced from startup_stm32f407xx.o(RESET)
 <LI><a href="#[48]">EXTI15_10_IRQHandler</a> from startup_stm32f407xx.o(.text) referenced from startup_stm32f407xx.o(RESET)
 <LI><a href="#[27]">EXTI1_IRQHandler</a> from startup_stm32f407xx.o(.text) referenced from startup_stm32f407xx.o(RESET)
 <LI><a href="#[28]">EXTI2_IRQHandler</a> from startup_stm32f407xx.o(.text) referenced from startup_stm32f407xx.o(RESET)
 <LI><a href="#[29]">EXTI3_IRQHandler</a> from startup_stm32f407xx.o(.text) referenced from startup_stm32f407xx.o(RESET)
 <LI><a href="#[2a]">EXTI4_IRQHandler</a> from startup_stm32f407xx.o(.text) referenced from startup_stm32f407xx.o(RESET)
 <LI><a href="#[37]">EXTI9_5_IRQHandler</a> from startup_stm32f407xx.o(.text) referenced from startup_stm32f407xx.o(RESET)
 <LI><a href="#[24]">FLASH_IRQHandler</a> from startup_stm32f407xx.o(.text) referenced from startup_stm32f407xx.o(RESET)
 <LI><a href="#[50]">FMC_IRQHandler</a> from startup_stm32f407xx.o(.text) referenced from startup_stm32f407xx.o(RESET)
 <LI><a href="#[70]">FPU_IRQHandler</a> from startup_stm32f407xx.o(.text) referenced from startup_stm32f407xx.o(RESET)
 <LI><a href="#[6f]">HASH_RNG_IRQHandler</a> from startup_stm32f407xx.o(.text) referenced from startup_stm32f407xx.o(RESET)
 <LI><a href="#[18]">HardFault_Handler</a> from stm32f4xx_it.o(.text.HardFault_Handler) referenced from startup_stm32f407xx.o(RESET)
 <LI><a href="#[40]">I2C1_ER_IRQHandler</a> from startup_stm32f407xx.o(.text) referenced from startup_stm32f407xx.o(RESET)
 <LI><a href="#[3f]">I2C1_EV_IRQHandler</a> from startup_stm32f407xx.o(.text) referenced from startup_stm32f407xx.o(RESET)
 <LI><a href="#[42]">I2C2_ER_IRQHandler</a> from startup_stm32f407xx.o(.text) referenced from startup_stm32f407xx.o(RESET)
 <LI><a href="#[41]">I2C2_EV_IRQHandler</a> from startup_stm32f407xx.o(.text) referenced from startup_stm32f407xx.o(RESET)
 <LI><a href="#[69]">I2C3_ER_IRQHandler</a> from startup_stm32f407xx.o(.text) referenced from startup_stm32f407xx.o(RESET)
 <LI><a href="#[68]">I2C3_EV_IRQHandler</a> from startup_stm32f407xx.o(.text) referenced from startup_stm32f407xx.o(RESET)
 <LI><a href="#[19]">MemManage_Handler</a> from stm32f4xx_it.o(.text.MemManage_Handler) referenced from startup_stm32f407xx.o(RESET)
 <LI><a href="#[17]">NMI_Handler</a> from stm32f4xx_it.o(.text.NMI_Handler) referenced from startup_stm32f407xx.o(RESET)
 <LI><a href="#[63]">OTG_FS_IRQHandler</a> from stm32f4xx_it.o(.text.OTG_FS_IRQHandler) referenced from startup_stm32f407xx.o(RESET)
 <LI><a href="#[4a]">OTG_FS_WKUP_IRQHandler</a> from startup_stm32f407xx.o(.text) referenced from startup_stm32f407xx.o(RESET)
 <LI><a href="#[6b]">OTG_HS_EP1_IN_IRQHandler</a> from startup_stm32f407xx.o(.text) referenced from startup_stm32f407xx.o(RESET)
 <LI><a href="#[6a]">OTG_HS_EP1_OUT_IRQHandler</a> from startup_stm32f407xx.o(.text) referenced from startup_stm32f407xx.o(RESET)
 <LI><a href="#[6d]">OTG_HS_IRQHandler</a> from startup_stm32f407xx.o(.text) referenced from startup_stm32f407xx.o(RESET)
 <LI><a href="#[6c]">OTG_HS_WKUP_IRQHandler</a> from startup_stm32f407xx.o(.text) referenced from startup_stm32f407xx.o(RESET)
 <LI><a href="#[21]">PVD_IRQHandler</a> from startup_stm32f407xx.o(.text) referenced from startup_stm32f407xx.o(RESET)
 <LI><a href="#[1e]">PendSV_Handler</a> from port.o(.text.PendSV_Handler) referenced from startup_stm32f407xx.o(RESET)
 <LI><a href="#[25]">RCC_IRQHandler</a> from startup_stm32f407xx.o(.text) referenced from startup_stm32f407xx.o(RESET)
 <LI><a href="#[49]">RTC_Alarm_IRQHandler</a> from startup_stm32f407xx.o(.text) referenced from startup_stm32f407xx.o(RESET)
 <LI><a href="#[23]">RTC_WKUP_IRQHandler</a> from startup_stm32f407xx.o(.text) referenced from startup_stm32f407xx.o(RESET)
 <LI><a href="#[16]">Reset_Handler</a> from startup_stm32f407xx.o(.text) referenced from startup_stm32f407xx.o(RESET)
 <LI><a href="#[51]">SDIO_IRQHandler</a> from startup_stm32f407xx.o(.text) referenced from startup_stm32f407xx.o(RESET)
 <LI><a href="#[43]">SPI1_IRQHandler</a> from startup_stm32f407xx.o(.text) referenced from startup_stm32f407xx.o(RESET)
 <LI><a href="#[44]">SPI2_IRQHandler</a> from startup_stm32f407xx.o(.text) referenced from startup_stm32f407xx.o(RESET)
 <LI><a href="#[53]">SPI3_IRQHandler</a> from startup_stm32f407xx.o(.text) referenced from startup_stm32f407xx.o(RESET)
 <LI><a href="#[1c]">SVC_Handler</a> from port.o(.text.SVC_Handler) referenced from startup_stm32f407xx.o(RESET)
 <LI><a href="#[75]">SensorDataUpdata</a> from wit_gyro.o(.text.SensorDataUpdata) referenced 2 times from wit_gyro.o(.text.GYR_Init)
 <LI><a href="#[74]">SensorUartSend</a> from wit_gyro.o(.text.SensorUartSend) referenced 2 times from wit_gyro.o(.text.GYR_Init)
 <LI><a href="#[1f]">SysTick_Handler</a> from cmsis_os2.o(.text.SysTick_Handler) referenced from startup_stm32f407xx.o(RESET)
 <LI><a href="#[72]">SystemInit</a> from system_stm32f4xx.o(.text.SystemInit) referenced from startup_stm32f407xx.o(.text)
 <LI><a href="#[22]">TAMP_STAMP_IRQHandler</a> from startup_stm32f407xx.o(.text) referenced from startup_stm32f407xx.o(RESET)
 <LI><a href="#[38]">TIM1_BRK_TIM9_IRQHandler</a> from startup_stm32f407xx.o(.text) referenced from startup_stm32f407xx.o(RESET)
 <LI><a href="#[3b]">TIM1_CC_IRQHandler</a> from startup_stm32f407xx.o(.text) referenced from startup_stm32f407xx.o(RESET)
 <LI><a href="#[3a]">TIM1_TRG_COM_TIM11_IRQHandler</a> from startup_stm32f407xx.o(.text) referenced from startup_stm32f407xx.o(RESET)
 <LI><a href="#[39]">TIM1_UP_TIM10_IRQHandler</a> from startup_stm32f407xx.o(.text) referenced from startup_stm32f407xx.o(RESET)
 <LI><a href="#[3c]">TIM2_IRQHandler</a> from startup_stm32f407xx.o(.text) referenced from startup_stm32f407xx.o(RESET)
 <LI><a href="#[3d]">TIM3_IRQHandler</a> from startup_stm32f407xx.o(.text) referenced from startup_stm32f407xx.o(RESET)
 <LI><a href="#[3e]">TIM4_IRQHandler</a> from startup_stm32f407xx.o(.text) referenced from startup_stm32f407xx.o(RESET)
 <LI><a href="#[52]">TIM5_IRQHandler</a> from stm32f4xx_it.o(.text.TIM5_IRQHandler) referenced from startup_stm32f407xx.o(RESET)
 <LI><a href="#[56]">TIM6_DAC_IRQHandler</a> from startup_stm32f407xx.o(.text) referenced from startup_stm32f407xx.o(RESET)
 <LI><a href="#[57]">TIM7_IRQHandler</a> from startup_stm32f407xx.o(.text) referenced from startup_stm32f407xx.o(RESET)
 <LI><a href="#[4b]">TIM8_BRK_TIM12_IRQHandler</a> from startup_stm32f407xx.o(.text) referenced from startup_stm32f407xx.o(RESET)
 <LI><a href="#[4e]">TIM8_CC_IRQHandler</a> from startup_stm32f407xx.o(.text) referenced from startup_stm32f407xx.o(RESET)
 <LI><a href="#[4d]">TIM8_TRG_COM_TIM14_IRQHandler</a> from stm32f4xx_it.o(.text.TIM8_TRG_COM_TIM14_IRQHandler) referenced from startup_stm32f407xx.o(RESET)
 <LI><a href="#[4c]">TIM8_UP_TIM13_IRQHandler</a> from startup_stm32f407xx.o(.text) referenced from startup_stm32f407xx.o(RESET)
 <LI><a href="#[54]">UART4_IRQHandler</a> from stm32f4xx_it.o(.text.UART4_IRQHandler) referenced from startup_stm32f407xx.o(RESET)
 <LI><a href="#[55]">UART5_IRQHandler</a> from stm32f4xx_it.o(.text.UART5_IRQHandler) referenced from startup_stm32f407xx.o(RESET)
 <LI><a href="#[77]">UART_DMAAbortOnError</a> from stm32f4xx_hal_uart.o(.text.UART_DMAAbortOnError) referenced 2 times from stm32f4xx_hal_uart.o(.text.HAL_UART_IRQHandler)
 <LI><a href="#[7a]">UART_DMAError</a> from stm32f4xx_hal_uart.o(.text.UART_DMAError) referenced 2 times from stm32f4xx_hal_uart.o(.text.HAL_UART_Transmit_DMA)
 <LI><a href="#[78]">UART_DMATransmitCplt</a> from stm32f4xx_hal_uart.o(.text.UART_DMATransmitCplt) referenced 2 times from stm32f4xx_hal_uart.o(.text.HAL_UART_Transmit_DMA)
 <LI><a href="#[79]">UART_DMATxHalfCplt</a> from stm32f4xx_hal_uart.o(.text.UART_DMATxHalfCplt) referenced 2 times from stm32f4xx_hal_uart.o(.text.HAL_UART_Transmit_DMA)
 <LI><a href="#[45]">USART1_IRQHandler</a> from stm32f4xx_it.o(.text.USART1_IRQHandler) referenced from startup_stm32f407xx.o(RESET)
 <LI><a href="#[46]">USART2_IRQHandler</a> from stm32f4xx_it.o(.text.USART2_IRQHandler) referenced from startup_stm32f407xx.o(RESET)
 <LI><a href="#[47]">USART3_IRQHandler</a> from stm32f4xx_it.o(.text.USART3_IRQHandler) referenced from startup_stm32f407xx.o(RESET)
 <LI><a href="#[67]">USART6_IRQHandler</a> from stm32f4xx_it.o(.text.USART6_IRQHandler) referenced from startup_stm32f407xx.o(RESET)
 <LI><a href="#[b]">USBD_CDC_DataIn</a> from usbd_cdc.o(.text.USBD_CDC_DataIn) referenced 2 times from usbd_cdc.o(.data.USBD_CDC)
 <LI><a href="#[c]">USBD_CDC_DataOut</a> from usbd_cdc.o(.text.USBD_CDC_DataOut) referenced 2 times from usbd_cdc.o(.data.USBD_CDC)
 <LI><a href="#[8]">USBD_CDC_DeInit</a> from usbd_cdc.o(.text.USBD_CDC_DeInit) referenced 2 times from usbd_cdc.o(.data.USBD_CDC)
 <LI><a href="#[a]">USBD_CDC_EP0_RxReady</a> from usbd_cdc.o(.text.USBD_CDC_EP0_RxReady) referenced 2 times from usbd_cdc.o(.data.USBD_CDC)
 <LI><a href="#[10]">USBD_CDC_GetDeviceQualifierDescriptor</a> from usbd_cdc.o(.text.USBD_CDC_GetDeviceQualifierDescriptor) referenced 2 times from usbd_cdc.o(.data.USBD_CDC)
 <LI><a href="#[e]">USBD_CDC_GetFSCfgDesc</a> from usbd_cdc.o(.text.USBD_CDC_GetFSCfgDesc) referenced 2 times from usbd_cdc.o(.data.USBD_CDC)
 <LI><a href="#[d]">USBD_CDC_GetHSCfgDesc</a> from usbd_cdc.o(.text.USBD_CDC_GetHSCfgDesc) referenced 2 times from usbd_cdc.o(.data.USBD_CDC)
 <LI><a href="#[f]">USBD_CDC_GetOtherSpeedCfgDesc</a> from usbd_cdc.o(.text.USBD_CDC_GetOtherSpeedCfgDesc) referenced 2 times from usbd_cdc.o(.data.USBD_CDC)
 <LI><a href="#[7]">USBD_CDC_Init</a> from usbd_cdc.o(.text.USBD_CDC_Init) referenced 2 times from usbd_cdc.o(.data.USBD_CDC)
 <LI><a href="#[9]">USBD_CDC_Setup</a> from usbd_cdc.o(.text.USBD_CDC_Setup) referenced 2 times from usbd_cdc.o(.data.USBD_CDC)
 <LI><a href="#[5]">USBD_FS_ConfigStrDescriptor</a> from usbd_desc.o(.text.USBD_FS_ConfigStrDescriptor) referenced 2 times from usbd_desc.o(.data.FS_Desc)
 <LI><a href="#[0]">USBD_FS_DeviceDescriptor</a> from usbd_desc.o(.text.USBD_FS_DeviceDescriptor) referenced 2 times from usbd_desc.o(.data.FS_Desc)
 <LI><a href="#[6]">USBD_FS_InterfaceStrDescriptor</a> from usbd_desc.o(.text.USBD_FS_InterfaceStrDescriptor) referenced 2 times from usbd_desc.o(.data.FS_Desc)
 <LI><a href="#[1]">USBD_FS_LangIDStrDescriptor</a> from usbd_desc.o(.text.USBD_FS_LangIDStrDescriptor) referenced 2 times from usbd_desc.o(.data.FS_Desc)
 <LI><a href="#[2]">USBD_FS_ManufacturerStrDescriptor</a> from usbd_desc.o(.text.USBD_FS_ManufacturerStrDescriptor) referenced 2 times from usbd_desc.o(.data.FS_Desc)
 <LI><a href="#[3]">USBD_FS_ProductStrDescriptor</a> from usbd_desc.o(.text.USBD_FS_ProductStrDescriptor) referenced 2 times from usbd_desc.o(.data.FS_Desc)
 <LI><a href="#[4]">USBD_FS_SerialStrDescriptor</a> from usbd_desc.o(.text.USBD_FS_SerialStrDescriptor) referenced 2 times from usbd_desc.o(.data.FS_Desc)
 <LI><a href="#[1b]">UsageFault_Handler</a> from stm32f4xx_it.o(.text.UsageFault_Handler) referenced from startup_stm32f407xx.o(RESET)
 <LI><a href="#[20]">WWDG_IRQHandler</a> from startup_stm32f407xx.o(.text) referenced from startup_stm32f407xx.o(RESET)
 <LI><a href="#[fc]">_GLOBAL__sub_I_TaskManager.cpp</a> from taskmanager.o(.text._GLOBAL__sub_I_TaskManager.cpp) referenced from taskmanager.o(.init_array)
 <LI><a href="#[fd]">_GLOBAL__sub_I_YunBall_teat.cpp</a> from yunball_teat.o(.text._GLOBAL__sub_I_YunBall_teat.cpp) referenced from yunball_teat.o(.init_array)
 <LI><a href="#[7f]">CanManager::process_data()</a> from can_device.o(.text._ZN10CanManager12process_dataEv) referenced from can_device.o(.rodata._ZTV10CanManager)
 <LI><a href="#[81]">CanManager::~CanManager__deallocating()</a> from can_device.o(.text._ZN10CanManagerD0Ev) referenced from can_device.o(.rodata._ZTV10CanManager)
 <LI><a href="#[82]">AutoShooter::process_data()</a> from auto_shooter.o(.text._ZN11AutoShooter12process_dataEv) referenced from auto_shooter.o(.rodata._ZTV11AutoShooter)
 <LI><a href="#[83]">AutoShooter::~AutoShooter__deallocating()</a> from auto_shooter.o(.text._ZN11AutoShooterD0Ev) referenced from auto_shooter.o(.rodata._ZTV11AutoShooter)
 <LI><a href="#[85]">RC9Protocol::process_data()</a> from rc9protocol.o(.text._ZN11RC9Protocol12process_dataEv) referenced from rc9protocol.o(.rodata._ZTV11RC9Protocol)
 <LI><a href="#[84]">RC9Protocol::handleReceiveData(unsigned char)</a> from rc9protocol.o(.text._ZN11RC9Protocol17handleReceiveDataEh) referenced from rc9protocol.o(.rodata._ZTV11RC9Protocol)
 <LI><a href="#[87]">RC9Protocol::~RC9Protocol__deallocating()</a> from rc9protocol.o(.text._ZN11RC9ProtocolD0Ev) referenced from rc9protocol.o(.rodata._ZTV11RC9Protocol)
 <LI><a href="#[86]">RC9Protocol::~RC9Protocol__sub_object()</a> from rc9protocol.o(.text._ZN11RC9ProtocolD2Ev) referenced from rc9protocol.o(.rodata._ZTV11RC9Protocol)
 <LI><a href="#[8b]">RoboChassis::process_data()</a> from robot_chassis.o(.text._ZN11RoboChassis12process_dataEv) referenced from robot_chassis.o(.rodata._ZTV11RoboChassis)
 <LI><a href="#[8c]">RoboChassis::~RoboChassis__deallocating()</a> from robot_chassis.o(.text._ZN11RoboChassisD0Ev) referenced from robot_chassis.o(.rodata._ZTV11RoboChassis)
 <LI><a href="#[7b]">TaskManager::TaskFunction(void*)</a> from taskmanager.o(.text._ZN11TaskManager12TaskFunctionEPv) referenced 2 times from taskmanager.o(.text._ZN11TaskManager12registerTaskEiP14ITaskProcessor)
 <LI><a href="#[a0]">power_motor::set_rpm_ff(float, float)</a> from m3508.o(.text._ZN11power_motor10set_rpm_ffEff) referenced from m3508.o(.rodata._ZTV11power_motor)
 <LI><a href="#[a0]">power_motor::set_rpm_ff(float, float)</a> from m3508.o(.text._ZN11power_motor10set_rpm_ffEff) referenced from vesc.o(.rodata._ZTV4vesc)
 <LI><a href="#[a0]">power_motor::set_rpm_ff(float, float)</a> from m3508.o(.text._ZN11power_motor10set_rpm_ffEff) referenced from m3508.o(.rodata._ZTV6m3508p)
 <LI><a href="#[93]">power_motor::set_current(float)</a> from m3508.o(.text._ZN11power_motor11set_currentEf) referenced from m3508.o(.rodata._ZTV11power_motor)
 <LI><a href="#[93]">power_motor::set_current(float)</a> from m3508.o(.text._ZN11power_motor11set_currentEf) referenced from m3508.o(.rodata._ZTV6m3508p)
 <LI><a href="#[95]">power_motor::relocate_dis(float)</a> from m3508.o(.text._ZN11power_motor12relocate_disEf) referenced from m3508.o(.rodata._ZTV11power_motor)
 <LI><a href="#[95]">power_motor::relocate_dis(float)</a> from m3508.o(.text._ZN11power_motor12relocate_disEf) referenced from vesc.o(.rodata._ZTV4vesc)
 <LI><a href="#[9c]">power_motor::relocate_pos(float)</a> from m3508.o(.text._ZN11power_motor12relocate_posEf) referenced from m3508.o(.rodata._ZTV11power_motor)
 <LI><a href="#[9c]">power_motor::relocate_pos(float)</a> from m3508.o(.text._ZN11power_motor12relocate_posEf) referenced from vesc.o(.rodata._ZTV4vesc)
 <LI><a href="#[90]">power_motor::set_ff_current(float)</a> from m3508.o(.text._ZN11power_motor14set_ff_currentEf) referenced from m3508.o(.rodata._ZTV11power_motor)
 <LI><a href="#[90]">power_motor::set_ff_current(float)</a> from m3508.o(.text._ZN11power_motor14set_ff_currentEf) referenced from m3508.o(.rodata._ZTV6m3508p)
 <LI><a href="#[97]">power_motor::set_dis_speedplan(float, float, float, float, float)</a> from m3508.o(.text._ZN11power_motor17set_dis_speedplanEfffff) referenced from m3508.o(.rodata._ZTV11power_motor)
 <LI><a href="#[97]">power_motor::set_dis_speedplan(float, float, float, float, float)</a> from m3508.o(.text._ZN11power_motor17set_dis_speedplanEfffff) referenced from vesc.o(.rodata._ZTV4vesc)
 <LI><a href="#[98]">power_motor::set_pos_speedplan(float, float, float, float, float)</a> from m3508.o(.text._ZN11power_motor17set_pos_speedplanEfffff) referenced from m3508.o(.rodata._ZTV11power_motor)
 <LI><a href="#[98]">power_motor::set_pos_speedplan(float, float, float, float, float)</a> from m3508.o(.text._ZN11power_motor17set_pos_speedplanEfffff) referenced from vesc.o(.rodata._ZTV4vesc)
 <LI><a href="#[99]">power_motor::dis_speedplan_restart()</a> from m3508.o(.text._ZN11power_motor21dis_speedplan_restartEv) referenced from m3508.o(.rodata._ZTV11power_motor)
 <LI><a href="#[99]">power_motor::dis_speedplan_restart()</a> from m3508.o(.text._ZN11power_motor21dis_speedplan_restartEv) referenced from vesc.o(.rodata._ZTV4vesc)
 <LI><a href="#[9a]">power_motor::pos_speedplan_restart()</a> from m3508.o(.text._ZN11power_motor21pos_speedplan_restartEv) referenced from m3508.o(.rodata._ZTV11power_motor)
 <LI><a href="#[9a]">power_motor::pos_speedplan_restart()</a> from m3508.o(.text._ZN11power_motor21pos_speedplan_restartEv) referenced from vesc.o(.rodata._ZTV4vesc)
 <LI><a href="#[9f]">power_motor::get_F()</a> from m3508.o(.text._ZN11power_motor5get_FEv) referenced from m3508.o(.rodata._ZTV11power_motor)
 <LI><a href="#[9f]">power_motor::get_F()</a> from m3508.o(.text._ZN11power_motor5get_FEv) referenced from vesc.o(.rodata._ZTV4vesc)
 <LI><a href="#[9f]">power_motor::get_F()</a> from m3508.o(.text._ZN11power_motor5get_FEv) referenced from m3508.o(.rodata._ZTV6m3508p)
 <LI><a href="#[9e]">power_motor::set_F(float)</a> from m3508.o(.text._ZN11power_motor5set_FEf) referenced from m3508.o(.rodata._ZTV11power_motor)
 <LI><a href="#[9e]">power_motor::set_F(float)</a> from m3508.o(.text._ZN11power_motor5set_FEf) referenced from vesc.o(.rodata._ZTV4vesc)
 <LI><a href="#[96]">power_motor::get_dis()</a> from m3508.o(.text._ZN11power_motor7get_disEv) referenced from m3508.o(.rodata._ZTV11power_motor)
 <LI><a href="#[96]">power_motor::get_dis()</a> from m3508.o(.text._ZN11power_motor7get_disEv) referenced from vesc.o(.rodata._ZTV4vesc)
 <LI><a href="#[91]">power_motor::get_pos()</a> from m3508.o(.text._ZN11power_motor7get_posEv) referenced from m3508.o(.rodata._ZTV11power_motor)
 <LI><a href="#[91]">power_motor::get_pos()</a> from m3508.o(.text._ZN11power_motor7get_posEv) referenced from vesc.o(.rodata._ZTV4vesc)
 <LI><a href="#[94]">power_motor::set_dis(float)</a> from m3508.o(.text._ZN11power_motor7set_disEf) referenced from m3508.o(.rodata._ZTV11power_motor)
 <LI><a href="#[94]">power_motor::set_dis(float)</a> from m3508.o(.text._ZN11power_motor7set_disEf) referenced from vesc.o(.rodata._ZTV4vesc)
 <LI><a href="#[92]">power_motor::set_pos(float)</a> from m3508.o(.text._ZN11power_motor7set_posEf) referenced from m3508.o(.rodata._ZTV11power_motor)
 <LI><a href="#[92]">power_motor::set_pos(float)</a> from m3508.o(.text._ZN11power_motor7set_posEf) referenced from vesc.o(.rodata._ZTV4vesc)
 <LI><a href="#[9d]">power_motor::get_odom()</a> from m3508.o(.text._ZN11power_motor8get_odomEv) referenced from m3508.o(.rodata._ZTV11power_motor)
 <LI><a href="#[9d]">power_motor::get_odom()</a> from m3508.o(.text._ZN11power_motor8get_odomEv) referenced from vesc.o(.rodata._ZTV4vesc)
 <LI><a href="#[9d]">power_motor::get_odom()</a> from m3508.o(.text._ZN11power_motor8get_odomEv) referenced from m3508.o(.rodata._ZTV6m3508p)
 <LI><a href="#[8f]">power_motor::send_rpm(float)</a> from m3508.o(.text._ZN11power_motor8send_rpmEf) referenced from m3508.o(.rodata._ZTV11power_motor)
 <LI><a href="#[8f]">power_motor::send_rpm(float)</a> from m3508.o(.text._ZN11power_motor8send_rpmEf) referenced from m3508.o(.rodata._ZTV6m3508p)
 <LI><a href="#[9b]">power_motor::set_angle(float)</a> from m3508.o(.text._ZN11power_motor9set_angleEf) referenced from m3508.o(.rodata._ZTV11power_motor)
 <LI><a href="#[9b]">power_motor::set_angle(float)</a> from m3508.o(.text._ZN11power_motor9set_angleEf) referenced from vesc.o(.rodata._ZTV4vesc)
 <LI><a href="#[9b]">power_motor::set_angle(float)</a> from m3508.o(.text._ZN11power_motor9set_angleEf) referenced from m3508.o(.rodata._ZTV6m3508p)
 <LI><a href="#[a1]">auto_yunball::process_data()</a> from auto_yunball.o(.text._ZN12auto_yunball12process_dataEv) referenced from auto_yunball.o(.rodata._ZTV12auto_yunball)
 <LI><a href="#[a2]">auto_yunball::~auto_yunball__deallocating()</a> from auto_yunball.o(.text._ZN12auto_yunballD0Ev) referenced from auto_yunball.o(.rodata._ZTV12auto_yunball)
 <LI><a href="#[8d]">RC9subscriber::DataReceivedCallback(unsigned char const*, float const*, unsigned char, unsigned short)</a> from m3508.o(.text._ZN13RC9subscriber20DataReceivedCallbackEPKhPKfht) referenced from robot_chassis.o(.rodata._ZTV11RoboChassis)
 <LI><a href="#[8d]">RC9subscriber::DataReceivedCallback(unsigned char const*, float const*, unsigned char, unsigned short)</a> from m3508.o(.text._ZN13RC9subscriber20DataReceivedCallbackEPKhPKfht) referenced from vesc.o(.rodata._ZTV4vesc)
 <LI><a href="#[8d]">RC9subscriber::DataReceivedCallback(unsigned char const*, float const*, unsigned char, unsigned short)</a> from m3508.o(.text._ZN13RC9subscriber20DataReceivedCallbackEPKhPKfht) referenced from m3508.o(.rodata._ZTV6m3508p)
 <LI><a href="#[a4]">serial_studio::process_data()</a> from serial_studio.o(.text._ZN13serial_studio12process_dataEv) referenced from serial_studio.o(.rodata._ZTV13serial_studio)
 <LI><a href="#[a3]">serial_studio::DataReceivedCallback(unsigned char const*, float const*, unsigned char, unsigned short)</a> from serial_studio.o(.text._ZN13serial_studio20DataReceivedCallbackEPKhPKfht) referenced from serial_studio.o(.rodata._ZTV13serial_studio)
 <LI><a href="#[a6]">serial_studio::~serial_studio__deallocating()</a> from serial_studio.o(.text._ZN13serial_studioD0Ev) referenced from serial_studio.o(.rodata._ZTV13serial_studio)
 <LI><a href="#[a5]">serial_studio::~serial_studio__sub_object()</a> from serial_studio.o(.text._ZN13serial_studioD2Ev) referenced from serial_studio.o(.rodata._ZTV13serial_studio)
 <LI><a href="#[aa]">yun_ball_xbox::process_data()</a> from rc_test_xbox.o(.text._ZN13yun_ball_xbox12process_dataEv) referenced from rc_test_xbox.o(.rodata._ZTV13yun_ball_xbox)
 <LI><a href="#[ab]">yun_ball_xbox::~yun_ball_xbox__deallocating()</a> from rc_test_xbox.o(.text._ZN13yun_ball_xboxD0Ev) referenced from rc_test_xbox.o(.rodata._ZTV13yun_ball_xbox)
 <LI><a href="#[80]">ITaskProcessor::~ITaskProcessor__sub_object()</a> from can_device.o(.text._ZN14ITaskProcessorD2Ev) referenced from can_device.o(.rodata._ZTV10CanManager)
 <LI><a href="#[80]">ITaskProcessor::~ITaskProcessor__sub_object()</a> from can_device.o(.text._ZN14ITaskProcessorD2Ev) referenced from auto_shooter.o(.rodata._ZTV11AutoShooter)
 <LI><a href="#[80]">ITaskProcessor::~ITaskProcessor__sub_object()</a> from can_device.o(.text._ZN14ITaskProcessorD2Ev) referenced from robot_chassis.o(.rodata._ZTV11RoboChassis)
 <LI><a href="#[80]">ITaskProcessor::~ITaskProcessor__sub_object()</a> from can_device.o(.text._ZN14ITaskProcessorD2Ev) referenced from auto_yunball.o(.rodata._ZTV12auto_yunball)
 <LI><a href="#[80]">ITaskProcessor::~ITaskProcessor__sub_object()</a> from can_device.o(.text._ZN14ITaskProcessorD2Ev) referenced from rc_test_xbox.o(.rodata._ZTV13yun_ball_xbox)
 <LI><a href="#[af]">moters_debug_xbox::process_data()</a> from debug_xbox.o(.text._ZN17moters_debug_xbox12process_dataEv) referenced from debug_xbox.o(.rodata._ZTV17moters_debug_xbox)
 <LI><a href="#[b1]">moters_debug_xbox::~moters_debug_xbox__deallocating()</a> from debug_xbox.o(.text._ZN17moters_debug_xboxD0Ev) referenced from debug_xbox.o(.rodata._ZTV17moters_debug_xbox)
 <LI><a href="#[b0]">moters_debug_xbox::~moters_debug_xbox__sub_object()</a> from debug_xbox.o(.text._ZN17moters_debug_xboxD2Ev) referenced from debug_xbox.o(.rodata._ZTV17moters_debug_xbox)
 <LI><a href="#[ed]">imu::get_heading()</a> from laser_processor.o(.text._ZN3imu11get_headingEv) referenced from encoder.o(.rodata._ZTV7Encoder)
 <LI><a href="#[ed]">imu::get_heading()</a> from laser_processor.o(.text._ZN3imu11get_headingEv) referenced from yunball_teat.o(.rodata._ZTV8wit_gyro)
 <LI><a href="#[ee]">imu::get_yaw_rad()</a> from fdi.o(.text._ZN3imu11get_yaw_radEv) referenced from encoder.o(.rodata._ZTV7Encoder)
 <LI><a href="#[fb]">imu::get_distance()</a> from acton.o(.text._ZN3imu12get_distanceEv) referenced from yunball_teat.o(.rodata._ZTV8wit_gyro)
 <LI><a href="#[f3]">imu::imu_relocate(float, float, float)</a> from fdi.o(.text._ZN3imu12imu_relocateEfff) referenced from encoder.o(.rodata._ZTV7Encoder)
 <LI><a href="#[f3]">imu::imu_relocate(float, float, float)</a> from fdi.o(.text._ZN3imu12imu_relocateEfff) referenced from yunball_teat.o(.rodata._ZTV8wit_gyro)
 <LI><a href="#[e7]">imu::get_world_pos()</a> from fdi.o(.text._ZN3imu13get_world_posEv) referenced from encoder.o(.rodata._ZTV7Encoder)
 <LI><a href="#[e7]">imu::get_world_pos()</a> from fdi.o(.text._ZN3imu13get_world_posEv) referenced from yunball_teat.o(.rodata._ZTV8wit_gyro)
 <LI><a href="#[eb]">imu::get_world_acc_x()</a> from acton.o(.text._ZN3imu15get_world_acc_xEv) referenced from encoder.o(.rodata._ZTV7Encoder)
 <LI><a href="#[eb]">imu::get_world_acc_x()</a> from acton.o(.text._ZN3imu15get_world_acc_xEv) referenced from yunball_teat.o(.rodata._ZTV8wit_gyro)
 <LI><a href="#[ec]">imu::get_world_acc_y()</a> from acton.o(.text._ZN3imu15get_world_acc_yEv) referenced from encoder.o(.rodata._ZTV7Encoder)
 <LI><a href="#[ec]">imu::get_world_acc_y()</a> from acton.o(.text._ZN3imu15get_world_acc_yEv) referenced from yunball_teat.o(.rodata._ZTV8wit_gyro)
 <LI><a href="#[e6]">imu::get_world_pos_x()</a> from acton.o(.text._ZN3imu15get_world_pos_xEv) referenced from encoder.o(.rodata._ZTV7Encoder)
 <LI><a href="#[e6]">imu::get_world_pos_x()</a> from acton.o(.text._ZN3imu15get_world_pos_xEv) referenced from yunball_teat.o(.rodata._ZTV8wit_gyro)
 <LI><a href="#[e8]">imu::get_world_pos_y()</a> from acton.o(.text._ZN3imu15get_world_pos_yEv) referenced from encoder.o(.rodata._ZTV7Encoder)
 <LI><a href="#[e8]">imu::get_world_pos_y()</a> from acton.o(.text._ZN3imu15get_world_pos_yEv) referenced from yunball_teat.o(.rodata._ZTV8wit_gyro)
 <LI><a href="#[e9]">imu::get_world_vel_x()</a> from acton.o(.text._ZN3imu15get_world_vel_xEv) referenced from encoder.o(.rodata._ZTV7Encoder)
 <LI><a href="#[e9]">imu::get_world_vel_x()</a> from acton.o(.text._ZN3imu15get_world_vel_xEv) referenced from yunball_teat.o(.rodata._ZTV8wit_gyro)
 <LI><a href="#[ea]">imu::get_world_vel_y()</a> from acton.o(.text._ZN3imu15get_world_vel_yEv) referenced from encoder.o(.rodata._ZTV7Encoder)
 <LI><a href="#[ea]">imu::get_world_vel_y()</a> from acton.o(.text._ZN3imu15get_world_vel_yEv) referenced from yunball_teat.o(.rodata._ZTV8wit_gyro)
 <LI><a href="#[f2]">imu::imu_rst()</a> from fdi.o(.text._ZN3imu7imu_rstEv) referenced from encoder.o(.rodata._ZTV7Encoder)
 <LI><a href="#[f2]">imu::imu_rst()</a> from fdi.o(.text._ZN3imu7imu_rstEv) referenced from yunball_teat.o(.rodata._ZTV8wit_gyro)
 <LI><a href="#[ef]">imu::get_acc_x()</a> from acton.o(.text._ZN3imu9get_acc_xEv) referenced from encoder.o(.rodata._ZTV7Encoder)
 <LI><a href="#[f0]">imu::get_acc_y()</a> from acton.o(.text._ZN3imu9get_acc_yEv) referenced from encoder.o(.rodata._ZTV7Encoder)
 <LI><a href="#[b6]">vesc::can_update(unsigned char*)</a> from vesc.o(.text._ZN4vesc10can_updateEPh) referenced from vesc.o(.rodata._ZTV4vesc)
 <LI><a href="#[ba]">vesc::set_current(float)</a> from vesc.o(.text._ZN4vesc11set_currentEf) referenced from vesc.o(.rodata._ZTV4vesc)
 <LI><a href="#[bd]">vesc::process_data()</a> from vesc.o(.text._ZN4vesc12process_dataEv) referenced from vesc.o(.rodata._ZTV4vesc)
 <LI><a href="#[bc]">vesc::set_ff_current(float)</a> from vesc.o(.text._ZN4vesc14set_ff_currentEf) referenced from vesc.o(.rodata._ZTV4vesc)
 <LI><a href="#[b8]">vesc::get_rpm()</a> from vesc.o(.text._ZN4vesc7get_rpmEv) referenced from vesc.o(.rodata._ZTV4vesc)
 <LI><a href="#[b9]">vesc::set_rpm(float)</a> from vesc.o(.text._ZN4vesc7set_rpmEf) referenced from vesc.o(.rodata._ZTV4vesc)
 <LI><a href="#[bb]">vesc::send_rpm(float)</a> from vesc.o(.text._ZN4vesc8send_rpmEf) referenced from vesc.o(.rodata._ZTV4vesc)
 <LI><a href="#[bf]">vesc::~vesc__deallocating()</a> from vesc.o(.text._ZN4vescD0Ev) referenced from vesc.o(.rodata._ZTV4vesc)
 <LI><a href="#[be]">vesc::~vesc__sub_object()</a> from vesc.o(.text._ZN4vescD2Ev) referenced from vesc.o(.rodata._ZTV4vesc)
 <LI><a href="#[ad]">xbox::btnRB_callback()</a> from xbox.o(.text._ZN4xbox14btnRB_callbackEv) referenced from rc_test_xbox.o(.rodata._ZTV13yun_ball_xbox)
 <LI><a href="#[ad]">xbox::btnRB_callback()</a> from xbox.o(.text._ZN4xbox14btnRB_callbackEv) referenced from debug_xbox.o(.rodata._ZTV17moters_debug_xbox)
 <LI><a href="#[ae]">xbox::btnXBOX_callback()</a> from xbox.o(.text._ZN4xbox16btnXBOX_callbackEv) referenced from rc_test_xbox.o(.rodata._ZTV13yun_ball_xbox)
 <LI><a href="#[ae]">xbox::btnXBOX_callback()</a> from xbox.o(.text._ZN4xbox16btnXBOX_callbackEv) referenced from debug_xbox.o(.rodata._ZTV17moters_debug_xbox)
 <LI><a href="#[ac]">xbox::DataReceivedCallback(unsigned char const*, float const*, unsigned char, unsigned short)</a> from xbox.o(.text._ZN4xbox20DataReceivedCallbackEPKhPKfht) referenced from rc_test_xbox.o(.rodata._ZTV13yun_ball_xbox)
 <LI><a href="#[ac]">xbox::DataReceivedCallback(unsigned char const*, float const*, unsigned char, unsigned short)</a> from xbox.o(.text._ZN4xbox20DataReceivedCallbackEPKhPKfht) referenced from debug_xbox.o(.rodata._ZTV17moters_debug_xbox)
 <LI><a href="#[c9]">m3508p::can_update(unsigned char*)</a> from m3508.o(.text._ZN6m3508p10can_updateEPh) referenced from m3508.o(.rodata._ZTV6m3508p)
 <LI><a href="#[ca]">m3508p::relocate_dis(float)</a> from m3508.o(.text._ZN6m3508p12relocate_disEf) referenced from m3508.o(.rodata._ZTV6m3508p)
 <LI><a href="#[d0]">m3508p::relocate_pos(float)</a> from m3508.o(.text._ZN6m3508p12relocate_posEf) referenced from m3508.o(.rodata._ZTV6m3508p)
 <LI><a href="#[c8]">m3508p::motor_process()</a> from m3508.o(.text._ZN6m3508p13motor_processEv) referenced from m3508.o(.rodata._ZTV6m3508p)
 <LI><a href="#[d3]">m3508p::set_dis_speedplan(float, float, float, float, float)</a> from m3508.o(.text._ZN6m3508p17set_dis_speedplanEfffff) referenced from m3508.o(.rodata._ZTV6m3508p)
 <LI><a href="#[d4]">m3508p::set_pos_speedplan(float, float, float, float, float)</a> from m3508.o(.text._ZN6m3508p17set_pos_speedplanEfffff) referenced from m3508.o(.rodata._ZTV6m3508p)
 <LI><a href="#[d5]">m3508p::dis_speedplan_restart()</a> from m3508.o(.text._ZN6m3508p21dis_speedplan_restartEv) referenced from m3508.o(.rodata._ZTV6m3508p)
 <LI><a href="#[d6]">m3508p::pos_speedplan_restart()</a> from m3508.o(.text._ZN6m3508p21pos_speedplan_restartEv) referenced from m3508.o(.rodata._ZTV6m3508p)
 <LI><a href="#[d2]">m3508p::set_F(float)</a> from m3508.o(.text._ZN6m3508p5set_FEf) referenced from m3508.o(.rodata._ZTV6m3508p)
 <LI><a href="#[cb]">m3508p::get_dis()</a> from m3508.o(.text._ZN6m3508p7get_disEv) referenced from m3508.o(.rodata._ZTV6m3508p)
 <LI><a href="#[cf]">m3508p::get_pos()</a> from m3508.o(.text._ZN6m3508p7get_posEv) referenced from m3508.o(.rodata._ZTV6m3508p)
 <LI><a href="#[cc]">m3508p::get_rpm()</a> from m3508.o(.text._ZN6m3508p7get_rpmEv) referenced from m3508.o(.rodata._ZTV6m3508p)
 <LI><a href="#[d1]">m3508p::set_dis(float)</a> from m3508.o(.text._ZN6m3508p7set_disEf) referenced from m3508.o(.rodata._ZTV6m3508p)
 <LI><a href="#[ce]">m3508p::set_pos(float)</a> from m3508.o(.text._ZN6m3508p7set_posEf) referenced from m3508.o(.rodata._ZTV6m3508p)
 <LI><a href="#[cd]">m3508p::set_rpm(float)</a> from m3508.o(.text._ZN6m3508p7set_rpmEf) referenced from m3508.o(.rodata._ZTV6m3508p)
 <LI><a href="#[e5]">Encoder::get_distance()</a> from encoder.o(.text._ZN7Encoder12get_distanceEv) referenced from encoder.o(.rodata._ZTV7Encoder)
 <LI><a href="#[e4]">Encoder::handleReceiveData(unsigned char)</a> from encoder.o(.text._ZN7Encoder17handleReceiveDataEh) referenced from encoder.o(.rodata._ZTV7Encoder)
 <LI><a href="#[f5]">wit_gyro::get_yaw_rad()</a> from yunball_teat.o(.text._ZN8wit_gyro11get_yaw_radEv) referenced from yunball_teat.o(.rodata._ZTV8wit_gyro)
 <LI><a href="#[f4]">wit_gyro::handleReceiveData(unsigned char)</a> from yunball_teat.o(.text._ZN8wit_gyro17handleReceiveDataEh) referenced from yunball_teat.o(.rodata._ZTV8wit_gyro)
 <LI><a href="#[f6]">wit_gyro::get_acc_x()</a> from yunball_teat.o(.text._ZN8wit_gyro9get_acc_xEv) referenced from yunball_teat.o(.rodata._ZTV8wit_gyro)
 <LI><a href="#[f7]">wit_gyro::get_acc_y()</a> from yunball_teat.o(.text._ZN8wit_gyro9get_acc_yEv) referenced from yunball_teat.o(.rodata._ZTV8wit_gyro)
 <LI><a href="#[b7]">CanDevice::EXT_update(unsigned int, unsigned char*)</a> from can_device.o(.text._ZN9CanDevice10EXT_updateEjPh) referenced from vesc.o(.rodata._ZTV4vesc)
 <LI><a href="#[b7]">CanDevice::EXT_update(unsigned int, unsigned char*)</a> from can_device.o(.text._ZN9CanDevice10EXT_updateEjPh) referenced from m3508.o(.rodata._ZTV6m3508p)
 <LI><a href="#[b7]">CanDevice::EXT_update(unsigned int, unsigned char*)</a> from can_device.o(.text._ZN9CanDevice10EXT_updateEjPh) referenced from can_device.o(.rodata._ZTV9CanDevice)
 <LI><a href="#[b5]">CanDevice::motor_process()</a> from can_device.o(.text._ZN9CanDevice13motor_processEv) referenced from vesc.o(.rodata._ZTV4vesc)
 <LI><a href="#[b5]">CanDevice::motor_process()</a> from can_device.o(.text._ZN9CanDevice13motor_processEv) referenced from can_device.o(.rodata._ZTV9CanDevice)
 <LI><a href="#[88]">non-virtual thunk to RC9Protocol::process_data()</a> from rc9protocol.o(.text._ZThn12_N11RC9Protocol12process_dataEv) referenced from rc9protocol.o(.rodata._ZTV11RC9Protocol)
 <LI><a href="#[8a]">non-virtual thunk to RC9Protocol::~RC9Protocol__deallocating()</a> from rc9protocol.o(.text._ZThn12_N11RC9ProtocolD0Ev) referenced from rc9protocol.o(.rodata._ZTV11RC9Protocol)
 <LI><a href="#[89]">non-virtual thunk to RC9Protocol::~RC9Protocol()</a> from rc9protocol.o(.text._ZThn12_N11RC9ProtocolD1Ev) referenced from rc9protocol.o(.rodata._ZTV11RC9Protocol)
 <LI><a href="#[c0]">non-virtual thunk to vesc::process_data()</a> from vesc.o(.text._ZThn12_N4vesc12process_dataEv) referenced from vesc.o(.rodata._ZTV4vesc)
 <LI><a href="#[c2]">non-virtual thunk to vesc::~vesc__deallocating()</a> from vesc.o(.text._ZThn12_N4vescD0Ev) referenced from vesc.o(.rodata._ZTV4vesc)
 <LI><a href="#[c1]">non-virtual thunk to vesc::~vesc()</a> from vesc.o(.text._ZThn12_N4vescD1Ev) referenced from vesc.o(.rodata._ZTV4vesc)
 <LI><a href="#[dc]">non-virtual thunk to m3508p::relocate_dis(float)</a> from m3508.o(.text._ZThn12_N6m3508p12relocate_disEf) referenced from m3508.o(.rodata._ZTV6m3508p)
 <LI><a href="#[e2]">non-virtual thunk to m3508p::relocate_pos(float)</a> from m3508.o(.text._ZThn12_N6m3508p12relocate_posEf) referenced from m3508.o(.rodata._ZTV6m3508p)
 <LI><a href="#[de]">non-virtual thunk to m3508p::set_dis_speedplan(float, float, float, float, float)</a> from m3508.o(.text._ZThn12_N6m3508p17set_dis_speedplanEfffff) referenced from m3508.o(.rodata._ZTV6m3508p)
 <LI><a href="#[df]">non-virtual thunk to m3508p::set_pos_speedplan(float, float, float, float, float)</a> from m3508.o(.text._ZThn12_N6m3508p17set_pos_speedplanEfffff) referenced from m3508.o(.rodata._ZTV6m3508p)
 <LI><a href="#[e0]">non-virtual thunk to m3508p::dis_speedplan_restart()</a> from m3508.o(.text._ZThn12_N6m3508p21dis_speedplan_restartEv) referenced from m3508.o(.rodata._ZTV6m3508p)
 <LI><a href="#[e1]">non-virtual thunk to m3508p::pos_speedplan_restart()</a> from m3508.o(.text._ZThn12_N6m3508p21pos_speedplan_restartEv) referenced from m3508.o(.rodata._ZTV6m3508p)
 <LI><a href="#[e3]">non-virtual thunk to m3508p::set_F(float)</a> from m3508.o(.text._ZThn12_N6m3508p5set_FEf) referenced from m3508.o(.rodata._ZTV6m3508p)
 <LI><a href="#[dd]">non-virtual thunk to m3508p::get_dis()</a> from m3508.o(.text._ZThn12_N6m3508p7get_disEv) referenced from m3508.o(.rodata._ZTV6m3508p)
 <LI><a href="#[d9]">non-virtual thunk to m3508p::get_pos()</a> from m3508.o(.text._ZThn12_N6m3508p7get_posEv) referenced from m3508.o(.rodata._ZTV6m3508p)
 <LI><a href="#[d7]">non-virtual thunk to m3508p::get_rpm()</a> from m3508.o(.text._ZThn12_N6m3508p7get_rpmEv) referenced from m3508.o(.rodata._ZTV6m3508p)
 <LI><a href="#[db]">non-virtual thunk to m3508p::set_dis(float)</a> from m3508.o(.text._ZThn12_N6m3508p7set_disEf) referenced from m3508.o(.rodata._ZTV6m3508p)
 <LI><a href="#[da]">non-virtual thunk to m3508p::set_pos(float)</a> from m3508.o(.text._ZThn12_N6m3508p7set_posEf) referenced from m3508.o(.rodata._ZTV6m3508p)
 <LI><a href="#[d8]">non-virtual thunk to m3508p::set_rpm(float)</a> from m3508.o(.text._ZThn12_N6m3508p7set_rpmEf) referenced from m3508.o(.rodata._ZTV6m3508p)
 <LI><a href="#[f1]">non-virtual thunk to Encoder::get_distance()</a> from encoder.o(.text._ZThn12_N7Encoder12get_distanceEv) referenced from encoder.o(.rodata._ZTV7Encoder)
 <LI><a href="#[f8]">non-virtual thunk to wit_gyro::get_yaw_rad()</a> from yunball_teat.o(.text._ZThn12_N8wit_gyro11get_yaw_radEv) referenced from yunball_teat.o(.rodata._ZTV8wit_gyro)
 <LI><a href="#[f9]">non-virtual thunk to wit_gyro::get_acc_x()</a> from yunball_teat.o(.text._ZThn12_N8wit_gyro9get_acc_xEv) referenced from yunball_teat.o(.rodata._ZTV8wit_gyro)
 <LI><a href="#[fa]">non-virtual thunk to wit_gyro::get_acc_y()</a> from yunball_teat.o(.text._ZThn12_N8wit_gyro9get_acc_yEv) referenced from yunball_teat.o(.rodata._ZTV8wit_gyro)
 <LI><a href="#[c7]">non-virtual thunk to vesc::set_current(float)</a> from vesc.o(.text._ZThn32_N4vesc11set_currentEf) referenced from vesc.o(.rodata._ZTV4vesc)
 <LI><a href="#[c6]">non-virtual thunk to vesc::set_ff_current(float)</a> from vesc.o(.text._ZThn32_N4vesc14set_ff_currentEf) referenced from vesc.o(.rodata._ZTV4vesc)
 <LI><a href="#[c3]">non-virtual thunk to vesc::get_rpm()</a> from vesc.o(.text._ZThn32_N4vesc7get_rpmEv) referenced from vesc.o(.rodata._ZTV4vesc)
 <LI><a href="#[c4]">non-virtual thunk to vesc::set_rpm(float)</a> from vesc.o(.text._ZThn32_N4vesc7set_rpmEf) referenced from vesc.o(.rodata._ZTV4vesc)
 <LI><a href="#[c5]">non-virtual thunk to vesc::send_rpm(float)</a> from vesc.o(.text._ZThn32_N4vesc8send_rpmEf) referenced from vesc.o(.rodata._ZTV4vesc)
 <LI><a href="#[b2]">non-virtual thunk to moters_debug_xbox::process_data()</a> from debug_xbox.o(.text._ZThn540_N17moters_debug_xbox12process_dataEv) referenced from debug_xbox.o(.rodata._ZTV17moters_debug_xbox)
 <LI><a href="#[b4]">non-virtual thunk to moters_debug_xbox::~moters_debug_xbox__deallocating()</a> from debug_xbox.o(.text._ZThn540_N17moters_debug_xboxD0Ev) referenced from debug_xbox.o(.rodata._ZTV17moters_debug_xbox)
 <LI><a href="#[b3]">non-virtual thunk to moters_debug_xbox::~moters_debug_xbox()</a> from debug_xbox.o(.text._ZThn540_N17moters_debug_xboxD1Ev) referenced from debug_xbox.o(.rodata._ZTV17moters_debug_xbox)
 <LI><a href="#[a7]">non-virtual thunk to serial_studio::process_data()</a> from serial_studio.o(.text._ZThn8_N13serial_studio12process_dataEv) referenced from serial_studio.o(.rodata._ZTV13serial_studio)
 <LI><a href="#[a9]">non-virtual thunk to serial_studio::~serial_studio__deallocating()</a> from serial_studio.o(.text._ZThn8_N13serial_studioD0Ev) referenced from serial_studio.o(.rodata._ZTV13serial_studio)
 <LI><a href="#[a8]">non-virtual thunk to serial_studio::~serial_studio()</a> from serial_studio.o(.text._ZThn8_N13serial_studioD1Ev) referenced from serial_studio.o(.rodata._ZTV13serial_studio)
 <LI><a href="#[8e]">__cxa_pure_virtual</a> from cxa_virtual.cpp.o(.text.__cxa_pure_virtual) referenced 2 times from m3508.o(.rodata._ZTV11power_motor)
 <LI><a href="#[8e]">__cxa_pure_virtual</a> from cxa_virtual.cpp.o(.text.__cxa_pure_virtual) referenced from serial_device.o(.rodata._ZTV12SerialDevice)
 <LI><a href="#[8e]">__cxa_pure_virtual</a> from cxa_virtual.cpp.o(.text.__cxa_pure_virtual) referenced from can_device.o(.rodata._ZTV9CanDevice)
 <LI><a href="#[73]">__main</a> from entry.o(.ARM.Collect$$$$00000000) referenced from startup_stm32f407xx.o(.text)
 <LI><a href="#[71]">main</a> from main.o(.text.main) referenced from entry9a.o(.ARM.Collect$$$$0000000B)
 <LI><a href="#[7d]">prvIdleTask</a> from tasks.o(.text.prvIdleTask) referenced 2 times from tasks.o(.text.vTaskStartScheduler)
 <LI><a href="#[7c]">prvTaskExitError</a> from port.o(.text.prvTaskExitError) referenced 2 times from port.o(.text.pxPortInitialiseStack)
 <LI><a href="#[7e]">prvTimerTask</a> from timers.o(.text.prvTimerTask) referenced 2 times from timers.o(.text.xTimerCreateTimerTask)
</UL>
<P>
<H3>
Global Symbols
</H3>
<P><STRONG><a name="[73]"></a>__main</STRONG> (Thumb, 0 bytes, Stack size unknown bytes, entry.o(.ARM.Collect$$$$00000000))
<BR>[Address Reference Count : 1]<UL><LI> startup_stm32f407xx.o(.text)
</UL>
<P><STRONG><a name="[281]"></a>_main_stk</STRONG> (Thumb, 0 bytes, Stack size unknown bytes, entry2.o(.ARM.Collect$$$$00000001))

<P><STRONG><a name="[ff]"></a>_main_scatterload</STRONG> (Thumb, 0 bytes, Stack size unknown bytes, entry5.o(.ARM.Collect$$$$00000004))
<BR><BR>[Calls]<UL><LI><a href="#[100]">&gt;&gt;</a>&nbsp;&nbsp;&nbsp;__scatterload
</UL>

<P><STRONG><a name="[10d]"></a>__main_after_scatterload</STRONG> (Thumb, 0 bytes, Stack size unknown bytes, entry5.o(.ARM.Collect$$$$00000004))
<BR><BR>[Called By]<UL><LI><a href="#[100]">&gt;&gt;</a>&nbsp;&nbsp;&nbsp;__scatterload
</UL>

<P><STRONG><a name="[282]"></a>_main_clock</STRONG> (Thumb, 0 bytes, Stack size unknown bytes, entry7b.o(.ARM.Collect$$$$00000008))

<P><STRONG><a name="[101]"></a>_main_cpp_init$empty</STRONG> (Thumb, 0 bytes, Stack size unknown bytes, entry8a.o(.ARM.Collect$$$$00000009))
<BR><BR>[Stack]<UL><LI>Max Depth = 24 + Unknown Stack Size
<LI>Call Chain = _main_cpp_init$empty &rArr; __cpp_initialize__aeabi_
</UL>
<BR>[Calls]<UL><LI><a href="#[fe]">&gt;&gt;</a>&nbsp;&nbsp;&nbsp;__cpp_initialize__aeabi_
</UL>

<P><STRONG><a name="[283]"></a>_main_cpp_init</STRONG> (Thumb, 0 bytes, Stack size unknown bytes, entry8b.o(.ARM.Collect$$$$0000000A))

<P><STRONG><a name="[284]"></a>_main_init</STRONG> (Thumb, 0 bytes, Stack size unknown bytes, entry9a.o(.ARM.Collect$$$$0000000B))

<P><STRONG><a name="[285]"></a>__rt_final_cpp</STRONG> (Thumb, 0 bytes, Stack size unknown bytes, entry10a.o(.ARM.Collect$$$$0000000D))

<P><STRONG><a name="[286]"></a>__rt_final_exit</STRONG> (Thumb, 0 bytes, Stack size unknown bytes, entry11a.o(.ARM.Collect$$$$0000000F))

<P><STRONG><a name="[16]"></a>Reset_Handler</STRONG> (Thumb, 8 bytes, Stack size 0 bytes, startup_stm32f407xx.o(.text))
<BR>[Address Reference Count : 1]<UL><LI> startup_stm32f407xx.o(RESET)
</UL>
<P><STRONG><a name="[32]"></a>ADC_IRQHandler</STRONG> (Thumb, 0 bytes, Stack size 0 bytes, startup_stm32f407xx.o(.text))
<BR><BR>[Calls]<UL><LI><a href="#[32]">&gt;&gt;</a>&nbsp;&nbsp;&nbsp;ADC_IRQHandler
</UL>
<BR>[Called By]<UL><LI><a href="#[32]">&gt;&gt;</a>&nbsp;&nbsp;&nbsp;ADC_IRQHandler
</UL>
<BR>[Address Reference Count : 1]<UL><LI> startup_stm32f407xx.o(RESET)
</UL>
<P><STRONG><a name="[35]"></a>CAN1_RX1_IRQHandler</STRONG> (Thumb, 0 bytes, Stack size 0 bytes, startup_stm32f407xx.o(.text))
<BR>[Address Reference Count : 1]<UL><LI> startup_stm32f407xx.o(RESET)
</UL>
<P><STRONG><a name="[36]"></a>CAN1_SCE_IRQHandler</STRONG> (Thumb, 0 bytes, Stack size 0 bytes, startup_stm32f407xx.o(.text))
<BR>[Address Reference Count : 1]<UL><LI> startup_stm32f407xx.o(RESET)
</UL>
<P><STRONG><a name="[33]"></a>CAN1_TX_IRQHandler</STRONG> (Thumb, 0 bytes, Stack size 0 bytes, startup_stm32f407xx.o(.text))
<BR>[Address Reference Count : 1]<UL><LI> startup_stm32f407xx.o(RESET)
</UL>
<P><STRONG><a name="[61]"></a>CAN2_RX1_IRQHandler</STRONG> (Thumb, 0 bytes, Stack size 0 bytes, startup_stm32f407xx.o(.text))
<BR>[Address Reference Count : 1]<UL><LI> startup_stm32f407xx.o(RESET)
</UL>
<P><STRONG><a name="[62]"></a>CAN2_SCE_IRQHandler</STRONG> (Thumb, 0 bytes, Stack size 0 bytes, startup_stm32f407xx.o(.text))
<BR>[Address Reference Count : 1]<UL><LI> startup_stm32f407xx.o(RESET)
</UL>
<P><STRONG><a name="[5f]"></a>CAN2_TX_IRQHandler</STRONG> (Thumb, 0 bytes, Stack size 0 bytes, startup_stm32f407xx.o(.text))
<BR>[Address Reference Count : 1]<UL><LI> startup_stm32f407xx.o(RESET)
</UL>
<P><STRONG><a name="[6e]"></a>DCMI_IRQHandler</STRONG> (Thumb, 0 bytes, Stack size 0 bytes, startup_stm32f407xx.o(.text))
<BR>[Address Reference Count : 1]<UL><LI> startup_stm32f407xx.o(RESET)
</UL>
<P><STRONG><a name="[2b]"></a>DMA1_Stream0_IRQHandler</STRONG> (Thumb, 0 bytes, Stack size 0 bytes, startup_stm32f407xx.o(.text))
<BR>[Address Reference Count : 1]<UL><LI> startup_stm32f407xx.o(RESET)
</UL>
<P><STRONG><a name="[2c]"></a>DMA1_Stream1_IRQHandler</STRONG> (Thumb, 0 bytes, Stack size 0 bytes, startup_stm32f407xx.o(.text))
<BR>[Address Reference Count : 1]<UL><LI> startup_stm32f407xx.o(RESET)
</UL>
<P><STRONG><a name="[2d]"></a>DMA1_Stream2_IRQHandler</STRONG> (Thumb, 0 bytes, Stack size 0 bytes, startup_stm32f407xx.o(.text))
<BR>[Address Reference Count : 1]<UL><LI> startup_stm32f407xx.o(RESET)
</UL>
<P><STRONG><a name="[30]"></a>DMA1_Stream5_IRQHandler</STRONG> (Thumb, 0 bytes, Stack size 0 bytes, startup_stm32f407xx.o(.text))
<BR>[Address Reference Count : 1]<UL><LI> startup_stm32f407xx.o(RESET)
</UL>
<P><STRONG><a name="[58]"></a>DMA2_Stream0_IRQHandler</STRONG> (Thumb, 0 bytes, Stack size 0 bytes, startup_stm32f407xx.o(.text))
<BR>[Address Reference Count : 1]<UL><LI> startup_stm32f407xx.o(RESET)
</UL>
<P><STRONG><a name="[59]"></a>DMA2_Stream1_IRQHandler</STRONG> (Thumb, 0 bytes, Stack size 0 bytes, startup_stm32f407xx.o(.text))
<BR>[Address Reference Count : 1]<UL><LI> startup_stm32f407xx.o(RESET)
</UL>
<P><STRONG><a name="[5a]"></a>DMA2_Stream2_IRQHandler</STRONG> (Thumb, 0 bytes, Stack size 0 bytes, startup_stm32f407xx.o(.text))
<BR>[Address Reference Count : 1]<UL><LI> startup_stm32f407xx.o(RESET)
</UL>
<P><STRONG><a name="[5b]"></a>DMA2_Stream3_IRQHandler</STRONG> (Thumb, 0 bytes, Stack size 0 bytes, startup_stm32f407xx.o(.text))
<BR>[Address Reference Count : 1]<UL><LI> startup_stm32f407xx.o(RESET)
</UL>
<P><STRONG><a name="[5c]"></a>DMA2_Stream4_IRQHandler</STRONG> (Thumb, 0 bytes, Stack size 0 bytes, startup_stm32f407xx.o(.text))
<BR>[Address Reference Count : 1]<UL><LI> startup_stm32f407xx.o(RESET)
</UL>
<P><STRONG><a name="[64]"></a>DMA2_Stream5_IRQHandler</STRONG> (Thumb, 0 bytes, Stack size 0 bytes, startup_stm32f407xx.o(.text))
<BR>[Address Reference Count : 1]<UL><LI> startup_stm32f407xx.o(RESET)
</UL>
<P><STRONG><a name="[5d]"></a>ETH_IRQHandler</STRONG> (Thumb, 0 bytes, Stack size 0 bytes, startup_stm32f407xx.o(.text))
<BR>[Address Reference Count : 1]<UL><LI> startup_stm32f407xx.o(RESET)
</UL>
<P><STRONG><a name="[5e]"></a>ETH_WKUP_IRQHandler</STRONG> (Thumb, 0 bytes, Stack size 0 bytes, startup_stm32f407xx.o(.text))
<BR>[Address Reference Count : 1]<UL><LI> startup_stm32f407xx.o(RESET)
</UL>
<P><STRONG><a name="[26]"></a>EXTI0_IRQHandler</STRONG> (Thumb, 0 bytes, Stack size 0 bytes, startup_stm32f407xx.o(.text))
<BR>[Address Reference Count : 1]<UL><LI> startup_stm32f407xx.o(RESET)
</UL>
<P><STRONG><a name="[48]"></a>EXTI15_10_IRQHandler</STRONG> (Thumb, 0 bytes, Stack size 0 bytes, startup_stm32f407xx.o(.text))
<BR>[Address Reference Count : 1]<UL><LI> startup_stm32f407xx.o(RESET)
</UL>
<P><STRONG><a name="[27]"></a>EXTI1_IRQHandler</STRONG> (Thumb, 0 bytes, Stack size 0 bytes, startup_stm32f407xx.o(.text))
<BR>[Address Reference Count : 1]<UL><LI> startup_stm32f407xx.o(RESET)
</UL>
<P><STRONG><a name="[28]"></a>EXTI2_IRQHandler</STRONG> (Thumb, 0 bytes, Stack size 0 bytes, startup_stm32f407xx.o(.text))
<BR>[Address Reference Count : 1]<UL><LI> startup_stm32f407xx.o(RESET)
</UL>
<P><STRONG><a name="[29]"></a>EXTI3_IRQHandler</STRONG> (Thumb, 0 bytes, Stack size 0 bytes, startup_stm32f407xx.o(.text))
<BR>[Address Reference Count : 1]<UL><LI> startup_stm32f407xx.o(RESET)
</UL>
<P><STRONG><a name="[2a]"></a>EXTI4_IRQHandler</STRONG> (Thumb, 0 bytes, Stack size 0 bytes, startup_stm32f407xx.o(.text))
<BR>[Address Reference Count : 1]<UL><LI> startup_stm32f407xx.o(RESET)
</UL>
<P><STRONG><a name="[37]"></a>EXTI9_5_IRQHandler</STRONG> (Thumb, 0 bytes, Stack size 0 bytes, startup_stm32f407xx.o(.text))
<BR>[Address Reference Count : 1]<UL><LI> startup_stm32f407xx.o(RESET)
</UL>
<P><STRONG><a name="[24]"></a>FLASH_IRQHandler</STRONG> (Thumb, 0 bytes, Stack size 0 bytes, startup_stm32f407xx.o(.text))
<BR>[Address Reference Count : 1]<UL><LI> startup_stm32f407xx.o(RESET)
</UL>
<P><STRONG><a name="[50]"></a>FMC_IRQHandler</STRONG> (Thumb, 0 bytes, Stack size 0 bytes, startup_stm32f407xx.o(.text))
<BR>[Address Reference Count : 1]<UL><LI> startup_stm32f407xx.o(RESET)
</UL>
<P><STRONG><a name="[70]"></a>FPU_IRQHandler</STRONG> (Thumb, 0 bytes, Stack size 0 bytes, startup_stm32f407xx.o(.text))
<BR>[Address Reference Count : 1]<UL><LI> startup_stm32f407xx.o(RESET)
</UL>
<P><STRONG><a name="[6f]"></a>HASH_RNG_IRQHandler</STRONG> (Thumb, 0 bytes, Stack size 0 bytes, startup_stm32f407xx.o(.text))
<BR>[Address Reference Count : 1]<UL><LI> startup_stm32f407xx.o(RESET)
</UL>
<P><STRONG><a name="[40]"></a>I2C1_ER_IRQHandler</STRONG> (Thumb, 0 bytes, Stack size 0 bytes, startup_stm32f407xx.o(.text))
<BR>[Address Reference Count : 1]<UL><LI> startup_stm32f407xx.o(RESET)
</UL>
<P><STRONG><a name="[3f]"></a>I2C1_EV_IRQHandler</STRONG> (Thumb, 0 bytes, Stack size 0 bytes, startup_stm32f407xx.o(.text))
<BR>[Address Reference Count : 1]<UL><LI> startup_stm32f407xx.o(RESET)
</UL>
<P><STRONG><a name="[42]"></a>I2C2_ER_IRQHandler</STRONG> (Thumb, 0 bytes, Stack size 0 bytes, startup_stm32f407xx.o(.text))
<BR>[Address Reference Count : 1]<UL><LI> startup_stm32f407xx.o(RESET)
</UL>
<P><STRONG><a name="[41]"></a>I2C2_EV_IRQHandler</STRONG> (Thumb, 0 bytes, Stack size 0 bytes, startup_stm32f407xx.o(.text))
<BR>[Address Reference Count : 1]<UL><LI> startup_stm32f407xx.o(RESET)
</UL>
<P><STRONG><a name="[69]"></a>I2C3_ER_IRQHandler</STRONG> (Thumb, 0 bytes, Stack size 0 bytes, startup_stm32f407xx.o(.text))
<BR>[Address Reference Count : 1]<UL><LI> startup_stm32f407xx.o(RESET)
</UL>
<P><STRONG><a name="[68]"></a>I2C3_EV_IRQHandler</STRONG> (Thumb, 0 bytes, Stack size 0 bytes, startup_stm32f407xx.o(.text))
<BR>[Address Reference Count : 1]<UL><LI> startup_stm32f407xx.o(RESET)
</UL>
<P><STRONG><a name="[4a]"></a>OTG_FS_WKUP_IRQHandler</STRONG> (Thumb, 0 bytes, Stack size 0 bytes, startup_stm32f407xx.o(.text))
<BR>[Address Reference Count : 1]<UL><LI> startup_stm32f407xx.o(RESET)
</UL>
<P><STRONG><a name="[6b]"></a>OTG_HS_EP1_IN_IRQHandler</STRONG> (Thumb, 0 bytes, Stack size 0 bytes, startup_stm32f407xx.o(.text))
<BR>[Address Reference Count : 1]<UL><LI> startup_stm32f407xx.o(RESET)
</UL>
<P><STRONG><a name="[6a]"></a>OTG_HS_EP1_OUT_IRQHandler</STRONG> (Thumb, 0 bytes, Stack size 0 bytes, startup_stm32f407xx.o(.text))
<BR>[Address Reference Count : 1]<UL><LI> startup_stm32f407xx.o(RESET)
</UL>
<P><STRONG><a name="[6d]"></a>OTG_HS_IRQHandler</STRONG> (Thumb, 0 bytes, Stack size 0 bytes, startup_stm32f407xx.o(.text))
<BR>[Address Reference Count : 1]<UL><LI> startup_stm32f407xx.o(RESET)
</UL>
<P><STRONG><a name="[6c]"></a>OTG_HS_WKUP_IRQHandler</STRONG> (Thumb, 0 bytes, Stack size 0 bytes, startup_stm32f407xx.o(.text))
<BR>[Address Reference Count : 1]<UL><LI> startup_stm32f407xx.o(RESET)
</UL>
<P><STRONG><a name="[21]"></a>PVD_IRQHandler</STRONG> (Thumb, 0 bytes, Stack size 0 bytes, startup_stm32f407xx.o(.text))
<BR>[Address Reference Count : 1]<UL><LI> startup_stm32f407xx.o(RESET)
</UL>
<P><STRONG><a name="[25]"></a>RCC_IRQHandler</STRONG> (Thumb, 0 bytes, Stack size 0 bytes, startup_stm32f407xx.o(.text))
<BR>[Address Reference Count : 1]<UL><LI> startup_stm32f407xx.o(RESET)
</UL>
<P><STRONG><a name="[49]"></a>RTC_Alarm_IRQHandler</STRONG> (Thumb, 0 bytes, Stack size 0 bytes, startup_stm32f407xx.o(.text))
<BR>[Address Reference Count : 1]<UL><LI> startup_stm32f407xx.o(RESET)
</UL>
<P><STRONG><a name="[23]"></a>RTC_WKUP_IRQHandler</STRONG> (Thumb, 0 bytes, Stack size 0 bytes, startup_stm32f407xx.o(.text))
<BR>[Address Reference Count : 1]<UL><LI> startup_stm32f407xx.o(RESET)
</UL>
<P><STRONG><a name="[51]"></a>SDIO_IRQHandler</STRONG> (Thumb, 0 bytes, Stack size 0 bytes, startup_stm32f407xx.o(.text))
<BR>[Address Reference Count : 1]<UL><LI> startup_stm32f407xx.o(RESET)
</UL>
<P><STRONG><a name="[43]"></a>SPI1_IRQHandler</STRONG> (Thumb, 0 bytes, Stack size 0 bytes, startup_stm32f407xx.o(.text))
<BR>[Address Reference Count : 1]<UL><LI> startup_stm32f407xx.o(RESET)
</UL>
<P><STRONG><a name="[44]"></a>SPI2_IRQHandler</STRONG> (Thumb, 0 bytes, Stack size 0 bytes, startup_stm32f407xx.o(.text))
<BR>[Address Reference Count : 1]<UL><LI> startup_stm32f407xx.o(RESET)
</UL>
<P><STRONG><a name="[53]"></a>SPI3_IRQHandler</STRONG> (Thumb, 0 bytes, Stack size 0 bytes, startup_stm32f407xx.o(.text))
<BR>[Address Reference Count : 1]<UL><LI> startup_stm32f407xx.o(RESET)
</UL>
<P><STRONG><a name="[22]"></a>TAMP_STAMP_IRQHandler</STRONG> (Thumb, 0 bytes, Stack size 0 bytes, startup_stm32f407xx.o(.text))
<BR>[Address Reference Count : 1]<UL><LI> startup_stm32f407xx.o(RESET)
</UL>
<P><STRONG><a name="[38]"></a>TIM1_BRK_TIM9_IRQHandler</STRONG> (Thumb, 0 bytes, Stack size 0 bytes, startup_stm32f407xx.o(.text))
<BR>[Address Reference Count : 1]<UL><LI> startup_stm32f407xx.o(RESET)
</UL>
<P><STRONG><a name="[3b]"></a>TIM1_CC_IRQHandler</STRONG> (Thumb, 0 bytes, Stack size 0 bytes, startup_stm32f407xx.o(.text))
<BR>[Address Reference Count : 1]<UL><LI> startup_stm32f407xx.o(RESET)
</UL>
<P><STRONG><a name="[3a]"></a>TIM1_TRG_COM_TIM11_IRQHandler</STRONG> (Thumb, 0 bytes, Stack size 0 bytes, startup_stm32f407xx.o(.text))
<BR>[Address Reference Count : 1]<UL><LI> startup_stm32f407xx.o(RESET)
</UL>
<P><STRONG><a name="[39]"></a>TIM1_UP_TIM10_IRQHandler</STRONG> (Thumb, 0 bytes, Stack size 0 bytes, startup_stm32f407xx.o(.text))
<BR>[Address Reference Count : 1]<UL><LI> startup_stm32f407xx.o(RESET)
</UL>
<P><STRONG><a name="[3c]"></a>TIM2_IRQHandler</STRONG> (Thumb, 0 bytes, Stack size 0 bytes, startup_stm32f407xx.o(.text))
<BR>[Address Reference Count : 1]<UL><LI> startup_stm32f407xx.o(RESET)
</UL>
<P><STRONG><a name="[3d]"></a>TIM3_IRQHandler</STRONG> (Thumb, 0 bytes, Stack size 0 bytes, startup_stm32f407xx.o(.text))
<BR>[Address Reference Count : 1]<UL><LI> startup_stm32f407xx.o(RESET)
</UL>
<P><STRONG><a name="[3e]"></a>TIM4_IRQHandler</STRONG> (Thumb, 0 bytes, Stack size 0 bytes, startup_stm32f407xx.o(.text))
<BR>[Address Reference Count : 1]<UL><LI> startup_stm32f407xx.o(RESET)
</UL>
<P><STRONG><a name="[56]"></a>TIM6_DAC_IRQHandler</STRONG> (Thumb, 0 bytes, Stack size 0 bytes, startup_stm32f407xx.o(.text))
<BR>[Address Reference Count : 1]<UL><LI> startup_stm32f407xx.o(RESET)
</UL>
<P><STRONG><a name="[57]"></a>TIM7_IRQHandler</STRONG> (Thumb, 0 bytes, Stack size 0 bytes, startup_stm32f407xx.o(.text))
<BR>[Address Reference Count : 1]<UL><LI> startup_stm32f407xx.o(RESET)
</UL>
<P><STRONG><a name="[4b]"></a>TIM8_BRK_TIM12_IRQHandler</STRONG> (Thumb, 0 bytes, Stack size 0 bytes, startup_stm32f407xx.o(.text))
<BR>[Address Reference Count : 1]<UL><LI> startup_stm32f407xx.o(RESET)
</UL>
<P><STRONG><a name="[4e]"></a>TIM8_CC_IRQHandler</STRONG> (Thumb, 0 bytes, Stack size 0 bytes, startup_stm32f407xx.o(.text))
<BR>[Address Reference Count : 1]<UL><LI> startup_stm32f407xx.o(RESET)
</UL>
<P><STRONG><a name="[4c]"></a>TIM8_UP_TIM13_IRQHandler</STRONG> (Thumb, 0 bytes, Stack size 0 bytes, startup_stm32f407xx.o(.text))
<BR>[Address Reference Count : 1]<UL><LI> startup_stm32f407xx.o(RESET)
</UL>
<P><STRONG><a name="[20]"></a>WWDG_IRQHandler</STRONG> (Thumb, 0 bytes, Stack size 0 bytes, startup_stm32f407xx.o(.text))
<BR>[Address Reference Count : 1]<UL><LI> startup_stm32f407xx.o(RESET)
</UL>
<P><STRONG><a name="[102]"></a>__aeabi_uldivmod</STRONG> (Thumb, 98 bytes, Stack size 40 bytes, uldiv.o(.text))
<BR><BR>[Stack]<UL><LI>Max Depth = 40<LI>Call Chain = __aeabi_uldivmod
</UL>
<BR>[Calls]<UL><LI><a href="#[103]">&gt;&gt;</a>&nbsp;&nbsp;&nbsp;__aeabi_llsr
<LI><a href="#[104]">&gt;&gt;</a>&nbsp;&nbsp;&nbsp;__aeabi_llsl
</UL>
<BR>[Called By]<UL><LI><a href="#[17c]">&gt;&gt;</a>&nbsp;&nbsp;&nbsp;HAL_RCC_GetSysClockFreq
<LI><a href="#[195]">&gt;&gt;</a>&nbsp;&nbsp;&nbsp;UART_SetConfig
</UL>

<P><STRONG><a name="[114]"></a>__aeabi_memcpy</STRONG> (Thumb, 36 bytes, Stack size 0 bytes, memcpya.o(.text))
<BR><BR>[Called By]<UL><LI><a href="#[252]">&gt;&gt;</a>&nbsp;&nbsp;&nbsp;xQueueReceiveFromISR
<LI><a href="#[253]">&gt;&gt;</a>&nbsp;&nbsp;&nbsp;xQueueReceive
<LI><a href="#[257]">&gt;&gt;</a>&nbsp;&nbsp;&nbsp;xQueueGenericSendFromISR
<LI><a href="#[258]">&gt;&gt;</a>&nbsp;&nbsp;&nbsp;xQueueGenericSend
<LI><a href="#[1db]">&gt;&gt;</a>&nbsp;&nbsp;&nbsp;WitSerialDataIn
<LI><a href="#[113]">&gt;&gt;</a>&nbsp;&nbsp;&nbsp;CopeWitData
</UL>

<P><STRONG><a name="[1f9]"></a>__aeabi_memcpy4</STRONG> (Thumb, 0 bytes, Stack size 0 bytes, memcpya.o(.text))
<BR><BR>[Called By]<UL><LI><a href="#[85]">&gt;&gt;</a>&nbsp;&nbsp;&nbsp;RC9Protocol::process_data()
</UL>

<P><STRONG><a name="[287]"></a>__aeabi_memcpy8</STRONG> (Thumb, 0 bytes, Stack size 0 bytes, memcpya.o(.text), UNUSED)

<P><STRONG><a name="[106]"></a>__aeabi_memset</STRONG> (Thumb, 14 bytes, Stack size 0 bytes, memseta.o(.text))
<BR><BR>[Called By]<UL><LI><a href="#[107]">&gt;&gt;</a>&nbsp;&nbsp;&nbsp;_memset$wrapper
<LI><a href="#[105]">&gt;&gt;</a>&nbsp;&nbsp;&nbsp;__aeabi_memclr
</UL>

<P><STRONG><a name="[263]"></a>__aeabi_memset4</STRONG> (Thumb, 0 bytes, Stack size 0 bytes, memseta.o(.text))
<BR><BR>[Called By]<UL><LI><a href="#[262]">&gt;&gt;</a>&nbsp;&nbsp;&nbsp;prvInitialiseNewTask
</UL>

<P><STRONG><a name="[288]"></a>__aeabi_memset8</STRONG> (Thumb, 0 bytes, Stack size 0 bytes, memseta.o(.text), UNUSED)

<P><STRONG><a name="[105]"></a>__aeabi_memclr</STRONG> (Thumb, 4 bytes, Stack size 0 bytes, memseta.o(.text))
<BR><BR>[Calls]<UL><LI><a href="#[106]">&gt;&gt;</a>&nbsp;&nbsp;&nbsp;__aeabi_memset
</UL>
<BR>[Called By]<UL><LI><a href="#[1e4]">&gt;&gt;</a>&nbsp;&nbsp;&nbsp;m3508p::m3508p(unsigned char, CAN_HandleTypeDef*, bool, float)
</UL>

<P><STRONG><a name="[1b7]"></a>__aeabi_memclr4</STRONG> (Thumb, 0 bytes, Stack size 0 bytes, memseta.o(.text))
<BR><BR>[Called By]<UL><LI><a href="#[1b6]">&gt;&gt;</a>&nbsp;&nbsp;&nbsp;SystemClock_Config
<LI><a href="#[1e6]">&gt;&gt;</a>&nbsp;&nbsp;&nbsp;vesc::vesc(unsigned char, CAN_HandleTypeDef*, unsigned char, float, float, float, float, float)
<LI><a href="#[228]">&gt;&gt;</a>&nbsp;&nbsp;&nbsp;SimpleMeanFilter::SimpleMeanFilter()
<LI><a href="#[232]">&gt;&gt;</a>&nbsp;&nbsp;&nbsp;IncrePID::IncrePID(float, float, float, float, float, float)
<LI><a href="#[20c]">&gt;&gt;</a>&nbsp;&nbsp;&nbsp;TaskManager::registerTask(int, ITaskProcessor*)
<LI><a href="#[fc]">&gt;&gt;</a>&nbsp;&nbsp;&nbsp;_GLOBAL__sub_I_TaskManager.cpp
<LI><a href="#[1df]">&gt;&gt;</a>&nbsp;&nbsp;&nbsp;RC9Protocol::RC9Protocol(uart_type, __UART_HandleTypeDef*, bool)
<LI><a href="#[85]">&gt;&gt;</a>&nbsp;&nbsp;&nbsp;RC9Protocol::process_data()
<LI><a href="#[1e8]">&gt;&gt;</a>&nbsp;&nbsp;&nbsp;RoboChassis::RoboChassis(RoboChassisType)
<LI><a href="#[7]">&gt;&gt;</a>&nbsp;&nbsp;&nbsp;USBD_CDC_Init
</UL>

<P><STRONG><a name="[289]"></a>__aeabi_memclr8</STRONG> (Thumb, 0 bytes, Stack size 0 bytes, memseta.o(.text), UNUSED)

<P><STRONG><a name="[107]"></a>_memset$wrapper</STRONG> (Thumb, 18 bytes, Stack size 8 bytes, memseta.o(.text), UNUSED)
<BR><BR>[Calls]<UL><LI><a href="#[106]">&gt;&gt;</a>&nbsp;&nbsp;&nbsp;__aeabi_memset
</UL>

<P><STRONG><a name="[fe]"></a>__cpp_initialize__aeabi_</STRONG> (Thumb, 32 bytes, Stack size 24 bytes, cpp_init.o(.text))
<BR><BR>[Stack]<UL><LI>Max Depth = 24<LI>Call Chain = __cpp_initialize__aeabi_
</UL>
<BR>[Called By]<UL><LI><a href="#[101]">&gt;&gt;</a>&nbsp;&nbsp;&nbsp;_main_cpp_init$empty
</UL>

<P><STRONG><a name="[108]"></a>__aeabi_dmul</STRONG> (Thumb, 228 bytes, Stack size 48 bytes, dmul.o(.text))
<BR><BR>[Stack]<UL><LI>Max Depth = 88<LI>Call Chain = __aeabi_dmul &rArr; _double_epilogue &rArr; _double_round
</UL>
<BR>[Calls]<UL><LI><a href="#[109]">&gt;&gt;</a>&nbsp;&nbsp;&nbsp;_double_epilogue
</UL>
<BR>[Called By]<UL><LI><a href="#[82]">&gt;&gt;</a>&nbsp;&nbsp;&nbsp;AutoShooter::process_data()
<LI><a href="#[f4]">&gt;&gt;</a>&nbsp;&nbsp;&nbsp;wit_gyro::handleReceiveData(unsigned char)
</UL>

<P><STRONG><a name="[1f2]"></a>__aeabi_f2d</STRONG> (Thumb, 38 bytes, Stack size 0 bytes, f2d.o(.text))
<BR><BR>[Called By]<UL><LI><a href="#[82]">&gt;&gt;</a>&nbsp;&nbsp;&nbsp;AutoShooter::process_data()
<LI><a href="#[f4]">&gt;&gt;</a>&nbsp;&nbsp;&nbsp;wit_gyro::handleReceiveData(unsigned char)
</UL>

<P><STRONG><a name="[10a]"></a>__aeabi_d2f</STRONG> (Thumb, 56 bytes, Stack size 8 bytes, d2f.o(.text))
<BR><BR>[Stack]<UL><LI>Max Depth = 8<LI>Call Chain = __aeabi_d2f
</UL>
<BR>[Calls]<UL><LI><a href="#[10b]">&gt;&gt;</a>&nbsp;&nbsp;&nbsp;_float_round
</UL>
<BR>[Called By]<UL><LI><a href="#[82]">&gt;&gt;</a>&nbsp;&nbsp;&nbsp;AutoShooter::process_data()
<LI><a href="#[f4]">&gt;&gt;</a>&nbsp;&nbsp;&nbsp;wit_gyro::handleReceiveData(unsigned char)
</UL>

<P><STRONG><a name="[104]"></a>__aeabi_llsl</STRONG> (Thumb, 30 bytes, Stack size 0 bytes, llshl.o(.text))
<BR><BR>[Called By]<UL><LI><a href="#[109]">&gt;&gt;</a>&nbsp;&nbsp;&nbsp;_double_epilogue
<LI><a href="#[102]">&gt;&gt;</a>&nbsp;&nbsp;&nbsp;__aeabi_uldivmod
</UL>

<P><STRONG><a name="[28a]"></a>_ll_shift_l</STRONG> (Thumb, 0 bytes, Stack size 0 bytes, llshl.o(.text), UNUSED)

<P><STRONG><a name="[103]"></a>__aeabi_llsr</STRONG> (Thumb, 32 bytes, Stack size 0 bytes, llushr.o(.text))
<BR><BR>[Called By]<UL><LI><a href="#[109]">&gt;&gt;</a>&nbsp;&nbsp;&nbsp;_double_epilogue
<LI><a href="#[102]">&gt;&gt;</a>&nbsp;&nbsp;&nbsp;__aeabi_uldivmod
</UL>

<P><STRONG><a name="[28b]"></a>_ll_ushift_r</STRONG> (Thumb, 0 bytes, Stack size 0 bytes, llushr.o(.text), UNUSED)

<P><STRONG><a name="[28c]"></a>__I$use$fp</STRONG> (Thumb, 0 bytes, Stack size 0 bytes, iusefp.o(.text), UNUSED)

<P><STRONG><a name="[10b]"></a>_float_round</STRONG> (Thumb, 18 bytes, Stack size 0 bytes, fepilogue.o(.text))
<BR><BR>[Called By]<UL><LI><a href="#[10a]">&gt;&gt;</a>&nbsp;&nbsp;&nbsp;__aeabi_d2f
</UL>

<P><STRONG><a name="[28d]"></a>_float_epilogue</STRONG> (Thumb, 92 bytes, Stack size 4 bytes, fepilogue.o(.text), UNUSED)

<P><STRONG><a name="[10c]"></a>_double_round</STRONG> (Thumb, 30 bytes, Stack size 8 bytes, depilogue.o(.text))
<BR><BR>[Stack]<UL><LI>Max Depth = 8<LI>Call Chain = _double_round
</UL>
<BR>[Called By]<UL><LI><a href="#[109]">&gt;&gt;</a>&nbsp;&nbsp;&nbsp;_double_epilogue
</UL>

<P><STRONG><a name="[109]"></a>_double_epilogue</STRONG> (Thumb, 156 bytes, Stack size 32 bytes, depilogue.o(.text))
<BR><BR>[Stack]<UL><LI>Max Depth = 40<LI>Call Chain = _double_epilogue &rArr; _double_round
</UL>
<BR>[Calls]<UL><LI><a href="#[103]">&gt;&gt;</a>&nbsp;&nbsp;&nbsp;__aeabi_llsr
<LI><a href="#[104]">&gt;&gt;</a>&nbsp;&nbsp;&nbsp;__aeabi_llsl
<LI><a href="#[10c]">&gt;&gt;</a>&nbsp;&nbsp;&nbsp;_double_round
</UL>
<BR>[Called By]<UL><LI><a href="#[108]">&gt;&gt;</a>&nbsp;&nbsp;&nbsp;__aeabi_dmul
</UL>

<P><STRONG><a name="[100]"></a>__scatterload</STRONG> (Thumb, 38 bytes, Stack size 0 bytes, init.o(.text))
<BR><BR>[Calls]<UL><LI><a href="#[10d]">&gt;&gt;</a>&nbsp;&nbsp;&nbsp;__main_after_scatterload
</UL>
<BR>[Called By]<UL><LI><a href="#[ff]">&gt;&gt;</a>&nbsp;&nbsp;&nbsp;_main_scatterload
</UL>

<P><STRONG><a name="[28e]"></a>__scatterload_rt2</STRONG> (Thumb, 0 bytes, Stack size 0 bytes, init.o(.text), UNUSED)

<P><STRONG><a name="[28f]"></a>__decompress</STRONG> (Thumb, 0 bytes, Stack size unknown bytes, __dczerorl.o(.text), UNUSED)

<P><STRONG><a name="[290]"></a>__decompress0</STRONG> (Thumb, 58 bytes, Stack size unknown bytes, __dczerorl.o(.text), UNUSED)

<P><STRONG><a name="[1a]"></a>BusFault_Handler</STRONG> (Thumb, 2 bytes, Stack size 0 bytes, stm32f4xx_it.o(.text.BusFault_Handler))
<BR><BR>[Calls]<UL><LI><a href="#[1a]">&gt;&gt;</a>&nbsp;&nbsp;&nbsp;BusFault_Handler
</UL>
<BR>[Called By]<UL><LI><a href="#[1a]">&gt;&gt;</a>&nbsp;&nbsp;&nbsp;BusFault_Handler
</UL>
<BR>[Address Reference Count : 1]<UL><LI> startup_stm32f407xx.o(RESET)
</UL>
<P><STRONG><a name="[34]"></a>CAN1_RX0_IRQHandler</STRONG> (Thumb, 12 bytes, Stack size 0 bytes, stm32f4xx_it.o(.text.CAN1_RX0_IRQHandler))
<BR><BR>[Stack]<UL><LI>Max Depth = 104<LI>Call Chain = CAN1_RX0_IRQHandler &rArr; HAL_CAN_IRQHandler &rArr; HAL_CAN_RxFifo0MsgPendingCallback &rArr; HAL_CAN_GetRxMessage
</UL>
<BR>[Calls]<UL><LI><a href="#[10e]">&gt;&gt;</a>&nbsp;&nbsp;&nbsp;HAL_CAN_IRQHandler
</UL>
<BR>[Address Reference Count : 1]<UL><LI> startup_stm32f407xx.o(RESET)
</UL>
<P><STRONG><a name="[60]"></a>CAN2_RX0_IRQHandler</STRONG> (Thumb, 12 bytes, Stack size 0 bytes, stm32f4xx_it.o(.text.CAN2_RX0_IRQHandler))
<BR><BR>[Stack]<UL><LI>Max Depth = 104<LI>Call Chain = CAN2_RX0_IRQHandler &rArr; HAL_CAN_IRQHandler &rArr; HAL_CAN_RxFifo0MsgPendingCallback &rArr; HAL_CAN_GetRxMessage
</UL>
<BR>[Calls]<UL><LI><a href="#[10e]">&gt;&gt;</a>&nbsp;&nbsp;&nbsp;HAL_CAN_IRQHandler
</UL>
<BR>[Address Reference Count : 1]<UL><LI> startup_stm32f407xx.o(RESET)
</UL>
<P><STRONG><a name="[1fa]"></a>CRC16_Table</STRONG> (Thumb, 222 bytes, Stack size 20 bytes, crc_util.o(.text.CRC16_Table))
<BR><BR>[Stack]<UL><LI>Max Depth = 20<LI>Call Chain = CRC16_Table
</UL>
<BR>[Called By]<UL><LI><a href="#[85]">&gt;&gt;</a>&nbsp;&nbsp;&nbsp;RC9Protocol::process_data()
<LI><a href="#[84]">&gt;&gt;</a>&nbsp;&nbsp;&nbsp;RC9Protocol::handleReceiveData(unsigned char)
</UL>

<P><STRONG><a name="[2e]"></a>DMA1_Stream3_IRQHandler</STRONG> (Thumb, 12 bytes, Stack size 0 bytes, stm32f4xx_it.o(.text.DMA1_Stream3_IRQHandler))
<BR><BR>[Stack]<UL><LI>Max Depth = 24<LI>Call Chain = DMA1_Stream3_IRQHandler &rArr; HAL_DMA_IRQHandler
</UL>
<BR>[Calls]<UL><LI><a href="#[115]">&gt;&gt;</a>&nbsp;&nbsp;&nbsp;HAL_DMA_IRQHandler
</UL>
<BR>[Address Reference Count : 1]<UL><LI> startup_stm32f407xx.o(RESET)
</UL>
<P><STRONG><a name="[2f]"></a>DMA1_Stream4_IRQHandler</STRONG> (Thumb, 12 bytes, Stack size 0 bytes, stm32f4xx_it.o(.text.DMA1_Stream4_IRQHandler))
<BR><BR>[Stack]<UL><LI>Max Depth = 24<LI>Call Chain = DMA1_Stream4_IRQHandler &rArr; HAL_DMA_IRQHandler
</UL>
<BR>[Calls]<UL><LI><a href="#[115]">&gt;&gt;</a>&nbsp;&nbsp;&nbsp;HAL_DMA_IRQHandler
</UL>
<BR>[Address Reference Count : 1]<UL><LI> startup_stm32f407xx.o(RESET)
</UL>
<P><STRONG><a name="[31]"></a>DMA1_Stream6_IRQHandler</STRONG> (Thumb, 12 bytes, Stack size 0 bytes, stm32f4xx_it.o(.text.DMA1_Stream6_IRQHandler))
<BR><BR>[Stack]<UL><LI>Max Depth = 24<LI>Call Chain = DMA1_Stream6_IRQHandler &rArr; HAL_DMA_IRQHandler
</UL>
<BR>[Calls]<UL><LI><a href="#[115]">&gt;&gt;</a>&nbsp;&nbsp;&nbsp;HAL_DMA_IRQHandler
</UL>
<BR>[Address Reference Count : 1]<UL><LI> startup_stm32f407xx.o(RESET)
</UL>
<P><STRONG><a name="[4f]"></a>DMA1_Stream7_IRQHandler</STRONG> (Thumb, 12 bytes, Stack size 0 bytes, stm32f4xx_it.o(.text.DMA1_Stream7_IRQHandler))
<BR><BR>[Stack]<UL><LI>Max Depth = 24<LI>Call Chain = DMA1_Stream7_IRQHandler &rArr; HAL_DMA_IRQHandler
</UL>
<BR>[Calls]<UL><LI><a href="#[115]">&gt;&gt;</a>&nbsp;&nbsp;&nbsp;HAL_DMA_IRQHandler
</UL>
<BR>[Address Reference Count : 1]<UL><LI> startup_stm32f407xx.o(RESET)
</UL>
<P><STRONG><a name="[65]"></a>DMA2_Stream6_IRQHandler</STRONG> (Thumb, 12 bytes, Stack size 0 bytes, stm32f4xx_it.o(.text.DMA2_Stream6_IRQHandler))
<BR><BR>[Stack]<UL><LI>Max Depth = 24<LI>Call Chain = DMA2_Stream6_IRQHandler &rArr; HAL_DMA_IRQHandler
</UL>
<BR>[Calls]<UL><LI><a href="#[115]">&gt;&gt;</a>&nbsp;&nbsp;&nbsp;HAL_DMA_IRQHandler
</UL>
<BR>[Address Reference Count : 1]<UL><LI> startup_stm32f407xx.o(RESET)
</UL>
<P><STRONG><a name="[66]"></a>DMA2_Stream7_IRQHandler</STRONG> (Thumb, 12 bytes, Stack size 0 bytes, stm32f4xx_it.o(.text.DMA2_Stream7_IRQHandler))
<BR><BR>[Stack]<UL><LI>Max Depth = 24<LI>Call Chain = DMA2_Stream7_IRQHandler &rArr; HAL_DMA_IRQHandler
</UL>
<BR>[Calls]<UL><LI><a href="#[115]">&gt;&gt;</a>&nbsp;&nbsp;&nbsp;HAL_DMA_IRQHandler
</UL>
<BR>[Address Reference Count : 1]<UL><LI> startup_stm32f407xx.o(RESET)
</UL>
<P><STRONG><a name="[1d]"></a>DebugMon_Handler</STRONG> (Thumb, 2 bytes, Stack size 0 bytes, stm32f4xx_it.o(.text.DebugMon_Handler))
<BR>[Address Reference Count : 1]<UL><LI> startup_stm32f407xx.o(RESET)
</UL>
<P><STRONG><a name="[16f]"></a>Error_Handler</STRONG> (Thumb, 6 bytes, Stack size 0 bytes, main.o(.text.Error_Handler))
<BR><BR>[Called By]<UL><LI><a href="#[194]">&gt;&gt;</a>&nbsp;&nbsp;&nbsp;HAL_UART_MspInit
<LI><a href="#[1ae]">&gt;&gt;</a>&nbsp;&nbsp;&nbsp;MX_USB_DEVICE_Init
<LI><a href="#[1aa]">&gt;&gt;</a>&nbsp;&nbsp;&nbsp;MX_USART1_UART_Init
<LI><a href="#[1a2]">&gt;&gt;</a>&nbsp;&nbsp;&nbsp;MX_TIM1_Init
<LI><a href="#[19f]">&gt;&gt;</a>&nbsp;&nbsp;&nbsp;MX_TIM12_Init
<LI><a href="#[1a7]">&gt;&gt;</a>&nbsp;&nbsp;&nbsp;MX_TIM9_Init
<LI><a href="#[1a6]">&gt;&gt;</a>&nbsp;&nbsp;&nbsp;MX_TIM8_Init
<LI><a href="#[1a5]">&gt;&gt;</a>&nbsp;&nbsp;&nbsp;MX_TIM4_Init
<LI><a href="#[1a9]">&gt;&gt;</a>&nbsp;&nbsp;&nbsp;MX_UART5_Init
<LI><a href="#[1ad]">&gt;&gt;</a>&nbsp;&nbsp;&nbsp;MX_USART6_UART_Init
<LI><a href="#[1ab]">&gt;&gt;</a>&nbsp;&nbsp;&nbsp;MX_USART2_UART_Init
<LI><a href="#[1a8]">&gt;&gt;</a>&nbsp;&nbsp;&nbsp;MX_UART4_Init
<LI><a href="#[1ac]">&gt;&gt;</a>&nbsp;&nbsp;&nbsp;MX_USART3_UART_Init
<LI><a href="#[1a4]">&gt;&gt;</a>&nbsp;&nbsp;&nbsp;MX_TIM2_Init
<LI><a href="#[19b]">&gt;&gt;</a>&nbsp;&nbsp;&nbsp;MX_CAN2_Init
<LI><a href="#[19a]">&gt;&gt;</a>&nbsp;&nbsp;&nbsp;MX_CAN1_Init
<LI><a href="#[1ed]">&gt;&gt;</a>&nbsp;&nbsp;&nbsp;CanManager::CAN2_Filter_Init()
<LI><a href="#[1ea]">&gt;&gt;</a>&nbsp;&nbsp;&nbsp;CanManager::CAN1_Filter_Init()
<LI><a href="#[1cb]">&gt;&gt;</a>&nbsp;&nbsp;&nbsp;USBD_LL_Init
<LI><a href="#[163]">&gt;&gt;</a>&nbsp;&nbsp;&nbsp;HAL_PCD_ResetCallback
</UL>

<P><STRONG><a name="[117]"></a>GYR_Init</STRONG> (Thumb, 50 bytes, Stack size 8 bytes, wit_gyro.o(.text.GYR_Init))
<BR><BR>[Stack]<UL><LI>Max Depth = 8<LI>Call Chain = GYR_Init
</UL>
<BR>[Calls]<UL><LI><a href="#[11b]">&gt;&gt;</a>&nbsp;&nbsp;&nbsp;WitDelayMsRegister
<LI><a href="#[118]">&gt;&gt;</a>&nbsp;&nbsp;&nbsp;WitInit
<LI><a href="#[11a]">&gt;&gt;</a>&nbsp;&nbsp;&nbsp;WitRegisterCallBack
<LI><a href="#[119]">&gt;&gt;</a>&nbsp;&nbsp;&nbsp;WitSerialWriteRegister
</UL>
<BR>[Called By]<UL><LI><a href="#[fd]">&gt;&gt;</a>&nbsp;&nbsp;&nbsp;_GLOBAL__sub_I_YunBall_teat.cpp
</UL>

<P><STRONG><a name="[1f1]"></a>GYR_Updata</STRONG> (Thumb, 308 bytes, Stack size 8 bytes, wit_gyro.o(.text.GYR_Updata))
<BR><BR>[Stack]<UL><LI>Max Depth = 8<LI>Call Chain = GYR_Updata
</UL>
<BR>[Called By]<UL><LI><a href="#[82]">&gt;&gt;</a>&nbsp;&nbsp;&nbsp;AutoShooter::process_data()
<LI><a href="#[f4]">&gt;&gt;</a>&nbsp;&nbsp;&nbsp;wit_gyro::handleReceiveData(unsigned char)
</UL>

<P><STRONG><a name="[1ec]"></a>HAL_CAN_ActivateNotification</STRONG> (Thumb, 46 bytes, Stack size 0 bytes, stm32f4xx_hal_can.o(.text.HAL_CAN_ActivateNotification))
<BR><BR>[Called By]<UL><LI><a href="#[1ee]">&gt;&gt;</a>&nbsp;&nbsp;&nbsp;CanManager::init()
<LI><a href="#[1ed]">&gt;&gt;</a>&nbsp;&nbsp;&nbsp;CanManager::CAN2_Filter_Init()
<LI><a href="#[1ea]">&gt;&gt;</a>&nbsp;&nbsp;&nbsp;CanManager::CAN1_Filter_Init()
</UL>

<P><STRONG><a name="[1e9]"></a>HAL_CAN_AddTxMessage</STRONG> (Thumb, 164 bytes, Stack size 8 bytes, stm32f4xx_hal_can.o(.text.HAL_CAN_AddTxMessage))
<BR><BR>[Stack]<UL><LI>Max Depth = 8<LI>Call Chain = HAL_CAN_AddTxMessage
</UL>
<BR>[Called By]<UL><LI><a href="#[22e]">&gt;&gt;</a>&nbsp;&nbsp;&nbsp;CanDevice::CAN_Send(unsigned int, unsigned char, unsigned char*)
<LI><a href="#[7f]">&gt;&gt;</a>&nbsp;&nbsp;&nbsp;CanManager::process_data()
</UL>

<P><STRONG><a name="[1eb]"></a>HAL_CAN_ConfigFilter</STRONG> (Thumb, 222 bytes, Stack size 16 bytes, stm32f4xx_hal_can.o(.text.HAL_CAN_ConfigFilter))
<BR><BR>[Stack]<UL><LI>Max Depth = 16<LI>Call Chain = HAL_CAN_ConfigFilter
</UL>
<BR>[Called By]<UL><LI><a href="#[1ed]">&gt;&gt;</a>&nbsp;&nbsp;&nbsp;CanManager::CAN2_Filter_Init()
<LI><a href="#[1ea]">&gt;&gt;</a>&nbsp;&nbsp;&nbsp;CanManager::CAN1_Filter_Init()
</UL>

<P><STRONG><a name="[128]"></a>HAL_CAN_ErrorCallback</STRONG> (Thumb, 2 bytes, Stack size 0 bytes, stm32f4xx_hal_can.o(.text.HAL_CAN_ErrorCallback))
<BR><BR>[Called By]<UL><LI><a href="#[10e]">&gt;&gt;</a>&nbsp;&nbsp;&nbsp;HAL_CAN_IRQHandler
</UL>

<P><STRONG><a name="[12f]"></a>HAL_CAN_GetRxMessage</STRONG> (Thumb, 302 bytes, Stack size 16 bytes, stm32f4xx_hal_can.o(.text.HAL_CAN_GetRxMessage))
<BR><BR>[Stack]<UL><LI>Max Depth = 16<LI>Call Chain = HAL_CAN_GetRxMessage
</UL>
<BR>[Called By]<UL><LI><a href="#[11f]">&gt;&gt;</a>&nbsp;&nbsp;&nbsp;HAL_CAN_RxFifo0MsgPendingCallback
</UL>

<P><STRONG><a name="[10e]"></a>HAL_CAN_IRQHandler</STRONG> (Thumb, 606 bytes, Stack size 40 bytes, stm32f4xx_hal_can.o(.text.HAL_CAN_IRQHandler))
<BR><BR>[Stack]<UL><LI>Max Depth = 104<LI>Call Chain = HAL_CAN_IRQHandler &rArr; HAL_CAN_RxFifo0MsgPendingCallback &rArr; HAL_CAN_GetRxMessage
</UL>
<BR>[Calls]<UL><LI><a href="#[128]">&gt;&gt;</a>&nbsp;&nbsp;&nbsp;HAL_CAN_ErrorCallback
<LI><a href="#[127]">&gt;&gt;</a>&nbsp;&nbsp;&nbsp;HAL_CAN_TxMailbox2CompleteCallback
<LI><a href="#[126]">&gt;&gt;</a>&nbsp;&nbsp;&nbsp;HAL_CAN_TxMailbox2AbortCallback
<LI><a href="#[125]">&gt;&gt;</a>&nbsp;&nbsp;&nbsp;HAL_CAN_TxMailbox1CompleteCallback
<LI><a href="#[124]">&gt;&gt;</a>&nbsp;&nbsp;&nbsp;HAL_CAN_TxMailbox1AbortCallback
<LI><a href="#[123]">&gt;&gt;</a>&nbsp;&nbsp;&nbsp;HAL_CAN_WakeUpFromRxMsgCallback
<LI><a href="#[122]">&gt;&gt;</a>&nbsp;&nbsp;&nbsp;HAL_CAN_SleepCallback
<LI><a href="#[121]">&gt;&gt;</a>&nbsp;&nbsp;&nbsp;HAL_CAN_RxFifo1MsgPendingCallback
<LI><a href="#[120]">&gt;&gt;</a>&nbsp;&nbsp;&nbsp;HAL_CAN_RxFifo1FullCallback
<LI><a href="#[11e]">&gt;&gt;</a>&nbsp;&nbsp;&nbsp;HAL_CAN_RxFifo0FullCallback
<LI><a href="#[11d]">&gt;&gt;</a>&nbsp;&nbsp;&nbsp;HAL_CAN_TxMailbox0CompleteCallback
<LI><a href="#[11c]">&gt;&gt;</a>&nbsp;&nbsp;&nbsp;HAL_CAN_TxMailbox0AbortCallback
<LI><a href="#[11f]">&gt;&gt;</a>&nbsp;&nbsp;&nbsp;HAL_CAN_RxFifo0MsgPendingCallback
</UL>
[...]
<LI><a href="#[260]">&gt;&gt;</a>&nbsp;&nbsp;&nbsp;vPortFree
<LI><a href="#[26e]">&gt;&gt;</a>&nbsp;&nbsp;&nbsp;pvPortMalloc
</UL>

<P><STRONG><a name="[272]"></a>xTimerCreateTimerTask</STRONG> (Thumb, 172 bytes, Stack size 40 bytes, timers.o(.text.xTimerCreateTimerTask))
<BR><BR>[Stack]<UL><LI>Max Depth = 112<LI>Call Chain = xTimerCreateTimerTask &rArr; xTaskCreateStatic &rArr; prvInitialiseNewTask
</UL>
<BR>[Calls]<UL><LI><a href="#[27c]">&gt;&gt;</a>&nbsp;&nbsp;&nbsp;vApplicationGetTimerTaskMemory
<LI><a href="#[259]">&gt;&gt;</a>&nbsp;&nbsp;&nbsp;xTaskCreateStatic
<LI><a href="#[256]">&gt;&gt;</a>&nbsp;&nbsp;&nbsp;vQueueAddToRegistry
<LI><a href="#[254]">&gt;&gt;</a>&nbsp;&nbsp;&nbsp;xQueueGenericCreateStatic
<LI><a href="#[25f]">&gt;&gt;</a>&nbsp;&nbsp;&nbsp;vPortExitCritical
<LI><a href="#[25c]">&gt;&gt;</a>&nbsp;&nbsp;&nbsp;vPortEnterCritical
<LI><a href="#[25d]">&gt;&gt;</a>&nbsp;&nbsp;&nbsp;vListInitialise
</UL>
<BR>[Called By]<UL><LI><a href="#[251]">&gt;&gt;</a>&nbsp;&nbsp;&nbsp;vTaskStartScheduler
</UL>

<P><STRONG><a name="[27d]"></a>__ARM_fpclassifyf</STRONG> (Thumb, 38 bytes, Stack size 0 bytes, fpclassifyf.o(i.__ARM_fpclassifyf))
<BR><BR>[Called By]<UL><LI><a href="#[207]">&gt;&gt;</a>&nbsp;&nbsp;&nbsp;__hardfp_atan2f
</UL>

<P><STRONG><a name="[23e]"></a>free</STRONG> (Thumb, 76 bytes, Stack size 8 bytes, malloca.o(i.__free$memalign))
<BR><BR>[Stack]<UL><LI>Max Depth = 8<LI>Call Chain = free
</UL>
<BR>[Called By]<UL><LI><a href="#[23d]">&gt;&gt;</a>&nbsp;&nbsp;&nbsp;operator delete(void*)
</UL>

<P><STRONG><a name="[207]"></a>__hardfp_atan2f</STRONG> (Thumb, 594 bytes, Stack size 32 bytes, atan2f.o(i.__hardfp_atan2f))
<BR><BR>[Stack]<UL><LI>Max Depth = 32<LI>Call Chain = __hardfp_atan2f
</UL>
<BR>[Calls]<UL><LI><a href="#[27f]">&gt;&gt;</a>&nbsp;&nbsp;&nbsp;__set_errno
<LI><a href="#[27e]">&gt;&gt;</a>&nbsp;&nbsp;&nbsp;__mathlib_flt_underflow
<LI><a href="#[280]">&gt;&gt;</a>&nbsp;&nbsp;&nbsp;__mathlib_flt_infnan2
<LI><a href="#[27d]">&gt;&gt;</a>&nbsp;&nbsp;&nbsp;__ARM_fpclassifyf
</UL>
<BR>[Called By]<UL><LI><a href="#[1fe]">&gt;&gt;</a>&nbsp;&nbsp;&nbsp;RoboChassis::swerve3_calc(Vector2D, float)
</UL>

<P><STRONG><a name="[280]"></a>__mathlib_flt_infnan2</STRONG> (Thumb, 6 bytes, Stack size 0 bytes, funder.o(i.__mathlib_flt_infnan2))
<BR><BR>[Called By]<UL><LI><a href="#[207]">&gt;&gt;</a>&nbsp;&nbsp;&nbsp;__hardfp_atan2f
</UL>

<P><STRONG><a name="[27e]"></a>__mathlib_flt_underflow</STRONG> (Thumb, 10 bytes, Stack size 0 bytes, funder.o(i.__mathlib_flt_underflow))
<BR><BR>[Called By]<UL><LI><a href="#[207]">&gt;&gt;</a>&nbsp;&nbsp;&nbsp;__hardfp_atan2f
</UL>

<P><STRONG><a name="[2a4]"></a>__scatterload_copy</STRONG> (Thumb, 14 bytes, Stack size unknown bytes, handlers.o(i.__scatterload_copy), UNUSED)

<P><STRONG><a name="[2a5]"></a>__scatterload_null</STRONG> (Thumb, 2 bytes, Stack size unknown bytes, handlers.o(i.__scatterload_null), UNUSED)

<P><STRONG><a name="[2a6]"></a>__scatterload_zeroinit</STRONG> (Thumb, 14 bytes, Stack size unknown bytes, handlers.o(i.__scatterload_zeroinit), UNUSED)

<P><STRONG><a name="[27f]"></a>__set_errno</STRONG> (Thumb, 6 bytes, Stack size 0 bytes, errno.o(i.__set_errno))
<BR><BR>[Called By]<UL><LI><a href="#[207]">&gt;&gt;</a>&nbsp;&nbsp;&nbsp;__hardfp_atan2f
</UL>
<P>
<H3>
Local Symbols
</H3>
<P><STRONG><a name="[195]"></a>UART_SetConfig</STRONG> (Thumb, 230 bytes, Stack size 16 bytes, stm32f4xx_hal_uart.o(.text.UART_SetConfig))
<BR><BR>[Stack]<UL><LI>Max Depth = 56<LI>Call Chain = UART_SetConfig &rArr; __aeabi_uldivmod
</UL>
<BR>[Calls]<UL><LI><a href="#[1b9]">&gt;&gt;</a>&nbsp;&nbsp;&nbsp;HAL_RCC_GetPCLK2Freq
<LI><a href="#[138]">&gt;&gt;</a>&nbsp;&nbsp;&nbsp;HAL_RCC_GetPCLK1Freq
<LI><a href="#[102]">&gt;&gt;</a>&nbsp;&nbsp;&nbsp;__aeabi_uldivmod
</UL>
<BR>[Called By]<UL><LI><a href="#[193]">&gt;&gt;</a>&nbsp;&nbsp;&nbsp;HAL_UART_Init
</UL>

<P><STRONG><a name="[78]"></a>UART_DMATransmitCplt</STRONG> (Thumb, 176 bytes, Stack size 0 bytes, stm32f4xx_hal_uart.o(.text.UART_DMATransmitCplt))
<BR><BR>[Calls]<UL><LI><a href="#[18f]">&gt;&gt;</a>&nbsp;&nbsp;&nbsp;HAL_UART_TxCpltCallback
</UL>
<BR>[Address Reference Count : 1]<UL><LI> stm32f4xx_hal_uart.o(.text.HAL_UART_Transmit_DMA)
</UL>
<P><STRONG><a name="[79]"></a>UART_DMATxHalfCplt</STRONG> (Thumb, 6 bytes, Stack size 0 bytes, stm32f4xx_hal_uart.o(.text.UART_DMATxHalfCplt))
<BR><BR>[Calls]<UL><LI><a href="#[1b8]">&gt;&gt;</a>&nbsp;&nbsp;&nbsp;HAL_UART_TxHalfCpltCallback
</UL>
<BR>[Address Reference Count : 1]<UL><LI> stm32f4xx_hal_uart.o(.text.HAL_UART_Transmit_DMA)
</UL>
<P><STRONG><a name="[7a]"></a>UART_DMAError</STRONG> (Thumb, 380 bytes, Stack size 0 bytes, stm32f4xx_hal_uart.o(.text.UART_DMAError))
<BR><BR>[Calls]<UL><LI><a href="#[192]">&gt;&gt;</a>&nbsp;&nbsp;&nbsp;HAL_UART_ErrorCallback
</UL>
<BR>[Address Reference Count : 1]<UL><LI> stm32f4xx_hal_uart.o(.text.HAL_UART_Transmit_DMA)
</UL>
<P><STRONG><a name="[18e]"></a>UART_Receive_IT</STRONG> (Thumb, 254 bytes, Stack size 4 bytes, stm32f4xx_hal_uart.o(.text.UART_Receive_IT))
<BR><BR>[Stack]<UL><LI>Max Depth = 28<LI>Call Chain = UART_Receive_IT &rArr; HAL_UART_RxCpltCallback
</UL>
<BR>[Calls]<UL><LI><a href="#[190]">&gt;&gt;</a>&nbsp;&nbsp;&nbsp;HAL_UARTEx_RxEventCallback
<LI><a href="#[196]">&gt;&gt;</a>&nbsp;&nbsp;&nbsp;HAL_UART_RxCpltCallback
</UL>
<BR>[Called By]<UL><LI><a href="#[18d]">&gt;&gt;</a>&nbsp;&nbsp;&nbsp;HAL_UART_IRQHandler
</UL>

<P><STRONG><a name="[77]"></a>UART_DMAAbortOnError</STRONG> (Thumb, 12 bytes, Stack size 0 bytes, stm32f4xx_hal_uart.o(.text.UART_DMAAbortOnError))
<BR><BR>[Calls]<UL><LI><a href="#[192]">&gt;&gt;</a>&nbsp;&nbsp;&nbsp;HAL_UART_ErrorCallback
</UL>
<BR>[Address Reference Count : 1]<UL><LI> stm32f4xx_hal_uart.o(.text.HAL_UART_IRQHandler)
</UL>
<P><STRONG><a name="[26b]"></a>prvUnlockQueue</STRONG> (Thumb, 116 bytes, Stack size 24 bytes, queue.o(.text.prvUnlockQueue))
<BR><BR>[Stack]<UL><LI>Max Depth = 40<LI>Call Chain = prvUnlockQueue &rArr; xTaskRemoveFromEventList
</UL>
<BR>[Calls]<UL><LI><a href="#[26d]">&gt;&gt;</a>&nbsp;&nbsp;&nbsp;vTaskMissedYield
<LI><a href="#[26c]">&gt;&gt;</a>&nbsp;&nbsp;&nbsp;xTaskRemoveFromEventList
<LI><a href="#[25f]">&gt;&gt;</a>&nbsp;&nbsp;&nbsp;vPortExitCritical
<LI><a href="#[25c]">&gt;&gt;</a>&nbsp;&nbsp;&nbsp;vPortEnterCritical
</UL>
<BR>[Called By]<UL><LI><a href="#[26a]">&gt;&gt;</a>&nbsp;&nbsp;&nbsp;vQueueWaitForMessageRestricted
<LI><a href="#[253]">&gt;&gt;</a>&nbsp;&nbsp;&nbsp;xQueueReceive
<LI><a href="#[258]">&gt;&gt;</a>&nbsp;&nbsp;&nbsp;xQueueGenericSend
</UL>

<P><STRONG><a name="[262]"></a>prvInitialiseNewTask</STRONG> (Thumb, 260 bytes, Stack size 32 bytes, tasks.o(.text.prvInitialiseNewTask))
<BR><BR>[Stack]<UL><LI>Max Depth = 32<LI>Call Chain = prvInitialiseNewTask
</UL>
<BR>[Calls]<UL><LI><a href="#[265]">&gt;&gt;</a>&nbsp;&nbsp;&nbsp;pxPortInitialiseStack
<LI><a href="#[264]">&gt;&gt;</a>&nbsp;&nbsp;&nbsp;vListInitialiseItem
<LI><a href="#[263]">&gt;&gt;</a>&nbsp;&nbsp;&nbsp;__aeabi_memset4
</UL>
<BR>[Called By]<UL><LI><a href="#[251]">&gt;&gt;</a>&nbsp;&nbsp;&nbsp;vTaskStartScheduler
<LI><a href="#[25a]">&gt;&gt;</a>&nbsp;&nbsp;&nbsp;xTaskCreate
<LI><a href="#[259]">&gt;&gt;</a>&nbsp;&nbsp;&nbsp;xTaskCreateStatic
</UL>

<P><STRONG><a name="[25b]"></a>prvAddNewTaskToReadyList</STRONG> (Thumb, 650 bytes, Stack size 24 bytes, tasks.o(.text.prvAddNewTaskToReadyList))
<BR><BR>[Stack]<UL><LI>Max Depth = 24<LI>Call Chain = prvAddNewTaskToReadyList
</UL>
<BR>[Calls]<UL><LI><a href="#[25e]">&gt;&gt;</a>&nbsp;&nbsp;&nbsp;vListInsertEnd
<LI><a href="#[25f]">&gt;&gt;</a>&nbsp;&nbsp;&nbsp;vPortExitCritical
<LI><a href="#[25c]">&gt;&gt;</a>&nbsp;&nbsp;&nbsp;vPortEnterCritical
<LI><a href="#[25d]">&gt;&gt;</a>&nbsp;&nbsp;&nbsp;vListInitialise
</UL>
<BR>[Called By]<UL><LI><a href="#[251]">&gt;&gt;</a>&nbsp;&nbsp;&nbsp;vTaskStartScheduler
<LI><a href="#[25a]">&gt;&gt;</a>&nbsp;&nbsp;&nbsp;xTaskCreate
<LI><a href="#[259]">&gt;&gt;</a>&nbsp;&nbsp;&nbsp;xTaskCreateStatic
</UL>

<P><STRONG><a name="[7d]"></a>prvIdleTask</STRONG> (Thumb, 134 bytes, Stack size 0 bytes, tasks.o(.text.prvIdleTask))
<BR><BR>[Stack]<UL><LI>Max Depth = 72<LI>Call Chain = prvIdleTask &rArr; vPortFree &rArr; xTaskResumeAll &rArr; xTaskIncrementTick
</UL>
<BR>[Calls]<UL><LI><a href="#[261]">&gt;&gt;</a>&nbsp;&nbsp;&nbsp;uxListRemove
<LI><a href="#[260]">&gt;&gt;</a>&nbsp;&nbsp;&nbsp;vPortFree
<LI><a href="#[25f]">&gt;&gt;</a>&nbsp;&nbsp;&nbsp;vPortExitCritical
<LI><a href="#[25c]">&gt;&gt;</a>&nbsp;&nbsp;&nbsp;vPortEnterCritical
</UL>
<BR>[Address Reference Count : 1]<UL><LI> tasks.o(.text.vTaskStartScheduler)
</UL>
<P><STRONG><a name="[7e]"></a>prvTimerTask</STRONG> (Thumb, 890 bytes, Stack size 32 bytes, timers.o(.text.prvTimerTask))
<BR><BR>[Stack]<UL><LI>Max Depth = 136<LI>Call Chain = prvTimerTask &rArr; xQueueReceive &rArr; xTaskResumeAll &rArr; xTaskIncrementTick
</UL>
<BR>[Calls]<UL><LI><a href="#[267]">&gt;&gt;</a>&nbsp;&nbsp;&nbsp;xTaskGetTickCount
<LI><a href="#[26a]">&gt;&gt;</a>&nbsp;&nbsp;&nbsp;vQueueWaitForMessageRestricted
<LI><a href="#[253]">&gt;&gt;</a>&nbsp;&nbsp;&nbsp;xQueueReceive
<LI><a href="#[258]">&gt;&gt;</a>&nbsp;&nbsp;&nbsp;xQueueGenericSend
<LI><a href="#[261]">&gt;&gt;</a>&nbsp;&nbsp;&nbsp;uxListRemove
<LI><a href="#[269]">&gt;&gt;</a>&nbsp;&nbsp;&nbsp;vListInsert
<LI><a href="#[260]">&gt;&gt;</a>&nbsp;&nbsp;&nbsp;vPortFree
<LI><a href="#[268]">&gt;&gt;</a>&nbsp;&nbsp;&nbsp;xTaskResumeAll
<LI><a href="#[266]">&gt;&gt;</a>&nbsp;&nbsp;&nbsp;vTaskSuspendAll
<LI><a href="#[1b4]">&gt;&gt;</a>&nbsp;&nbsp;&nbsp;xTaskGetSchedulerState
</UL>
<BR>[Address Reference Count : 1]<UL><LI> timers.o(.text.xTimerCreateTimerTask)
</UL>
<P><STRONG><a name="[7c]"></a>prvTaskExitError</STRONG> (Thumb, 62 bytes, Stack size 4 bytes, port.o(.text.prvTaskExitError))
<BR><BR>[Stack]<UL><LI>Max Depth = 4<LI>Call Chain = prvTaskExitError
</UL>
<BR>[Address Reference Count : 1]<UL><LI> port.o(.text.pxPortInitialiseStack)
</UL>
<P><STRONG><a name="[275]"></a>vPortEnableVFP</STRONG> (Thumb, 14 bytes, Stack size 0 bytes, port.o(.text.vPortEnableVFP))
<BR><BR>[Called By]<UL><LI><a href="#[273]">&gt;&gt;</a>&nbsp;&nbsp;&nbsp;xPortStartScheduler
</UL>

<P><STRONG><a name="[276]"></a>prvPortStartFirstTask</STRONG> (Thumb, 34 bytes, Stack size 0 bytes, port.o(.text.prvPortStartFirstTask))
<BR><BR>[Called By]<UL><LI><a href="#[273]">&gt;&gt;</a>&nbsp;&nbsp;&nbsp;xPortStartScheduler
</UL>

<P><STRONG><a name="[fc]"></a>_GLOBAL__sub_I_TaskManager.cpp</STRONG> (Thumb, 64 bytes, Stack size 32 bytes, taskmanager.o(.text._GLOBAL__sub_I_TaskManager.cpp))
<BR><BR>[Stack]<UL><LI>Max Depth = 32<LI>Call Chain = _GLOBAL__sub_I_TaskManager.cpp
</UL>
<BR>[Calls]<UL><LI><a href="#[1b7]">&gt;&gt;</a>&nbsp;&nbsp;&nbsp;__aeabi_memclr4
</UL>
<BR>[Address Reference Count : 1]<UL><LI> taskmanager.o(.init_array)
</UL>
<P><STRONG><a name="[1dc]"></a>__CRC16</STRONG> (Thumb, 230 bytes, Stack size 28 bytes, wit_c_sdk.o(.text.__CRC16))
<BR><BR>[Stack]<UL><LI>Max Depth = 28<LI>Call Chain = __CRC16
</UL>
<BR>[Called By]<UL><LI><a href="#[1db]">&gt;&gt;</a>&nbsp;&nbsp;&nbsp;WitSerialDataIn
</UL>

<P><STRONG><a name="[113]"></a>CopeWitData</STRONG> (Thumb, 202 bytes, Stack size 40 bytes, wit_c_sdk.o(.text.CopeWitData))
<BR><BR>[Stack]<UL><LI>Max Depth = 40<LI>Call Chain = CopeWitData
</UL>
<BR>[Calls]<UL><LI><a href="#[114]">&gt;&gt;</a>&nbsp;&nbsp;&nbsp;__aeabi_memcpy
</UL>
<BR>[Called By]<UL><LI><a href="#[1db]">&gt;&gt;</a>&nbsp;&nbsp;&nbsp;WitSerialDataIn
</UL>

<P><STRONG><a name="[74]"></a>SensorUartSend</STRONG> (Thumb, 2 bytes, Stack size 0 bytes, wit_gyro.o(.text.SensorUartSend))
<BR>[Address Reference Count : 1]<UL><LI> wit_gyro.o(.text.GYR_Init)
</UL>
<P><STRONG><a name="[75]"></a>SensorDataUpdata</STRONG> (Thumb, 280 bytes, Stack size 28 bytes, wit_gyro.o(.text.SensorDataUpdata))
<BR><BR>[Stack]<UL><LI>Max Depth = 28<LI>Call Chain = SensorDataUpdata
</UL>
<BR>[Address Reference Count : 1]<UL><LI> wit_gyro.o(.text.GYR_Init)
</UL>
<P><STRONG><a name="[76]"></a>Delayms</STRONG> (Thumb, 4 bytes, Stack size 0 bytes, wit_gyro.o(.text.Delayms))
<BR><BR>[Stack]<UL><LI>Max Depth = 16<LI>Call Chain = Delayms &rArr; HAL_Delay
</UL>
<BR>[Calls]<UL><LI><a href="#[116]">&gt;&gt;</a>&nbsp;&nbsp;&nbsp;HAL_Delay
</UL>
<BR>[Address Reference Count : 1]<UL><LI> wit_gyro.o(.text.GYR_Init)
</UL>
<P><STRONG><a name="[fd]"></a>_GLOBAL__sub_I_YunBall_teat.cpp</STRONG> (Thumb, 464 bytes, Stack size 32 bytes, yunball_teat.o(.text._GLOBAL__sub_I_YunBall_teat.cpp))
<BR><BR>[Stack]<UL><LI>Max Depth = 112<LI>Call Chain = _GLOBAL__sub_I_YunBall_teat.cpp &rArr; m3508p::m3508p(unsigned char, CAN_HandleTypeDef*, bool, float) &rArr; IncrePID::IncrePID(float, float, float, float, float, float)
</UL>
<BR>[Calls]<UL><LI><a href="#[1e6]">&gt;&gt;</a>&nbsp;&nbsp;&nbsp;vesc::vesc(unsigned char, CAN_HandleTypeDef*, unsigned char, float, float, float, float, float)
<LI><a href="#[1e4]">&gt;&gt;</a>&nbsp;&nbsp;&nbsp;m3508p::m3508p(unsigned char, CAN_HandleTypeDef*, bool, float)
<LI><a href="#[1dd]">&gt;&gt;</a>&nbsp;&nbsp;&nbsp;TaskManager::TaskManager()
<LI><a href="#[1df]">&gt;&gt;</a>&nbsp;&nbsp;&nbsp;RC9Protocol::RC9Protocol(uart_type, __UART_HandleTypeDef*, bool)
<LI><a href="#[1de]">&gt;&gt;</a>&nbsp;&nbsp;&nbsp;CanManager::CanManager()
<LI><a href="#[1e2]">&gt;&gt;</a>&nbsp;&nbsp;&nbsp;SerialDevice::SerialDevice__sub_object(__UART_HandleTypeDef*, uart_type)
<LI><a href="#[1e7]">&gt;&gt;</a>&nbsp;&nbsp;&nbsp;yun_ball_xbox::yun_ball_xbox()
<LI><a href="#[1e3]">&gt;&gt;</a>&nbsp;&nbsp;&nbsp;serial_studio::serial_studio()
<LI><a href="#[1e0]">&gt;&gt;</a>&nbsp;&nbsp;&nbsp;AutoShooter::AutoShooter()
<LI><a href="#[1e1]">&gt;&gt;</a>&nbsp;&nbsp;&nbsp;Encoder::Encoder(__UART_HandleTypeDef*)
<LI><a href="#[117]">&gt;&gt;</a>&nbsp;&nbsp;&nbsp;GYR_Init
<LI><a href="#[1e8]">&gt;&gt;</a>&nbsp;&nbsp;&nbsp;RoboChassis::RoboChassis(RoboChassisType)
<LI><a href="#[1e5]">&gt;&gt;</a>&nbsp;&nbsp;&nbsp;moters_debug_xbox::moters_debug_xbox()
</UL>
<BR>[Address Reference Count : 1]<UL><LI> yunball_teat.o(.init_array)
</UL>
<P><STRONG><a name="[11]"></a>CDC_Init_FS</STRONG> (Thumb, 44 bytes, Stack size 8 bytes, usbd_cdc_if.o(.text.CDC_Init_FS))
<BR><BR>[Stack]<UL><LI>Max Depth = 8<LI>Call Chain = CDC_Init_FS
</UL>
<BR>[Calls]<UL><LI><a href="#[110]">&gt;&gt;</a>&nbsp;&nbsp;&nbsp;USBD_CDC_SetRxBuffer
<LI><a href="#[10f]">&gt;&gt;</a>&nbsp;&nbsp;&nbsp;USBD_CDC_SetTxBuffer
</UL>
<BR>[Address Reference Count : 1]<UL><LI> usbd_cdc_if.o(.data.USBD_Interface_fops_FS)
</UL>
<P><STRONG><a name="[12]"></a>CDC_DeInit_FS</STRONG> (Thumb, 4 bytes, Stack size 0 bytes, usbd_cdc_if.o(.text.CDC_DeInit_FS))
<BR>[Address Reference Count : 1]<UL><LI> usbd_cdc_if.o(.data.USBD_Interface_fops_FS)
</UL>
<P><STRONG><a name="[13]"></a>CDC_Control_FS</STRONG> (Thumb, 4 bytes, Stack size 0 bytes, usbd_cdc_if.o(.text.CDC_Control_FS))
<BR>[Address Reference Count : 1]<UL><LI> usbd_cdc_if.o(.data.USBD_Interface_fops_FS)
</UL>
<P><STRONG><a name="[14]"></a>CDC_Receive_FS</STRONG> (Thumb, 36 bytes, Stack size 16 bytes, usbd_cdc_if.o(.text.CDC_Receive_FS))
<BR><BR>[Stack]<UL><LI>Max Depth = 60<LI>Call Chain = CDC_Receive_FS &rArr; USBD_CDC_ReceivePacket &rArr; USBD_LL_PrepareReceive &rArr; HAL_PCD_EP_Receive &rArr; USB_EPStartXfer
</UL>
<BR>[Calls]<UL><LI><a href="#[111]">&gt;&gt;</a>&nbsp;&nbsp;&nbsp;ProcessReceivedData
<LI><a href="#[112]">&gt;&gt;</a>&nbsp;&nbsp;&nbsp;USBD_CDC_ReceivePacket
<LI><a href="#[110]">&gt;&gt;</a>&nbsp;&nbsp;&nbsp;USBD_CDC_SetRxBuffer
</UL>
<BR>[Address Reference Count : 1]<UL><LI> usbd_cdc_if.o(.data.USBD_Interface_fops_FS)
</UL>
<P><STRONG><a name="[15]"></a>CDC_TransmitCplt_FS</STRONG> (Thumb, 4 bytes, Stack size 0 bytes, usbd_cdc_if.o(.text.CDC_TransmitCplt_FS))
<BR>[Address Reference Count : 1]<UL><LI> usbd_cdc_if.o(.data.USBD_Interface_fops_FS)
</UL>
<P><STRONG><a name="[7]"></a>USBD_CDC_Init</STRONG> (Thumb, 200 bytes, Stack size 24 bytes, usbd_cdc.o(.text.USBD_CDC_Init))
<BR><BR>[Stack]<UL><LI>Max Depth = 60<LI>Call Chain = USBD_CDC_Init &rArr; USBD_LL_PrepareReceive &rArr; HAL_PCD_EP_Receive &rArr; USB_EPStartXfer
</UL>
<BR>[Calls]<UL><LI><a href="#[1bf]">&gt;&gt;</a>&nbsp;&nbsp;&nbsp;USBD_static_malloc
<LI><a href="#[1c1]">&gt;&gt;</a>&nbsp;&nbsp;&nbsp;USBD_LL_PrepareReceive
<LI><a href="#[1c0]">&gt;&gt;</a>&nbsp;&nbsp;&nbsp;USBD_LL_OpenEP
<LI><a href="#[1b7]">&gt;&gt;</a>&nbsp;&nbsp;&nbsp;__aeabi_memclr4
</UL>
<BR>[Address Reference Count : 1]<UL><LI> usbd_cdc.o(.data.USBD_CDC)
</UL>
<P><STRONG><a name="[8]"></a>USBD_CDC_DeInit</STRONG> (Thumb, 90 bytes, Stack size 16 bytes, usbd_cdc.o(.text.USBD_CDC_DeInit))
<BR><BR>[Stack]<UL><LI>Max Depth = 40<LI>Call Chain = USBD_CDC_DeInit &rArr; USBD_LL_CloseEP &rArr; HAL_PCD_EP_Close &rArr; USB_DeactivateEndpoint
</UL>
<BR>[Calls]<UL><LI><a href="#[1bd]">&gt;&gt;</a>&nbsp;&nbsp;&nbsp;USBD_static_free
<LI><a href="#[1bc]">&gt;&gt;</a>&nbsp;&nbsp;&nbsp;USBD_LL_CloseEP
</UL>
<BR>[Address Reference Count : 1]<UL><LI> usbd_cdc.o(.data.USBD_CDC)
</UL>
<P><STRONG><a name="[9]"></a>USBD_CDC_Setup</STRONG> (Thumb, 232 bytes, Stack size 24 bytes, usbd_cdc.o(.text.USBD_CDC_Setup))
<BR><BR>[Stack]<UL><LI>Max Depth = 68<LI>Call Chain = USBD_CDC_Setup &rArr; USBD_CtlPrepareRx &rArr; USBD_LL_PrepareReceive &rArr; HAL_PCD_EP_Receive &rArr; USB_EPStartXfer
</UL>
<BR>[Calls]<UL><LI><a href="#[1c2]">&gt;&gt;</a>&nbsp;&nbsp;&nbsp;USBD_CtlPrepareRx
<LI><a href="#[1c4]">&gt;&gt;</a>&nbsp;&nbsp;&nbsp;USBD_CtlError
<LI><a href="#[1c3]">&gt;&gt;</a>&nbsp;&nbsp;&nbsp;USBD_CtlSendData
</UL>
<BR>[Address Reference Count : 1]<UL><LI> usbd_cdc.o(.data.USBD_CDC)
</UL>
<P><STRONG><a name="[a]"></a>USBD_CDC_EP0_RxReady</STRONG> (Thumb, 56 bytes, Stack size 8 bytes, usbd_cdc.o(.text.USBD_CDC_EP0_RxReady))
<BR><BR>[Stack]<UL><LI>Max Depth = 8<LI>Call Chain = USBD_CDC_EP0_RxReady
</UL>
<BR>[Address Reference Count : 1]<UL><LI> usbd_cdc.o(.data.USBD_CDC)
</UL>
<P><STRONG><a name="[b]"></a>USBD_CDC_DataIn</STRONG> (Thumb, 120 bytes, Stack size 16 bytes, usbd_cdc.o(.text.USBD_CDC_DataIn))
<BR><BR>[Stack]<UL><LI>Max Depth = 52<LI>Call Chain = USBD_CDC_DataIn &rArr; USBD_LL_Transmit &rArr; HAL_PCD_EP_Transmit &rArr; USB_EPStartXfer
</UL>
<BR>[Calls]<UL><LI><a href="#[1ba]">&gt;&gt;</a>&nbsp;&nbsp;&nbsp;USBD_LL_Transmit
</UL>
<BR>[Address Reference Count : 1]<UL><LI> usbd_cdc.o(.data.USBD_CDC)
</UL>
<P><STRONG><a name="[c]"></a>USBD_CDC_DataOut</STRONG> (Thumb, 60 bytes, Stack size 16 bytes, usbd_cdc.o(.text.USBD_CDC_DataOut))
<BR><BR>[Stack]<UL><LI>Max Depth = 16<LI>Call Chain = USBD_CDC_DataOut
</UL>
<BR>[Calls]<UL><LI><a href="#[1bb]">&gt;&gt;</a>&nbsp;&nbsp;&nbsp;USBD_LL_GetRxDataSize
</UL>
<BR>[Address Reference Count : 1]<UL><LI> usbd_cdc.o(.data.USBD_CDC)
</UL>
<P><STRONG><a name="[d]"></a>USBD_CDC_GetHSCfgDesc</STRONG> (Thumb, 86 bytes, Stack size 24 bytes, usbd_cdc.o(.text.USBD_CDC_GetHSCfgDesc))
<BR><BR>[Stack]<UL><LI>Max Depth = 32<LI>Call Chain = USBD_CDC_GetHSCfgDesc &rArr; USBD_GetEpDesc
</UL>
<BR>[Calls]<UL><LI><a href="#[1be]">&gt;&gt;</a>&nbsp;&nbsp;&nbsp;USBD_GetEpDesc
</UL>
<BR>[Address Reference Count : 1]<UL><LI> usbd_cdc.o(.data.USBD_CDC)
</UL>
<P><STRONG><a name="[e]"></a>USBD_CDC_GetFSCfgDesc</STRONG> (Thumb, 82 bytes, Stack size 24 bytes, usbd_cdc.o(.text.USBD_CDC_GetFSCfgDesc))
<BR><BR>[Stack]<UL><LI>Max Depth = 32<LI>Call Chain = USBD_CDC_GetFSCfgDesc &rArr; USBD_GetEpDesc
</UL>
<BR>[Calls]<UL><LI><a href="#[1be]">&gt;&gt;</a>&nbsp;&nbsp;&nbsp;USBD_GetEpDesc
</UL>
<BR>[Address Reference Count : 1]<UL><LI> usbd_cdc.o(.data.USBD_CDC)
</UL>
<P><STRONG><a name="[f]"></a>USBD_CDC_GetOtherSpeedCfgDesc</STRONG> (Thumb, 82 bytes, Stack size 24 bytes, usbd_cdc.o(.text.USBD_CDC_GetOtherSpeedCfgDesc))
<BR><BR>[Stack]<UL><LI>Max Depth = 32<LI>Call Chain = USBD_CDC_GetOtherSpeedCfgDesc &rArr; USBD_GetEpDesc
</UL>
<BR>[Calls]<UL><LI><a href="#[1be]">&gt;&gt;</a>&nbsp;&nbsp;&nbsp;USBD_GetEpDesc
</UL>
<BR>[Address Reference Count : 1]<UL><LI> usbd_cdc.o(.data.USBD_CDC)
</UL><P>
<H3>
Undefined Global Symbols
</H3><HR></body></html>
