Component: Arm Compiler for Embedded 6.22 Tool: armlink [5ee90200]

==============================================================================

Section Cross References

    startup_stm32f407xx.o(STACK) refers (Special) to heapauxi.o(.text) for __use_two_region_memory
    startup_stm32f407xx.o(HEAP) refers (Special) to heapauxi.o(.text) for __use_two_region_memory
    startup_stm32f407xx.o(RESET) refers (Special) to heapauxi.o(.text) for __use_two_region_memory
    startup_stm32f407xx.o(RESET) refers to startup_stm32f407xx.o(STACK) for __initial_sp
    startup_stm32f407xx.o(RESET) refers to startup_stm32f407xx.o(.text) for Reset_Handler
    startup_stm32f407xx.o(RESET) refers to stm32f4xx_it.o(.text.NMI_Handler) for NMI_Handler
    startup_stm32f407xx.o(RESET) refers to stm32f4xx_it.o(.text.HardFault_Handler) for HardFault_Handler
    startup_stm32f407xx.o(RESET) refers to stm32f4xx_it.o(.text.MemManage_Handler) for MemManage_Handler
    startup_stm32f407xx.o(RESET) refers to stm32f4xx_it.o(.text.BusFault_Handler) for BusFault_Handler
    startup_stm32f407xx.o(RESET) refers to stm32f4xx_it.o(.text.UsageFault_Handler) for UsageFault_Handler
    startup_stm32f407xx.o(RESET) refers to port.o(.text.SVC_Handler) for SVC_Handler
    startup_stm32f407xx.o(RESET) refers to stm32f4xx_it.o(.text.DebugMon_Handler) for DebugMon_Handler
    startup_stm32f407xx.o(RESET) refers to port.o(.text.PendSV_Handler) for PendSV_Handler
    startup_stm32f407xx.o(RESET) refers to cmsis_os2.o(.text.SysTick_Handler) for SysTick_Handler
    startup_stm32f407xx.o(RESET) refers to stm32f4xx_it.o(.text.DMA1_Stream5_IRQHandler) for DMA1_Stream5_IRQHandler
    startup_stm32f407xx.o(RESET) refers to stm32f4xx_it.o(.text.CAN1_RX0_IRQHandler) for CAN1_RX0_IRQHandler
    startup_stm32f407xx.o(RESET) refers to stm32f4xx_it.o(.text.EXTI9_5_IRQHandler) for EXTI9_5_IRQHandler
    startup_stm32f407xx.o(RESET) refers to stm32f4xx_it.o(.text.TIM2_IRQHandler) for TIM2_IRQHandler
    startup_stm32f407xx.o(RESET) refers to stm32f4xx_it.o(.text.TIM3_IRQHandler) for TIM3_IRQHandler
    startup_stm32f407xx.o(RESET) refers to stm32f4xx_it.o(.text.USART1_IRQHandler) for USART1_IRQHandler
    startup_stm32f407xx.o(RESET) refers to stm32f4xx_it.o(.text.USART2_IRQHandler) for USART2_IRQHandler
    startup_stm32f407xx.o(RESET) refers to stm32f4xx_it.o(.text.USART3_IRQHandler) for USART3_IRQHandler
    startup_stm32f407xx.o(RESET) refers to stm32f4xx_it.o(.text.UART4_IRQHandler) for UART4_IRQHandler
    startup_stm32f407xx.o(RESET) refers to stm32f4xx_it.o(.text.UART5_IRQHandler) for UART5_IRQHandler
    startup_stm32f407xx.o(RESET) refers to stm32f4xx_it.o(.text.DMA2_Stream1_IRQHandler) for DMA2_Stream1_IRQHandler
    startup_stm32f407xx.o(RESET) refers to stm32f4xx_it.o(.text.CAN2_RX0_IRQHandler) for CAN2_RX0_IRQHandler
    startup_stm32f407xx.o(.text) refers (Special) to heapauxi.o(.text) for __use_two_region_memory
    startup_stm32f407xx.o(.text) refers to system_stm32f4xx.o(.text.SystemInit) for SystemInit
    startup_stm32f407xx.o(.text) refers to __main.o(!!!main) for __main
    startup_stm32f407xx.o(.text) refers to startup_stm32f407xx.o(HEAP) for Heap_Mem
    startup_stm32f407xx.o(.text) refers to startup_stm32f407xx.o(STACK) for Stack_Mem
    main.o(.text.main) refers to stm32f4xx_hal.o(.text.HAL_Init) for HAL_Init
    main.o(.text.main) refers to main.o(.text.SystemClock_Config) for SystemClock_Config
    main.o(.text.main) refers to gpio.o(.text.MX_GPIO_Init) for MX_GPIO_Init
    main.o(.text.main) refers to dma.o(.text.MX_DMA_Init) for MX_DMA_Init
    main.o(.text.main) refers to can.o(.text.MX_CAN1_Init) for MX_CAN1_Init
    main.o(.text.main) refers to usart.o(.text.MX_USART1_UART_Init) for MX_USART1_UART_Init
    main.o(.text.main) refers to can.o(.text.MX_CAN2_Init) for MX_CAN2_Init
    main.o(.text.main) refers to tim.o(.text.MX_TIM2_Init) for MX_TIM2_Init
    main.o(.text.main) refers to usart.o(.text.MX_USART3_UART_Init) for MX_USART3_UART_Init
    main.o(.text.main) refers to usart.o(.text.MX_UART4_Init) for MX_UART4_Init
    main.o(.text.main) refers to usart.o(.text.MX_USART2_UART_Init) for MX_USART2_UART_Init
    main.o(.text.main) refers to usart.o(.text.MX_USART6_UART_Init) for MX_USART6_UART_Init
    main.o(.text.main) refers to usart.o(.text.MX_UART5_Init) for MX_UART5_Init
    main.o(.text.main) refers to tim.o(.bss.htim2) for htim2
    main.o(.text.main) refers to stm32f4xx_hal_tim.o(.text.HAL_TIM_Base_Start_IT) for HAL_TIM_Base_Start_IT
    main.o(.text.main) refers to cmsis_os2.o(.text.osKernelInitialize) for osKernelInitialize
    main.o(.text.main) refers to r2n_setup.o(.text.r2n_setup) for r2n_setup
    main.o(.ARM.exidx.text.main) refers to main.o(.text.main) for [Anonymous Symbol]
    main.o(.text.SystemClock_Config) refers to rt_memclr_w.o(.text) for __aeabi_memclr4
    main.o(.text.SystemClock_Config) refers to stm32f4xx_hal_rcc.o(.text.HAL_RCC_OscConfig) for HAL_RCC_OscConfig
[...]
    CanManager::CanManager()                 0x080042a9   Thumb Code    76  can_device.o(.text._ZN10CanManagerC2Ev)
    CanManager::CanManager__sub_object()     0x080042a9   Thumb Code    76  can_device.o(.text._ZN10CanManagerC2Ev)
    CanManager::~CanManager__deallocating()  0x080042f5   Thumb Code     6  can_device.o(.text._ZN10CanManagerD0Ev)
    RC9Protocol::process_data()              0x080042fd   Thumb Code   170  rc9protocol.o(.text._ZN11RC9Protocol12process_dataEv)
    RC9Protocol::handleReceiveData(unsigned char) 0x080043a9   Thumb Code   544  rc9protocol.o(.text._ZN11RC9Protocol17handleReceiveDataEh)
    RC9Protocol::msgin(unsigned char, void const*) 0x080045c9   Thumb Code     4  rc9protocol.o(.text._ZN11RC9Protocol5msginEhPKv)
    RC9Protocol::msgout(unsigned char, void*) 0x080045cd   Thumb Code     4  rc9protocol.o(.text._ZN11RC9Protocol6msgoutEhPv)
    RC9Protocol::RC9Protocol(__UART_HandleTypeDef*, bool) 0x080045d1   Thumb Code   144  rc9protocol.o(.text._ZN11RC9ProtocolC2EP20__UART_HandleTypeDefb)
    RC9Protocol::RC9Protocol__sub_object(__UART_HandleTypeDef*, bool) 0x080045d1   Thumb Code   144  rc9protocol.o(.text._ZN11RC9ProtocolC2EP20__UART_HandleTypeDefb)
    RC9Protocol::~RC9Protocol__deallocating() 0x08004661   Thumb Code     8  rc9protocol.o(.text._ZN11RC9ProtocolD0Ev)
    RC9Protocol::~RC9Protocol__sub_object()  0x08004669   Thumb Code     2  rc9protocol.o(.text._ZN11RC9ProtocolD2Ev)
    TaskManager::TaskFunction(void*)         0x0800466d   Thumb Code    60  taskmanager.o(.text._ZN11TaskManager12TaskFunctionEPv)
    TaskManager::registerTask(int, ITaskProcessor*) 0x080046a9   Thumb Code    96  taskmanager.o(.text._ZN11TaskManager12registerTaskEiP14ITaskProcessor)
    TaskManager::TaskManager()               0x08004709   Thumb Code   124  taskmanager.o(.text._ZN11TaskManagerC2Ev)
    TaskManager::TaskManager__sub_object()   0x08004709   Thumb Code   124  taskmanager.o(.text._ZN11TaskManagerC2Ev)
    power_motor::set_rpm_ff(float, float)    0x08004785   Thumb Code     2  m3508.o(.text._ZN11power_motor10set_rpm_ffEff)
    SerialDevice::startUartReceiveIT()       0x08004789   Thumb Code    14  serial_device.o(.text._ZN12SerialDevice18startUartReceiveITEv)
    SerialDevice::SerialDevice__sub_object(__UART_HandleTypeDef*) 0x08004799   Thumb Code    50  serial_device.o(.text._ZN12SerialDeviceC2EP20__UART_HandleTypeDef)
    pure_pursuit::pure_pursuit(pure_pursuit_mode, float, float, float, float, float, float, float) 0x080047cd   Thumb Code   252  pure_pursuit.o(.text._ZN12pure_pursuitC2E17pure_pursuit_modefffffff)
    pure_pursuit::pure_pursuit__sub_object(pure_pursuit_mode, float, float, float, float, float, float, float) 0x080047cd   Thumb Code   252  pure_pursuit.o(.text._ZN12pure_pursuitC2E17pure_pursuit_modefffffff)
    Vector2DQueue::Vector2DQueue()           0x080048dd   Thumb Code    24  vector2d.o(.text._ZN13Vector2DQueueC2Ev)
    Vector2DQueue::Vector2DQueue__sub_object() 0x080048dd   Thumb Code    24  vector2d.o(.text._ZN13Vector2DQueueC2Ev)
    ITaskProcessor::~ITaskProcessor__deallocating() 0x080048f5   Thumb Code     2  chassis.o(.text._ZN14ITaskProcessorD0Ev)
    ITaskProcessor::~ITaskProcessor__sub_object() 0x080048f9   Thumb Code     2  chassis.o(.text._ZN14ITaskProcessorD2Ev)
    EncodingStateMachine::mapStateToIndices(unsigned char, unsigned short const*, unsigned int) 0x080048fd   Thumb Code   168  encodingstatemachine.o(.text._ZN20EncodingStateMachine17mapStateToIndicesEhPKtj)
    EncodingStateMachine::EncodingStateMachine(FlagConfig*, unsigned int) 0x080049a5   Thumb Code   638  encodingstatemachine.o(.text._ZN20EncodingStateMachineC2EP10FlagConfigj)
    EncodingStateMachine::EncodingStateMachine__sub_object(FlagConfig*, unsigned int) 0x080049a5   Thumb Code   638  encodingstatemachine.o(.text._ZN20EncodingStateMachineC2EP10FlagConfigj)
    pid::PID_Compute(float)                  0x08004c25   Thumb Code   312  pid.o(.text._ZN3pid11PID_ComputeEf)
    pid::PID_SetParameters(float, float, float) 0x08004d61   Thumb Code     6  pid.o(.text._ZN3pid17PID_SetParametersEfff)
    pid::pid(float, float, float, float, float, float, float) 0x08004d69   Thumb Code    40  pid.o(.text._ZN3pidC2Efffffff)
    pid::pid__sub_object(float, float, float, float, float, float, float) 0x08004d69   Thumb Code    40  pid.o(.text._ZN3pidC2Efffffff)
    GYRO::handleReceiveData(unsigned char)   0x08004d91   Thumb Code     6  gyro_fuc.o(.text._ZN4GYRO17handleReceiveDataEh)
    GYRO::GYRO(__UART_HandleTypeDef*)        0x08004d99   Thumb Code    32  gyro_fuc.o(.text._ZN4GYROC2EP20__UART_HandleTypeDef)
    GYRO::GYRO__sub_object(__UART_HandleTypeDef*) 0x08004d99   Thumb Code    32  gyro_fuc.o(.text._ZN4GYROC2EP20__UART_HandleTypeDef)
    demo::process_data()                     0x08004db9   Thumb Code   172  r2n_setup.o(.text._ZN4demo12process_dataEv)
    demo::~demo__deallocating()              0x08004e79   Thumb Code     6  r2n_setup.o(.text._ZN4demoD0Ev)
    xbox::handleButton(xbox::ButtonConfig&)  0x08004e81   Thumb Code   176  xbox.o(.text._ZN4xbox12handleButtonERNS_12ButtonConfigE)
    xbox::btnRB_callback()                   0x08004f31   Thumb Code     2  xbox.o(.text._ZN4xbox14btnRB_callbackEv)
    xbox::joymap_compute()                   0x08004f35   Thumb Code   288  xbox.o(.text._ZN4xbox14joymap_computeEv)
    xbox::btnXBOX_callback()                 0x08005065   Thumb Code     2  xbox.o(.text._ZN4xbox16btnXBOX_callbackEv)
    xbox::msgin(unsigned char, void const*)  0x08005069   Thumb Code   264  xbox.o(.text._ZN4xbox5msginEhPKv)
    xbox::msgout(unsigned char, void*)       0x08005171   Thumb Code     4  xbox.o(.text._ZN4xbox6msgoutEhPv)
    xbox::xbox(action*, chassis*, float, float, float) 0x08005175   Thumb Code    72  xbox.o(.text._ZN4xboxC2EP6actionP7chassisfff)
    xbox::xbox__sub_object(action*, chassis*, float, float, float) 0x08005175   Thumb Code    72  xbox.o(.text._ZN4xboxC2EP6actionP7chassisfff)
    omni3::process_data()                    0x080051bd   Thumb Code   492  chassis.o(.text._ZN5omni312process_dataEv)
    omni3::omni3(power_motor*, power_motor*, power_motor*, float, float, action*, float, float, float, float, float, float) 0x080053b9   Thumb Code   268  chassis.o(.text._ZN5omni3C2EP11power_motorS1_S1_ffP6actionffffff)
    omni3::omni3__sub_object(power_motor*, power_motor*, power_motor*, float, float, action*, float, float, float, float, float, float) 0x080053b9   Thumb Code   268  chassis.o(.text._ZN5omni3C2EP11power_motorS1_S1_ffP6actionffffff)
    omni3::~omni3__deallocating()            0x080054e9   Thumb Code     8  chassis.o(.text._ZN5omni3D0Ev)
    action::handleReceiveData(unsigned char) 0x080054f1   Thumb Code   166  acton.o(.text._ZN6action17handleReceiveDataEh)
    action::Update_Action_gl_position(float*) 0x08005599   Thumb Code   392  acton.o(.text._ZN6action25Update_Action_gl_positionEPf)
    action::restart()                        0x08005729   Thumb Code    12  acton.o(.text._ZN6action7restartEv)
    action::action(__UART_HandleTypeDef*, float, float, bool) 0x08005735   Thumb Code   114  acton.o(.text._ZN6actionC2EP20__UART_HandleTypeDefffb)
    action::action__sub_object(__UART_HandleTypeDef*, float, float, bool) 0x08005735   Thumb Code   114  acton.o(.text._ZN6actionC2EP20__UART_HandleTypeDefffb)
    m3508p::can_update(unsigned char*)       0x080057a9   Thumb Code   200  m3508.o(.text._ZN6m3508p10can_updateEPh)
    m3508p::motor_process()                  0x0800587d   Thumb Code    74  m3508.o(.text._ZN6m3508p13motor_processEv)
    m3508p::get_rpm()                        0x080058c9   Thumb Code    22  m3508.o(.text._ZN6m3508p7get_rpmEv)
    m3508p::set_rpm(float)                   0x080058e1   Thumb Code     6  m3508.o(.text._ZN6m3508p7set_rpmEf)
    m3508p::m3508p(unsigned char, CAN_HandleTypeDef*, motor_mode, float, float, float, float, float) 0x080058e9   Thumb Code   160  m3508.o(.text._ZN6m3508pC2EhP17CAN_HandleTypeDef10motor_modefffff)
    m3508p::m3508p__sub_object(unsigned char, CAN_HandleTypeDef*, motor_mode, float, float, float, float, float) 0x080058e9   Thumb Code   160  m3508.o(.text._ZN6m3508pC2EhP17CAN_HandleTypeDef10motor_modefffff)
    rcnode::ppsend_Syn(unsigned char, unsigned char, unsigned char, void const*) 0x0800598d   Thumb Code    22  netswitch.o(.text._ZN6rcnode10ppsend_SynEhhhPKv)
    rcnode::ppsend_Asyn(unsigned char, unsigned char, unsigned char, void const*) 0x080059a5   Thumb Code    98  netswitch.o(.text._ZN6rcnode11ppsend_AsynEhhhPKv)
    rcnode::ppsend_AsynOverwrite(unsigned char, unsigned char, unsigned char, void const*) 0x08005a09   Thumb Code   108  netswitch.o(.text._ZN6rcnode20ppsend_AsynOverwriteEhhhPKv)
    chassis::switch_chassis_mode(Chassis_mode) 0x08005a75   Thumb Code     4  chassis.o(.text._ZN7chassis19switch_chassis_modeE12Chassis_mode)
    chassis::lock()                          0x08005a79   Thumb Code    30  chassis.o(.text._ZN7chassis4lockEv)
    chassis::unlock()                        0x08005a99   Thumb Code    12  chassis.o(.text._ZN7chassis6unlockEv)
    chassis::setrobotv(float, float, float)  0x08005aa5   Thumb Code    28  chassis.o(.text._ZN7chassis9setrobotvEfff)
    chassis::setworldv(float, float, float)  0x08005ac1   Thumb Code    28  chassis.o(.text._ZN7chassis9setworldvEfff)
    rcncore::publish(unsigned char, unsigned char, void const*, pptype_) 0x08005add   Thumb Code   180  rcncore.o(.text._ZN7rcncore7publishEhhPKv7pptype_)
    IncrePID::increPID_Compute(float)        0x08005b91   Thumb Code   348  superpid.o(.text._ZN8IncrePID16increPID_ComputeEf)
    IncrePID::increPID_setarget(float)       0x08005cf5   Thumb Code     6  superpid.o(.text._ZN8IncrePID17increPID_setargetEf)
    IncrePID::IncrePID(float, float, float, float, float, float) 0x08005cfd   Thumb Code    80  superpid.o(.text._ZN8IncrePIDC2Effffff)
    IncrePID::IncrePID__sub_object(float, float, float, float, float, float) 0x08005cfd   Thumb Code    80  superpid.o(.text._ZN8IncrePIDC2Effffff)
    Vector2D::Vector2D()                     0x08005d4d   Thumb Code     8  vector2d.o(.text._ZN8Vector2DC2Ev)
    Vector2D::Vector2D__sub_object()         0x08005d4d   Thumb Code     8  vector2d.o(.text._ZN8Vector2DC2Ev)
    xbox_r2n::process_data()                 0x08005d55   Thumb Code   344  r2n_xbox.o(.text._ZN8xbox_r2n12process_dataEv)
    xbox_r2n::btnRB_callback()               0x08005ed1   Thumb Code    10  r2n_xbox.o(.text._ZN8xbox_r2n14btnRB_callbackEv)
    xbox_r2n::btnXBOX_callback()             0x08005edd   Thumb Code     6  r2n_xbox.o(.text._ZN8xbox_r2n16btnXBOX_callbackEv)
    xbox_r2n::xbox_r2n(action*, chassis*, float, float, float) 0x08005ee5   Thumb Code   496  r2n_xbox.o(.text._ZN8xbox_r2nC2EP6actionP7chassisfff)
    xbox_r2n::xbox_r2n__sub_object(action*, chassis*, float, float, float) 0x08005ee5   Thumb Code   496  r2n_xbox.o(.text._ZN8xbox_r2nC2EP6actionP7chassisfff)
    xbox_r2n::~xbox_r2n__deallocating()      0x080060d5   Thumb Code     8  r2n_xbox.o(.text._ZN8xbox_r2nD0Ev)
    xbox_r2n::~xbox_r2n__sub_object()        0x080060dd   Thumb Code     2  r2n_xbox.o(.text._ZN8xbox_r2nD2Ev)
    CanDevice::EXT_update(unsigned int, unsigned char*) 0x080060e1   Thumb Code     2  can_device.o(.text._ZN9CanDevice10EXT_updateEjPh)
    CanDevice::motor_process()               0x080060e5   Thumb Code     4  can_device.o(.text._ZN9CanDevice13motor_processEv)
    CanDevice::CanDevice__sub_object(CanDeviceType, CAN_HandleTypeDef*, unsigned char) 0x080060e9   Thumb Code  2052  can_device.o(.text._ZN9CanDeviceC2E13CanDeviceTypeP17CAN_HandleTypeDefh)
    dji_motor::vangle_to_rangle(unsigned int) 0x080068ed   Thumb Code    32  motor.o(.text._ZN9dji_motor16vangle_to_rangleEj)
    dji_motor::rcurrent_to_vcurrent(float)   0x08006911   Thumb Code    34  motor.o(.text._ZN9dji_motor20rcurrent_to_vcurrentEf)
    dji_motor::vcurrent_to_rcurrent(short)   0x08006935   Thumb Code    34  motor.o(.text._ZN9dji_motor20vcurrent_to_rcurrentEs)
    dji_motor::dji_motor(float, short, unsigned short) 0x08006959   Thumb Code    20  motor.o(.text._ZN9dji_motorC2Efst)
    dji_motor::dji_motor__sub_object(float, short, unsigned short) 0x08006959   Thumb Code    20  motor.o(.text._ZN9dji_motorC2Efst)
    publisher::publish(unsigned char, void const*) 0x0800696d   Thumb Code    24  rcncore.o(.text._ZN9publisher7publishEhPKv)
    EncodingStateMachine::getState() const   0x08006985   Thumb Code   292  encodingstatemachine.o(.text._ZNK20EncodingStateMachine8getStateEv)
    non-virtual thunk to RC9Protocol::process_data() 0x08006aa9   Thumb Code   172  rc9protocol.o(.text._ZThn12_N11RC9Protocol12process_dataEv)
    non-virtual thunk to RC9Protocol::~RC9Protocol__deallocating() 0x08006b55   Thumb Code    10  rc9protocol.o(.text._ZThn12_N11RC9ProtocolD0Ev)
    non-virtual thunk to RC9Protocol::~RC9Protocol() 0x08006b61   Thumb Code     2  rc9protocol.o(.text._ZThn12_N11RC9ProtocolD1Ev)
    non-virtual thunk to m3508p::get_rpm()   0x08006b65   Thumb Code    22  m3508.o(.text._ZThn12_N6m3508p7get_rpmEv)
    non-virtual thunk to m3508p::set_rpm(float) 0x08006b7d   Thumb Code     6  m3508.o(.text._ZThn12_N6m3508p7set_rpmEf)
    non-virtual thunk to RC9Protocol::msgin(unsigned char, void const*) 0x08006b85   Thumb Code     4  rc9protocol.o(.text._ZThn32_N11RC9Protocol5msginEhPKv)
    non-virtual thunk to RC9Protocol::msgout(unsigned char, void*) 0x08006b89   Thumb Code     4  rc9protocol.o(.text._ZThn32_N11RC9Protocol6msgoutEhPv)
    non-virtual thunk to xbox_r2n::process_data() 0x08006b8d   Thumb Code     8  r2n_xbox.o(.text._ZThn580_N8xbox_r2n12process_dataEv)
    non-virtual thunk to xbox_r2n::~xbox_r2n__deallocating() 0x08006b95   Thumb Code    12  r2n_xbox.o(.text._ZThn580_N8xbox_r2nD0Ev)
    non-virtual thunk to xbox_r2n::~xbox_r2n() 0x08006ba1   Thumb Code     2  r2n_xbox.o(.text._ZThn580_N8xbox_r2nD1Ev)
    operator delete(void*)                   0x08006ba3   Thumb Code     4  new.cpp.o(.text._ZdlPv)
    operator delete(void*, unsigned int)     0x08006ba7   Thumb Code     4  new.cpp.o(.text._ZdlPvj)
    __cxa_pure_virtual                       0x08006c95   Thumb Code     8  cxa_virtual.cpp.o(.text.__cxa_pure_virtual)
    abort_message                            0x08006cbd   Thumb Code     4  abort_message.cpp.o(.text.abort_message)
    main                                     0x08006cc1   Thumb Code    74  main.o(.text.main)
    osDelay                                  0x08006d0d   Thumb Code    32  cmsis_os2.o(.text.osDelay)
    osKernelInitialize                       0x08006d2d   Thumb Code    40  cmsis_os2.o(.text.osKernelInitialize)
    osKernelStart                            0x08006d55   Thumb Code    60  cmsis_os2.o(.text.osKernelStart)
    osMessageQueueGet                        0x08006d91   Thumb Code   144  cmsis_os2.o(.text.osMessageQueueGet)
    osMessageQueuePut                        0x08006e21   Thumb Code   144  cmsis_os2.o(.text.osMessageQueuePut)
    osThreadNew                              0x08006eb1   Thumb Code   148  cmsis_os2.o(.text.osThreadNew)
    pvPortMalloc                             0x080077b5   Thumb Code   496  heap_4.o(.text.pvPortMalloc)
    pxPortInitialiseStack                    0x080079a5   Thumb Code    36  port.o(.text.pxPortInitialiseStack)
    r2n_setup                                0x080079c9   Thumb Code   156  r2n_setup.o(.text.r2n_setup)
    uxListRemove                             0x08007a65   Thumb Code    34  list.o(.text.uxListRemove)
    vApplicationGetIdleTaskMemory            0x08007a89   Thumb Code    26  cmsis_os2.o(.text.vApplicationGetIdleTaskMemory)
    vApplicationGetTimerTaskMemory           0x08007aa5   Thumb Code    28  cmsis_os2.o(.text.vApplicationGetTimerTaskMemory)
    vListInitialise                          0x08007ac1   Thumb Code    22  list.o(.text.vListInitialise)
    vListInitialiseItem                      0x08007ad9   Thumb Code     6  list.o(.text.vListInitialiseItem)
    vListInsert                              0x08007ae1   Thumb Code    98  list.o(.text.vListInsert)
    vListInsertEnd                           0x08007b45   Thumb Code    26  list.o(.text.vListInsertEnd)
    vPortEnterCritical                       0x08007b75   Thumb Code    70  port.o(.text.vPortEnterCritical)
    vPortExitCritical                        0x08007bbd   Thumb Code    46  port.o(.text.vPortExitCritical)
    vPortFree                                0x08007bed   Thumb Code   212  heap_4.o(.text.vPortFree)
    vPortSetupTimerInterrupt                 0x08007cc1   Thumb Code    52  port.o(.text.vPortSetupTimerInterrupt)
    vPortValidateInterruptPriority           0x08007cf5   Thumb Code    94  port.o(.text.vPortValidateInterruptPriority)
    vQueueAddToRegistry                      0x08007d55   Thumb Code    88  queue.o(.text.vQueueAddToRegistry)
    vQueueWaitForMessageRestricted           0x08007dad   Thumb Code    82  queue.o(.text.vQueueWaitForMessageRestricted)
    vTaskDelay                               0x08007e01   Thumb Code   128  tasks.o(.text.vTaskDelay)
    vTaskInternalSetTimeOutState             0x08007e81   Thumb Code    18  tasks.o(.text.vTaskInternalSetTimeOutState)
    vTaskMissedYield                         0x08007e95   Thumb Code    14  tasks.o(.text.vTaskMissedYield)
    vTaskPlaceOnEventList                    0x08007ea5   Thumb Code   116  tasks.o(.text.vTaskPlaceOnEventList)
    vTaskPlaceOnEventListRestricted          0x08007f19   Thumb Code   122  tasks.o(.text.vTaskPlaceOnEventListRestricted)
    vTaskStartScheduler                      0x08007f95   Thumb Code   232  tasks.o(.text.vTaskStartScheduler)
    vTaskSuspendAll                          0x08008085   Thumb Code    16  tasks.o(.text.vTaskSuspendAll)
    vTaskSwitchContext                       0x08008095   Thumb Code   204  tasks.o(.text.vTaskSwitchContext)
    xPortStartScheduler                      0x08008161   Thumb Code   392  port.o(.text.xPortStartScheduler)
    xPortSysTickHandler                      0x080082e9   Thumb Code    46  port.o(.text.xPortSysTickHandler)
    xQueueGenericCreateStatic                0x08008319   Thumb Code   218  queue.o(.text.xQueueGenericCreateStatic)
    xQueueGenericSend                        0x080083f5   Thumb Code   704  queue.o(.text.xQueueGenericSend)
    xQueueGenericSendFromISR                 0x080086b5   Thumb Code   328  queue.o(.text.xQueueGenericSendFromISR)
    xQueueReceive                            0x080087fd   Thumb Code   574  queue.o(.text.xQueueReceive)
    xQueueReceiveFromISR                     0x08008a3d   Thumb Code   210  queue.o(.text.xQueueReceiveFromISR)
    xTaskCheckForTimeOut                     0x08008b11   Thumb Code   154  tasks.o(.text.xTaskCheckForTimeOut)
    xTaskCreate                              0x08008bad   Thumb Code    96  tasks.o(.text.xTaskCreate)
    xTaskCreateStatic                        0x08008c0d   Thumb Code   118  tasks.o(.text.xTaskCreateStatic)
    xTaskGetSchedulerState                   0x08008c85   Thumb Code    30  tasks.o(.text.xTaskGetSchedulerState)
    xTaskGetTickCount                        0x08008ca5   Thumb Code    12  tasks.o(.text.xTaskGetTickCount)
    xTaskIncrementTick                       0x08008cb1   Thumb Code   260  tasks.o(.text.xTaskIncrementTick)
    xTaskPriorityDisinherit                  0x08008db5   Thumb Code   142  tasks.o(.text.xTaskPriorityDisinherit)
    xTaskRemoveFromEventList                 0x08008e45   Thumb Code   114  tasks.o(.text.xTaskRemoveFromEventList)
    xTaskResumeAll                           0x08008eb9   Thumb Code   238  tasks.o(.text.xTaskResumeAll)
    xTimerCreateTimerTask                    0x08008fa9   Thumb Code   172  timers.o(.text.xTimerCreateTimerTask)
    __ARM_fpclassifyf                        0x0800905d   Thumb Code    38  fpclassifyf.o(i.__ARM_fpclassifyf)
    __hardfp_cosf                            0x08009085   Thumb Code   280  cosf.o(i.__hardfp_cosf)
    __hardfp_sinf                            0x080091d5   Thumb Code   344  sinf.o(i.__hardfp_sinf)
    __mathlib_flt_infnan                     0x08009365   Thumb Code     6  funder.o(i.__mathlib_flt_infnan)
    __mathlib_flt_invalid                    0x0800936d   Thumb Code    10  funder.o(i.__mathlib_flt_invalid)
    __mathlib_flt_underflow                  0x0800937d   Thumb Code    10  funder.o(i.__mathlib_flt_underflow)
    __mathlib_rredf2                         0x0800938d   Thumb Code   316  rredf.o(i.__mathlib_rredf2)
    _fp_init                                 0x080094e1   Thumb Code    26  fpinit.o(x$fpl$fpinit)
    __fplib_config_fpu_vfp                   0x080094f9   Thumb Code     0  fpinit.o(x$fpl$fpinit)
    __fplib_config_pureend_doubles           0x080094f9   Thumb Code     0  fpinit.o(x$fpl$fpinit)
    __I$use$fp                               0x080094fa   Number         0  usenofp.o(x$fpl$usenofp)
    AHBPrescTable                            0x0800951c   Data          16  system_stm32f4xx.o(.rodata.AHBPrescTable)
    APBPrescTable                            0x0800952c   Data           8  system_stm32f4xx.o(.rodata.APBPrescTable)
    vtable for CanManager                    0x08009734   Data          20  can_device.o(.rodata._ZTV10CanManager)
    vtable for RC9Protocol                   0x08009748   Data          68  rc9protocol.o(.rodata._ZTV11RC9Protocol)
    vtable for power_motor                   0x0800978c   Data          20  m3508.o(.rodata._ZTV11power_motor)
    vtable for SerialDevice                  0x080097a0   Data          12  serial_device.o(.rodata._ZTV12SerialDevice)
    vtable for ITaskProcessor                0x080097ac   Data          20  chassis.o(.rodata._ZTV14ITaskProcessor)
    vtable for GYRO                          0x080097c0   Data          12  gyro_fuc.o(.rodata._ZTV4GYRO)
    vtable for demo                          0x080097cc   Data          20  r2n_setup.o(.rodata._ZTV4demo)
    vtable for xbox                          0x080097e0   Data          24  xbox.o(.rodata._ZTV4xbox)
    vtable for omni3                         0x080097f8   Data          20  chassis.o(.rodata._ZTV5omni3)
    vtable for action                        0x0800980c   Data          12  acton.o(.rodata._ZTV6action)
    vtable for m3508p                        0x08009818   Data          48  m3508.o(.rodata._ZTV6m3508p)
    vtable for xbox_r2n                      0x08009848   Data          56  r2n_xbox.o(.rodata._ZTV8xbox_r2n)
    vtable for CanDevice                     0x08009880   Data          20  can_device.o(.rodata._ZTV9CanDevice)
    Region$$Table$$Base                      0x08009aa4   Number         0  anon$$obj.o(Region$$Table)
    Region$$Table$$Limit                     0x08009ac4   Number         0  anon$$obj.o(Region$$Table)
    SHT$$INIT_ARRAY$$Base                    0x08009ac4   Number         0  taskmanager.o(.init_array)
    SHT$$INIT_ARRAY$$Limit                   0x08009acc   Number         0  init_aeabi.o(.init_array)
    uwTickFreq                               0x20000000   Data           1  stm32f4xx_hal.o(.data..L_MergedGlobals)
    uwTickPrio                               0x20000004   Data           4  stm32f4xx_hal.o(.data..L_MergedGlobals)
    SystemCoreClock                          0x20000008   Data           4  system_stm32f4xx.o(.data.SystemCoreClock)
    rcnode::local_ip                         0x2000000c   Data           1  netswitch.o(.data._ZN6rcnode8local_ipE)
    test2                                    0x20000010   Data          24  r2n_setup.o(.data.test2)
    __libspace_start                         0x20000030   Data          96  libspace.o(.bss)
    TxHeader                                 0x20000090   Data          24  can.o(.bss..L_MergedGlobals)
    __temporary_stack_top$libspace           0x20000090   Data           0  libspace.o(.bss)
    hcan1                                    0x200000a8   Data          40  can.o(.bss..L_MergedGlobals)
    hcan2                                    0x200000d0   Data          40  can.o(.bss..L_MergedGlobals)
    pxCurrentTCB                             0x200000f8   Data           4  tasks.o(.bss..L_MergedGlobals)
    CanDevice::instanceCount_m3508_can1      0x200001d4   Data           1  can_device.o(.bss..L_MergedGlobals)
    CanDevice::instanceCount_m3508_can2      0x200001d5   Data           1  can_device.o(.bss..L_MergedGlobals)
    CanDevice::instanceCount_go1_can1        0x200001d6   Data           1  can_device.o(.bss..L_MergedGlobals)
    CanDevice::instanceCount_go1_can2        0x200001d7   Data           1  can_device.o(.bss..L_MergedGlobals)
    CanDevice::instanceCount_m6020_can1      0x200001d8   Data           1  can_device.o(.bss..L_MergedGlobals)
    CanDevice::instanceCount_m6020_can2      0x200001d9   Data           1  can_device.o(.bss..L_MergedGlobals)
    CanDevice::instanceCount_vesc_can1       0x200001da   Data           1  can_device.o(.bss..L_MergedGlobals)
    CanDevice::instanceCount_vesc_can2       0x200001db   Data           1  can_device.o(.bss..L_MergedGlobals)
    CanManager::RxData1                      0x200001dc   Data           8  can_device.o(.bss..L_MergedGlobals)
    CanManager::RxData2                      0x200001e4   Data           8  can_device.o(.bss..L_MergedGlobals)
    CanDevice::m3508_instances_can1          0x200001ec   Data          16  can_device.o(.bss..L_MergedGlobals)
    CanDevice::m3508_instances_can2          0x200001fc   Data          16  can_device.o(.bss..L_MergedGlobals)
    CanDevice::go1_instances_can1            0x2000020c   Data          16  can_device.o(.bss..L_MergedGlobals)
    CanDevice::go1_instances_can2            0x2000021c   Data          16  can_device.o(.bss..L_MergedGlobals)
    CanDevice::m6020_instances_can1          0x2000022c   Data          16  can_device.o(.bss..L_MergedGlobals)
    CanDevice::m6020_instances_can2          0x2000023c   Data          16  can_device.o(.bss..L_MergedGlobals)
    SerialDevice::instanceCount_             0x2000024c   Data           4  serial_device.o(.bss..L_MergedGlobals)
    SerialDevice::instances_                 0x20000250   Data          40  serial_device.o(.bss..L_MergedGlobals)
    task_core                                0x2000029c   Data           1  r2n_setup.o(.bss..L_MergedGlobals)
    roll_IMU                                 0x200002a0   Data          28  r2n_setup.o(.bss..L_MergedGlobals)
    CanDevice::vesc_instances_can1           0x200002bc   Data          16  can_device.o(.bss..L_MergedGlobals.1)
    CanDevice::vesc_instances_can2           0x200002cc   Data          16  can_device.o(.bss..L_MergedGlobals.1)
    Action                                   0x20000304   Data         208  r2n_setup.o(.bss.Action)
    TaskManager::tasks                       0x200003dc   Data        1080  taskmanager.o(.bss._ZN11TaskManager5tasksE)
    rcnode::MAC_2_NODE                       0x20000814   Data         256  netswitch.o(.bss._ZN6rcnode10MAC_2_NODEE)
    rcncore::topicCount                      0x20000914   Data           1  rcncore.o(.bss._ZN7rcncore10topicCountE)
    rcncore::topicTable                      0x20000918   Data         360  rcncore.o(.bss._ZN7rcncore10topicTableE)
    can_core                                 0x20000a80   Data          96  r2n_setup.o(.bss.can_core)
    data_chain                               0x20000ae0   Data         452  r2n_setup.o(.bss.data_chain)
    esp32_serial                             0x20000ca4   Data         452  r2n_setup.o(.bss.esp32_serial)
    hdma_usart2_rx                           0x20000e68   Data          96  usart.o(.bss.hdma_usart2_rx)
    hdma_usart6_rx                           0x20000ec8   Data          96  usart.o(.bss.hdma_usart6_rx)
    htim2                                    0x20000f28   Data          72  tim.o(.bss.htim2)
    htim3                                    0x20000f70   Data          72  stm32f4xx_hal_timebase_tim.o(.bss.htim3)
    huart1                                   0x20000fb8   Data          72  usart.o(.bss.huart1)
    huart2                                   0x20001000   Data          72  usart.o(.bss.huart2)
    huart3                                   0x20001048   Data          72  usart.o(.bss.huart3)
    huart4                                   0x20001090   Data          72  usart.o(.bss.huart4)
    huart5                                   0x200010d8   Data          72  usart.o(.bss.huart5)
    huart6                                   0x20001120   Data          72  usart.o(.bss.huart6)
    m3508_front                              0x20001168   Data         180  r2n_setup.o(.bss.m3508_front)
    m3508_left                               0x2000121c   Data         180  r2n_setup.o(.bss.m3508_left)
    m3508_right                              0x200012d0   Data         180  r2n_setup.o(.bss.m3508_right)
    r2_remote                                0x200018d4   Data         732  r2n_setup.o(.bss.r2_remote)
    r2n_chassis                              0x20001bb0   Data         592  r2n_setup.o(.bss.r2n_chassis)
    sReg                                     0x20001e00   Data         288  wit_c_sdk.o(.bss.sReg)
    uwTick                                   0x20005c20   Data           4  stm32f4xx_hal.o(.bss.uwTick)
    xQueueRegistry                           0x200062dc   Data          64  queue.o(.bss.xQueueRegistry)



==============================================================================

Memory Map of the image

  Image Entry point : 0x08000189

  Load Region LR_IROM1 (Base: 0x08000000, Size: 0x00009b00, Max: 0x00100000, ABSOLUTE)

    Execution Region ER_IROM1 (Exec base: 0x08000000, Load base: 0x08000000, Size: 0x00009acc, Max: 0x00100000, ABSOLUTE)

    Exec Addr    Load Addr    Size         Type   Attr      Idx    E Section Name        Object

    0x08000000   0x08000000   0x00000188   Data   RO            3    RESET               startup_stm32f407xx.o
    0x08000188   0x08000188   0x00000008   Code   RO         2504  * !!!main             c_w.l(__main.o)
    0x08000190   0x08000190   0x0000005c   Code   RO         3194    !!!scatter          c_w.l(__scatter.o)
    0x080001ec   0x080001ec   0x0000001a   Code   RO         3198    !!handler_copy      c_w.l(__scatter_copy.o)
    0x08000206   0x08000206   0x00000002   PAD
    0x08000208   0x08000208   0x00000002   Code   RO         3195    !!handler_null      c_w.l(__scatter.o)
    0x0800020a   0x0800020a   0x00000002   PAD
    0x0800020c   0x0800020c   0x0000001c   Code   RO         3200    !!handler_zi        c_w.l(__scatter_zi.o)
    0x08000228   0x08000228   0x00000002   Code   RO         2888    .ARM.Collect$$libinit$$00000000  c_w.l(libinit.o)
    0x0800022a   0x0800022a   0x00000004   Code   RO         2657    .ARM.Collect$$libinit$$00000001  c_w.l(libinit2.o)
    0x0800022e   0x0800022e   0x00000000   Code   RO         2660    .ARM.Collect$$libinit$$00000004  c_w.l(libinit2.o)
    0x0800022e   0x0800022e   0x00000000   Code   RO         2662    .ARM.Collect$$libinit$$00000006  c_w.l(libinit2.o)
    0x0800022e   0x0800022e   0x00000000   Code   RO         2665    .ARM.Collect$$libinit$$0000000C  c_w.l(libinit2.o)
    0x0800022e   0x0800022e   0x00000000   Code   RO         2667    .ARM.Collect$$libinit$$0000000E  c_w.l(libinit2.o)
    0x0800022e   0x0800022e   0x00000000   Code   RO         2669    .ARM.Collect$$libinit$$00000010  c_w.l(libinit2.o)
    0x0800022e   0x0800022e   0x00000000   Code   RO         2672    .ARM.Collect$$libinit$$00000013  c_w.l(libinit2.o)
    0x0800022e   0x0800022e   0x00000000   Code   RO         2674    .ARM.Collect$$libinit$$00000015  c_w.l(libinit2.o)
    0x0800022e   0x0800022e   0x00000000   Code   RO         2676    .ARM.Collect$$libinit$$00000017  c_w.l(libinit2.o)
    0x0800022e   0x0800022e   0x00000000   Code   RO         2678    .ARM.Collect$$libinit$$00000019  c_w.l(libinit2.o)
    0x0800022e   0x0800022e   0x00000000   Code   RO         2680    .ARM.Collect$$libinit$$0000001B  c_w.l(libinit2.o)
    0x0800022e   0x0800022e   0x00000000   Code   RO         2682    .ARM.Collect$$libinit$$0000001D  c_w.l(libinit2.o)
    0x0800022e   0x0800022e   0x00000000   Code   RO         2684    .ARM.Collect$$libinit$$0000001F  c_w.l(libinit2.o)
    0x0800022e   0x0800022e   0x00000000   Code   RO         2686    .ARM.Collect$$libinit$$00000021  c_w.l(libinit2.o)
    0x0800022e   0x0800022e   0x00000000   Code   RO         2688    .ARM.Collect$$libinit$$00000023  c_w.l(libinit2.o)
    0x0800022e   0x0800022e   0x00000000   Code   RO         2690    .ARM.Collect$$libinit$$00000025  c_w.l(libinit2.o)
    0x0800022e   0x0800022e   0x00000000   Code   RO         2692    .ARM.Collect$$libinit$$00000027  c_w.l(libinit2.o)
    0x0800022e   0x0800022e   0x00000000   Code   RO         2696    .ARM.Collect$$libinit$$0000002E  c_w.l(libinit2.o)
    0x0800022e   0x0800022e   0x00000000   Code   RO         2698    .ARM.Collect$$libinit$$00000030  c_w.l(libinit2.o)
    0x0800022e   0x0800022e   0x00000000   Code   RO         2700    .ARM.Collect$$libinit$$00000032  c_w.l(libinit2.o)
    0x0800022e   0x0800022e   0x00000004   Code   RO         2701    .ARM.Collect$$libinit$$00000033  c_w.l(libinit2.o)
    0x08000232   0x08000232   0x00000000   Code   RO         2702    .ARM.Collect$$libinit$$00000034  c_w.l(libinit2.o)
    0x08000232   0x08000232   0x00000002   Code   RO         2703    .ARM.Collect$$libinit$$00000035  c_w.l(libinit2.o)
    0x08000234   0x08000234   0x00000002   Code   RO         3147    .ARM.Collect$$libshutdown$$00000000  c_w.l(libshutdown.o)
    0x08000236   0x08000236   0x00000000   Code   RO         3071    .ARM.Collect$$libshutdown$$00000002  c_w.l(libshutdown2.o)
    0x08000236   0x08000236   0x00000000   Code   RO         3073    .ARM.Collect$$libshutdown$$00000004  c_w.l(libshutdown2.o)
    0x08000236   0x08000236   0x00000000   Code   RO         3076    .ARM.Collect$$libshutdown$$00000007  c_w.l(libshutdown2.o)
    0x08000236   0x08000236   0x00000000   Code   RO         3079    .ARM.Collect$$libshutdown$$0000000A  c_w.l(libshutdown2.o)
    0x08000236   0x08000236   0x00000000   Code   RO         3081    .ARM.Collect$$libshutdown$$0000000C  c_w.l(libshutdown2.o)
    0x08000236   0x08000236   0x00000000   Code   RO         3084    .ARM.Collect$$libshutdown$$0000000F  c_w.l(libshutdown2.o)
    0x08000236   0x08000236   0x00000002   Code   RO         3085    .ARM.Collect$$libshutdown$$00000010  c_w.l(libshutdown2.o)
    0x08000238   0x08000238   0x00000000   Code   RO         2582    .ARM.Collect$$rtentry$$00000000  c_w.l(__rtentry.o)
    0x08000238   0x08000238   0x00000000   Code   RO         2766    .ARM.Collect$$rtentry$$00000002  c_w.l(__rtentry2.o)
    0x08000238   0x08000238   0x00000006   Code   RO         2778    .ARM.Collect$$rtentry$$00000004  c_w.l(__rtentry4.o)
    0x0800023e   0x0800023e   0x00000000   Code   RO         2768    .ARM.Collect$$rtentry$$00000009  c_w.l(__rtentry2.o)
    0x0800023e   0x0800023e   0x00000004   Code   RO         2769    .ARM.Collect$$rtentry$$0000000A  c_w.l(__rtentry2.o)
    0x08000242   0x08000242   0x00000000   Code   RO         2771    .ARM.Collect$$rtentry$$0000000C  c_w.l(__rtentry2.o)
    0x08000242   0x08000242   0x00000008   Code   RO         2772    .ARM.Collect$$rtentry$$0000000D  c_w.l(__rtentry2.o)
    0x0800024a   0x0800024a   0x00000002   Code   RO         2892    .ARM.Collect$$rtexit$$00000000  c_w.l(rtexit.o)
    0x0800024c   0x0800024c   0x00000000   Code   RO         3011    .ARM.Collect$$rtexit$$00000002  c_w.l(rtexit2.o)
    0x0800024c   0x0800024c   0x00000004   Code   RO         3012    .ARM.Collect$$rtexit$$00000003  c_w.l(rtexit2.o)
    0x08000250   0x08000250   0x00000006   Code   RO         3013    .ARM.Collect$$rtexit$$00000004  c_w.l(rtexit2.o)
    0x08000256   0x08000256   0x00000002   PAD
    0x08000258   0x08000258   0x00000040   Code   RO            4    .text               startup_stm32f407xx.o
    0x08000298   0x08000298   0x000000f0   Code   RO         2490    .text               c_w.l(lludivv7m.o)
    0x08000388   0x08000388   0x0000008a   Code   RO         2492    .text               c_w.l(rt_memcpy_v6.o)
    0x08000412   0x08000412   0x00000010   Code   RO         2496    .text               c_w.l(aeabi_memset4.o)
    0x08000422   0x08000422   0x00000044   Code   RO         2498    .text               c_w.l(rt_memclr.o)
    0x08000466   0x08000466   0x0000004e   Code   RO         2500    .text               c_w.l(rt_memclr_w.o)
    0x080004b4   0x080004b4   0x00000006   Code   RO         2502    .text               c_w.l(heapauxi.o)
    0x080004ba   0x080004ba   0x00000002   PAD
    0x080004bc   0x080004bc   0x0000002c   Code   RO         2509    .text               c_w.l(init_aeabi.o)
    0x080004e8   0x080004e8   0x0000004e   Code   RO         2593    .text               c_w.l(h1_free.o)
    0x08000536   0x08000536   0x00000016   Code   RO         2653    .text               c_w.l(_rserrno.o)
    0x0800054c   0x0800054c   0x00000064   Code   RO         2655    .text               c_w.l(rt_memcpy_w.o)
    0x080005b0   0x080005b0   0x00000008   Code   RO         2785    .text               c_w.l(rt_heap_descriptor_intlibspace.o)
    0x080005b8   0x080005b8   0x00000008   Code   RO         2790    .text               c_w.l(rt_errno_addr_intlibspace.o)
    0x080005c0   0x080005c0   0x00000016   Code   RO         2810    .text               c_w.l(abort.o)
    0x080005d6   0x080005d6   0x00000002   PAD
    0x080005d8   0x080005d8   0x0000000c   Code   RO         2835    .text               c_w.l(sys_exit.o)
    0x080005e4   0x080005e4   0x00000008   Code   RO         2841    .text               c_w.l(libspace.o)
    0x080005ec   0x080005ec   0x0000004a   Code   RO         2844    .text               c_w.l(sys_stackheap_outer.o)
    0x08000636   0x08000636   0x00000012   Code   RO         2862    .text               c_w.l(exit.o)
    0x08000648   0x08000648   0x0000000e   Code   RO         2864    .text               c_w.l(defsig_abrt_outer.o)
    0x08000656   0x08000656   0x00000002   Code   RO         2889    .text               c_w.l(use_no_semi.o)
    0x08000658   0x08000658   0x00000000   Code   RO         2891    .text               c_w.l(indicate_semi.o)
    0x08000658   0x08000658   0x0000000a   Code   RO         2991    .text               c_w.l(defsig_exit.o)
    0x08000662   0x08000662   0x00000002   PAD
    0x08000664   0x08000664   0x00000030   Code   RO         2993    .text               c_w.l(defsig_abrt_inner.o)
    0x08000694   0x08000694   0x00000032   Code   RO         3064    .text               c_w.l(defsig_general.o)
    0x080006c6   0x080006c6   0x0000000e   Code   RO         3088    .text               c_w.l(sys_wrch.o)
    0x080006d4   0x080006d4   0x00000002   Code   RO          140    .text.BusFault_Handler  stm32f4xx_it.o
    0x080006d6   0x080006d6   0x00000002   PAD
    0x080006d8   0x080006d8   0x0000000c   Code   RO          148    .text.CAN1_RX0_IRQHandler  stm32f4xx_it.o
    0x080006e4   0x080006e4   0x0000000c   Code   RO          168    .text.CAN2_RX0_IRQHandler  stm32f4xx_it.o
    0x080006f0   0x080006f0   0x000000de   Code   RO         2004    .text.CRC16_Table   crc_util.o
    0x080007ce   0x080007ce   0x00000002   PAD
    0x080007d0   0x080007d0   0x000000ca   Code   RO         2360    .text.CopeWitData   wit_c_sdk.o
    0x0800089a   0x0800089a   0x00000002   PAD
    0x0800089c   0x0800089c   0x0000000c   Code   RO          146    .text.DMA1_Stream5_IRQHandler  stm32f4xx_it.o
    0x080008a8   0x080008a8   0x0000000c   Code   RO          166    .text.DMA2_Stream1_IRQHandler  stm32f4xx_it.o
    0x080008b4   0x080008b4   0x00000002   Code   RO          144    .text.DebugMon_Handler  stm32f4xx_it.o
    0x080008b6   0x080008b6   0x00000002   PAD
    0x080008b8   0x080008b8   0x00000006   Code   RO          150    .text.EXTI9_5_IRQHandler  stm32f4xx_it.o
    0x080008be   0x080008be   0x00000002   PAD
    0x080008c0   0x080008c0   0x00000006   Code   RO           15    .text.Error_Handler  main.o
    0x080008c6   0x080008c6   0x00000002   PAD
    0x080008c8   0x080008c8   0x0000002e   Code   RO          235    .text.HAL_CAN_ActivateNotification  stm32f4xx_hal_can.o
    0x080008f6   0x080008f6   0x00000002   PAD
    0x080008f8   0x080008f8   0x000000a4   Code   RO          221    .text.HAL_CAN_AddTxMessage  stm32f4xx_hal_can.o
    0x0800099c   0x0800099c   0x000000de   Code   RO          211    .text.HAL_CAN_ConfigFilter  stm32f4xx_hal_can.o
    0x08000a7a   0x08000a7a   0x00000002   PAD
    0x08000a7c   0x08000a7c   0x00000002   Code   RO          265    .text.HAL_CAN_ErrorCallback  stm32f4xx_hal_can.o
    0x08000a7e   0x08000a7e   0x00000002   PAD
    0x08000a80   0x08000a80   0x0000012e   Code   RO          231    .text.HAL_CAN_GetRxMessage  stm32f4xx_hal_can.o
    0x08000bae   0x08000bae   0x00000002   PAD
    0x08000bb0   0x08000bb0   0x0000025e   Code   RO          239    .text.HAL_CAN_IRQHandler  stm32f4xx_hal_can.o
    0x08000e0e   0x08000e0e   0x00000002   PAD
    0x08000e10   0x08000e10   0x000000f4   Code   RO          201    .text.HAL_CAN_Init  stm32f4xx_hal_can.o
    0x08000f04   0x08000f04   0x00000138   Code   RO           55    .text.HAL_CAN_MspInit  can.o
    0x0800103c   0x0800103c   0x00000002   Code   RO          253    .text.HAL_CAN_RxFifo0FullCallback  stm32f4xx_hal_can.o
    0x0800103e   0x0800103e   0x00000002   PAD
    0x08001040   0x08001040   0x000001d8   Code   RO         1820    .text.HAL_CAN_RxFifo0MsgPendingCallback  can_device.o
    0x08001218   0x08001218   0x00000002   Code   RO          257    .text.HAL_CAN_RxFifo1FullCallback  stm32f4xx_hal_can.o
    0x0800121a   0x0800121a   0x00000002   PAD
    0x0800121c   0x0800121c   0x00000002   Code   RO          259    .text.HAL_CAN_RxFifo1MsgPendingCallback  stm32f4xx_hal_can.o
    0x0800121e   0x0800121e   0x00000002   PAD
    0x08001220   0x08001220   0x00000002   Code   RO          261    .text.HAL_CAN_SleepCallback  stm32f4xx_hal_can.o
    0x08001222   0x08001222   0x00000002   PAD
    0x08001224   0x08001224   0x0000005a   Code   RO          213    .text.HAL_CAN_Start  stm32f4xx_hal_can.o
    0x0800127e   0x0800127e   0x00000002   PAD
    0x08001280   0x08001280   0x00000002   Code   RO          243    .text.HAL_CAN_TxMailbox0AbortCallback  stm32f4xx_hal_can.o
    0x08001282   0x08001282   0x00000002   PAD
    0x08001284   0x08001284   0x00000002   Code   RO          241    .text.HAL_CAN_TxMailbox0CompleteCallback  stm32f4xx_hal_can.o
    0x08001286   0x08001286   0x00000002   PAD
    0x08001288   0x08001288   0x00000002   Code   RO          247    .text.HAL_CAN_TxMailbox1AbortCallback  stm32f4xx_hal_can.o
    0x0800128a   0x0800128a   0x00000002   PAD
    0x0800128c   0x0800128c   0x00000002   Code   RO          245    .text.HAL_CAN_TxMailbox1CompleteCallback  stm32f4xx_hal_can.o
    0x0800128e   0x0800128e   0x00000002   PAD
    0x08001290   0x08001290   0x00000002   Code   RO          251    .text.HAL_CAN_TxMailbox2AbortCallback  stm32f4xx_hal_can.o
    0x08001292   0x08001292   0x00000002   PAD
    0x08001294   0x08001294   0x00000002   Code   RO          249    .text.HAL_CAN_TxMailbox2CompleteCallback  stm32f4xx_hal_can.o
    0x08001296   0x08001296   0x00000002   PAD
    0x08001298   0x08001298   0x00000002   Code   RO          263    .text.HAL_CAN_WakeUpFromRxMsgCallback  stm32f4xx_hal_can.o
    0x0800129a   0x0800129a   0x00000002   PAD
    0x0800129c   0x0800129c   0x0000008e   Code   RO          437    .text.HAL_DMA_Abort  stm32f4xx_hal_dma.o
    0x0800132a   0x0800132a   0x00000002   PAD
    0x0800132c   0x0800132c   0x00000024   Code   RO          439    .text.HAL_DMA_Abort_IT  stm32f4xx_hal_dma.o
    0x08001350   0x08001350   0x00000004   Code   RO          451    .text.HAL_DMA_GetError  stm32f4xx_hal_dma.o
    0x08001354   0x08001354   0x000001c4   Code   RO          443    .text.HAL_DMA_IRQHandler  stm32f4xx_hal_dma.o
    0x08001518   0x08001518   0x00000162   Code   RO          429    .text.HAL_DMA_Init  stm32f4xx_hal_dma.o
    0x0800167a   0x0800167a   0x00000002   PAD
    0x0800167c   0x0800167c   0x00000002   Code   RO          405    .text.HAL_GPIO_EXTI_Callback  stm32f4xx_hal_gpio.o
    0x0800167e   0x0800167e   0x00000002   PAD
    0x08001680   0x08001680   0x00000016   Code   RO          403    .text.HAL_GPIO_EXTI_IRQHandler  stm32f4xx_hal_gpio.o
    0x08001696   0x08001696   0x00000002   PAD
    0x08001698   0x08001698   0x0000019e   Code   RO          391    .text.HAL_GPIO_Init  stm32f4xx_hal_gpio.o
    0x08001836   0x08001836   0x00000002   PAD
    0x08001838   0x08001838   0x0000000a   Code   RO          397    .text.HAL_GPIO_WritePin  stm32f4xx_hal_gpio.o
    0x08001842   0x08001842   0x00000002   PAD
    0x08001844   0x08001844   0x0000000c   Code   RO          584    .text.HAL_GetTick   stm32f4xx_hal.o
    0x08001850   0x08001850   0x0000001a   Code   RO          582    .text.HAL_IncTick   stm32f4xx_hal.o
    0x0800186a   0x0800186a   0x00000002   PAD
    0x0800186c   0x0800186c   0x00000036   Code   RO          572    .text.HAL_Init      stm32f4xx_hal.o
    0x080018a2   0x080018a2   0x00000002   PAD
    0x080018a4   0x080018a4   0x000000b2   Code   RO          186    .text.HAL_InitTick  stm32f4xx_hal_timebase_tim.o
    0x08001956   0x08001956   0x00000002   PAD
    0x08001958   0x08001958   0x00000042   Code   RO          177    .text.HAL_MspInit   stm32f4xx_hal_msp.o
    0x0800199a   0x0800199a   0x00000002   PAD
    0x0800199c   0x0800199c   0x00000022   Code   RO          528    .text.HAL_NVIC_EnableIRQ  stm32f4xx_hal_cortex.o
    0x080019be   0x080019be   0x00000002   PAD
    0x080019c0   0x080019c0   0x00000056   Code   RO          526    .text.HAL_NVIC_SetPriority  stm32f4xx_hal_cortex.o
    0x08001a16   0x08001a16   0x00000002   PAD
    0x08001a18   0x08001a18   0x00000020   Code   RO          524    .text.HAL_NVIC_SetPriorityGrouping  stm32f4xx_hal_cortex.o
    0x08001a38   0x08001a38   0x00000164   Code   RO          285    .text.HAL_RCC_ClockConfig  stm32f4xx_hal_rcc.o
    0x08001b9c   0x08001b9c   0x0000003e   Code   RO          303    .text.HAL_RCC_GetClockConfig  stm32f4xx_hal_rcc.o
    0x08001bda   0x08001bda   0x00000002   PAD
    0x08001bdc   0x08001bdc   0x00000026   Code   RO          297    .text.HAL_RCC_GetPCLK1Freq  stm32f4xx_hal_rcc.o
    0x08001c02   0x08001c02   0x00000002   PAD
    0x08001c04   0x08001c04   0x00000026   Code   RO          299    .text.HAL_RCC_GetPCLK2Freq  stm32f4xx_hal_rcc.o
    0x08001c2a   0x08001c2a   0x00000002   PAD
    0x08001c2c   0x08001c2c   0x0000006c   Code   RO          287    .text.HAL_RCC_GetSysClockFreq  stm32f4xx_hal_rcc.o
    0x08001c98   0x08001c98   0x000003ac   Code   RO          283    .text.HAL_RCC_OscConfig  stm32f4xx_hal_rcc.o
    0x08002044   0x08002044   0x00000002   Code   RO          967    .text.HAL_TIMEx_BreakCallback  stm32f4xx_hal_tim_ex.o
    0x08002046   0x08002046   0x00000002   PAD
    0x08002048   0x08002048   0x00000002   Code   RO          963    .text.HAL_TIMEx_CommutCallback  stm32f4xx_hal_tim_ex.o
    0x0800204a   0x0800204a   0x00000002   PAD
    0x0800204c   0x0800204c   0x000000ba   Code   RO          957    .text.HAL_TIMEx_MasterConfigSynchronization  stm32f4xx_hal_tim_ex.o
    0x08002106   0x08002106   0x00000002   PAD
    0x08002108   0x08002108   0x0000005a   Code   RO          662    .text.HAL_TIM_Base_Init  stm32f4xx_hal_tim.o
    0x08002162   0x08002162   0x00000002   PAD
    0x08002164   0x08002164   0x00000042   Code   RO           87    .text.HAL_TIM_Base_MspInit  tim.o
    0x080021a6   0x080021a6   0x00000002   PAD
    0x080021a8   0x080021a8   0x000000aa   Code   RO          676    .text.HAL_TIM_Base_Start_IT  stm32f4xx_hal_tim.o
    0x08002252   0x08002252   0x00000002   PAD
    0x08002254   0x08002254   0x000001a0   Code   RO          842    .text.HAL_TIM_ConfigClockSource  stm32f4xx_hal_tim.o
    0x080023f4   0x080023f4   0x00000002   Code   RO          798    .text.HAL_TIM_IC_CaptureCallback  stm32f4xx_hal_tim.o
    0x080023f6   0x080023f6   0x00000002   PAD
    0x080023f8   0x080023f8   0x0000014e   Code   RO          796    .text.HAL_TIM_IRQHandler  stm32f4xx_hal_tim.o
    0x08002546   0x08002546   0x00000002   PAD
    0x08002548   0x08002548   0x00000002   Code   RO          800    .text.HAL_TIM_OC_DelayElapsedCallback  stm32f4xx_hal_tim.o
    0x0800254a   0x0800254a   0x00000002   PAD
    0x0800254c   0x0800254c   0x00000002   Code   RO          802    .text.HAL_TIM_PWM_PulseFinishedCallback  stm32f4xx_hal_tim.o
    0x0800254e   0x0800254e   0x00000002   PAD
    0x08002550   0x08002550   0x00000014   Code   RO           17    .text.HAL_TIM_PeriodElapsedCallback  main.o
    0x08002564   0x08002564   0x00000002   Code   RO          806    .text.HAL_TIM_TriggerCallback  stm32f4xx_hal_tim.o
    0x08002566   0x08002566   0x00000002   PAD
    0x08002568   0x08002568   0x00000002   Code   RO         1067    .text.HAL_UARTEx_RxEventCallback  stm32f4xx_hal_uart.o
    0x0800256a   0x0800256a   0x00000002   PAD
    0x0800256c   0x0800256c   0x0000016e   Code   RO         1037    .text.HAL_UART_AbortReceive  stm32f4xx_hal_uart.o
    0x080026da   0x080026da   0x00000002   PAD
    0x080026dc   0x080026dc   0x00000034   Code   RO          116    .text.HAL_UART_ErrorCallback  usart.o
    0x08002710   0x08002710   0x00000570   Code   RO         1059    .text.HAL_UART_IRQHandler  stm32f4xx_hal_uart.o
    0x08002c80   0x08002c80   0x00000060   Code   RO          981    .text.HAL_UART_Init  stm32f4xx_hal_uart.o
    0x08002ce0   0x08002ce0   0x000003be   Code   RO          112    .text.HAL_UART_MspInit  usart.o
    0x0800309e   0x0800309e   0x00000002   PAD
    0x080030a0   0x080030a0   0x00000054   Code   RO         1003    .text.HAL_UART_Receive_IT  stm32f4xx_hal_uart.o
    0x080030f4   0x080030f4   0x00000048   Code   RO         1889    .text.HAL_UART_RxCpltCallback  serial_device.o
    0x0800313c   0x0800313c   0x00000192   Code   RO          997    .text.HAL_UART_Transmit  stm32f4xx_hal_uart.o
    0x080032ce   0x080032ce   0x00000002   PAD
    0x080032d0   0x080032d0   0x00000002   Code   RO         1069    .text.HAL_UART_TxCpltCallback  stm32f4xx_hal_uart.o
    0x080032d2   0x080032d2   0x00000002   PAD
    0x080032d4   0x080032d4   0x00000002   Code   RO          136    .text.HardFault_Handler  stm32f4xx_it.o
    0x080032d6   0x080032d6   0x00000002   PAD
    0x080032d8   0x080032d8   0x00000046   Code   RO           51    .text.MX_CAN1_Init  can.o
    0x0800331e   0x0800331e   0x00000002   PAD
    0x08003320   0x08003320   0x0000004a   Code   RO           53    .text.MX_CAN2_Init  can.o
    0x0800336a   0x0800336a   0x00000002   PAD
    0x0800336c   0x0800336c   0x0000005c   Code   RO           76    .text.MX_DMA_Init   dma.o
    0x080033c8   0x080033c8   0x000001ba   Code   RO           28    .text.MX_GPIO_Init  gpio.o
    0x08003582   0x08003582   0x00000002   PAD
    0x08003584   0x08003584   0x00000072   Code   RO           85    .text.MX_TIM2_Init  tim.o
    0x080035f6   0x080035f6   0x00000002   PAD
    0x080035f8   0x080035f8   0x0000003c   Code   RO          100    .text.MX_UART4_Init  usart.o
    0x08003634   0x08003634   0x0000003c   Code   RO          102    .text.MX_UART5_Init  usart.o
    0x08003670   0x08003670   0x0000003c   Code   RO          104    .text.MX_USART1_UART_Init  usart.o
    0x080036ac   0x080036ac   0x0000003c   Code   RO          106    .text.MX_USART2_UART_Init  usart.o
    0x080036e8   0x080036e8   0x00000040   Code   RO          108    .text.MX_USART3_UART_Init  usart.o
    0x08003728   0x08003728   0x0000003c   Code   RO          110    .text.MX_USART6_UART_Init  usart.o
    0x08003764   0x08003764   0x00000002   Code   RO          138    .text.MemManage_Handler  stm32f4xx_it.o
    0x08003766   0x08003766   0x00000002   PAD
    0x08003768   0x08003768   0x00000002   Code   RO          134    .text.NMI_Handler   stm32f4xx_it.o
    0x0800376a   0x0800376a   0x00000006   PAD
    0x08003770   0x08003770   0x00000064   Code   RO         1670    .text.PendSV_Handler  port.o
    0x080037d4   0x080037d4   0x0000000c   PAD
    0x080037e0   0x080037e0   0x00000024   Code   RO         1654    .text.SVC_Handler   port.o
    0x08003804   0x08003804   0x0000001e   Code   RO         1465    .text.SysTick_Handler  cmsis_os2.o
    0x08003822   0x08003822   0x00000002   PAD
    0x08003824   0x08003824   0x000000ac   Code   RO           13    .text.SystemClock_Config  main.o
    0x080038d0   0x080038d0   0x00000012   Code   RO         1103    .text.SystemInit    system_stm32f4xx.o
    0x080038e2   0x080038e2   0x00000002   PAD
    0x080038e4   0x080038e4   0x0000000c   Code   RO          152    .text.TIM2_IRQHandler  stm32f4xx_it.o
    0x080038f0   0x080038f0   0x0000000c   Code   RO          154    .text.TIM3_IRQHandler  stm32f4xx_it.o
    0x080038fc   0x080038fc   0x00000144   Code   RO          666    .text.TIM_Base_SetConfig  stm32f4xx_hal_tim.o
    0x08003a40   0x08003a40   0x0000000c   Code   RO          162    .text.UART4_IRQHandler  stm32f4xx_it.o
    0x08003a4c   0x08003a4c   0x0000000c   Code   RO          164    .text.UART5_IRQHandler  stm32f4xx_it.o
    0x08003a58   0x08003a58   0x0000000c   Code   RO         1063    .text.UART_DMAAbortOnError  stm32f4xx_hal_uart.o
    0x08003a64   0x08003a64   0x000000fe   Code   RO         1061    .text.UART_Receive_IT  stm32f4xx_hal_uart.o
    0x08003b62   0x08003b62   0x00000002   PAD
    0x08003b64   0x08003b64   0x000000e6   Code   RO          985    .text.UART_SetConfig  stm32f4xx_hal_uart.o
    0x08003c4a   0x08003c4a   0x00000002   PAD
    0x08003c4c   0x08003c4c   0x0000000c   Code   RO          156    .text.USART1_IRQHandler  stm32f4xx_it.o
    0x08003c58   0x08003c58   0x0000000c   Code   RO          158    .text.USART2_IRQHandler  stm32f4xx_it.o
    0x08003c64   0x08003c64   0x0000000c   Code   RO          160    .text.USART3_IRQHandler  stm32f4xx_it.o
    0x08003c70   0x08003c70   0x00000002   Code   RO          142    .text.UsageFault_Handler  stm32f4xx_it.o
    0x08003c72   0x08003c72   0x00000002   PAD
    0x08003c74   0x08003c74   0x000001d0   Code   RO         2358    .text.WitSerialDataIn  wit_c_sdk.o
    0x08003e44   0x08003e44   0x00000040   Code   RO         1911    .text._GLOBAL__sub_I_TaskManager.cpp  taskmanager.o
    0x08003e84   0x08003e84   0x000001a8   Code   RO         2420    .text._GLOBAL__sub_I_r2n_setup.cpp  r2n_setup.o
    0x0800402c   0x0800402c   0x00000158   Code   RO         1818    .text._ZN10CanManager12process_dataEv  can_device.o
    0x08004184   0x08004184   0x0000007a   Code   RO         1810    .text._ZN10CanManager16CAN1_Filter_InitEv  can_device.o
    0x080041fe   0x080041fe   0x00000002   PAD
    0x08004200   0x08004200   0x0000007a   Code   RO         1812    .text._ZN10CanManager16CAN2_Filter_InitEv  can_device.o
    0x0800427a   0x0800427a   0x00000002   PAD
    0x0800427c   0x0800427c   0x0000002a   Code   RO         1814    .text._ZN10CanManager4initEv  can_device.o
    0x080042a6   0x080042a6   0x00000002   PAD
    0x080042a8   0x080042a8   0x0000004c   Code   RO         1816    .text._ZN10CanManagerC2Ev  can_device.o
    0x080042f4   0x080042f4   0x00000006   Code   RO         1842    .text._ZN10CanManagerD0Ev  can_device.o
    0x080042fa   0x080042fa   0x00000002   PAD
    0x080042fc   0x080042fc   0x000000aa   Code   RO         1852    .text._ZN11RC9Protocol12process_dataEv  rc9protocol.o
    0x080043a6   0x080043a6   0x00000002   PAD
    0x080043a8   0x080043a8   0x00000220   Code   RO         1848    .text._ZN11RC9Protocol17handleReceiveDataEh  rc9protocol.o
    0x080045c8   0x080045c8   0x00000004   Code   RO         1858    .text._ZN11RC9Protocol5msginEhPKv  rc9protocol.o
    0x080045cc   0x080045cc   0x00000004   Code   RO         1862    .text._ZN11RC9Protocol6msgoutEhPv  rc9protocol.o
    0x080045d0   0x080045d0   0x00000090   Code   RO         1846    .text._ZN11RC9ProtocolC2EP20__UART_HandleTypeDefb  rc9protocol.o
    0x08004660   0x08004660   0x00000008   Code   RO         1876    .text._ZN11RC9ProtocolD0Ev  rc9protocol.o
    0x08004668   0x08004668   0x00000002   Code   RO         1874    .text._ZN11RC9ProtocolD2Ev  rc9protocol.o
    0x0800466a   0x0800466a   0x00000002   PAD
    0x0800466c   0x0800466c   0x0000003c   Code   RO         1907    .text._ZN11TaskManager12TaskFunctionEPv  taskmanager.o
    0x080046a8   0x080046a8   0x00000060   Code   RO         1905    .text._ZN11TaskManager12registerTaskEiP14ITaskProcessor  taskmanager.o
    0x08004708   0x08004708   0x0000007c   Code   RO         1903    .text._ZN11TaskManagerC2Ev  taskmanager.o
    0x08004784   0x08004784   0x00000002   Code   RO         1953    .text._ZN11power_motor10set_rpm_ffEff  m3508.o
    0x08004786   0x08004786   0x00000002   PAD
    0x08004788   0x08004788   0x0000000e   Code   RO         1887    .text._ZN12SerialDevice18startUartReceiveITEv  serial_device.o
    0x08004796   0x08004796   0x00000002   PAD
    0x08004798   0x08004798   0x00000032   Code   RO         1883    .text._ZN12SerialDeviceC2EP20__UART_HandleTypeDef  serial_device.o
    0x080047ca   0x080047ca   0x00000002   PAD
    0x080047cc   0x080047cc   0x00000110   Code   RO         2210    .text._ZN12pure_pursuitC2E17pure_pursuit_modefffffff  pure_pursuit.o
    0x080048dc   0x080048dc   0x00000018   Code   RO         2047    .text._ZN13Vector2DQueueC2Ev  vector2d.o
    0x080048f4   0x080048f4   0x00000002   Code   RO         1781    .text._ZN14ITaskProcessorD0Ev  chassis.o
    0x080048f6   0x080048f6   0x00000002   PAD
    0x080048f8   0x080048f8   0x00000002   Code   RO         1777    .text._ZN14ITaskProcessorD2Ev  chassis.o
    0x080048fa   0x080048fa   0x00000002   PAD
    0x080048fc   0x080048fc   0x000000a8   Code   RO         2079    .text._ZN20EncodingStateMachine17mapStateToIndicesEhPKtj  encodingstatemachine.o
    0x080049a4   0x080049a4   0x0000027e   Code   RO         2077    .text._ZN20EncodingStateMachineC2EP10FlagConfigj  encodingstatemachine.o
    0x08004c22   0x08004c22   0x00000002   PAD
    0x08004c24   0x08004c24   0x0000013c   Code   RO         1690    .text._ZN3pid11PID_ComputeEf  pid.o
    0x08004d60   0x08004d60   0x00000006   Code   RO         1688    .text._ZN3pid17PID_SetParametersEfff  pid.o
    0x08004d66   0x08004d66   0x00000002   PAD
    0x08004d68   0x08004d68   0x00000028   Code   RO         1686    .text._ZN3pidC2Efffffff  pid.o
    0x08004d90   0x08004d90   0x00000006   Code   RO         2345    .text._ZN4GYRO17handleReceiveDataEh  gyro_fuc.o
    0x08004d96   0x08004d96   0x00000002   PAD
    0x08004d98   0x08004d98   0x00000020   Code   RO         2341    .text._ZN4GYROC2EP20__UART_HandleTypeDef  gyro_fuc.o
    0x08004db8   0x08004db8   0x000000c0   Code   RO         2418    .text._ZN4demo12process_dataEv  r2n_setup.o
    0x08004e78   0x08004e78   0x00000006   Code   RO         2443    .text._ZN4demoD0Ev  r2n_setup.o
    0x08004e7e   0x08004e7e   0x00000002   PAD
    0x08004e80   0x08004e80   0x000000b0   Code   RO         1706    .text._ZN4xbox12handleButtonERNS_12ButtonConfigE  xbox.o
    0x08004f30   0x08004f30   0x00000002   Code   RO         1720    .text._ZN4xbox14btnRB_callbackEv  xbox.o
    0x08004f32   0x08004f32   0x00000002   PAD
    0x08004f34   0x08004f34   0x00000130   Code   RO         1704    .text._ZN4xbox14joymap_computeEv  xbox.o
    0x08005064   0x08005064   0x00000002   Code   RO         1722    .text._ZN4xbox16btnXBOX_callbackEv  xbox.o
    0x08005066   0x08005066   0x00000002   PAD
    0x08005068   0x08005068   0x00000108   Code   RO         1708    .text._ZN4xbox5msginEhPKv  xbox.o
    0x08005170   0x08005170   0x00000004   Code   RO         1710    .text._ZN4xbox6msgoutEhPv  xbox.o
    0x08005174   0x08005174   0x00000048   Code   RO         1702    .text._ZN4xboxC2EP6actionP7chassisfff  xbox.o
    0x080051bc   0x080051bc   0x000001fc   Code   RO         1757    .text._ZN5omni312process_dataEv  chassis.o
    0x080053b8   0x080053b8   0x00000130   Code   RO         1755    .text._ZN5omni3C2EP11power_motorS1_S1_ffP6actionffffff  chassis.o
    0x080054e8   0x080054e8   0x00000008   Code   RO         1775    .text._ZN5omni3D0Ev  chassis.o
    0x080054f0   0x080054f0   0x000000a6   Code   RO         1787    .text._ZN6action17handleReceiveDataEh  acton.o
    0x08005596   0x08005596   0x00000002   PAD
    0x08005598   0x08005598   0x00000190   Code   RO         1789    .text._ZN6action25Update_Action_gl_positionEPf  acton.o
    0x08005728   0x08005728   0x0000000c   Code   RO         1791    .text._ZN6action7restartEv  acton.o
    0x08005734   0x08005734   0x00000072   Code   RO         1785    .text._ZN6actionC2EP20__UART_HandleTypeDefffb  acton.o
    0x080057a6   0x080057a6   0x00000002   PAD
    0x080057a8   0x080057a8   0x000000d4   Code   RO         1927    .text._ZN6m3508p10can_updateEPh  m3508.o
    0x0800587c   0x0800587c   0x0000004a   Code   RO         1925    .text._ZN6m3508p13motor_processEv  m3508.o
    0x080058c6   0x080058c6   0x00000002   PAD
    0x080058c8   0x080058c8   0x00000016   Code   RO         1931    .text._ZN6m3508p7get_rpmEv  m3508.o
    0x080058de   0x080058de   0x00000002   PAD
    0x080058e0   0x080058e0   0x00000006   Code   RO         1935    .text._ZN6m3508p7set_rpmEf  m3508.o
    0x080058e6   0x080058e6   0x00000002   PAD
    0x080058e8   0x080058e8   0x000000a4   Code   RO         1923    .text._ZN6m3508pC2EhP17CAN_HandleTypeDef10motor_modefffff  m3508.o
    0x0800598c   0x0800598c   0x00000016   Code   RO         2263    .text._ZN6rcnode10ppsend_SynEhhhPKv  netswitch.o
    0x080059a2   0x080059a2   0x00000002   PAD
    0x080059a4   0x080059a4   0x00000062   Code   RO         2269    .text._ZN6rcnode11ppsend_AsynEhhhPKv  netswitch.o
    0x08005a06   0x08005a06   0x00000002   PAD
    0x08005a08   0x08005a08   0x0000006c   Code   RO         2273    .text._ZN6rcnode20ppsend_AsynOverwriteEhhhPKv  netswitch.o
    0x08005a74   0x08005a74   0x00000004   Code   RO         1725    .text._ZN7chassis19switch_chassis_modeE12Chassis_mode  chassis.o
    0x08005a78   0x08005a78   0x0000001e   Code   RO         1737    .text._ZN7chassis4lockEv  chassis.o
    0x08005a96   0x08005a96   0x00000002   PAD
    0x08005a98   0x08005a98   0x0000000c   Code   RO         1739    .text._ZN7chassis6unlockEv  chassis.o
    0x08005aa4   0x08005aa4   0x0000001c   Code   RO         1729    .text._ZN7chassis9setrobotvEfff  chassis.o
    0x08005ac0   0x08005ac0   0x0000001c   Code   RO         1731    .text._ZN7chassis9setworldvEfff  chassis.o
    0x08005adc   0x08005adc   0x000000b4   Code   RO         2295    .text._ZN7rcncore7publishEhhPKv7pptype_  rcncore.o
    0x08005b90   0x08005b90   0x00000164   Code   RO         2166    .text._ZN8IncrePID16increPID_ComputeEf  superpid.o
    0x08005cf4   0x08005cf4   0x00000006   Code   RO         2172    .text._ZN8IncrePID17increPID_setargetEf  superpid.o
    0x08005cfa   0x08005cfa   0x00000002   PAD
    0x08005cfc   0x08005cfc   0x00000050   Code   RO         2160    .text._ZN8IncrePIDC2Effffff  superpid.o
    0x08005d4c   0x08005d4c   0x00000008   Code   RO         2023    .text._ZN8Vector2DC2Ev  vector2d.o
    0x08005d54   0x08005d54   0x0000017c   Code   RO         2446    .text._ZN8xbox_r2n12process_dataEv  r2n_xbox.o
    0x08005ed0   0x08005ed0   0x0000000a   Code   RO         2458    .text._ZN8xbox_r2n14btnRB_callbackEv  r2n_xbox.o
    0x08005eda   0x08005eda   0x00000002   PAD
    0x08005edc   0x08005edc   0x00000006   Code   RO         2460    .text._ZN8xbox_r2n16btnXBOX_callbackEv  r2n_xbox.o
    0x08005ee2   0x08005ee2   0x00000002   PAD
    0x08005ee4   0x08005ee4   0x000001f0   Code   RO         2454    .text._ZN8xbox_r2nC2EP6actionP7chassisfff  r2n_xbox.o
    0x080060d4   0x080060d4   0x00000008   Code   RO         2473    .text._ZN8xbox_r2nD0Ev  r2n_xbox.o
    0x080060dc   0x080060dc   0x00000002   Code   RO         2471    .text._ZN8xbox_r2nD2Ev  r2n_xbox.o
    0x080060de   0x080060de   0x00000002   PAD
    0x080060e0   0x080060e0   0x00000002   Code   RO         1840    .text._ZN9CanDevice10EXT_updateEjPh  can_device.o
    0x080060e2   0x080060e2   0x00000002   PAD
    0x080060e4   0x080060e4   0x00000004   Code   RO         1806    .text._ZN9CanDevice13motor_processEv  can_device.o
    0x080060e8   0x080060e8   0x00000804   Code   RO         1808    .text._ZN9CanDeviceC2E13CanDeviceTypeP17CAN_HandleTypeDefh  can_device.o
    0x080068ec   0x080068ec   0x00000024   Code   RO         1990    .text._ZN9dji_motor16vangle_to_rangleEj  motor.o
    0x08006910   0x08006910   0x00000022   Code   RO         1988    .text._ZN9dji_motor20rcurrent_to_vcurrentEf  motor.o
    0x08006932   0x08006932   0x00000002   PAD
    0x08006934   0x08006934   0x00000022   Code   RO         1986    .text._ZN9dji_motor20vcurrent_to_rcurrentEs  motor.o
    0x08006956   0x08006956   0x00000002   PAD
    0x08006958   0x08006958   0x00000014   Code   RO         1992    .text._ZN9dji_motorC2Efst  motor.o
    0x0800696c   0x0800696c   0x00000018   Code   RO         2299    .text._ZN9publisher7publishEhPKv  rcncore.o
    0x08006984   0x08006984   0x00000124   Code   RO         2081    .text._ZNK20EncodingStateMachine8getStateEv  encodingstatemachine.o
    0x08006aa8   0x08006aa8   0x000000ac   Code   RO         1854    .text._ZThn12_N11RC9Protocol12process_dataEv  rc9protocol.o
    0x08006b54   0x08006b54   0x0000000a   Code   RO         1880    .text._ZThn12_N11RC9ProtocolD0Ev  rc9protocol.o
    0x08006b5e   0x08006b5e   0x00000002   PAD
    0x08006b60   0x08006b60   0x00000002   Code   RO         1878    .text._ZThn12_N11RC9ProtocolD1Ev  rc9protocol.o
    0x08006b62   0x08006b62   0x00000002   PAD
    0x08006b64   0x08006b64   0x00000016   Code   RO         1933    .text._ZThn12_N6m3508p7get_rpmEv  m3508.o
    0x08006b7a   0x08006b7a   0x00000002   PAD
    0x08006b7c   0x08006b7c   0x00000006   Code   RO         1937    .text._ZThn12_N6m3508p7set_rpmEf  m3508.o
    0x08006b82   0x08006b82   0x00000002   PAD
    0x08006b84   0x08006b84   0x00000004   Code   RO         1860    .text._ZThn32_N11RC9Protocol5msginEhPKv  rc9protocol.o
    0x08006b88   0x08006b88   0x00000004   Code   RO         1864    .text._ZThn32_N11RC9Protocol6msgoutEhPv  rc9protocol.o
    0x08006b8c   0x08006b8c   0x00000008   Code   RO         2450    .text._ZThn580_N8xbox_r2n12process_dataEv  r2n_xbox.o
    0x08006b94   0x08006b94   0x0000000c   Code   RO         2477    .text._ZThn580_N8xbox_r2nD0Ev  r2n_xbox.o
    0x08006ba0   0x08006ba0   0x00000002   Code   RO         2475    .text._ZThn580_N8xbox_r2nD1Ev  r2n_xbox.o
    0x08006ba2   0x08006ba2   0x00000004   Code   RO         2527    .text._ZdlPv        libcpp_w.l(new.cpp.o)
    0x08006ba6   0x08006ba6   0x00000004   Code   RO         2531    .text._ZdlPvj       libcpp_w.l(new.cpp.o)
    0x08006baa   0x08006baa   0x00000002   PAD
    0x08006bac   0x08006bac   0x000000e6   Code   RO         2362    .text.__CRC16       wit_c_sdk.o
    0x08006c92   0x08006c92   0x00000002   PAD
    0x08006c94   0x08006c94   0x00000028   Code   RO         2559    .text.__cxa_pure_virtual  libcppabi_w.l(cxa_virtual.cpp.o)
    0x08006cbc   0x08006cbc   0x00000004   Code   RO         2725    .text.abort_message  libcppabi_w.l(abort_message.cpp.o)
    0x08006cc0   0x08006cc0   0x0000004a   Code   RO           11    .text.main          main.o
    0x08006d0a   0x08006d0a   0x00000002   PAD
    0x08006d0c   0x08006d0c   0x00000020   Code   RO         1525    .text.osDelay       cmsis_os2.o
    0x08006d2c   0x08006d2c   0x00000028   Code   RO         1467    .text.osKernelInitialize  cmsis_os2.o
    0x08006d54   0x08006d54   0x0000003c   Code   RO         1473    .text.osKernelStart  cmsis_os2.o
    0x08006d90   0x08006d90   0x00000090   Code   RO         1579    .text.osMessageQueueGet  cmsis_os2.o
    0x08006e20   0x08006e20   0x00000090   Code   RO         1577    .text.osMessageQueuePut  cmsis_os2.o
    0x08006eb0   0x08006eb0   0x00000094   Code   RO         1489    .text.osThreadNew   cmsis_os2.o
    0x08006f44   0x08006f44   0x0000028a   Code   RO         1300    .text.prvAddNewTaskToReadyList  tasks.o
    0x080071ce   0x080071ce   0x00000002   PAD
    0x080071d0   0x080071d0   0x00000086   Code   RO         1332    .text.prvIdleTask   tasks.o
    0x08007256   0x08007256   0x00000002   PAD
    0x08007258   0x08007258   0x00000104   Code   RO         1298    .text.prvInitialiseNewTask  tasks.o
    0x0800735c   0x0800735c   0x00000028   Code   RO         1662    .text.prvPortStartFirstTask  port.o
    0x08007384   0x08007384   0x0000003e   Code   RO         1652    .text.prvTaskExitError  port.o
    0x080073c2   0x080073c2   0x00000002   PAD
    0x080073c4   0x080073c4   0x0000037a   Code   RO         1417    .text.prvTimerTask  timers.o
    0x0800773e   0x0800773e   0x00000002   PAD
    0x08007740   0x08007740   0x00000074   Code   RO         1199    .text.prvUnlockQueue  queue.o
    0x080077b4   0x080077b4   0x000001f0   Code   RO         1628    .text.pvPortMalloc  heap_4.o
    0x080079a4   0x080079a4   0x00000024   Code   RO         1650    .text.pxPortInitialiseStack  port.o
    0x080079c8   0x080079c8   0x0000009c   Code   RO         2416    .text.r2n_setup     r2n_setup.o
    0x08007a64   0x08007a64   0x00000022   Code   RO         1163    .text.uxListRemove  list.o
    0x08007a86   0x08007a86   0x00000002   PAD
    0x08007a88   0x08007a88   0x0000001a   Code   RO         1611    .text.vApplicationGetIdleTaskMemory  cmsis_os2.o
    0x08007aa2   0x08007aa2   0x00000002   PAD
    0x08007aa4   0x08007aa4   0x0000001c   Code   RO         1613    .text.vApplicationGetTimerTaskMemory  cmsis_os2.o
    0x08007ac0   0x08007ac0   0x00000016   Code   RO         1155    .text.vListInitialise  list.o
    0x08007ad6   0x08007ad6   0x00000002   PAD
    0x08007ad8   0x08007ad8   0x00000006   Code   RO         1157    .text.vListInitialiseItem  list.o
    0x08007ade   0x08007ade   0x00000002   PAD
    0x08007ae0   0x08007ae0   0x00000062   Code   RO         1161    .text.vListInsert   list.o
    0x08007b42   0x08007b42   0x00000002   PAD
    0x08007b44   0x08007b44   0x0000001a   Code   RO         1159    .text.vListInsertEnd  list.o
    0x08007b5e   0x08007b5e   0x00000002   PAD
    0x08007b60   0x08007b60   0x00000014   Code   RO         1660    .text.vPortEnableVFP  port.o
    0x08007b74   0x08007b74   0x00000046   Code   RO         1666    .text.vPortEnterCritical  port.o
    0x08007bba   0x08007bba   0x00000002   PAD
    0x08007bbc   0x08007bbc   0x0000002e   Code   RO         1668    .text.vPortExitCritical  port.o
    0x08007bea   0x08007bea   0x00000002   PAD
    0x08007bec   0x08007bec   0x000000d4   Code   RO         1630    .text.vPortFree     heap_4.o
    0x08007cc0   0x08007cc0   0x00000034   Code   RO         1658    .text.vPortSetupTimerInterrupt  port.o
    0x08007cf4   0x08007cf4   0x0000005e   Code   RO         1674    .text.vPortValidateInterruptPriority  port.o
    0x08007d52   0x08007d52   0x00000002   PAD
    0x08007d54   0x08007d54   0x00000058   Code   RO         1233    .text.vQueueAddToRegistry  queue.o
    0x08007dac   0x08007dac   0x00000052   Code   RO         1237    .text.vQueueWaitForMessageRestricted  queue.o
    0x08007dfe   0x08007dfe   0x00000002   PAD
    0x08007e00   0x08007e00   0x00000080   Code   RO         1312    .text.vTaskDelay    tasks.o
    0x08007e80   0x08007e80   0x00000012   Code   RO         1362    .text.vTaskInternalSetTimeOutState  tasks.o
    0x08007e92   0x08007e92   0x00000002   PAD
    0x08007e94   0x08007e94   0x0000000e   Code   RO         1366    .text.vTaskMissedYield  tasks.o
    0x08007ea2   0x08007ea2   0x00000002   PAD
    0x08007ea4   0x08007ea4   0x00000074   Code   RO         1350    .text.vTaskPlaceOnEventList  tasks.o
    0x08007f18   0x08007f18   0x0000007a   Code   RO         1354    .text.vTaskPlaceOnEventListRestricted  tasks.o
    0x08007f92   0x08007f92   0x00000002   PAD
    0x08007f94   0x08007f94   0x000000f0   Code   RO         1330    .text.vTaskStartScheduler  tasks.o
    0x08008084   0x08008084   0x00000010   Code   RO         1308    .text.vTaskSuspendAll  tasks.o
    0x08008094   0x08008094   0x000000cc   Code   RO         1324    .text.vTaskSwitchContext  tasks.o
    0x08008160   0x08008160   0x00000188   Code   RO         1656    .text.xPortStartScheduler  port.o
    0x080082e8   0x080082e8   0x0000002e   Code   RO         1672    .text.xPortSysTickHandler  port.o
    0x08008316   0x08008316   0x00000002   PAD
    0x08008318   0x08008318   0x000000da   Code   RO         1175    .text.xQueueGenericCreateStatic  queue.o
    0x080083f2   0x080083f2   0x00000002   PAD
    0x080083f4   0x080083f4   0x000002c0   Code   RO         1189    .text.xQueueGenericSend  queue.o
    0x080086b4   0x080086b4   0x00000148   Code   RO         1201    .text.xQueueGenericSendFromISR  queue.o
    0x080087fc   0x080087fc   0x0000023e   Code   RO         1205    .text.xQueueReceive  queue.o
    0x08008a3a   0x08008a3a   0x00000002   PAD
    0x08008a3c   0x08008a3c   0x000000d2   Code   RO         1209    .text.xQueueReceiveFromISR  queue.o
    0x08008b0e   0x08008b0e   0x00000002   PAD
    0x08008b10   0x08008b10   0x0000009a   Code   RO         1364    .text.xTaskCheckForTimeOut  tasks.o
    0x08008baa   0x08008baa   0x00000002   PAD
    0x08008bac   0x08008bac   0x00000060   Code   RO         1302    .text.xTaskCreate   tasks.o
    0x08008c0c   0x08008c0c   0x00000076   Code   RO         1296    .text.xTaskCreateStatic  tasks.o
    0x08008c82   0x08008c82   0x00000002   PAD
    0x08008c84   0x08008c84   0x0000001e   Code   RO         1378    .text.xTaskGetSchedulerState  tasks.o
    0x08008ca2   0x08008ca2   0x00000002   PAD
    0x08008ca4   0x08008ca4   0x0000000c   Code   RO         1338    .text.xTaskGetTickCount  tasks.o
    0x08008cb0   0x08008cb0   0x00000104   Code   RO         1336    .text.xTaskIncrementTick  tasks.o
    0x08008db4   0x08008db4   0x0000008e   Code   RO         1382    .text.xTaskPriorityDisinherit  tasks.o
    0x08008e42   0x08008e42   0x00000002   PAD
    0x08008e44   0x08008e44   0x00000072   Code   RO         1356    .text.xTaskRemoveFromEventList  tasks.o
    0x08008eb6   0x08008eb6   0x00000002   PAD
    0x08008eb8   0x08008eb8   0x000000ee   Code   RO         1310    .text.xTaskResumeAll  tasks.o
    0x08008fa6   0x08008fa6   0x00000002   PAD
    0x08008fa8   0x08008fa8   0x000000b4   Code   RO         1415    .text.xTimerCreateTimerTask  timers.o
    0x0800905c   0x0800905c   0x00000026   Code   RO         2744    i.__ARM_fpclassifyf  m_wm.l(fpclassifyf.o)
    0x08009082   0x08009082   0x00000002   PAD
    0x08009084   0x08009084   0x00000150   Code   RO         2564    i.__hardfp_cosf     m_wm.l(cosf.o)
    0x080091d4   0x080091d4   0x00000190   Code   RO         2576    i.__hardfp_sinf     m_wm.l(sinf.o)
    0x08009364   0x08009364   0x00000006   Code   RO         2747    i.__mathlib_flt_infnan  m_wm.l(funder.o)
    0x0800936a   0x0800936a   0x00000002   PAD
    0x0800936c   0x0800936c   0x00000010   Code   RO         2749    i.__mathlib_flt_invalid  m_wm.l(funder.o)
    0x0800937c   0x0800937c   0x00000010   Code   RO         2752    i.__mathlib_flt_underflow  m_wm.l(funder.o)
    0x0800938c   0x0800938c   0x00000154   Code   RO         2760    i.__mathlib_rredf2  m_wm.l(rredf.o)
    0x080094e0   0x080094e0   0x0000001a   Code   RO         2816    x$fpl$fpinit        fz_wm.l(fpinit.o)
    0x080094fa   0x080094fa   0x00000000   Code   RO         2718    x$fpl$usenofp       fz_wm.l(usenofp.o)
    0x080094fa   0x080094fa   0x00000002   PAD
    0x080094fc   0x080094fc   0x00000020   Data   RO         2761    .constdata          m_wm.l(rredf.o)
    0x0800951c   0x0800951c   0x00000010   Data   RO         1108    .rodata.AHBPrescTable  system_stm32f4xx.o
    0x0800952c   0x0800952c   0x00000008   Data   RO         1109    .rodata.APBPrescTable  system_stm32f4xx.o
    0x08009534   0x08009534   0x00000200   Data   RO         2012    .rodata.CRC16Table  crc_util.o
    0x08009734   0x08009734   0x00000014   Data   RO         1825    .rodata._ZTV10CanManager  can_device.o
    0x08009748   0x08009748   0x00000044   Data   RO         1866    .rodata._ZTV11RC9Protocol  rc9protocol.o
    0x0800978c   0x0800978c   0x00000014   Data   RO         1955    .rodata._ZTV11power_motor  m3508.o
    0x080097a0   0x080097a0   0x0000000c   Data   RO         1901    .rodata._ZTV12SerialDevice  serial_device.o
    0x080097ac   0x080097ac   0x00000014   Data   RO         1783    .rodata._ZTV14ITaskProcessor  chassis.o
    0x080097c0   0x080097c0   0x0000000c   Data   RO         2347    .rodata._ZTV4GYRO   gyro_fuc.o
    0x080097cc   0x080097cc   0x00000014   Data   RO         2431    .rodata._ZTV4demo   r2n_setup.o
    0x080097e0   0x080097e0   0x00000018   Data   RO         1712    .rodata._ZTV4xbox   xbox.o
    0x080097f8   0x080097f8   0x00000014   Data   RO         1764    .rodata._ZTV5omni3  chassis.o
    0x0800980c   0x0800980c   0x0000000c   Data   RO         1797    .rodata._ZTV6action  acton.o
    0x08009818   0x08009818   0x00000030   Data   RO         1945    .rodata._ZTV6m3508p  m3508.o
    0x08009848   0x08009848   0x00000038   Data   RO         2462    .rodata._ZTV8xbox_r2n  r2n_xbox.o
    0x08009880   0x08009880   0x00000014   Data   RO         1824    .rodata._ZTV9CanDevice  can_device.o
    0x08009894   0x08009894   0x00000100   Data   RO         2405    .rodata.__auchCRCHi  wit_c_sdk.o
    0x08009994   0x08009994   0x00000100   Data   RO         2406    .rodata.__auchCRCLo  wit_c_sdk.o
    0x08009a94   0x08009a94   0x00000008   Data   RO          453    .rodata.cst8        stm32f4xx_hal_dma.o
    0x08009a9c   0x08009a9c   0x00000005   Data   RO         1455    .rodata.str1.1      timers.o
    0x08009aa1   0x08009aa1   0x00000003   PAD
    0x08009aa4   0x08009aa4   0x00000020   Data   RO         3193    Region$$Table       anon$$obj.o
    0x08009ac4   0x08009ac4   0x00000004   Data   RO         1914    .init_array         taskmanager.o
    0x08009ac8   0x08009ac4   0x00000004   Data   RO         2434    .init_array         r2n_setup.o
    0x08009acc   0x08009ac4   0x00000000   Data   RO         2507    .init_array         c_w.l(init_aeabi.o)


    Execution Region RW_IRAM1 (Exec base: 0x20000000, Load base: 0x08009ad0, Size: 0x00006920, Max: 0x0001c000, ABSOLUTE)

    Exec Addr    Load Addr    Size         Type   Attr      Idx    E Section Name        Object

    0x20000000   0x08009ad0   0x00000008   Data   RW          627    .data..L_MergedGlobals  stm32f4xx_hal.o
    0x20000008   0x08009ad8   0x00000004   Data   RW         1107    .data.SystemCoreClock  system_stm32f4xx.o
    0x2000000c   0x08009adc   0x00000001   Data   RW         2278    .data._ZN6rcnode8local_ipE  netswitch.o
    0x2000000d   0x08009add   0x00000003   PAD
    0x20000010   0x08009ae0   0x00000018   Data   RW         2432    .data.test2         r2n_setup.o
    0x20000028   0x08009af8   0x00000004   Data   RW         1676    .data.uxCriticalNesting  port.o
    0x2000002c   0x08009afc   0x00000004   PAD
    0x20000030        -       0x00000060   Zero   RW         2842    .bss                c_w.l(libspace.o)
    0x20000090        -       0x00000068   Zero   RW           67    .bss..L_MergedGlobals  can.o
    0x200000f8        -       0x00000078   Zero   RW         1405    .bss..L_MergedGlobals  tasks.o
    0x20000170        -       0x0000003c   Zero   RW         1456    .bss..L_MergedGlobals  timers.o
    0x200001ac        -       0x00000020   Zero   RW         1641    .bss..L_MergedGlobals  heap_4.o
    0x200001cc        -       0x00000008   Zero   RW         1677    .bss..L_MergedGlobals  port.o
    0x200001d4        -       0x00000078   Zero   RW         1831    .bss..L_MergedGlobals  can_device.o
    0x2000024c        -       0x0000002c   Zero   RW         1893    .bss..L_MergedGlobals  serial_device.o
    0x20000278        -       0x00000024   Zero   RW         2407    .bss..L_MergedGlobals  wit_c_sdk.o
    0x2000029c        -       0x00000020   Zero   RW         2435    .bss..L_MergedGlobals  r2n_setup.o
    0x200002bc        -       0x00000020   Zero   RW         1832    .bss..L_MergedGlobals.1  can_device.o
    0x200002dc        -       0x00000028   Zero   RW         1406    .bss..L_MergedGlobals.2  tasks.o
    0x20000304        -       0x000000d0   Zero   RW         2428    .bss.Action         r2n_setup.o
    0x200003d4        -       0x00000004   Zero   RW           64    .bss.HAL_RCC_CAN1_CLK_ENABLED  can.o
    0x200003d8        -       0x00000004   Zero   RW         1615    .bss.KernelState    cmsis_os2.o
    0x200003dc        -       0x00000438   Zero   RW         1913    .bss._ZN11TaskManager5tasksE  taskmanager.o
    0x20000814        -       0x00000100   Zero   RW         2277    .bss._ZN6rcnode10MAC_2_NODEE  netswitch.o
    0x20000914        -       0x00000001   Zero   RW         2306    .bss._ZN7rcncore10topicCountE  rcncore.o
    0x20000915   0x08009afc   0x00000003   PAD
    0x20000918        -       0x00000168   Zero   RW         2305    .bss._ZN7rcncore10topicTableE  rcncore.o
    0x20000a80        -       0x00000060   Zero   RW         2427    .bss.can_core       r2n_setup.o
    0x20000ae0        -       0x000001c4   Zero   RW         2423    .bss.data_chain     r2n_setup.o
    0x20000ca4        -       0x000001c4   Zero   RW         2422    .bss.esp32_serial   r2n_setup.o
    0x20000e68        -       0x00000060   Zero   RW          124    .bss.hdma_usart2_rx  usart.o
    0x20000ec8        -       0x00000060   Zero   RW          125    .bss.hdma_usart6_rx  usart.o
    0x20000f28        -       0x00000048   Zero   RW           91    .bss.htim2          tim.o
    0x20000f70        -       0x00000048   Zero   RW          192    .bss.htim3          stm32f4xx_hal_timebase_tim.o
    0x20000fb8        -       0x00000048   Zero   RW          120    .bss.huart1         usart.o
    0x20001000        -       0x00000048   Zero   RW          121    .bss.huart2         usart.o
    0x20001048        -       0x00000048   Zero   RW          122    .bss.huart3         usart.o
    0x20001090        -       0x00000048   Zero   RW          118    .bss.huart4         usart.o
    0x200010d8        -       0x00000048   Zero   RW          119    .bss.huart5         usart.o
    0x20001120        -       0x00000048   Zero   RW          123    .bss.huart6         usart.o
    0x20001168        -       0x000000b4   Zero   RW         2424    .bss.m3508_front    r2n_setup.o
    0x2000121c        -       0x000000b4   Zero   RW         2425    .bss.m3508_left     r2n_setup.o
    0x200012d0        -       0x000000b4   Zero   RW         2426    .bss.m3508_right    r2n_setup.o
    0x20001384        -       0x000000a0   Zero   RW         1454    .bss.prvCheckForValidListAndQueue.ucStaticTimerQueueStorage  timers.o
    0x20001424        -       0x00000050   Zero   RW         1453    .bss.prvCheckForValidListAndQueue.xStaticTimerQueue  timers.o
    0x20001474        -       0x00000460   Zero   RW         1404    .bss.pxReadyTasksLists  tasks.o
    0x200018d4        -       0x000002dc   Zero   RW         2430    .bss.r2_remote      r2n_setup.o
    0x20001bb0        -       0x00000250   Zero   RW         2429    .bss.r2n_chassis    r2n_setup.o
    0x20001e00        -       0x00000120   Zero   RW         2403    .bss.sReg           wit_c_sdk.o
    0x20001f20        -       0x00000100   Zero   RW         2402    .bss.s_ucWitDataBuff  wit_c_sdk.o
    0x20002020        -       0x00003c00   Zero   RW         1640    .bss.ucHeap         heap_4.o
    0x20005c20        -       0x00000004   Zero   RW          626    .bss.uwTick         stm32f4xx_hal.o
    0x20005c24        -       0x00000200   Zero   RW         1617    .bss.vApplicationGetIdleTaskMemory.Idle_Stack  cmsis_os2.o
    0x20005e24        -       0x0000005c   Zero   RW         1616    .bss.vApplicationGetIdleTaskMemory.Idle_TCB  cmsis_os2.o
    0x20005e80        -       0x00000400   Zero   RW         1619    .bss.vApplicationGetTimerTaskMemory.Timer_Stack  cmsis_os2.o
    0x20006280        -       0x0000005c   Zero   RW         1618    .bss.vApplicationGetTimerTaskMemory.Timer_TCB  cmsis_os2.o
    0x200062dc        -       0x00000040   Zero   RW         1239    .bss.xQueueRegistry  queue.o
    0x2000631c   0x08009afc   0x00000004   PAD
    0x20006320        -       0x00000200   Zero   RW            2    HEAP                startup_stm32f407xx.o
    0x20006520        -       0x00000400   Zero   RW            1    STACK               startup_stm32f407xx.o


    Execution Region RW_IRAM2 (Exec base: 0x2001c000, Load base: 0x08009b00, Size: 0x00000000, Max: 0x00004000, ABSOLUTE)

    **** No section assigned to this execution region ****


==============================================================================

Image component sizes


      Code (inc. data)   RO Data    RW Data    ZI Data      Debug   Object Name

       692         16         12          0          0      17956   acton.o
       456          0          0          0        108       7612   can.o
      3242         52         40          0        152      15867   can_device.o
       926         60         40          0          0      31428   chassis.o
       652          0          0          0       1724      43072   cmsis_os2.o
       222          0        512          0          0       3451   crc_util.o
        92          0          0          0          0       3485   dma.o
      1098          0          0          0          0       7058   encodingstatemachine.o
       442          0          0          0          0       4232   gpio.o
        38          0         12          0          0       8073   gyro_fuc.o
       708          0          0          0      15392       5738   heap_4.o
       186          0          0          0          0       2294   list.o
       508         16         68          0          0       6798   m3508.o
       272          0          0          0          0       6160   main.o
       124          4          0          0          0       3324   motor.o
       228          0          0          1        256       5297   netswitch.o
       362          4          0          0          0       2276   pid.o
       994         16          0          4          8       4330   port.o
       272         20          0          0          0      19248   pure_pursuit.o
      2320          0          0          0         64      30035   queue.o
       778         72         24         24       3104      19763   r2n_setup.o
       924         42         56          0          0      19847   r2n_xbox.o
      1068         12         68          0          0      10865   rc9protocol.o
       204          0          0          0        361      12904   rcncore.o
       136          0         12          0         44       4014   serial_device.o
        64         26        392          0       1536        832   startup_stm32f407xx.o
        92          0          0          8          4       7283   stm32f4xx_hal.o
      1698          6          0          0          0      13811   stm32f4xx_hal_can.o
       152          0          0          0          0      10504   stm32f4xx_hal_cortex.o
       988          6          8          0          0      10512   stm32f4xx_hal_dma.o
       448          0          0          0          0       5330   stm32f4xx_hal_gpio.o
        66          0          0          0          0       3515   stm32f4xx_hal_msp.o
      1542          0          0          0          0       7427   stm32f4xx_hal_rcc.o
      1342          0          0          0          0      57318   stm32f4xx_hal_tim.o
       190          0          0          0          0      21465   stm32f4xx_hal_tim_ex.o
       178          0          0          0         72       7231   stm32f4xx_hal_timebase_tim.o
      2840          0          0          0          0      32122   stm32f4xx_hal_uart.o
       150          0          0          0          0       8091   stm32f4xx_it.o
       442          8          0          0          0       7463   superpid.o
        18          0         24          4          0       2627   system_stm32f4xx.o
       344          0          4          0       1080       5967   taskmanager.o
      3066          8          0          0       1280      43780   tasks.o
       180          0          0          0         72       7312   tim.o
      1070         18          5          0        300      16370   timers.o
      1374          0          0          0        624       9123   usart.o
        32          0          0          0          0      23060   vector2d.o
       896         16        512          0        580      12110   wit_c_sdk.o
       824         22         24          0          0      20907   xbox.o

    ----------------------------------------------------------------------
     35218        436       1848         44      26772     629287   Object Totals
         0          0         32          0          0          0   (incl. Generated)
       278         12          3          3         11          0   (incl. Padding)

    ----------------------------------------------------------------------

      Code (inc. data)   RO Data    RW Data    ZI Data      Debug   Library Member Name

         8          0          0          0          0         68   __main.o
         0          0          0          0          0          0   __rtentry.o
        12          0          0          0          0          0   __rtentry2.o
         6          0          0          0          0          0   __rtentry4.o
        94          8          0          0          0          0   __scatter.o
        26          0          0          0          0          0   __scatter_copy.o
        28          0          0          0          0          0   __scatter_zi.o
        22          0          0          0          0        100   _rserrno.o
        22          0          0          0          0         80   abort.o
        16          0          0          0          0         68   aeabi_memset4.o
        48         34          0          0          0         76   defsig_abrt_inner.o
        14          0          0          0          0         80   defsig_abrt_outer.o
        10          0          0          0          0         68   defsig_exit.o
        50          0          0          0          0         88   defsig_general.o
        18          0          0          0          0         80   exit.o
        78          0          0          0          0         80   h1_free.o
         6          0          0          0          0        152   heapauxi.o
         0          0          0          0          0          0   indicate_semi.o
        44          8          0          0          0         80   init_aeabi.o
         2          0          0          0          0          0   libinit.o
        10          0          0          0          0          0   libinit2.o
         2          0          0          0          0          0   libshutdown.o
         2          0          0          0          0          0   libshutdown2.o
         8          4          0          0         96         68   libspace.o
       240          0          0          0          0        100   lludivv7m.o
         8          4          0          0          0         68   rt_errno_addr_intlibspace.o
         8          4          0          0          0         68   rt_heap_descriptor_intlibspace.o
        68          0          0          0          0         68   rt_memclr.o
        78          0          0          0          0         80   rt_memclr_w.o
       138          0          0          0          0         68   rt_memcpy_v6.o
       100          0          0          0          0         80   rt_memcpy_w.o
         2          0          0          0          0          0   rtexit.o
        10          0          0          0          0          0   rtexit2.o
        12          4          0          0          0         68   sys_exit.o
        74          0          0          0          0         80   sys_stackheap_outer.o
        14          0          0          0          0         76   sys_wrch.o
         2          0          0          0          0         68   use_no_semi.o
        26          0          0          0          0        116   fpinit.o
         0          0          0          0          0          0   usenofp.o
         8          0          0          0          0        412   new.cpp.o
         4          0          0          0          0         36   abort_message.cpp.o
        40         32          0          0          0         52   cxa_virtual.cpp.o
       336         56          0          0          0        136   cosf.o
        38          0          0          0          0        116   fpclassifyf.o
        38         12          0          0          0        348   funder.o
       340         24         32          0          0        160   rredf.o
       400         56          0          0          0        212   sinf.o

    ----------------------------------------------------------------------
      2530        246         32          0         96       3500   Library Totals
        20          0          0          0          0          0   (incl. Padding)

    ----------------------------------------------------------------------

      Code (inc. data)   RO Data    RW Data    ZI Data      Debug   Library Name

      1280         66          0          0         96       1912   c_w.l
        26          0          0          0          0        116   fz_wm.l
         8          0          0          0          0        412   libcpp_w.l
        44         32          0          0          0         88   libcppabi_w.l
      1152        148         32          0          0        972   m_wm.l

    ----------------------------------------------------------------------
      2530        246         32          0         96       3500   Library Totals

    ----------------------------------------------------------------------

==============================================================================


      Code (inc. data)   RO Data    RW Data    ZI Data      Debug   

     37748        682       1880         44      26868     630235   Grand Totals
     37748        682       1880         44      26868     630235   ELF Image Totals
     37748        682       1880         44          0          0   ROM Totals

==============================================================================

    Total RO  Size (Code + RO Data)                39628 (  38.70kB)
    Total RW  Size (RW Data + ZI Data)             26912 (  26.28kB)
    Total ROM Size (Code + RO Data + RW Data)      39672 (  38.74kB)

==============================================================================

