<html>
<body>
<pre>
<h1>µVision Build Log</h1>
<h2>Tool Versions:</h2>
IDE-Version: ¦ÌVision V5.39.0.0
Copyright (C) 2023 ARM Ltd and ARM Germany GmbH. All rights reserved.
License Information: 1 1517752988@qq.com, 1, LIC=X96CK-ZR6MF-X7SRZ-JQD8Y-UFX88-YTIFM
 
Tool Versions:
Toolchain:       MDK-ARM Plus  Version: 5.39.0.0
Toolchain Path:  G:\Keil_v5\ARM\ARMCLANG\Bin
C Compiler:      ArmClang.exe V6.21
Assembler:       Armasm.exe V6.21
Linker/Locator:  ArmLink.exe V6.21
Library Manager: ArmAr.exe V6.21
Hex Converter:   FromElf.exe V6.21
CPU DLL:         SARMCM3.DLL V5.39.0.0
Dialog DLL:      DCM.DLL V1.17.5.0
Target DLL:      CMSIS_AGDI.dll V1.33.16.0
Dialog DLL:      TCM.DLL V1.56.4.0
 
<h2>Project:</h2>
G:\STM32_PROJECT\R1_NEW\R1_No2 - ¸Ä¶¯\MDK-ARM\m3508_test.uvprojx
Project File Date:  03/25/2025

<h2>Output:</h2>
*** Using Compiler 'V6.21', folder: 'G:\Keil_v5\ARM\ARMCLANG\Bin'
Rebuild target 'm3508_test'
assembling startup_stm32f407xx.s...
compiling gpio.c...
compiling dma.c...
compiling stm32f4xx_it.c...
compiling stm32f4xx_hal_timebase_tim.c...
compiling can.c...
compiling stm32f4xx_hal_msp.c...
compiling freertos.c...
compiling stm32f4xx_hal_rcc_ex.c...
compiling stm32f4xx_hal_rcc.c...
compiling usart.c...
compiling main.c...
compiling tim.c...
compiling stm32f4xx_hal_can.c...
compiling stm32f4xx_hal_flash_ramfunc.c...
compiling stm32f4xx_hal_flash.c...
compiling stm32f4xx_hal_flash_ex.c...
compiling stm32f4xx_hal_tim_ex.c...
compiling stm32f4xx_hal_gpio.c...
compiling stm32f4xx_hal_dma_ex.c...
compiling stm32f4xx_hal_pwr.c...
compiling croutine.c...
compiling stm32f4xx_hal.c...
compiling stm32f4xx_hal_dma.c...
compiling stm32f4xx_hal_pwr_ex.c...
compiling stm32f4xx_hal_exti.c...
compiling system_stm32f4xx.c...
compiling stm32f4xx_hal_cortex.c...
compiling list.c...
compiling event_groups.c...
compiling stm32f4xx_hal_tim.c...
compiling stream_buffer.c...
compiling timers.c...
compiling queue.c...
compiling PID.cpp...
compiling port.c...
compiling heap_4.c...
compiling stm32f4xx_hal_uart.c...
compiling TaskManager.cpp...
compiling Serial_device.cpp...
compiling can_device.cpp...
compiling tasks.c...
compiling RC9Protocol.cpp...
compiling cmsis_os2.c...
compiling crc_util.c...
compiling xbox.cpp...
compiling EncodingStateMachine.cpp...
compiling motor.cpp...
compiling Acton.cpp...
compiling SuperPID.cpp...
compiling LADRC.cpp...
compiling Vector2D.cpp...
compiling netswitch.cpp...
compiling TrapezoidalPlanner.cpp...
compiling m6020.cpp...
compiling M3508.cpp...
compiling imu.cpp...
compiling rcncore.cpp...
compiling pure_pursuit.cpp...
compiling tb6612.cpp...
compiling servo.cpp...
compiling vesc.cpp...
compiling fdi.cpp...
compiling filters.cpp...
compiling odometry.cpp...
compiling HWT101CT.cpp...
compiling position.cpp...
compiling rc_test_xbox.cpp...
compiling laser_processor.cpp...
compiling auto_yunball.cpp...
compiling robot_chassis.cpp...
compiling debug_xbox.cpp...
compiling chassis_test.cpp...
compiling ball_shooter.cpp...
linking...
Program Size: Code=43512 RO-data=3864 RW-data=40 ZI-data=28328  
FromELF: creating hex file...
"m3508_test\m3508_test.axf" - 0 Error(s), 0 Warning(s).

<h2>Software Packages used:</h2>

Package Vendor: ARM
                http://www.keil.com/pack/ARM.CMSIS.5.9.0.pack
                ARM::CMSIS@5.9.0
                CMSIS (Common Microcontroller Software Interface Standard)
   * Component: CORE Version: 5.6.0

Package Vendor: Keil
                http://www.keil.com/pack/Keil.STM32F4xx_DFP.2.14.0.pack
                Keil::STM32F4xx_DFP@2.14.0
                STMicroelectronics STM32F4 Series Device Support, Drivers and Examples

<h2>Collection of Component include folders:</h2>
  ./RTE/_m3508_test
  G:/Keil_v5/ARM/CMSIS/5.9.0/CMSIS/Core/Include
  G:/Keil_v5/Keil/STM32F4xx_DFP/2.14.0/Drivers/CMSIS/Device/ST/STM32F4xx/Include

<h2>Collection of Component Files used:</h2>

   * Component: ARM::CMSIS:CORE@5.6.0
      Include file:  CMSIS/Core/Include/tz_context.h
Build Time Elapsed:  00:00:04
</pre>
</body>
</html>
