<html>
<body>
<pre>
<h1>µVision Build Log</h1>
<h2>Tool Versions:</h2>
IDE-Version: ¦ÌVision V5.42.0.0
Copyright (C) 2025 ARM Ltd and ARM Germany GmbH. All rights reserved.
License Information: lee hm
null
User-based license: Keil MDK Community (non-commercial free of charge)
Valid until: Jun 1 2033. Cached until: Jun 9 2025
 
Tool Versions:
Toolchain:       Keil MDK Community (non-commercial free of charge  Version: 5.42.0.0
Toolchain Path:  D:\Keil5\ARM\ARMCLANG\Bin
C Compiler:      ArmClang.exe V6.23
Assembler:       Armasm.exe V6.23
Linker/Locator:  ArmLink.exe V6.23
Library Manager: ArmAr.exe V6.23
Hex Converter:   FromElf.exe V6.23
CPU DLL:         SARMCM3.DLL V5.42.0.0
Dialog DLL:      DCM.DLL V1.17.5.0
Target DLL:      CMSIS_AGDI.dll V1.33.22.0
Dialog DLL:      TCM.DLL V1.56.6.0
 
<h2>Project:</h2>
C:\Users\32806\Desktop\H7\MDK-ARM\RC9CPP_H723ZGT6.uvprojx
Project File Date:  06/05/2025

<h2>Output:</h2>
*** Using Compiler 'V6.23', folder: 'D:\Keil5\ARM\ARMCLANG\Bin'
Rebuild target 'RC9CPP_H723ZGT6'
compiling dma.c...
compiling gpio.c...
compiling freertos.c...
compiling usb_device.c...
assembling startup_stm32h723xx.s...
compiling stm32h7xx_hal_timebase_tim.c...
compiling memorymap.c...
compiling usbd_cdc_if.c...
compiling stm32h7xx_hal_msp.c...
compiling stm32h7xx_it.c...
compiling fdcan.c...
compiling usbd_desc.c...
compiling usbd_conf.c...
compiling usart.c...
compiling main.c...
compiling stm32h7xx_hal_pcd_ex.c...
compiling stm32h7xx_hal_tim.c...
compiling stm32h7xx_hal_hsem.c...
compiling stm32h7xx_hal_gpio.c...
compiling stm32h7xx_hal_pcd.c...
compiling stm32h7xx_hal_flash.c...
compiling stm32h7xx_hal_flash_ex.c...
compiling stm32h7xx_hal_tim_ex.c...
compiling stm32h7xx_hal_dma_ex.c...
compiling stm32h7xx_hal_rcc.c...
compiling stm32h7xx_hal_pwr.c...
compiling stm32h7xx_hal_rcc_ex.c...
compiling stm32h7xx_hal_pwr_ex.c...
compiling stm32h7xx_hal_dma.c...
compiling stm32h7xx_hal_mdma.c...
compiling stm32h7xx_ll_usb.c...
compiling stm32h7xx_hal_cortex.c...
compiling stm32h7xx_hal.c...
compiling stm32h7xx_hal_i2c_ex.c...
compiling stm32h7xx_hal_exti.c...
compiling croutine.c...
compiling system_stm32h7xx.c...
compiling stm32h7xx_hal_uart_ex.c...
compiling list.c...
compiling event_groups.c...
compiling stream_buffer.c...
compiling timers.c...
compiling heap_4.c...
compiling queue.c...
compiling port.c...
compiling stm32h7xx_hal_uart.c...
compiling stm32h7xx_hal_i2c.c...
compiling stm32h7xx_hal_fdcan.c...
compiling tasks.c...
compiling usbd_core.c...
compiling cmsis_os2.c...
compiling usbd_ioreq.c...
compiling usbd_ctlreq.c...
compiling usbd_cdc.c...
compiling TaskManager.cpp...
compiling chassis_debug.cpp...
compiling sort_search.c...
compiling crc_util.c...
compiling chassis_debug_setup.cpp...
compiling Serial_device.cpp...
compiling fdcan_device.cpp...
compiling PID.cpp...
compiling RC9Protocol.cpp...
compiling motor.cpp...
compiling filters.cpp...
compiling M3508.cpp...
compiling TrapezoidalPlanner.cpp...
compiling Vector2D.cpp...
compiling imu.cpp...
compiling SuperPID.cpp...
compiling position.cpp...
compiling vesc.cpp...
compiling EncodingStateMachine.cpp...
compiling debug_xbox.cpp...
compiling transformation_of_coordinates.cpp...
compiling pure_pursuit.cpp...
compiling filter.cpp...
compiling xbox.cpp...
compiling robot_chassis.cpp...
compiling ros_sensor.cpp...
compiling test_laser.cpp...
linking...
Program Size: Code=83616 RO-data=4600 RW-data=1456 ZI-data=38848  
FromELF: creating hex file...
".\RC9CPP_H723ZGT6\RC9CPP_H723ZGT6.axf" - 0 Error(s), 0 Warning(s).

<h2>Software Packages used:</h2>

Package Vendor: ARM
                https://www.keil.com/pack/ARM.CMSIS.6.1.0.pack
                ARM::CMSIS@6.1.0
                CMSIS (Common Microcontroller Software Interface Standard)
   * Component: CORE Version: 6.1.0

Package Vendor: Keil
                https://www.keil.com/pack/Keil.STM32H7xx_DFP.3.1.1.pack
                Keil::STM32H7xx_DFP@3.1.1
                STMicroelectronics STM32H7 Series Device Support and Examples

<h2>Collection of Component include folders:</h2>
  ./RTE/_RC9CPP_H723ZGT6
  D:/Keil5/ARM/PACK/ARM/CMSIS/6.1.0/CMSIS/Core/Include
  D:/Keil5/ARM/PACK/Keil/STM32H7xx_DFP/3.1.1/Drivers/CMSIS/Device/ST/STM32H7xx/Include

<h2>Collection of Component Files used:</h2>

   * Component: ARM::CMSIS:CORE@6.1.0
      Include file:  CMSIS/Core/Include/tz_context.h
Build Time Elapsed:  00:00:05
</pre>
</body>
</html>
