<html>
<body>
<pre>
<h1>µVision Build Log</h1>
<h2>Tool Versions:</h2>
IDE-Version: ¦ÌVision V5.39.0.0
Copyright (C) 2023 ARM Ltd and ARM Germany GmbH. All rights reserved.
License Information: 1 1517752988@qq.com, 1, LIC=X96CK-ZR6MF-X7SRZ-JQD8Y-UFX88-YTIFM
 
Tool Versions:
Toolchain:       MDK-ARM Plus  Version: 5.39.0.0
Toolchain Path:  G:\Keil_v5\ARM\ARMCLANG\Bin
C Compiler:      ArmClang.exe V6.21
Assembler:       Armasm.exe V6.21
Linker/Locator:  ArmLink.exe V6.21
Library Manager: ArmAr.exe V6.21
Hex Converter:   FromElf.exe V6.21
CPU DLL:         SARMCM3.DLL V5.39.0.0
Dialog DLL:      DCM.DLL V1.17.5.0
Target DLL:      CMSIS_AGDI.dll V1.33.16.0
Dialog DLL:      TCM.DLL V1.56.4.0
 
<h2>Project:</h2>
G:\stm32_project_cpp\RC9CPP_H723ZGT6\MDK-ARM\RC9CPP_H723ZGT6.uvprojx
Project File Date:  05/10/2025

<h2>Output:</h2>
*** Using Compiler 'V6.21', folder: 'G:\Keil_v5\ARM\ARMCLANG\Bin'
Rebuild target 'RC9CPP_H723ZGT6'
assembling startup_stm32h723xx.s...
compiling gpio.c...
compiling dma.c...
compiling freertos.c...
compiling stm32h7xx_hal_msp.c...
compiling memorymap.c...
compiling usb_device.c...
compiling usbd_cdc_if.c...
compiling fdcan.c...
compiling stm32h7xx_it.c...
compiling usart.c...
compiling usbd_conf.c...
compiling usbd_desc.c...
compiling main.c...
compiling stm32h7xx_hal_timebase_tim.c...
compiling stm32h7xx_hal_pcd_ex.c...
compiling stm32h7xx_hal_flash.c...
compiling stm32h7xx_hal_rcc.c...
compiling stm32h7xx_hal_pcd.c...
compiling stm32h7xx_hal_hsem.c...
compiling stm32h7xx_hal_gpio.c...
compiling stm32h7xx_hal_pwr.c...
compiling stm32h7xx_hal_flash_ex.c...
compiling stm32h7xx_hal_tim_ex.c...
compiling stm32h7xx_hal_dma_ex.c...
compiling stm32h7xx_hal_rcc_ex.c...
compiling stm32h7xx_hal_mdma.c...
compiling stm32h7xx_hal_pwr_ex.c...
compiling stm32h7xx_ll_usb.c...
compiling stm32h7xx_hal_dma.c...
compiling stm32h7xx_hal_i2c_ex.c...
compiling stm32h7xx_hal_cortex.c...
compiling stm32h7xx_hal.c...
compiling stm32h7xx_hal_tim.c...
compiling croutine.c...
compiling stm32h7xx_hal_exti.c...
compiling list.c...
compiling event_groups.c...
compiling system_stm32h7xx.c...
compiling stm32h7xx_hal_uart_ex.c...
compiling stream_buffer.c...
compiling timers.c...
compiling queue.c...
compiling heap_4.c...
compiling port.c...
compiling usbd_core.c...
compiling usbd_ioreq.c...
compiling tasks.c...
compiling usbd_ctlreq.c...
compiling usbd_cdc.c...
compiling sort_search.c...
compiling crc_util.c...
compiling TaskManager.cpp...
compiling stm32h7xx_hal_uart.c...
compiling stm32h7xx_hal_i2c.c...
compiling cmsis_os2.c...
compiling stm32h7xx_hal_fdcan.c...
compiling test_demo.cpp...
compiling PID.cpp...
compiling Serial_device.cpp...
compiling filters.cpp...
compiling RC9Protocol.cpp...
compiling fdcan_device.cpp...
compiling TrapezoidalPlanner.cpp...
compiling motor.cpp...
compiling Vector2D.cpp...
compiling SuperPID.cpp...
compiling M3508.cpp...
linking...
Program Size: Code=68916 RO-data=1832 RW-data=1472 ZI-data=33736  
FromELF: creating hex file...
".\RC9CPP_H723ZGT6\RC9CPP_H723ZGT6.axf" - 0 Error(s), 0 Warning(s).

<h2>Software Packages used:</h2>

Package Vendor: ARM
                http://www.keil.com/pack/ARM.CMSIS.5.9.0.pack
                ARM::CMSIS@5.9.0
                CMSIS (Common Microcontroller Software Interface Standard)
   * Component: CORE Version: 5.6.0

Package Vendor: Keil
                https://www.keil.com/pack/Keil.STM32H7xx_DFP.3.1.1.pack
                Keil::STM32H7xx_DFP@3.1.1
                STMicroelectronics STM32H7 Series Device Support and Examples

<h2>Collection of Component include folders:</h2>
  ./RTE/_RC9CPP_H723ZGT6
  G:/Keil_v5/ARM/CMSIS/5.9.0/CMSIS/Core/Include
  G:/Keil_v5/Keil/STM32H7xx_DFP/3.1.1/Drivers/CMSIS/Device/ST/STM32H7xx/Include

<h2>Collection of Component Files used:</h2>

   * Component: ARM::CMSIS:CORE@5.6.0
      Include file:  CMSIS/Core/Include/tz_context.h
Build Time Elapsed:  00:00:03
</pre>
</body>
</html>
